runTest (__main__.MainAdmissions.runTest) ... {
  "state": "held",
  "stopped": "serving-bound-exceeded",
  "outcome": "/var/tmp/baton-w247941/v12-w71917-8jec8h6b/packet/run/outcome.json"
}
{
  "admissions": {
    "implementation": 2,
    "review": 0
  },
  "first_turn_traceback": [
    "Traceback (most recent call last):",
    "  File \"/home/sl/src/baton/work/records/2026/09/finding-v12-real-jobs-adoption-gate/diagnostic_main_admissions.py\", line 72, in answering_with_frames",
    "    return inner(gate, context)",
    "  File \"/home/sl/src/baton/work/records/2026/09/finding-v12-real-jobs-adoption-gate/test_two_jobs.py\", line 790, in turns",
    "    self.turn(context[\"control\"], kind, attempt_id, mounted,",
    "    ~~~~~~~~~^^^^^^^^^^^^^^^^^^^^^^^^^^^^^^^^^^^^^^^^^^^^^^^",
    "              edits=edits)",
    "              ^^^^^^^^^^^^",
    "  File \"/home/sl/src/baton/v12/python/tests/tools/test_stage_execution.py\", line 2779, in turn",
    "    job_execution=self.job_execution_for(role, attempt_id),",
    "                  ~~~~~~~~~~~~~~~~~~~~~~^^^^^^^^^^^^^^^^^^",
    "  File \"/home/sl/src/baton/v12/python/tests/tools/test_stage_execution.py\", line 2857, in job_execution_for",
    "    composed = self.composed_for(role)",
    "  File \"/home/sl/src/baton/v12/python/tests/tools/test_stage_execution.py\", line 2918, in composed_for",
    "    return self._composed",
    "           ^^^^^^^^^^^^^^",
    "AttributeError: 'MainAdmissions' object has no attribute '_composed'. Did you mean: 'recomposed'?"
  ],
  "held_because": [
    "Job job-a produced no attributed verdict; a two-Job review run that collected fewer than two has not done its work",
    "Job job-b produced no attributed verdict; a two-Job review run that collected fewer than two has not done its work",
    "these admitted runtimes have no positive cleanup: attempt-32e40136cfde1b283a9f8ccfa354ec4d268b64ddffe3dd9c41bd1741bd66167e, attempt-7b5e070a732d64a31d8830d12147471913947786b9a59376be12eda0e2451571",
    "the deterministic worker turn did not complete: AttributeError: 'MainAdmissions' object has no attribute '_composed'",
    "the deterministic worker turn did not complete: AttributeError: 'MainAdmissions' object has no attribute '_composed'",
    "the deterministic worker turn did not complete: AttributeError: 'MainAdmissions' object has no attribute '_composed'",
    "the deterministic worker turn did not complete: AttributeError: 'MainAdmissions' object has no attribute '_composed'",
    "the deterministic worker turn did not complete: AttributeError: 'MainAdmissions' object has no attribute '_composed'",
    "the deterministic worker turn did not complete: AttributeError: 'MainAdmissions' object has no attribute '_composed'",
    "the deterministic worker turn did not complete: AttributeError: 'MainAdmissions' object has no attribute '_composed'",
    "the deterministic worker turn did not complete: AttributeError: 'MainAdmissions' object has no attribute '_composed'",
    "the deterministic worker turn did not complete: AttributeError: 'MainAdmissions' object has no attribute '_composed'",
    "the deterministic worker turn did not complete: AttributeError: 'MainAdmissions' object has no attribute '_composed'",
    "the deterministic worker turn did not complete: AttributeError: 'MainAdmissions' object has no attribute '_composed'",
    "the deterministic worker turn did not complete: AttributeError: 'MainAdmissions' object has no attribute '_composed'",
    "the deterministic worker turn did not complete: AttributeError: 'MainAdmissions' object has no attribute '_composed'",
    "the deterministic worker turn did not complete: AttributeError: 'MainAdmissions' object has no attribute '_composed'",
    "the deterministic worker turn did not complete: AttributeError: 'MainAdmissions' object has no attribute '_composed'",
    "the deterministic worker turn did not complete: AttributeError: 'MainAdmissions' object has no attribute '_composed'",
    "the deterministic worker turn did not complete: AttributeError: 'MainAdmissions' object has no attribute '_composed'",
    "the deterministic worker turn did not complete: AttributeError: 'MainAdmissions' object has no attribute '_composed'",
    "the deterministic worker turn did not complete: AttributeError: 'MainAdmissions' object has no attribute '_composed'",
    "the deterministic worker turn did not complete: AttributeError: 'MainAdmissions' object has no attribute '_composed'",
    "the deterministic worker turn did not complete: AttributeError: 'MainAdmissions' object has no attribute '_composed'",
    "the deterministic worker turn did not complete: AttributeError: 'MainAdmissions' object has no attribute '_composed'",
    "the deterministic worker turn did not complete: AttributeError: 'MainAdmissions' object has no attribute '_composed'",
    "the deterministic worker turn did not complete: AttributeError: 'MainAdmissions' object has no attribute '_composed'",
    "the deterministic worker turn did not complete: AttributeError: 'MainAdmissions' object has no attribute '_composed'",
    "the deterministic worker turn did not complete: AttributeError: 'MainAdmissions' object has no attribute '_composed'",
    "the deterministic worker turn did not complete: AttributeError: 'MainAdmissions' object has no attribute '_composed'",
    "the deterministic worker turn did not complete: AttributeError: 'MainAdmissions' object has no attribute '_composed'",
    "the deterministic worker turn did not complete: AttributeError: 'MainAdmissions' object has no attribute '_composed'",
    "the deterministic worker turn did not complete: AttributeError: 'MainAdmissions' object has no attribute '_composed'",
    "the deterministic worker turn did not complete: AttributeError: 'MainAdmissions' object has no attribute '_composed'",
    "the deterministic worker turn did not complete: AttributeError: 'MainAdmissions' object has no attribute '_composed'",
    "the deterministic worker turn did not complete: AttributeError: 'MainAdmissions' object has no attribute '_composed'",
    "the deterministic worker turn did not complete: AttributeError: 'MainAdmissions' object has no attribute '_composed'",
    "the deterministic worker turn did not complete: AttributeError: 'MainAdmissions' object has no attribute '_composed'",
    "the deterministic worker turn did not complete: AttributeError: 'MainAdmissions' object has no attribute '_composed'",
    "the deterministic worker turn did not complete: AttributeError: 'MainAdmissions' object has no attribute '_composed'",
    "the deterministic worker turn did not complete: AttributeError: 'MainAdmissions' object has no attribute '_composed'",
    "the deterministic worker turn did not complete: AttributeError: 'MainAdmissions' object has no attribute '_composed'",
    "the deterministic worker turn did not complete: AttributeError: 'MainAdmissions' object has no attribute '_composed'",
    "the deterministic worker turn did not complete: AttributeError: 'MainAdmissions' object has no attribute '_composed'",
    "the deterministic worker turn did not complete: AttributeError: 'MainAdmissions' object has no attribute '_composed'",
    "the deterministic worker turn did not complete: AttributeError: 'MainAdmissions' object has no attribute '_composed'",
    "the deterministic worker turn did not complete: AttributeError: 'MainAdmissions' object has no attribute '_composed'",
    "the deterministic worker turn did not complete: AttributeError: 'MainAdmissions' object has no attribute '_composed'",
    "the deterministic worker turn did not complete: AttributeError: 'MainAdmissions' object has no attribute '_composed'",
    "the deterministic worker turn did not complete: AttributeError: 'MainAdmissions' object has no attribute '_composed'",
    "the deterministic worker turn did not complete: AttributeError: 'MainAdmissions' object has no attribute '_composed'",
    "the deterministic worker turn did not complete: AttributeError: 'MainAdmissions' object has no attribute '_composed'",
    "the deterministic worker turn did not complete: AttributeError: 'MainAdmissions' object has no attribute '_composed'",
    "the deterministic worker turn did not complete: AttributeError: 'MainAdmissions' object has no attribute '_composed'",
    "the deterministic worker turn did not complete: AttributeError: 'MainAdmissions' object has no attribute '_composed'",
    "the deterministic worker turn did not complete: AttributeError: 'MainAdmissions' object has no attribute '_composed'",
    "the deterministic worker turn did not complete: AttributeError: 'MainAdmissions' object has no attribute '_composed'",
    "the deterministic worker turn did not complete: AttributeError: 'MainAdmissions' object has no attribute '_composed'",
    "the deterministic worker turn did not complete: AttributeError: 'MainAdmissions' object has no attribute '_composed'",
    "the deterministic worker turn did not complete: AttributeError: 'MainAdmissions' object has no attribute '_composed'",
    "the deterministic worker turn did not complete: AttributeError: 'MainAdmissions' object has no attribute '_composed'",
    "the deterministic worker turn did not complete: AttributeError: 'MainAdmissions' object has no attribute '_composed'",
    "the deterministic worker turn did not complete: AttributeError: 'MainAdmissions' object has no attribute '_composed'",
    "the deterministic worker turn did not complete: AttributeError: 'MainAdmissions' object has no attribute '_composed'",
    "the deterministic worker turn did not complete: AttributeError: 'MainAdmissions' object has no attribute '_composed'",
    "the deterministic worker turn did not complete: AttributeError: 'MainAdmissions' object has no attribute '_composed'",
    "the deterministic worker turn did not complete: AttributeError: 'MainAdmissions' object has no attribute '_composed'",
    "the deterministic worker turn did not complete: AttributeError: 'MainAdmissions' object has no attribute '_composed'",
    "the deterministic worker turn did not complete: AttributeError: 'MainAdmissions' object has no attribute '_composed'",
    "the deterministic worker turn did not complete: AttributeError: 'MainAdmissions' object has no attribute '_composed'",
    "the deterministic worker turn did not complete: AttributeError: 'MainAdmissions' object has no attribute '_composed'",
    "the deterministic worker turn did not complete: AttributeError: 'MainAdmissions' object has no attribute '_composed'",
    "the deterministic worker turn did not complete: AttributeError: 'MainAdmissions' object has no attribute '_composed'",
    "the deterministic worker turn did not complete: AttributeError: 'MainAdmissions' object has no attribute '_composed'",
    "the deterministic worker turn did not complete: AttributeError: 'MainAdmissions' object has no attribute '_composed'",
    "the deterministic worker turn did not complete: AttributeError: 'MainAdmissions' object has no attribute '_composed'",
    "the deterministic worker turn did not complete: AttributeError: 'MainAdmissions' object has no attribute '_composed'",
    "the deterministic worker turn did not complete: AttributeError: 'MainAdmissions' object has no attribute '_composed'",
    "the deterministic worker turn did not complete: AttributeError: 'MainAdmissions' object has no attribute '_composed'",
    "the deterministic worker turn did not complete: AttributeError: 'MainAdmissions' object has no attribute '_composed'",
    "the deterministic worker turn did not complete: AttributeError: 'MainAdmissions' object has no attribute '_composed'",
    "the deterministic worker turn did not complete: AttributeError: 'MainAdmissions' object has no attribute '_composed'",
    "the deterministic worker turn did not complete: AttributeError: 'MainAdmissions' object has no attribute '_composed'",
    "the deterministic worker turn did not complete: AttributeError: 'MainAdmissions' object has no attribute '_composed'",
    "the deterministic worker turn did not complete: AttributeError: 'MainAdmissions' object has no attribute '_composed'",
    "the deterministic worker turn did not complete: AttributeError: 'MainAdmissions' object has no attribute '_composed'",
    "the deterministic worker turn did not complete: AttributeError: 'MainAdmissions' object has no attribute '_composed'",
    "the deterministic worker turn did not complete: AttributeError: 'MainAdmissions' object has no attribute '_composed'",
    "the deterministic worker turn did not complete: AttributeError: 'MainAdmissions' object has no attribute '_composed'",
    "the deterministic worker turn did not complete: AttributeError: 'MainAdmissions' object has no attribute '_composed'",
    "the deterministic worker turn did not complete: AttributeError: 'MainAdmissions' object has no attribute '_composed'",
    "the deterministic worker turn did not complete: AttributeError: 'MainAdmissions' object has no attribute '_composed'",
    "the deterministic worker turn did not complete: AttributeError: 'MainAdmissions' object has no attribute '_composed'",
    "the deterministic worker turn did not complete: AttributeError: 'MainAdmissions' object has no attribute '_composed'",
    "the deterministic worker turn did not complete: AttributeError: 'MainAdmissions' object has no attribute '_composed'",
    "the deterministic worker turn did not complete: AttributeError: 'MainAdmissions' object has no attribute '_composed'",
    "the deterministic worker turn did not complete: AttributeError: 'MainAdmissions' object has no attribute '_composed'",
    "the deterministic worker turn did not complete: AttributeError: 'MainAdmissions' object has no attribute '_composed'",
    "the deterministic worker turn did not complete: AttributeError: 'MainAdmissions' object has no attribute '_composed'",
    "the deterministic worker turn did not complete: AttributeError: 'MainAdmissions' object has no attribute '_composed'",
    "the deterministic worker turn did not complete: AttributeError: 'MainAdmissions' object has no attribute '_composed'",
    "the deterministic worker turn did not complete: AttributeError: 'MainAdmissions' object has no attribute '_composed'",
    "the deterministic worker turn did not complete: AttributeError: 'MainAdmissions' object has no attribute '_composed'",
    "the deterministic worker turn did not complete: AttributeError: 'MainAdmissions' object has no attribute '_composed'",
    "the deterministic worker turn did not complete: AttributeError: 'MainAdmissions' object has no attribute '_composed'",
    "the deterministic worker turn did not complete: AttributeError: 'MainAdmissions' object has no attribute '_composed'",
    "the deterministic worker turn did not complete: AttributeError: 'MainAdmissions' object has no attribute '_composed'",
    "the deterministic worker turn did not complete: AttributeError: 'MainAdmissions' object has no attribute '_composed'",
    "the deterministic worker turn did not complete: AttributeError: 'MainAdmissions' object has no attribute '_composed'",
    "the deterministic worker turn did not complete: AttributeError: 'MainAdmissions' object has no attribute '_composed'"
  ],
  "launch_homes": {
    "attempt_directories": {
      "attempt-32e40136cfde1b283a9f8ccfa354ec4d268b64ddffe3dd9c41bd1741bd66167e": {
        "entries": [
          "command",
          "events",
          "launch.json"
        ],
        "exists": true,
        "path": "/var/tmp/baton-w247941/v12-w71917-8jec8h6b/launch/attempt-32e40136cfde1b283a9f8ccfa354ec4d268b64ddffe3dd9c41bd1741bd66167e"
      },
      "attempt-7b5e070a732d64a31d8830d12147471913947786b9a59376be12eda0e2451571": {
        "entries": [
          "command",
          "events",
          "launch.json"
        ],
        "exists": true,
        "path": "/var/tmp/baton-w247941/v12-w71917-8jec8h6b/launch/attempt-7b5e070a732d64a31d8830d12147471913947786b9a59376be12eda0e2451571"
      }
    },
    "composed_launch_home": "/var/tmp/baton-w247941/v12-w71917-8jec8h6b/launch",
    "fixture_launch_home": "/var/tmp/baton-w247941/v12-w71917-8jec8h6b/launch",
    "same_realpath": true
  },
  "stage_states": "AttributeError: 'NoneType' object has no attribute 'canonical'",
  "state": "held",
  "stopped": "serving-bound-exceeded",
  "uncertainty": [
    "the deterministic worker turn did not complete: AttributeError: 'MainAdmissions' object has no attribute '_composed'",
    "the deterministic worker turn did not complete: AttributeError: 'MainAdmissions' object has no attribute '_composed'",
    "the deterministic worker turn did not complete: AttributeError: 'MainAdmissions' object has no attribute '_composed'",
    "the deterministic worker turn did not complete: AttributeError: 'MainAdmissions' object has no attribute '_composed'",
    "the deterministic worker turn did not complete: AttributeError: 'MainAdmissions' object has no attribute '_composed'",
    "the deterministic worker turn did not complete: AttributeError: 'MainAdmissions' object has no attribute '_composed'",
    "the deterministic worker turn did not complete: AttributeError: 'MainAdmissions' object has no attribute '_composed'",
    "the deterministic worker turn did not complete: AttributeError: 'MainAdmissions' object has no attribute '_composed'",
    "the deterministic worker turn did not complete: AttributeError: 'MainAdmissions' object has no attribute '_composed'",
    "the deterministic worker turn did not complete: AttributeError: 'MainAdmissions' object has no attribute '_composed'",
    "the deterministic worker turn did not complete: AttributeError: 'MainAdmissions' object has no attribute '_composed'",
    "the deterministic worker turn did not complete: AttributeError: 'MainAdmissions' object has no attribute '_composed'",
    "the deterministic worker turn did not complete: AttributeError: 'MainAdmissions' object has no attribute '_composed'",
    "the deterministic worker turn did not complete: AttributeError: 'MainAdmissions' object has no attribute '_composed'",
    "the deterministic worker turn did not complete: AttributeError: 'MainAdmissions' object has no attribute '_composed'",
    "the deterministic worker turn did not complete: AttributeError: 'MainAdmissions' object has no attribute '_composed'",
    "the deterministic worker turn did not complete: AttributeError: 'MainAdmissions' object has no attribute '_composed'",
    "the deterministic worker turn did not complete: AttributeError: 'MainAdmissions' object has no attribute '_composed'",
    "the deterministic worker turn did not complete: AttributeError: 'MainAdmissions' object has no attribute '_composed'",
    "the deterministic worker turn did not complete: AttributeError: 'MainAdmissions' object has no attribute '_composed'",
    "the deterministic worker turn did not complete: AttributeError: 'MainAdmissions' object has no attribute '_composed'",
    "the deterministic worker turn did not complete: AttributeError: 'MainAdmissions' object has no attribute '_composed'",
    "the deterministic worker turn did not complete: AttributeError: 'MainAdmissions' object has no attribute '_composed'",
    "the deterministic worker turn did not complete: AttributeError: 'MainAdmissions' object has no attribute '_composed'",
    "the deterministic worker turn did not complete: AttributeError: 'MainAdmissions' object has no attribute '_composed'",
    "the deterministic worker turn did not complete: AttributeError: 'MainAdmissions' object has no attribute '_composed'",
    "the deterministic worker turn did not complete: AttributeError: 'MainAdmissions' object has no attribute '_composed'",
    "the deterministic worker turn did not complete: AttributeError: 'MainAdmissions' object has no attribute '_composed'",
    "the deterministic worker turn did not complete: AttributeError: 'MainAdmissions' object has no attribute '_composed'",
    "the deterministic worker turn did not complete: AttributeError: 'MainAdmissions' object has no attribute '_composed'",
    "the deterministic worker turn did not complete: AttributeError: 'MainAdmissions' object has no attribute '_composed'",
    "the deterministic worker turn did not complete: AttributeError: 'MainAdmissions' object has no attribute '_composed'",
    "the deterministic worker turn did not complete: AttributeError: 'MainAdmissions' object has no attribute '_composed'",
    "the deterministic worker turn did not complete: AttributeError: 'MainAdmissions' object has no attribute '_composed'",
    "the deterministic worker turn did not complete: AttributeError: 'MainAdmissions' object has no attribute '_composed'",
    "the deterministic worker turn did not complete: AttributeError: 'MainAdmissions' object has no attribute '_composed'",
    "the deterministic worker turn did not complete: AttributeError: 'MainAdmissions' object has no attribute '_composed'",
    "the deterministic worker turn did not complete: AttributeError: 'MainAdmissions' object has no attribute '_composed'",
    "the deterministic worker turn did not complete: AttributeError: 'MainAdmissions' object has no attribute '_composed'",
    "the deterministic worker turn did not complete: AttributeError: 'MainAdmissions' object has no attribute '_composed'",
    "the deterministic worker turn did not complete: AttributeError: 'MainAdmissions' object has no attribute '_composed'",
    "the deterministic worker turn did not complete: AttributeError: 'MainAdmissions' object has no attribute '_composed'",
    "the deterministic worker turn did not complete: AttributeError: 'MainAdmissions' object has no attribute '_composed'",
    "the deterministic worker turn did not complete: AttributeError: 'MainAdmissions' object has no attribute '_composed'",
    "the deterministic worker turn did not complete: AttributeError: 'MainAdmissions' object has no attribute '_composed'",
    "the deterministic worker turn did not complete: AttributeError: 'MainAdmissions' object has no attribute '_composed'",
    "the deterministic worker turn did not complete: AttributeError: 'MainAdmissions' object has no attribute '_composed'",
    "the deterministic worker turn did not complete: AttributeError: 'MainAdmissions' object has no attribute '_composed'",
    "the deterministic worker turn did not complete: AttributeError: 'MainAdmissions' object has no attribute '_composed'",
    "the deterministic worker turn did not complete: AttributeError: 'MainAdmissions' object has no attribute '_composed'",
    "the deterministic worker turn did not complete: AttributeError: 'MainAdmissions' object has no attribute '_composed'",
    "the deterministic worker turn did not complete: AttributeError: 'MainAdmissions' object has no attribute '_composed'",
    "the deterministic worker turn did not complete: AttributeError: 'MainAdmissions' object has no attribute '_composed'",
    "the deterministic worker turn did not complete: AttributeError: 'MainAdmissions' object has no attribute '_composed'",
    "the deterministic worker turn did not complete: AttributeError: 'MainAdmissions' object has no attribute '_composed'",
    "the deterministic worker turn did not complete: AttributeError: 'MainAdmissions' object has no attribute '_composed'",
    "the deterministic worker turn did not complete: AttributeError: 'MainAdmissions' object has no attribute '_composed'",
    "the deterministic worker turn did not complete: AttributeError: 'MainAdmissions' object has no attribute '_composed'",
    "the deterministic worker turn did not complete: AttributeError: 'MainAdmissions' object has no attribute '_composed'",
    "the deterministic worker turn did not complete: AttributeError: 'MainAdmissions' object has no attribute '_composed'",
    "the deterministic worker turn did not complete: AttributeError: 'MainAdmissions' object has no attribute '_composed'",
    "the deterministic worker turn did not complete: AttributeError: 'MainAdmissions' object has no attribute '_composed'",
    "the deterministic worker turn did not complete: AttributeError: 'MainAdmissions' object has no attribute '_composed'",
    "the deterministic worker turn did not complete: AttributeError: 'MainAdmissions' object has no attribute '_composed'",
    "the deterministic worker turn did not complete: AttributeError: 'MainAdmissions' object has no attribute '_composed'",
    "the deterministic worker turn did not complete: AttributeError: 'MainAdmissions' object has no attribute '_composed'",
    "the deterministic worker turn did not complete: AttributeError: 'MainAdmissions' object has no attribute '_composed'",
    "the deterministic worker turn did not complete: AttributeError: 'MainAdmissions' object has no attribute '_composed'",
    "the deterministic worker turn did not complete: AttributeError: 'MainAdmissions' object has no attribute '_composed'",
    "the deterministic worker turn did not complete: AttributeError: 'MainAdmissions' object has no attribute '_composed'",
    "the deterministic worker turn did not complete: AttributeError: 'MainAdmissions' object has no attribute '_composed'",
    "the deterministic worker turn did not complete: AttributeError: 'MainAdmissions' object has no attribute '_composed'",
    "the deterministic worker turn did not complete: AttributeError: 'MainAdmissions' object has no attribute '_composed'",
    "the deterministic worker turn did not complete: AttributeError: 'MainAdmissions' object has no attribute '_composed'",
    "the deterministic worker turn did not complete: AttributeError: 'MainAdmissions' object has no attribute '_composed'",
    "the deterministic worker turn did not complete: AttributeError: 'MainAdmissions' object has no attribute '_composed'",
    "the deterministic worker turn did not complete: AttributeError: 'MainAdmissions' object has no attribute '_composed'",
    "the deterministic worker turn did not complete: AttributeError: 'MainAdmissions' object has no attribute '_composed'",
    "the deterministic worker turn did not complete: AttributeError: 'MainAdmissions' object has no attribute '_composed'",
    "the deterministic worker turn did not complete: AttributeError: 'MainAdmissions' object has no attribute '_composed'",
    "the deterministic worker turn did not complete: AttributeError: 'MainAdmissions' object has no attribute '_composed'",
    "the deterministic worker turn did not complete: AttributeError: 'MainAdmissions' object has no attribute '_composed'",
    "the deterministic worker turn did not complete: AttributeError: 'MainAdmissions' object has no attribute '_composed'",
    "the deterministic worker turn did not complete: AttributeError: 'MainAdmissions' object has no attribute '_composed'",
    "the deterministic worker turn did not complete: AttributeError: 'MainAdmissions' object has no attribute '_composed'",
    "the deterministic worker turn did not complete: AttributeError: 'MainAdmissions' object has no attribute '_composed'",
    "the deterministic worker turn did not complete: AttributeError: 'MainAdmissions' object has no attribute '_composed'",
    "the deterministic worker turn did not complete: AttributeError: 'MainAdmissions' object has no attribute '_composed'",
    "the deterministic worker turn did not complete: AttributeError: 'MainAdmissions' object has no attribute '_composed'",
    "the deterministic worker turn did not complete: AttributeError: 'MainAdmissions' object has no attribute '_composed'",
    "the deterministic worker turn did not complete: AttributeError: 'MainAdmissions' object has no attribute '_composed'",
    "the deterministic worker turn did not complete: AttributeError: 'MainAdmissions' object has no attribute '_composed'",
    "the deterministic worker turn did not complete: AttributeError: 'MainAdmissions' object has no attribute '_composed'",
    "the deterministic worker turn did not complete: AttributeError: 'MainAdmissions' object has no attribute '_composed'",
    "the deterministic worker turn did not complete: AttributeError: 'MainAdmissions' object has no attribute '_composed'",
    "the deterministic worker turn did not complete: AttributeError: 'MainAdmissions' object has no attribute '_composed'",
    "the deterministic worker turn did not complete: AttributeError: 'MainAdmissions' object has no attribute '_composed'",
    "the deterministic worker turn did not complete: AttributeError: 'MainAdmissions' object has no attribute '_composed'",
    "the deterministic worker turn did not complete: AttributeError: 'MainAdmissions' object has no attribute '_composed'",
    "the deterministic worker turn did not complete: AttributeError: 'MainAdmissions' object has no attribute '_composed'",
    "the deterministic worker turn did not complete: AttributeError: 'MainAdmissions' object has no attribute '_composed'",
    "the deterministic worker turn did not complete: AttributeError: 'MainAdmissions' object has no attribute '_composed'",
    "the deterministic worker turn did not complete: AttributeError: 'MainAdmissions' object has no attribute '_composed'",
    "the deterministic worker turn did not complete: AttributeError: 'MainAdmissions' object has no attribute '_composed'",
    "the deterministic worker turn did not complete: AttributeError: 'MainAdmissions' object has no attribute '_composed'",
    "the deterministic worker turn did not complete: AttributeError: 'MainAdmissions' object has no attribute '_composed'",
    "the deterministic worker turn did not complete: AttributeError: 'MainAdmissions' object has no attribute '_composed'"
  ],
  "verdicts": []
}ok

----------------------------------------------------------------------
Ran 1 test in 1.661s

OK

