runTest (__main__.MainAdmissions.runTest) ... {
  "state": "held",
  "stopped": "serving-bound-exceeded",
  "outcome": "/var/tmp/baton-w247941/v12-w71917-sjx_0vxk/packet/run/outcome.json"
}
{
  "admissions": {
    "implementation": 2,
    "review": 0
  },
  "first_turn_traceback": [
    "Traceback (most recent call last):",
    "  File \"/home/sl/src/baton/work/records/2026/09/finding-v12-real-jobs-adoption-gate/diagnostic_main_admissions.py\", line 61, in answering_with_frames",
    "    return inner(gate, context)",
    "  File \"/home/sl/src/baton/work/records/2026/09/finding-v12-real-jobs-adoption-gate/test_two_jobs.py\", line 751, in turns",
    "    self.turn(context[\"control\"], kind, attempt_id, mounted,",
    "    ~~~~~~~~~^^^^^^^^^^^^^^^^^^^^^^^^^^^^^^^^^^^^^^^^^^^^^^^",
    "              edits=edits)",
    "              ^^^^^^^^^^^^",
    "  File \"/home/sl/src/baton/v12/python/tests/tools/test_stage_execution.py\", line 2797, in turn",
    "    delivered.document, delivered.document[\"session\"],",
    "    ^^^^^^^^^^^^^^^^^^",
    "AttributeError: 'NoneType' object has no attribute 'document'"
  ],
  "held_because": [
    "Job job-a produced no attributed verdict; a two-Job review run that collected fewer than two has not done its work",
    "Job job-b produced no attributed verdict; a two-Job review run that collected fewer than two has not done its work",
    "these admitted runtimes have no positive cleanup: attempt-32e40136cfde1b283a9f8ccfa354ec4d268b64ddffe3dd9c41bd1741bd66167e, attempt-7b5e070a732d64a31d8830d12147471913947786b9a59376be12eda0e2451571",
    "the deterministic worker turn did not complete: AttributeError: 'NoneType' object has no attribute 'document'",
    "the deterministic worker turn did not complete: AttributeError: 'NoneType' object has no attribute 'document'",
    "the deterministic worker turn did not complete: AttributeError: 'NoneType' object has no attribute 'document'",
    "the deterministic worker turn did not complete: AttributeError: 'NoneType' object has no attribute 'document'",
    "the deterministic worker turn did not complete: AttributeError: 'NoneType' object has no attribute 'document'",
    "the deterministic worker turn did not complete: AttributeError: 'NoneType' object has no attribute 'document'",
    "the deterministic worker turn did not complete: AttributeError: 'NoneType' object has no attribute 'document'",
    "the deterministic worker turn did not complete: AttributeError: 'NoneType' object has no attribute 'document'",
    "the deterministic worker turn did not complete: AttributeError: 'NoneType' object has no attribute 'document'",
    "the deterministic worker turn did not complete: AttributeError: 'NoneType' object has no attribute 'document'",
    "the deterministic worker turn did not complete: AttributeError: 'NoneType' object has no attribute 'document'",
    "the deterministic worker turn did not complete: AttributeError: 'NoneType' object has no attribute 'document'",
    "the deterministic worker turn did not complete: AttributeError: 'NoneType' object has no attribute 'document'",
    "the deterministic worker turn did not complete: AttributeError: 'NoneType' object has no attribute 'document'",
    "the deterministic worker turn did not complete: AttributeError: 'NoneType' object has no attribute 'document'",
    "the deterministic worker turn did not complete: AttributeError: 'NoneType' object has no attribute 'document'",
    "the deterministic worker turn did not complete: AttributeError: 'NoneType' object has no attribute 'document'",
    "the deterministic worker turn did not complete: AttributeError: 'NoneType' object has no attribute 'document'",
    "the deterministic worker turn did not complete: AttributeError: 'NoneType' object has no attribute 'document'",
    "the deterministic worker turn did not complete: AttributeError: 'NoneType' object has no attribute 'document'",
    "the deterministic worker turn did not complete: AttributeError: 'NoneType' object has no attribute 'document'",
    "the deterministic worker turn did not complete: AttributeError: 'NoneType' object has no attribute 'document'",
    "the deterministic worker turn did not complete: AttributeError: 'NoneType' object has no attribute 'document'",
    "the deterministic worker turn did not complete: AttributeError: 'NoneType' object has no attribute 'document'",
    "the deterministic worker turn did not complete: AttributeError: 'NoneType' object has no attribute 'document'",
    "the deterministic worker turn did not complete: AttributeError: 'NoneType' object has no attribute 'document'",
    "the deterministic worker turn did not complete: AttributeError: 'NoneType' object has no attribute 'document'",
    "the deterministic worker turn did not complete: AttributeError: 'NoneType' object has no attribute 'document'",
    "the deterministic worker turn did not complete: AttributeError: 'NoneType' object has no attribute 'document'",
    "the deterministic worker turn did not complete: AttributeError: 'NoneType' object has no attribute 'document'",
    "the deterministic worker turn did not complete: AttributeError: 'NoneType' object has no attribute 'document'",
    "the deterministic worker turn did not complete: AttributeError: 'NoneType' object has no attribute 'document'",
    "the deterministic worker turn did not complete: AttributeError: 'NoneType' object has no attribute 'document'",
    "the deterministic worker turn did not complete: AttributeError: 'NoneType' object has no attribute 'document'",
    "the deterministic worker turn did not complete: AttributeError: 'NoneType' object has no attribute 'document'",
    "the deterministic worker turn did not complete: AttributeError: 'NoneType' object has no attribute 'document'",
    "the deterministic worker turn did not complete: AttributeError: 'NoneType' object has no attribute 'document'",
    "the deterministic worker turn did not complete: AttributeError: 'NoneType' object has no attribute 'document'",
    "the deterministic worker turn did not complete: AttributeError: 'NoneType' object has no attribute 'document'",
    "the deterministic worker turn did not complete: AttributeError: 'NoneType' object has no attribute 'document'",
    "the deterministic worker turn did not complete: AttributeError: 'NoneType' object has no attribute 'document'",
    "the deterministic worker turn did not complete: AttributeError: 'NoneType' object has no attribute 'document'",
    "the deterministic worker turn did not complete: AttributeError: 'NoneType' object has no attribute 'document'",
    "the deterministic worker turn did not complete: AttributeError: 'NoneType' object has no attribute 'document'",
    "the deterministic worker turn did not complete: AttributeError: 'NoneType' object has no attribute 'document'",
    "the deterministic worker turn did not complete: AttributeError: 'NoneType' object has no attribute 'document'",
    "the deterministic worker turn did not complete: AttributeError: 'NoneType' object has no attribute 'document'",
    "the deterministic worker turn did not complete: AttributeError: 'NoneType' object has no attribute 'document'",
    "the deterministic worker turn did not complete: AttributeError: 'NoneType' object has no attribute 'document'",
    "the deterministic worker turn did not complete: AttributeError: 'NoneType' object has no attribute 'document'",
    "the deterministic worker turn did not complete: AttributeError: 'NoneType' object has no attribute 'document'",
    "the deterministic worker turn did not complete: AttributeError: 'NoneType' object has no attribute 'document'",
    "the deterministic worker turn did not complete: AttributeError: 'NoneType' object has no attribute 'document'",
    "the deterministic worker turn did not complete: AttributeError: 'NoneType' object has no attribute 'document'",
    "the deterministic worker turn did not complete: AttributeError: 'NoneType' object has no attribute 'document'",
    "the deterministic worker turn did not complete: AttributeError: 'NoneType' object has no attribute 'document'",
    "the deterministic worker turn did not complete: AttributeError: 'NoneType' object has no attribute 'document'",
    "the deterministic worker turn did not complete: AttributeError: 'NoneType' object has no attribute 'document'",
    "the deterministic worker turn did not complete: AttributeError: 'NoneType' object has no attribute 'document'",
    "the deterministic worker turn did not complete: AttributeError: 'NoneType' object has no attribute 'document'",
    "the deterministic worker turn did not complete: AttributeError: 'NoneType' object has no attribute 'document'",
    "the deterministic worker turn did not complete: AttributeError: 'NoneType' object has no attribute 'document'",
    "the deterministic worker turn did not complete: AttributeError: 'NoneType' object has no attribute 'document'",
    "the deterministic worker turn did not complete: AttributeError: 'NoneType' object has no attribute 'document'",
    "the deterministic worker turn did not complete: AttributeError: 'NoneType' object has no attribute 'document'",
    "the deterministic worker turn did not complete: AttributeError: 'NoneType' object has no attribute 'document'",
    "the deterministic worker turn did not complete: AttributeError: 'NoneType' object has no attribute 'document'",
    "the deterministic worker turn did not complete: AttributeError: 'NoneType' object has no attribute 'document'",
    "the deterministic worker turn did not complete: AttributeError: 'NoneType' object has no attribute 'document'",
    "the deterministic worker turn did not complete: AttributeError: 'NoneType' object has no attribute 'document'",
    "the deterministic worker turn did not complete: AttributeError: 'NoneType' object has no attribute 'document'",
    "the deterministic worker turn did not complete: AttributeError: 'NoneType' object has no attribute 'document'",
    "the deterministic worker turn did not complete: AttributeError: 'NoneType' object has no attribute 'document'",
    "the deterministic worker turn did not complete: AttributeError: 'NoneType' object has no attribute 'document'",
    "the deterministic worker turn did not complete: AttributeError: 'NoneType' object has no attribute 'document'",
    "the deterministic worker turn did not complete: AttributeError: 'NoneType' object has no attribute 'document'",
    "the deterministic worker turn did not complete: AttributeError: 'NoneType' object has no attribute 'document'",
    "the deterministic worker turn did not complete: AttributeError: 'NoneType' object has no attribute 'document'",
    "the deterministic worker turn did not complete: AttributeError: 'NoneType' object has no attribute 'document'",
    "the deterministic worker turn did not complete: AttributeError: 'NoneType' object has no attribute 'document'",
    "the deterministic worker turn did not complete: AttributeError: 'NoneType' object has no attribute 'document'",
    "the deterministic worker turn did not complete: AttributeError: 'NoneType' object has no attribute 'document'",
    "the deterministic worker turn did not complete: AttributeError: 'NoneType' object has no attribute 'document'",
    "the deterministic worker turn did not complete: AttributeError: 'NoneType' object has no attribute 'document'",
    "the deterministic worker turn did not complete: AttributeError: 'NoneType' object has no attribute 'document'",
    "the deterministic worker turn did not complete: AttributeError: 'NoneType' object has no attribute 'document'",
    "the deterministic worker turn did not complete: AttributeError: 'NoneType' object has no attribute 'document'",
    "the deterministic worker turn did not complete: AttributeError: 'NoneType' object has no attribute 'document'",
    "the deterministic worker turn did not complete: AttributeError: 'NoneType' object has no attribute 'document'",
    "the deterministic worker turn did not complete: AttributeError: 'NoneType' object has no attribute 'document'",
    "the deterministic worker turn did not complete: AttributeError: 'NoneType' object has no attribute 'document'",
    "the deterministic worker turn did not complete: AttributeError: 'NoneType' object has no attribute 'document'",
    "the deterministic worker turn did not complete: AttributeError: 'NoneType' object has no attribute 'document'",
    "the deterministic worker turn did not complete: AttributeError: 'NoneType' object has no attribute 'document'",
    "the deterministic worker turn did not complete: AttributeError: 'NoneType' object has no attribute 'document'",
    "the deterministic worker turn did not complete: AttributeError: 'NoneType' object has no attribute 'document'",
    "the deterministic worker turn did not complete: AttributeError: 'NoneType' object has no attribute 'document'",
    "the deterministic worker turn did not complete: AttributeError: 'NoneType' object has no attribute 'document'",
    "the deterministic worker turn did not complete: AttributeError: 'NoneType' object has no attribute 'document'",
    "the deterministic worker turn did not complete: AttributeError: 'NoneType' object has no attribute 'document'",
    "the deterministic worker turn did not complete: AttributeError: 'NoneType' object has no attribute 'document'",
    "the deterministic worker turn did not complete: AttributeError: 'NoneType' object has no attribute 'document'",
    "the deterministic worker turn did not complete: AttributeError: 'NoneType' object has no attribute 'document'",
    "the deterministic worker turn did not complete: AttributeError: 'NoneType' object has no attribute 'document'",
    "the deterministic worker turn did not complete: AttributeError: 'NoneType' object has no attribute 'document'",
    "the deterministic worker turn did not complete: AttributeError: 'NoneType' object has no attribute 'document'",
    "the deterministic worker turn did not complete: AttributeError: 'NoneType' object has no attribute 'document'"
  ],
  "stage_states": "AttributeError: 'NoneType' object has no attribute 'canonical'",
  "state": "held",
  "stopped": "serving-bound-exceeded",
  "uncertainty": [
    "the deterministic worker turn did not complete: AttributeError: 'NoneType' object has no attribute 'document'",
    "the deterministic worker turn did not complete: AttributeError: 'NoneType' object has no attribute 'document'",
    "the deterministic worker turn did not complete: AttributeError: 'NoneType' object has no attribute 'document'",
    "the deterministic worker turn did not complete: AttributeError: 'NoneType' object has no attribute 'document'",
    "the deterministic worker turn did not complete: AttributeError: 'NoneType' object has no attribute 'document'",
    "the deterministic worker turn did not complete: AttributeError: 'NoneType' object has no attribute 'document'",
    "the deterministic worker turn did not complete: AttributeError: 'NoneType' object has no attribute 'document'",
    "the deterministic worker turn did not complete: AttributeError: 'NoneType' object has no attribute 'document'",
    "the deterministic worker turn did not complete: AttributeError: 'NoneType' object has no attribute 'document'",
    "the deterministic worker turn did not complete: AttributeError: 'NoneType' object has no attribute 'document'",
    "the deterministic worker turn did not complete: AttributeError: 'NoneType' object has no attribute 'document'",
    "the deterministic worker turn did not complete: AttributeError: 'NoneType' object has no attribute 'document'",
    "the deterministic worker turn did not complete: AttributeError: 'NoneType' object has no attribute 'document'",
    "the deterministic worker turn did not complete: AttributeError: 'NoneType' object has no attribute 'document'",
    "the deterministic worker turn did not complete: AttributeError: 'NoneType' object has no attribute 'document'",
    "the deterministic worker turn did not complete: AttributeError: 'NoneType' object has no attribute 'document'",
    "the deterministic worker turn did not complete: AttributeError: 'NoneType' object has no attribute 'document'",
    "the deterministic worker turn did not complete: AttributeError: 'NoneType' object has no attribute 'document'",
    "the deterministic worker turn did not complete: AttributeError: 'NoneType' object has no attribute 'document'",
    "the deterministic worker turn did not complete: AttributeError: 'NoneType' object has no attribute 'document'",
    "the deterministic worker turn did not complete: AttributeError: 'NoneType' object has no attribute 'document'",
    "the deterministic worker turn did not complete: AttributeError: 'NoneType' object has no attribute 'document'",
    "the deterministic worker turn did not complete: AttributeError: 'NoneType' object has no attribute 'document'",
    "the deterministic worker turn did not complete: AttributeError: 'NoneType' object has no attribute 'document'",
    "the deterministic worker turn did not complete: AttributeError: 'NoneType' object has no attribute 'document'",
    "the deterministic worker turn did not complete: AttributeError: 'NoneType' object has no attribute 'document'",
    "the deterministic worker turn did not complete: AttributeError: 'NoneType' object has no attribute 'document'",
    "the deterministic worker turn did not complete: AttributeError: 'NoneType' object has no attribute 'document'",
    "the deterministic worker turn did not complete: AttributeError: 'NoneType' object has no attribute 'document'",
    "the deterministic worker turn did not complete: AttributeError: 'NoneType' object has no attribute 'document'",
    "the deterministic worker turn did not complete: AttributeError: 'NoneType' object has no attribute 'document'",
    "the deterministic worker turn did not complete: AttributeError: 'NoneType' object has no attribute 'document'",
    "the deterministic worker turn did not complete: AttributeError: 'NoneType' object has no attribute 'document'",
    "the deterministic worker turn did not complete: AttributeError: 'NoneType' object has no attribute 'document'",
    "the deterministic worker turn did not complete: AttributeError: 'NoneType' object has no attribute 'document'",
    "the deterministic worker turn did not complete: AttributeError: 'NoneType' object has no attribute 'document'",
    "the deterministic worker turn did not complete: AttributeError: 'NoneType' object has no attribute 'document'",
    "the deterministic worker turn did not complete: AttributeError: 'NoneType' object has no attribute 'document'",
    "the deterministic worker turn did not complete: AttributeError: 'NoneType' object has no attribute 'document'",
    "the deterministic worker turn did not complete: AttributeError: 'NoneType' object has no attribute 'document'",
    "the deterministic worker turn did not complete: AttributeError: 'NoneType' object has no attribute 'document'",
    "the deterministic worker turn did not complete: AttributeError: 'NoneType' object has no attribute 'document'",
    "the deterministic worker turn did not complete: AttributeError: 'NoneType' object has no attribute 'document'",
    "the deterministic worker turn did not complete: AttributeError: 'NoneType' object has no attribute 'document'",
    "the deterministic worker turn did not complete: AttributeError: 'NoneType' object has no attribute 'document'",
    "the deterministic worker turn did not complete: AttributeError: 'NoneType' object has no attribute 'document'",
    "the deterministic worker turn did not complete: AttributeError: 'NoneType' object has no attribute 'document'",
    "the deterministic worker turn did not complete: AttributeError: 'NoneType' object has no attribute 'document'",
    "the deterministic worker turn did not complete: AttributeError: 'NoneType' object has no attribute 'document'",
    "the deterministic worker turn did not complete: AttributeError: 'NoneType' object has no attribute 'document'",
    "the deterministic worker turn did not complete: AttributeError: 'NoneType' object has no attribute 'document'",
    "the deterministic worker turn did not complete: AttributeError: 'NoneType' object has no attribute 'document'",
    "the deterministic worker turn did not complete: AttributeError: 'NoneType' object has no attribute 'document'",
    "the deterministic worker turn did not complete: AttributeError: 'NoneType' object has no attribute 'document'",
    "the deterministic worker turn did not complete: AttributeError: 'NoneType' object has no attribute 'document'",
    "the deterministic worker turn did not complete: AttributeError: 'NoneType' object has no attribute 'document'",
    "the deterministic worker turn did not complete: AttributeError: 'NoneType' object has no attribute 'document'",
    "the deterministic worker turn did not complete: AttributeError: 'NoneType' object has no attribute 'document'",
    "the deterministic worker turn did not complete: AttributeError: 'NoneType' object has no attribute 'document'",
    "the deterministic worker turn did not complete: AttributeError: 'NoneType' object has no attribute 'document'",
    "the deterministic worker turn did not complete: AttributeError: 'NoneType' object has no attribute 'document'",
    "the deterministic worker turn did not complete: AttributeError: 'NoneType' object has no attribute 'document'",
    "the deterministic worker turn did not complete: AttributeError: 'NoneType' object has no attribute 'document'",
    "the deterministic worker turn did not complete: AttributeError: 'NoneType' object has no attribute 'document'",
    "the deterministic worker turn did not complete: AttributeError: 'NoneType' object has no attribute 'document'",
    "the deterministic worker turn did not complete: AttributeError: 'NoneType' object has no attribute 'document'",
    "the deterministic worker turn did not complete: AttributeError: 'NoneType' object has no attribute 'document'",
    "the deterministic worker turn did not complete: AttributeError: 'NoneType' object has no attribute 'document'",
    "the deterministic worker turn did not complete: AttributeError: 'NoneType' object has no attribute 'document'",
    "the deterministic worker turn did not complete: AttributeError: 'NoneType' object has no attribute 'document'",
    "the deterministic worker turn did not complete: AttributeError: 'NoneType' object has no attribute 'document'",
    "the deterministic worker turn did not complete: AttributeError: 'NoneType' object has no attribute 'document'",
    "the deterministic worker turn did not complete: AttributeError: 'NoneType' object has no attribute 'document'",
    "the deterministic worker turn did not complete: AttributeError: 'NoneType' object has no attribute 'document'",
    "the deterministic worker turn did not complete: AttributeError: 'NoneType' object has no attribute 'document'",
    "the deterministic worker turn did not complete: AttributeError: 'NoneType' object has no attribute 'document'",
    "the deterministic worker turn did not complete: AttributeError: 'NoneType' object has no attribute 'document'",
    "the deterministic worker turn did not complete: AttributeError: 'NoneType' object has no attribute 'document'",
    "the deterministic worker turn did not complete: AttributeError: 'NoneType' object has no attribute 'document'",
    "the deterministic worker turn did not complete: AttributeError: 'NoneType' object has no attribute 'document'",
    "the deterministic worker turn did not complete: AttributeError: 'NoneType' object has no attribute 'document'",
    "the deterministic worker turn did not complete: AttributeError: 'NoneType' object has no attribute 'document'",
    "the deterministic worker turn did not complete: AttributeError: 'NoneType' object has no attribute 'document'",
    "the deterministic worker turn did not complete: AttributeError: 'NoneType' object has no attribute 'document'",
    "the deterministic worker turn did not complete: AttributeError: 'NoneType' object has no attribute 'document'",
    "the deterministic worker turn did not complete: AttributeError: 'NoneType' object has no attribute 'document'",
    "the deterministic worker turn did not complete: AttributeError: 'NoneType' object has no attribute 'document'",
    "the deterministic worker turn did not complete: AttributeError: 'NoneType' object has no attribute 'document'",
    "the deterministic worker turn did not complete: AttributeError: 'NoneType' object has no attribute 'document'",
    "the deterministic worker turn did not complete: AttributeError: 'NoneType' object has no attribute 'document'",
    "the deterministic worker turn did not complete: AttributeError: 'NoneType' object has no attribute 'document'",
    "the deterministic worker turn did not complete: AttributeError: 'NoneType' object has no attribute 'document'",
    "the deterministic worker turn did not complete: AttributeError: 'NoneType' object has no attribute 'document'",
    "the deterministic worker turn did not complete: AttributeError: 'NoneType' object has no attribute 'document'",
    "the deterministic worker turn did not complete: AttributeError: 'NoneType' object has no attribute 'document'",
    "the deterministic worker turn did not complete: AttributeError: 'NoneType' object has no attribute 'document'",
    "the deterministic worker turn did not complete: AttributeError: 'NoneType' object has no attribute 'document'",
    "the deterministic worker turn did not complete: AttributeError: 'NoneType' object has no attribute 'document'",
    "the deterministic worker turn did not complete: AttributeError: 'NoneType' object has no attribute 'document'",
    "the deterministic worker turn did not complete: AttributeError: 'NoneType' object has no attribute 'document'",
    "the deterministic worker turn did not complete: AttributeError: 'NoneType' object has no attribute 'document'",
    "the deterministic worker turn did not complete: AttributeError: 'NoneType' object has no attribute 'document'",
    "the deterministic worker turn did not complete: AttributeError: 'NoneType' object has no attribute 'document'",
    "the deterministic worker turn did not complete: AttributeError: 'NoneType' object has no attribute 'document'",
    "the deterministic worker turn did not complete: AttributeError: 'NoneType' object has no attribute 'document'",
    "the deterministic worker turn did not complete: AttributeError: 'NoneType' object has no attribute 'document'",
    "the deterministic worker turn did not complete: AttributeError: 'NoneType' object has no attribute 'document'"
  ],
  "verdicts": []
}ok

----------------------------------------------------------------------
Ran 1 test in 1.586s

OK

