# The recipe check, proved to FAIL on the page the reviewer found.
# A copy of the dossier with step 6's <run root>/db/... store paths put back.

.FF
======================================================================
FAIL: test_every_flag_the_run_step_prints_is_one_the_COMMAND_accepts (test_two_jobs.TheOPERATORRecipePrintsOperandsThatAGREE.test_every_flag_the_run_step_prints_is_one_the_COMMAND_accepts)
Against the command's own `--help`, not against a list here.
----------------------------------------------------------------------
Traceback (most recent call last):
  File "/tmp/recipe-proof-MQNy/test_two_jobs.py", line 1806, in test_every_flag_the_run_step_prints_is_one_the_COMMAND_accepts
    self.assertEqual(answer.returncode, 0, answer.stderr)
    ~~~~~~~~~~~~~~~~^^^^^^^^^^^^^^^^^^^^^^^^^^^^^^^^^^^^^
AssertionError: 1 != 0 : Traceback (most recent call last):
  File "/tmp/recipe-proof-MQNy/two_job_supervisor.py", line 42, in <module>
    import baseline                                              # noqa: E402
    ^^^^^^^^^^^^^^^
ModuleNotFoundError: No module named 'baseline'


======================================================================
FAIL: test_the_inspect_step_names_the_stores_the_run_step_OPENS (test_two_jobs.TheOPERATORRecipePrintsOperandsThatAGREE.test_the_inspect_step_names_the_stores_the_run_step_OPENS)
One store per axis across the whole page, or this fails.
----------------------------------------------------------------------
Traceback (most recent call last):
  File "/tmp/recipe-proof-MQNy/test_two_jobs.py", line 1785, in test_the_inspect_step_names_the_stores_the_run_step_OPENS
    self.assertEqual(jobs, {"<run root>/jobs.sqlite3"})
    ~~~~~~~~~~~~~~~~^^^^^^^^^^^^^^^^^^^^^^^^^^^^^^^^^^^
AssertionError: Items in the first set but not the second:
'<run root>/db/jobs.sqlite3'

----------------------------------------------------------------------
Ran 3 tests in 0.474s

FAILED (failures=2)
