### label: final-verification-eleven-focused-class-selectors
### cwd: /home/sl/src/baton/v12/python
### argv: ["env", "PYTHONPATH=src", "python3", "-m", "unittest", "-v", "tests.integration.test_reconciliation.OriginalSubmissionIsImmutable", "tests.integration.test_reconciliation.TheSubmissionIsResolvedFromItsOwners", "tests.integration.test_reconciliation.CausalEvidenceSurvivesComposition", "tests.integration.test_reconciliation.TheEvidenceIsItsOwnersAndBindsTheseBytes", "tests.integration.test_reconciliation.PreparedResultReplaysItsIntent", "tests.integration.test_reconciliation.ResultReadersRejectTampering", "tests.integration.test_reconciliation.DerivedPublicationUsesItsOwnAssignment", "tests.integration.test_reconciliation.TheLiveAssignmentAndPolicyAreProved", "tests.integration.test_reconciliation.TheNominatedStorageIsProved", "tests.integration.test_reconciliation.TheImportedStateIsUnproved", "tests.integration.test_reconciliation.ConflictsAndForeignSourcesHold", "tests.integration.test_admission.AcceptedAccount", "tests.integration.test_admission.RefusalBeforeMutation", "tests.integration.test_admission.SourceEligibilityIsNotResultFreshness", "tests.integration.test_coordinator.TheStoreIsAdoptedByOwnershipRatherThanResemblance"]
### exit: 0
### elapsed_seconds: 7.561019
### STDOUT

### STDERR
test_preparing_publishing_and_admitting_touch_no_producer_byte (tests.integration.test_reconciliation.OriginalSubmissionIsImmutable.test_preparing_publishing_and_admitting_touch_no_producer_byte) ... ok
test_the_old_base_is_the_point_and_is_not_relaxed_away (tests.integration.test_reconciliation.OriginalSubmissionIsImmutable.test_the_old_base_is_the_point_and_is_not_relaxed_away)
An old submission base is ALLOWED at this boundary. What stays ... ok
test_the_prepared_result_carries_both_jobs_changes (tests.integration.test_reconciliation.OriginalSubmissionIsImmutable.test_the_prepared_result_carries_both_jobs_changes) ... ok
test_the_producers_line_is_never_an_operand_of_the_merge (tests.integration.test_reconciliation.OriginalSubmissionIsImmutable.test_the_producers_line_is_never_an_operand_of_the_merge)
The profile writes in the nominated workspace and in the dedicated ... ok
test_a_producer_that_stops_agreeing_refuses (tests.integration.test_reconciliation.TheSubmissionIsResolvedFromItsOwners.test_a_producer_that_stops_agreeing_refuses)
Each of these is a cross-binding admission already owns; what is ... ok
test_a_proposal_the_authority_never_published_refuses (tests.integration.test_reconciliation.TheSubmissionIsResolvedFromItsOwners.test_a_proposal_the_authority_never_published_refuses) ... ok
test_an_unaccepted_checkpoint_refuses (tests.integration.test_reconciliation.TheSubmissionIsResolvedFromItsOwners.test_an_unaccepted_checkpoint_refuses) ... ok
test_the_import_account_rereads_the_producers (tests.integration.test_reconciliation.TheSubmissionIsResolvedFromItsOwners.test_the_import_account_rereads_the_producers) ... ok
test_the_resolved_submission_is_the_producers_own_answer (tests.integration.test_reconciliation.TheSubmissionIsResolvedFromItsOwners.test_the_resolved_submission_is_the_producers_own_answer) ... ok
test_a_COMBINED_FAILURE_IS_RETAINED_and_blocks (tests.integration.test_reconciliation.CausalEvidenceSurvivesComposition.test_a_COMBINED_FAILURE_IS_RETAINED_and_blocks)
REVIEW 2026-09-10T05:41:11Z [R1], the correction that matters. ... ok
test_a_blocked_result_is_not_re_observed_into_success (tests.integration.test_reconciliation.CausalEvidenceSurvivesComposition.test_a_blocked_result_is_not_re_observed_into_success)
The retained failure is not overwritten by asking again with an ... ok
test_an_absent_observation_owner_refuses (tests.integration.test_reconciliation.CausalEvidenceSurvivesComposition.test_an_absent_observation_owner_refuses) ... ok
test_an_attestation_about_another_result_refuses (tests.integration.test_reconciliation.CausalEvidenceSurvivesComposition.test_an_attestation_about_another_result_refuses) ... ok
test_an_attestation_that_disowns_its_own_runs_refuses (tests.integration.test_reconciliation.CausalEvidenceSurvivesComposition.test_an_attestation_that_disowns_its_own_runs_refuses)
The attested execution and the executions in the observations are ... ok
test_an_exact_re_observation_replays (tests.integration.test_reconciliation.CausalEvidenceSurvivesComposition.test_an_exact_re_observation_replays) ... ok
test_an_unrelated_setup_failure_is_not_the_defects_baseline (tests.integration.test_reconciliation.CausalEvidenceSurvivesComposition.test_an_unrelated_setup_failure_is_not_the_defects_baseline)
Section 4 rules that these are not the same observation, so the ... ok
test_evidence_cannot_precede_the_observations_or_the_publication (tests.integration.test_reconciliation.CausalEvidenceSurvivesComposition.test_evidence_cannot_precede_the_observations_or_the_publication)
Both halves of the accepted order, refused from the front. ... ok
test_it_fails_on_the_base_passes_isolated_and_passes_combined (tests.integration.test_reconciliation.CausalEvidenceSurvivesComposition.test_it_fails_on_the_base_passes_isolated_and_passes_combined) ... ok
test_observations_about_other_content_refuse (tests.integration.test_reconciliation.CausalEvidenceSurvivesComposition.test_observations_about_other_content_refuse) ... ok
test_the_observation_owner_is_asked_and_answers_for_itself (tests.integration.test_reconciliation.CausalEvidenceSurvivesComposition.test_the_observation_owner_is_asked_and_answers_for_itself) ... ok
test_the_observations_are_retained_by_their_own_act (tests.integration.test_reconciliation.CausalEvidenceSurvivesComposition.test_the_observations_are_retained_by_their_own_act) ... ok
test_the_preparer_cannot_witness_its_own_composition (tests.integration.test_reconciliation.CausalEvidenceSurvivesComposition.test_the_preparer_cannot_witness_its_own_composition) ... ok
test_a_published_result_with_no_receipts_authorizes_nothing (tests.integration.test_reconciliation.TheEvidenceIsItsOwnersAndBindsTheseBytes.test_a_published_result_with_no_receipts_authorizes_nothing)
PUBLICATION-WITHOUT-IMPORT, the amendment's scheduled replacement ... ok
test_a_receipt_by_another_actor_is_not_this_owners (tests.integration.test_reconciliation.TheEvidenceIsItsOwnersAndBindsTheseBytes.test_a_receipt_by_another_actor_is_not_this_owners)
The record adopts the receipt of the participant it was given, and ... ok
test_a_receipt_on_the_producers_proposal_is_not_this_results (tests.integration.test_reconciliation.TheEvidenceIsItsOwnersAndBindsTheseBytes.test_a_receipt_on_the_producers_proposal_is_not_this_results)
The submission's own three receipts are real, accepting and on the ... ok
test_a_refusing_owner_does_not_authorize (tests.integration.test_reconciliation.TheEvidenceIsItsOwnersAndBindsTheseBytes.test_a_refusing_owner_does_not_authorize)
A NONACCEPTING DECISION IS RETAINED BY ITS OWNER and is not an ... ok
test_an_absent_or_unconfigured_owner_refuses (tests.integration.test_reconciliation.TheEvidenceIsItsOwnersAndBindsTheseBytes.test_an_absent_or_unconfigured_owner_refuses) ... ok
test_an_approval_under_a_superseded_policy_is_not_adopted (tests.integration.test_reconciliation.TheEvidenceIsItsOwnersAndBindsTheseBytes.test_an_approval_under_a_superseded_policy_is_not_adopted) ... ok
test_evidence_for_one_result_cannot_authorize_another (tests.integration.test_reconciliation.TheEvidenceIsItsOwnersAndBindsTheseBytes.test_evidence_for_one_result_cannot_authorize_another)
THE REPRODUCED COUNTEREXAMPLE, now closed twice over. ... ok
test_one_actor_may_not_give_two_judgements (tests.integration.test_reconciliation.TheEvidenceIsItsOwnersAndBindsTheseBytes.test_one_actor_may_not_give_two_judgements) ... ok
test_the_derived_digest_binds_the_bytes_the_runs_and_the_observer (tests.integration.test_reconciliation.TheEvidenceIsItsOwnersAndBindsTheseBytes.test_the_derived_digest_binds_the_bytes_the_runs_and_the_observer)
WHAT A RECEIPT IS ABOUT, given that a receipt has no field for it. ... ok
test_the_evidence_is_the_authoritys_receipts_and_the_record_writes_none (tests.integration.test_reconciliation.TheEvidenceIsItsOwnersAndBindsTheseBytes.test_the_evidence_is_the_authoritys_receipts_and_the_record_writes_none)
THE AMENDMENT'S CENTRAL CLAIM, asked of a real Authority. ... ok
test_the_owner_that_ran_the_harness_may_not_judge_it (tests.integration.test_reconciliation.TheEvidenceIsItsOwnersAndBindsTheseBytes.test_the_owner_that_ran_the_harness_may_not_judge_it) ... ok
test_the_policy_generation_is_the_approval_receipts_own (tests.integration.test_reconciliation.TheEvidenceIsItsOwnersAndBindsTheseBytes.test_the_policy_generation_is_the_approval_receipts_own) ... ok
test_the_preparer_cannot_review_its_own_composition (tests.integration.test_reconciliation.TheEvidenceIsItsOwnersAndBindsTheseBytes.test_the_preparer_cannot_review_its_own_composition) ... ok
test_a_changed_operand_still_refuses_rather_than_replaying (tests.integration.test_reconciliation.PreparedResultReplaysItsIntent.test_a_changed_operand_still_refuses_rather_than_replaying)
An adoption naming a DIFFERENT owner is not this settled act, so it ... ok
test_a_committed_intent_with_no_outcome_RESUMES_on_its_own_target (tests.integration.test_reconciliation.PreparedResultReplaysItsIntent.test_a_committed_intent_with_no_outcome_RESUMES_on_its_own_target)
The superseded slice answered "already done" and asked the profile ... ok
test_a_moved_target_is_a_NEW_result_and_the_old_one_is_untouched (tests.integration.test_reconciliation.PreparedResultReplaysItsIntent.test_a_moved_target_is_a_NEW_result_and_the_old_one_is_untouched) ... ok
test_an_exact_retry_is_the_same_record_and_merges_once (tests.integration.test_reconciliation.PreparedResultReplaysItsIntent.test_an_exact_retry_is_the_same_record_and_merges_once) ... ok
test_exact_retries_replay_AFTER_the_record_has_moved_on (tests.integration.test_reconciliation.PreparedResultReplaysItsIntent.test_exact_retries_replay_AFTER_the_record_has_moved_on)
Review [P2]: both of these used to refuse an identical call once ... ok
test_the_identity_is_derived_from_the_operands_and_only_from_those (tests.integration.test_reconciliation.PreparedResultReplaysItsIntent.test_the_identity_is_derived_from_the_operands_and_only_from_those) ... ok
test_a_published_row_cannot_be_quietly_demoted (tests.integration.test_reconciliation.ResultReadersRejectTampering.test_a_published_row_cannot_be_quietly_demoted)
The state and the evidence that earned it commit together, so a ... ok
test_a_row_pointed_at_another_committed_act_is_caught (tests.integration.test_reconciliation.ResultReadersRejectTampering.test_a_row_pointed_at_another_committed_act_is_caught) ... ok
test_a_row_whose_act_is_not_in_the_journal_at_all_is_caught (tests.integration.test_reconciliation.ResultReadersRejectTampering.test_a_row_whose_act_is_not_in_the_journal_at_all_is_caught) ... ok
test_a_source_identity_the_prepared_evidence_never_saw_is_caught (tests.integration.test_reconciliation.ResultReadersRejectTampering.test_a_source_identity_the_prepared_evidence_never_saw_is_caught) ... ok
test_an_invented_imported_state_with_no_entry_is_caught (tests.integration.test_reconciliation.ResultReadersRejectTampering.test_an_invented_imported_state_with_no_entry_is_caught)
The reviewer's third counterexample. It is refused twice now: the ... ok
test_causal_observations_edited_after_the_fact_are_caught (tests.integration.test_reconciliation.ResultReadersRejectTampering.test_causal_observations_edited_after_the_fact_are_caught) ... ok
test_evidence_emptied_UNDER_a_published_result_is_caught (tests.integration.test_reconciliation.ResultReadersRejectTampering.test_evidence_emptied_UNDER_a_published_result_is_caught)
The reviewer's second counterexample: a published row whose ... ok
test_prepared_content_edited_UNDER_an_authorized_result_is_caught (tests.integration.test_reconciliation.ResultReadersRejectTampering.test_prepared_content_edited_UNDER_an_authorized_result_is_caught)
The reviewer's exact counterexample: replacing the prepared head ... ok
test_prepared_content_that_no_longer_digests_to_its_set_is_caught (tests.integration.test_reconciliation.ResultReadersRejectTampering.test_prepared_content_that_no_longer_digests_to_its_set_is_caught) ... ok
test_a_session_that_is_not_this_results_assignment_refuses (tests.integration.test_reconciliation.DerivedPublicationUsesItsOwnAssignment.test_a_session_that_is_not_this_results_assignment_refuses) ... ok
test_an_unobserved_result_does_not_publish (tests.integration.test_reconciliation.DerivedPublicationUsesItsOwnAssignment.test_an_unobserved_result_does_not_publish)
Publication confers a candidate identity, and content nobody has ... ok
test_the_derived_proposal_names_this_role_this_snapshot_these_bytes (tests.integration.test_reconciliation.DerivedPublicationUsesItsOwnAssignment.test_the_derived_proposal_names_this_role_this_snapshot_these_bytes) ... ok
test_the_import_account_keeps_both_identities_and_refuses_a_stale_one (tests.integration.test_reconciliation.DerivedPublicationUsesItsOwnAssignment.test_the_import_account_keeps_both_identities_and_refuses_a_stale_one) ... ok
test_the_publish_retry_replays_and_borrowing_the_producer_refuses (tests.integration.test_reconciliation.DerivedPublicationUsesItsOwnAssignment.test_the_publish_retry_replays_and_borrowing_the_producer_refuses) ... ok
test_a_live_assignment_prepares (tests.integration.test_reconciliation.TheLiveAssignmentAndPolicyAreProved.test_a_live_assignment_prepares)
The positive beside the refusal above. ... ok
test_an_import_account_refuses_after_the_assignment_is_released (tests.integration.test_reconciliation.TheLiveAssignmentAndPolicyAreProved.test_an_import_account_refuses_after_the_assignment_is_released) ... ok
test_an_import_account_refuses_after_the_policy_advances (tests.integration.test_reconciliation.TheLiveAssignmentAndPolicyAreProved.test_an_import_account_refuses_after_the_policy_advances) ... ok
test_preparation_under_a_released_assignment_writes_nothing (tests.integration.test_reconciliation.TheLiveAssignmentAndPolicyAreProved.test_preparation_under_a_released_assignment_writes_nothing) ... ok
test_the_derived_proposal_is_read_back_at_admission (tests.integration.test_reconciliation.TheLiveAssignmentAndPolicyAreProved.test_the_derived_proposal_is_read_back_at_admission) ... ok
test_REPLACED_storage_refuses_at_import_admission (tests.integration.test_reconciliation.TheNominatedStorageIsProved.test_REPLACED_storage_refuses_at_import_admission)
The point of recording an inode: the directory is swapped for a ... ok
test_a_false_target_source_inode_prepares_nothing (tests.integration.test_reconciliation.TheNominatedStorageIsProved.test_a_false_target_source_inode_prepares_nothing) ... ok
test_a_false_workspace_inode_prepares_nothing (tests.integration.test_reconciliation.TheNominatedStorageIsProved.test_a_false_workspace_inode_prepares_nothing) ... ok
test_a_linked_worktree_shares_the_producers_repository (tests.integration.test_reconciliation.TheNominatedStorageIsProved.test_a_linked_worktree_shares_the_producers_repository)
Its own Git directory, its own path, ONE common directory -- and a ... ok
test_a_separate_workspace_is_accepted_and_is_where_it_writes (tests.integration.test_reconciliation.TheNominatedStorageIsProved.test_a_separate_workspace_is_accepted_and_is_where_it_writes)
The positive beside the four refusals: an integration-owned ... ok
test_a_symlink_to_the_producers_line_is_the_same_storage (tests.integration.test_reconciliation.TheNominatedStorageIsProved.test_a_symlink_to_the_producers_line_is_the_same_storage)
A canonical path comparison sees two different paths here. ... ok
test_isolation_is_proved_again_at_import_admission (tests.integration.test_reconciliation.TheNominatedStorageIsProved.test_isolation_is_proved_again_at_import_admission)
The Manager's answer can move after preparation, so admission asks ... ok
test_storage_that_is_not_a_directory_refuses (tests.integration.test_reconciliation.TheNominatedStorageIsProved.test_storage_that_is_not_a_directory_refuses) ... ok
test_storage_that_is_not_there_refuses (tests.integration.test_reconciliation.TheNominatedStorageIsProved.test_storage_that_is_not_there_refuses) ... ok
test_the_dedicated_target_may_not_be_the_workspace (tests.integration.test_reconciliation.TheNominatedStorageIsProved.test_the_dedicated_target_may_not_be_the_workspace) ... ok
test_the_producers_own_line_may_not_be_the_workspace (tests.integration.test_reconciliation.TheNominatedStorageIsProved.test_the_producers_own_line_may_not_be_the_workspace) ... ok
test_a_null_entry_is_refused_by_the_store_itself (tests.integration.test_reconciliation.TheImportedStateIsUnproved.test_a_null_entry_is_refused_by_the_store_itself) ... ok
test_an_invented_entry_does_not_supply_import_authority (tests.integration.test_reconciliation.TheImportedStateIsUnproved.test_an_invented_entry_does_not_supply_import_authority)
The reviewer's exact row: `entry-never-created`, which no ... ok
test_naming_the_terminal_act_does_not_conjure_it (tests.integration.test_reconciliation.TheImportedStateIsUnproved.test_naming_the_terminal_act_does_not_conjure_it)
And a row that also points at the import act refuses because the ... ok
test_the_authorized_row_still_reads (tests.integration.test_reconciliation.TheImportedStateIsUnproved.test_the_authorized_row_still_reads)
The positive: nothing above broke the state that IS proved. ... ok
test_a_foreign_object_this_workspace_cannot_reach_refuses (tests.integration.test_reconciliation.ConflictsAndForeignSourcesHold.test_a_foreign_object_this_workspace_cannot_reach_refuses) ... ok
test_a_held_result_neither_authorizes_nor_publishes (tests.integration.test_reconciliation.ConflictsAndForeignSourcesHold.test_a_held_result_neither_authorizes_nor_publishes) ... ok
test_a_held_result_replays_as_the_same_hold (tests.integration.test_reconciliation.ConflictsAndForeignSourcesHold.test_a_held_result_replays_as_the_same_hold) ... ok
test_a_real_conflict_holds_with_its_reason_and_retains_no_result (tests.integration.test_reconciliation.ConflictsAndForeignSourcesHold.test_a_real_conflict_holds_with_its_reason_and_retains_no_result) ... ok
test_a_submission_already_based_on_the_target_refuses (tests.integration.test_reconciliation.ConflictsAndForeignSourcesHold.test_a_submission_already_based_on_the_target_refuses)
The producer's checkpoint says it was written on the revision the ... ok
test_an_assignment_naming_another_Work_refuses (tests.integration.test_reconciliation.ConflictsAndForeignSourcesHold.test_an_assignment_naming_another_Work_refuses) ... ok
test_an_uncertified_profile_composes_nothing (tests.integration.test_reconciliation.ConflictsAndForeignSourcesHold.test_an_uncertified_profile_composes_nothing) ... ok
test_complete_evidence_enqueues_the_exact_producer_account (tests.integration.test_admission.AcceptedAccount.test_complete_evidence_enqueues_the_exact_producer_account) ... ok
test_concurrent_exact_admission_returns_one_entry_and_rank (tests.integration.test_admission.AcceptedAccount.test_concurrent_exact_admission_returns_one_entry_and_rank) ... ok
test_exact_replay_returns_the_same_entry_and_rank (tests.integration.test_admission.AcceptedAccount.test_exact_replay_returns_the_same_entry_and_rank) ... ok
test_two_authorities_share_one_target_order (tests.integration.test_admission.AcceptedAccount.test_two_authorities_share_one_target_order) ... ok
test_ambiguous_job_scope_refuses (tests.integration.test_admission.RefusalBeforeMutation.test_ambiguous_job_scope_refuses) ... ok
test_assignment_identity_cross_wiring_refuses (tests.integration.test_admission.RefusalBeforeMutation.test_assignment_identity_cross_wiring_refuses) ... ok
test_checkpoint_identity_digest_profile_and_path_cross_wiring_refuses (tests.integration.test_admission.RefusalBeforeMutation.test_checkpoint_identity_digest_profile_and_path_cross_wiring_refuses) ... ok
test_each_required_policy_receipt_must_be_present_and_accepted (tests.integration.test_admission.RefusalBeforeMutation.test_each_required_policy_receipt_must_be_present_and_accepted) ... ok
test_frozen_result_identity_digest_and_disposition_must_match (tests.integration.test_admission.RefusalBeforeMutation.test_frozen_result_identity_digest_and_disposition_must_match) ... ok
test_job_input_policy_scope_and_work_are_not_caller_claims (tests.integration.test_admission.RefusalBeforeMutation.test_job_input_policy_scope_and_work_are_not_caller_claims) ... ok
test_malformed_scope_refuses (tests.integration.test_admission.RefusalBeforeMutation.test_malformed_scope_refuses) ... ok
test_receipt_candidate_and_target_cross_wiring_refuses (tests.integration.test_admission.RefusalBeforeMutation.test_receipt_candidate_and_target_cross_wiring_refuses) ... ok
test_stale_target_refuses (tests.integration.test_admission.RefusalBeforeMutation.test_stale_target_refuses) ... ok
test_the_checkpoint_must_be_accepted (tests.integration.test_admission.RefusalBeforeMutation.test_the_checkpoint_must_be_accepted) ... ok
test_the_job_store_must_share_the_candidate_authority (tests.integration.test_admission.RefusalBeforeMutation.test_the_job_store_must_share_the_candidate_authority) ... ok
test_a_moved_target_refuses_the_import_account_and_not_eligibility (tests.integration.test_admission.SourceEligibilityIsNotResultFreshness.test_a_moved_target_refuses_the_import_account_and_not_eligibility) ... ok
test_eligibility_still_proves_every_producer_it_ever_did (tests.integration.test_admission.SourceEligibilityIsNotResultFreshness.test_eligibility_still_proves_every_producer_it_ever_did)
The separation is not a weaker proof. Each of these refuses the ... ok
test_neither_source_answer_touches_the_coordinator (tests.integration.test_admission.SourceEligibilityIsNotResultFreshness.test_neither_source_answer_touches_the_coordinator) ... ok
test_the_submission_operand_carries_the_objects_the_account_cannot (tests.integration.test_admission.SourceEligibilityIsNotResultFreshness.test_the_submission_operand_carries_the_objects_the_account_cannot)
`prepare_result` reconciles Git OBJECTS. The account carries ... ok
test_a_foreign_database_is_refused_untouched (tests.integration.test_coordinator.TheStoreIsAdoptedByOwnershipRatherThanResemblance.test_a_foreign_database_is_refused_untouched) ... ok
test_a_fresh_store_carries_this_build_s_kind_and_version (tests.integration.test_coordinator.TheStoreIsAdoptedByOwnershipRatherThanResemblance.test_a_fresh_store_carries_this_build_s_kind_and_version) ... ok
test_an_index_whose_predicate_changed_is_not_adopted (tests.integration.test_coordinator.TheStoreIsAdoptedByOwnershipRatherThanResemblance.test_an_index_whose_predicate_changed_is_not_adopted) ... ok
test_an_object_this_build_does_not_own_is_not_adopted (tests.integration.test_coordinator.TheStoreIsAdoptedByOwnershipRatherThanResemblance.test_an_object_this_build_does_not_own_is_not_adopted) ... ok
test_another_version_is_refused_rather_than_guessed_across (tests.integration.test_coordinator.TheStoreIsAdoptedByOwnershipRatherThanResemblance.test_another_version_is_refused_rather_than_guessed_across) ... ok
test_metadata_this_build_does_not_own_is_not_adopted (tests.integration.test_coordinator.TheStoreIsAdoptedByOwnershipRatherThanResemblance.test_metadata_this_build_does_not_own_is_not_adopted) ... ok
test_the_expectation_is_measured_from_the_schema_it_checks (tests.integration.test_coordinator.TheStoreIsAdoptedByOwnershipRatherThanResemblance.test_the_expectation_is_measured_from_the_schema_it_checks)
A hand-written expectation would be a second owner of the shape. ... ok
test_the_missing_safety_index_is_not_adopted (tests.integration.test_coordinator.TheStoreIsAdoptedByOwnershipRatherThanResemblance.test_the_missing_safety_index_is_not_adopted)
Review of 2026-09-06 [P1]: this reopened without complaint. ... ok

----------------------------------------------------------------------
Ran 109 tests in 7.392s

OK
