20 INFO: PyInstaller: 6.16.0, contrib hooks: 2026.7
20 INFO: Python: 3.13.7
22 INFO: Platform: Linux-6.17.0-41-generic-x86_64-with-glibc2.42
22 INFO: Python environment: /home/sl/.local/state/baton-v12-venv
22 INFO: Removing temporary files and cleaning cache in /home/sl/.cache/pyinstaller
50 INFO: Module search paths (PYTHONPATH):
['/home/sl/src/baton/v12/python',
 '/usr/lib/python313.zip',
 '/usr/lib/python3.13',
 '/usr/lib/python3.13/lib-dynload',
 '/home/sl/.local/state/baton-v12-venv/lib/python3.13/site-packages',
 '/home/sl/src/baton/v12/python',
 '/home/sl/src/baton/v12/python',
 '/home/sl/src/baton/v12/python/src']
103 INFO: Appending 'datas' from .spec
103 INFO: checking Analysis
103 INFO: Building Analysis because Analysis-00.toc is non existent
103 INFO: Looking for Python shared library...
107 INFO: Using Python shared library: /lib/x86_64-linux-gnu/libpython3.13.so.1.0
107 INFO: Running Analysis Analysis-00.toc
107 INFO: Target bytecode optimization level: 0
107 INFO: Initializing module dependency graph...
107 INFO: Initializing module graph hook caches...
110 INFO: Analyzing modules for base_library.zip ...
482 INFO: Processing standard module hook 'hook-encodings.py' from '/home/sl/.local/state/baton-v12-venv/lib/python3.13/site-packages/PyInstaller/hooks'
1109 INFO: Processing standard module hook 'hook-pickle.py' from '/home/sl/.local/state/baton-v12-venv/lib/python3.13/site-packages/PyInstaller/hooks'
1497 INFO: Processing standard module hook 'hook-heapq.py' from '/home/sl/.local/state/baton-v12-venv/lib/python3.13/site-packages/PyInstaller/hooks'
1650 INFO: Caching module dependency graph...
1663 INFO: Analyzing /home/sl/src/baton/v12/python/tools/stack_command.py
1688 INFO: Processing standard module hook 'hook-jsonschema.py' from '/home/sl/.local/state/baton-v12-venv/lib/python3.13/site-packages/_pyinstaller_hooks_contrib/stdhooks'
1730 INFO: Processing standard module hook 'hook-platform.py' from '/home/sl/.local/state/baton-v12-venv/lib/python3.13/site-packages/PyInstaller/hooks'
1739 INFO: Processing standard module hook 'hook-_ctypes.py' from '/home/sl/.local/state/baton-v12-venv/lib/python3.13/site-packages/PyInstaller/hooks'
1809 INFO: Processing pre-safe-import-module hook 'hook-typing_extensions.py' from '/home/sl/.local/state/baton-v12-venv/lib/python3.13/site-packages/PyInstaller/hooks/pre_safe_import_module'
1810 INFO: SetuptoolsInfo: initializing cached setuptools info...
2880 INFO: Setuptools: 'typing_extensions' appears to be a setuptools-vendored copy - creating alias to 'setuptools._vendor.typing_extensions'!
2884 INFO: Processing standard module hook 'hook-setuptools.py' from '/home/sl/.local/state/baton-v12-venv/lib/python3.13/site-packages/PyInstaller/hooks'
2897 INFO: Processing pre-safe-import-module hook 'hook-distutils.py' from '/home/sl/.local/state/baton-v12-venv/lib/python3.13/site-packages/PyInstaller/hooks/pre_safe_import_module'
2915 INFO: Processing standard module hook 'hook-sysconfig.py' from '/home/sl/.local/state/baton-v12-venv/lib/python3.13/site-packages/PyInstaller/hooks'
2917 INFO: Processing pre-safe-import-module hook 'hook-jaraco.functools.py' from '/home/sl/.local/state/baton-v12-venv/lib/python3.13/site-packages/PyInstaller/hooks/pre_safe_import_module'
2918 INFO: Setuptools: 'jaraco.functools' appears to be a setuptools-vendored copy - creating alias to 'setuptools._vendor.jaraco.functools'!
2922 INFO: Processing pre-safe-import-module hook 'hook-more_itertools.py' from '/home/sl/.local/state/baton-v12-venv/lib/python3.13/site-packages/PyInstaller/hooks/pre_safe_import_module'
2922 INFO: Setuptools: 'more_itertools' appears to be a setuptools-vendored copy - creating alias to 'setuptools._vendor.more_itertools'!
2980 INFO: Processing standard module hook 'hook-_osx_support.py' from '/home/sl/.local/state/baton-v12-venv/lib/python3.13/site-packages/PyInstaller/hooks'
2986 INFO: Processing pre-safe-import-module hook 'hook-packaging.py' from '/home/sl/.local/state/baton-v12-venv/lib/python3.13/site-packages/PyInstaller/hooks/pre_safe_import_module'
3127 INFO: Processing pre-safe-import-module hook 'hook-jaraco.text.py' from '/home/sl/.local/state/baton-v12-venv/lib/python3.13/site-packages/PyInstaller/hooks/pre_safe_import_module'
3127 INFO: Setuptools: 'jaraco.text' appears to be a setuptools-vendored copy - creating alias to 'setuptools._vendor.jaraco.text'!
3131 INFO: Processing standard module hook 'hook-setuptools._vendor.jaraco.text.py' from '/home/sl/.local/state/baton-v12-venv/lib/python3.13/site-packages/PyInstaller/hooks'
3132 INFO: Processing pre-safe-import-module hook 'hook-importlib_resources.py' from '/home/sl/.local/state/baton-v12-venv/lib/python3.13/site-packages/PyInstaller/hooks/pre_safe_import_module'
3132 INFO: Processing pre-safe-import-module hook 'hook-jaraco.context.py' from '/home/sl/.local/state/baton-v12-venv/lib/python3.13/site-packages/PyInstaller/hooks/pre_safe_import_module'
3132 INFO: Setuptools: 'jaraco.context' appears to be a setuptools-vendored copy - creating alias to 'setuptools._vendor.jaraco.context'!
3399 INFO: Processing pre-safe-import-module hook 'hook-tomli.py' from '/home/sl/.local/state/baton-v12-venv/lib/python3.13/site-packages/PyInstaller/hooks/pre_safe_import_module'
3399 INFO: Setuptools: 'tomli' appears to be a setuptools-vendored copy - creating alias to 'setuptools._vendor.tomli'!
3601 INFO: Processing pre-safe-import-module hook 'hook-wheel.py' from '/home/sl/.local/state/baton-v12-venv/lib/python3.13/site-packages/PyInstaller/hooks/pre_safe_import_module'
3602 INFO: Setuptools: 'wheel' appears to be a setuptools-vendored copy - creating alias to 'setuptools._vendor.wheel'!
3675 INFO: Processing standard module hook 'hook-jsonschema_specifications.py' from '/home/sl/.local/state/baton-v12-venv/lib/python3.13/site-packages/_pyinstaller_hooks_contrib/stdhooks'
3828 INFO: Processing standard module hook 'hook-sqlite3.py' from '/home/sl/.local/state/baton-v12-venv/lib/python3.13/site-packages/PyInstaller/hooks'
4596 INFO: Analyzing hidden import 'tools.dogfood_operator'
4645 INFO: Analyzing hidden import 'tools.worker_image'
4649 INFO: Processing module hooks (post-graph stage)...
4902 INFO: Processing standard module hook 'hook-multiprocessing.util.py' from '/home/sl/.local/state/baton-v12-venv/lib/python3.13/site-packages/PyInstaller/hooks'
4947 INFO: Processing standard module hook 'hook-xml.py' from '/home/sl/.local/state/baton-v12-venv/lib/python3.13/site-packages/PyInstaller/hooks'
5083 INFO: Performing binary vs. data reclassification (33 entries)
5116 INFO: Looking for ctypes DLLs
5138 INFO: Analyzing run-time hooks ...
5139 INFO: Including run-time hook 'pyi_rth_setuptools.py' from '/home/sl/.local/state/baton-v12-venv/lib/python3.13/site-packages/PyInstaller/hooks/rthooks'
5139 INFO: Including run-time hook 'pyi_rth_pkgutil.py' from '/home/sl/.local/state/baton-v12-venv/lib/python3.13/site-packages/PyInstaller/hooks/rthooks'
5140 INFO: Including run-time hook 'pyi_rth_multiprocessing.py' from '/home/sl/.local/state/baton-v12-venv/lib/python3.13/site-packages/PyInstaller/hooks/rthooks'
5141 INFO: Including run-time hook 'pyi_rth_inspect.py' from '/home/sl/.local/state/baton-v12-venv/lib/python3.13/site-packages/PyInstaller/hooks/rthooks'
5144 INFO: Creating base_library.zip...
5152 INFO: Looking for dynamic libraries
5238 INFO: Warnings written to /home/sl/src/baton/work/records/2026/09/finding-v12-worker-launch-version-mismatch/instance-200254/build/distro/work/stack/warn-stack.txt
5246 INFO: Graph cross-reference written to /home/sl/src/baton/work/records/2026/09/finding-v12-worker-launch-version-mismatch/instance-200254/build/distro/work/stack/xref-stack.html
5252 INFO: checking PYZ
5252 INFO: Building PYZ because PYZ-00.toc is non existent
5252 INFO: Building PYZ (ZlibArchive) /home/sl/src/baton/work/records/2026/09/finding-v12-worker-launch-version-mismatch/instance-200254/build/distro/work/stack/PYZ-00.pyz
5524 INFO: Building PYZ (ZlibArchive) /home/sl/src/baton/work/records/2026/09/finding-v12-worker-launch-version-mismatch/instance-200254/build/distro/work/stack/PYZ-00.pyz completed successfully.
5529 INFO: checking PKG
5529 INFO: Building PKG because PKG-00.toc is non existent
5529 INFO: Building PKG (CArchive) baton-v12-stack.pkg
5536 INFO: Building PKG (CArchive) baton-v12-stack.pkg completed successfully.
5536 INFO: Bootloader /home/sl/.local/state/baton-v12-venv/lib/python3.13/site-packages/PyInstaller/bootloader/Linux-64bit-intel/run
5536 INFO: checking EXE
5536 INFO: Building EXE because EXE-00.toc is non existent
5536 INFO: Building EXE from EXE-00.toc
5536 INFO: Copying bootloader EXE to /home/sl/src/baton/work/records/2026/09/finding-v12-worker-launch-version-mismatch/instance-200254/build/distro/work/stack/baton-v12-stack
5536 INFO: Appending PKG archive to custom ELF section in EXE
5545 INFO: Building EXE from EXE-00.toc completed successfully.
5545 INFO: checking COLLECT
5545 INFO: Building COLLECT because COLLECT-00.toc is non existent
5545 INFO: Building COLLECT COLLECT-00.toc
5552 INFO: Building COLLECT COLLECT-00.toc completed successfully.
5552 INFO: Build complete! The results are available in: /home/sl/src/baton/work/records/2026/09/finding-v12-worker-launch-version-mismatch/instance-200254/build/distro/out
