test_actual_correction_admits_a_fresh_copy_with_the_same_conversation (tests.manager.test_provider_context.Restoration.test_actual_correction_admits_a_fresh_copy_with_the_same_conversation) ... ERROR
test_competing_restore_refusal_does_not_consume_incumbent_finalization (tests.manager.test_provider_context.Restoration.test_competing_restore_refusal_does_not_consume_incumbent_finalization) ... ERROR

======================================================================
ERROR: test_actual_correction_admits_a_fresh_copy_with_the_same_conversation (tests.manager.test_provider_context.Restoration.test_actual_correction_admits_a_fresh_copy_with_the_same_conversation)
----------------------------------------------------------------------
Traceback (most recent call last):
  File "/home/sl/src/baton/v12/python/tests/manager/test_provider_context.py", line 382, in test_actual_correction_admits_a_fresh_copy_with_the_same_conversation
    first, first_attempt = self.correction()
                           ~~~~~~~~~~~~~~~^^
  File "/home/sl/src/baton/v12/python/tests/manager/test_provider_context.py", line 212, in correction
    self.end_runtime(review=True)
    ~~~~~~~~~~~~~~~~^^^^^^^^^^^^^
  File "/home/sl/src/baton/v12/python/tests/manager/test_provider_context.py", line 171, in end_runtime
    self.verdict = record_verdict(self.control, attachment_id=self.attachment["attachment_id"], disposition="changes-requested", profile=self.profile, port=self.port)
                   ~~~~~~~~~~~~~~^^^^^^^^^^^^^^^^^^^^^^^^^^^^^^^^^^^^^^^^^^^^^^^^^^^^^^^^^^^^^^^^^^^^^^^^^^^^^^^^^^^^^^^^^^^^^^^^^^^^^^^^^^^^^^^^^^^^^^^^^^^^^^^^^^^^^
  File "/home/sl/src/baton/v12/python/src/baton_v12/worker_manager/review_cycles.py", line 1599, in record_verdict
    attempt, review_result = _completed_review(store, attachment)
                             ~~~~~~~~~~~~~~~~~^^^^^^^^^^^^^^^^^^^
  File "/home/sl/src/baton/v12/python/src/baton_v12/worker_manager/review_cycles.py", line 1558, in _completed_review
    result = _review_result(result)
  File "/home/sl/src/baton/v12/python/src/baton_v12/worker_manager/review_cycles.py", line 922, in _review_result
    raise ContractRefusal(
        "refused", "precondition",
        "a review verdict requires separately frozen findings and logs outputs")
baton_v12.contracts.errors.ContractRefusal: a review verdict requires separately frozen findings and logs outputs

======================================================================
ERROR: test_competing_restore_refusal_does_not_consume_incumbent_finalization (tests.manager.test_provider_context.Restoration.test_competing_restore_refusal_does_not_consume_incumbent_finalization)
----------------------------------------------------------------------
Traceback (most recent call last):
  File "/home/sl/src/baton/v12/python/tests/manager/test_provider_context.py", line 396, in test_competing_restore_refusal_does_not_consume_incumbent_finalization
    first, first_attempt = self.correction(finalize=False)
                           ~~~~~~~~~~~~~~~^^^^^^^^^^^^^^^^
  File "/home/sl/src/baton/v12/python/tests/manager/test_provider_context.py", line 212, in correction
    self.end_runtime(review=True)
    ~~~~~~~~~~~~~~~~^^^^^^^^^^^^^
  File "/home/sl/src/baton/v12/python/tests/manager/test_provider_context.py", line 171, in end_runtime
    self.verdict = record_verdict(self.control, attachment_id=self.attachment["attachment_id"], disposition="changes-requested", profile=self.profile, port=self.port)
                   ~~~~~~~~~~~~~~^^^^^^^^^^^^^^^^^^^^^^^^^^^^^^^^^^^^^^^^^^^^^^^^^^^^^^^^^^^^^^^^^^^^^^^^^^^^^^^^^^^^^^^^^^^^^^^^^^^^^^^^^^^^^^^^^^^^^^^^^^^^^^^^^^^^^
  File "/home/sl/src/baton/v12/python/src/baton_v12/worker_manager/review_cycles.py", line 1599, in record_verdict
    attempt, review_result = _completed_review(store, attachment)
                             ~~~~~~~~~~~~~~~~~^^^^^^^^^^^^^^^^^^^
  File "/home/sl/src/baton/v12/python/src/baton_v12/worker_manager/review_cycles.py", line 1558, in _completed_review
    result = _review_result(result)
  File "/home/sl/src/baton/v12/python/src/baton_v12/worker_manager/review_cycles.py", line 922, in _review_result
    raise ContractRefusal(
        "refused", "precondition",
        "a review verdict requires separately frozen findings and logs outputs")
baton_v12.contracts.errors.ContractRefusal: a review verdict requires separately frozen findings and logs outputs

----------------------------------------------------------------------
Ran 2 tests in 0.094s

FAILED (errors=2)
