test_useful_correction_reaches_managed_target (tests.tools.test_correction_restart.UsefulCorrection.test_useful_correction_reaches_managed_target) ... FAIL

======================================================================
FAIL: test_useful_correction_reaches_managed_target (tests.tools.test_correction_restart.UsefulCorrection.test_useful_correction_reaches_managed_target)
----------------------------------------------------------------------
Traceback (most recent call last):
  File "/home/sl/src/baton/v12/python/tests/tools/test_correction_restart.py", line 15, in test_useful_correction_reaches_managed_target
    artifact = world.run_scenario()
  File "/home/sl/src/baton/v12/python/tests/tools/correction_restart_trace.py", line 267, in run_scenario
    self.fail(json.dumps({"reports": meaningful[-1:], "logs": logs, "retained": retained}, indent=2))
    ~~~~~~~~~^^^^^^^^^^^^^^^^^^^^^^^^^^^^^^^^^^^^^^^^^^^^^^^^^^^^^^^^^^^^^^^^^^^^^^^^^^^^^^^^^^^^^^^^
AssertionError: {
  "reports": [
    {
      "observed_at": "2026-09-02T00:00:00.000Z",
      "recovered": null,
      "observed": 0,
      "replaced": [],
      "acts": [
        {
          "stage_id": "job-a/integration",
          "episode": 1,
          "act": "admit",
          "outcome": "deferred",
          "operation_id": "offer.issue:offer-01128b4b2c5d1932bb6a1bcaf698a441d732b8323acd3b006b69d171f56d87a0",
          "detail": {
            "category": "refused",
            "code": "precondition",
            "message": "the preparation failed causal verification; the parent settled exceptionally"
          }
        }
      ],
      "started": [],
      "spoken": [],
      "refreshed": [
        {
          "stage_id": "job-a/implementation",
          "episode": 2,
          "attempt_id": "attempt-965a8ab887c7ad695594841e7bcfa101adaca7f42f72cbff9691f55f3a2157aa",
          "state": "not-asked"
        },
        {
          "stage_id": "job-a/review",
          "episode": 2,
          "attempt_id": "attempt-8e00f40b5b4a0afbcdf88da34c6f8169a1ae6997e38f1a35b55905aa790da605",
          "state": "not-asked"
        },
        {
          "stage_id": "job-a/integration",
          "episode": 1,
          "attempt_id": "attempt-01128b4b2c5d1932bb6a1bcaf698a441d732b8323acd3b006b69d171f56d87a0",
          "state": "not-asked"
        }
      ]
    }
  ],
  "logs": {
    "prepare-5.log": ""
  },
  "retained": {
    "integration:attempt-01128b4b2c5d1932bb6a1bcaf698a441d732b8323acd3b006b69d171f56d87a0": {
      "managed_result_id": "integration:attempt-01128b4b2c5d1932bb6a1bcaf698a441d732b8323acd3b006b69d171f56d87a0",
      "orchestration_id": "integration:attempt-01128b4b2c5d1932bb6a1bcaf698a441d732b8323acd3b006b69d171f56d87a0",
      "canonical_target_id": "target-1",
      "target_revision": "e3306cf145e6bcc20ad9336a562ba45ded447959",
      "authority_uuid": "0000000a000000000000000000000000",
      "work_id": "0000000a-W1",
      "job_id": "job-a",
      "line_id": "line-c71b47a3a4cf6f0cc88a98e204fb287b8e95c4a293d3d7dc4990627855b92c7a",
      "source_checkpoint_id": "checkpoint-2349b77804cdc13bda2a1c0e8d4b3a5af0ae165cdf615610b5b5a46a1dd8eb1c",
      "source_verdict_id": "verdict-ea0c5b82fa980fb3c112aa5a234dc4d17f42306ee0da35680d538bd5cbc01348",
      "source_proposal_id": "integration-driver.proposal:a70c7b58f11f3e756e8b9f637b1bea0eead84dfaacd853f3d6c49711e5cbaed4",
      "source_result_id": "result-attempt-965a8ab887c7ad695594841e7bcfa101adaca7f42f72cbff9691f55f3a2157aa",
      "source_result_digest": "sha256:96c8dce7c2f2a022d5bd748e21d1595af55f338ad4b7d61c25bf8c9cdeae2fc7",
      "source_checkpoint_digest": "sha256:8ef43d06aab61bad58f8cb6f03076e38e7bf8193144e3f65153abad48d7bd384",
      "source_base": "e3306cf145e6bcc20ad9336a562ba45ded447959",
      "source_candidate": "1449c1c7cbf996643cb73546d76fe3173a1cbc80",
      "state": "blocked",
      "reason": "the retained preparation did not pass its combined command",
      "prepared": {
        "head": "cc08c5d95005a8f98ae9fbec0112e53b4020cf1b",
        "preparation": {
          "assignment": {
            "generation": 1,
            "participant": "baton.integrator",
            "work_ref": {
              "authority_uuid": "0000000a000000000000000000000000",
              "work_id": "0000000a-W47984398722361"
            }
          },
          "candidate": {
            "artifact_id": "prepare-2ba43d0a6538f876fc8c7fb6e28f6f2951e327e807ad11d4a6fdf3aa8de8c3d0:prepared-candidate",
            "bytes": 166,
            "content_digest": "sha256:cc934e8d7dcb39871645c0f670fb75a27a48c1e57553c784e77944e57833bd4d"
          },
          "canonical_target_id": "target-1",
          "collected": {
            "custody": "accepted",
            "disposition": "completed",
            "manifest_digest": "sha256:a5d9c1940406ac9d6794ed93124c3f15d57ed05cd8dcbb033e1754f20d177ca1",
            "report": {
              "artifact_id": "prepare-2ba43d0a6538f876fc8c7fb6e28f6f2951e327e807ad11d4a6fdf3aa8de8c3d0:preparation-report",
              "bytes": 3361,
              "content_digest": "sha256:9db0d90be512e913eb5bd904ebe797f4b067bd87077f0d8127ab43bc39690574"
            },
            "result_id": "result-prepare-2ba43d0a6538f876fc8c7fb6e28f6f2951e327e807ad11d4a6fdf3aa8de8c3d0"
          },
          "derived_candidate": {
            "base": "e3306cf145e6bcc20ad9336a562ba45ded447959",
            "candidate": "1449c1c7cbf996643cb73546d76fe3173a1cbc80",
            "revision": "cc08c5d95005a8f98ae9fbec0112e53b4020cf1b",
            "target_revision": "e3306cf145e6bcc20ad9336a562ba45ded447959",
            "tree": "e09ce7780adf98089bca406002bee5f152c99cf7"
          },
          "execution_attempt_id": "prepare-2ba43d0a6538f876fc8c7fb6e28f6f2951e327e807ad11d4a6fdf3aa8de8c3d0",
          "harness_digest": "sha256:b4ef3a1a2978cedc6f442e71d7e7d7a74b23f85fdd79e9b9dea6a07a445d7cfd",
          "managed_result_id": "integration:attempt-01128b4b2c5d1932bb6a1bcaf698a441d732b8323acd3b006b69d171f56d87a0",
          "objects": {
            "artifact_id": "prepare-2ba43d0a6538f876fc8c7fb6e28f6f2951e327e807ad11d4a6fdf3aa8de8c3d0:prepared-objects",
            "bytes": 1465,
            "content_digest": "sha256:cf1742f2a7c90ee6abba194808581eae397a508b2ecf96c8e8c78e57d4c73b15"
          },
          "orchestration_id": "integration:attempt-01128b4b2c5d1932bb6a1bcaf698a441d732b8323acd3b006b69d171f56d87a0",
          "report": {
            "completed": [
              {
                "name": "combined",
                "status": 0
              },
              {
                "name": "base",
                "status": 1
              },
              {
                "name": "isolated",
                "status": 0
              }
            ],
            "execution_attempt_id": "prepare-2ba43d0a6538f876fc8c7fb6e28f6f2951e327e807ad11d4a6fdf3aa8de8c3d0",
            "kind": "measured",
            "not_run": [],
            "phase": "prepare",
            "schema": "baton.v12.managed-integration-report/1",
            "status": 1,
            "tag": null
          },
          "request_digest": "sha256:5733d0224f55d6be9c0ec102494745003e2bb3e30a4fba9ef7144b111d12aede",
          "schema": "baton.v12.managed-prepared-candidate/1",
          "source": {
            "base": "e3306cf145e6bcc20ad9336a562ba45ded447959",
            "candidate": "1449c1c7cbf996643cb73546d76fe3173a1cbc80",
            "target_revision": "e3306cf145e6bcc20ad9336a562ba45ded447959"
          },
          "states": {
            "base": {
              "content": {
                "entries": [
                  {
                    "bytes": 100,
                    "content_digest": "sha256:b4ef3a1a2978cedc6f442e71d7e7d7a74b23f85fdd79e9b9dea6a07a445d7cfd",
                    "path": "harness.py"
                  },
                  {
                    "bytes": 27,
                    "content_digest": "sha256:a24a308d115423bd0e6dc7ba14f8d173a6d6b315d4b8039c28210e5ea4686236",
                    "path": "worker-task.txt"
                  }
                ],
                "entry_count": 2,
                "total_bytes": 127,
                "tree_digest": "sha256:08aeb1ae1a5f40bc5809b927a2da2316ab62ff7253bda96c2c9f0a6fbb09377e"
              },
              "revision": "e3306cf145e6bcc20ad9336a562ba45ded447959"
            },
            "combined": {
              "content": {
                "entries": [
                  {
                    "bytes": 100,
                    "content_digest": "sha256:b4ef3a1a2978cedc6f442e71d7e7d7a74b23f85fdd79e9b9dea6a07a445d7cfd",
                    "path": "harness.py"
                  },
                  {
                    "bytes": 39,
                    "content_digest": "sha256:671970c246a1a1322cb6315e53a8eeba5e125b4fb32e18a70bf1c026fde58e81",
                    "path": "scale.py"
                  },
                  {
                    "bytes": 27,
                    "content_digest": "sha256:a24a308d115423bd0e6dc7ba14f8d173a6d6b315d4b8039c28210e5ea4686236",
                    "path": "worker-task.txt"
                  }
                ],
                "entry_count": 3,
                "total_bytes": 166,
                "tree_digest": "sha256:cc934e8d7dcb39871645c0f670fb75a27a48c1e57553c784e77944e57833bd4d"
              },
              "revision": "cc08c5d95005a8f98ae9fbec0112e53b4020cf1b"
            },
            "isolated": {
              "content": {
                "entries": [
                  {
                    "bytes": 100,
                    "content_digest": "sha256:b4ef3a1a2978cedc6f442e71d7e7d7a74b23f85fdd79e9b9dea6a07a445d7cfd",
                    "path": "harness.py"
                  },
                  {
                    "bytes": 39,
                    "content_digest": "sha256:671970c246a1a1322cb6315e53a8eeba5e125b4fb32e18a70bf1c026fde58e81",
                    "path": "scale.py"
                  },
                  {
                    "bytes": 27,
                    "content_digest": "sha256:a24a308d115423bd0e6dc7ba14f8d173a6d6b315d4b8039c28210e5ea4686236",
                    "path": "worker-task.txt"
                  }
                ],
                "entry_count": 3,
                "total_bytes": 166,
                "tree_digest": "sha256:cc934e8d7dcb39871645c0f670fb75a27a48c1e57553c784e77944e57833bd4d"
              },
              "revision": "1449c1c7cbf996643cb73546d76fe3173a1cbc80"
            }
          },
          "target_revision": "e3306cf145e6bcc20ad9336a562ba45ded447959"
        },
        "tree": "e09ce7780adf98089bca406002bee5f152c99cf7"
      },
      "content_digest": "sha256:d4a133d3f17f1c7fb464bdfc68de6cef0ec16c76927c794c6947143c5895bcae",
      "evidence": null,
      "causal_observations": {
        "completed": [
          {
            "harness_added": false,
            "name": "combined",
            "status": 0
          },
          {
            "harness_added": true,
            "name": "base",
            "status": 1
          },
          {
            "harness_added": false,
            "name": "isolated",
            "status": 0
          }
        ],
        "derived_candidate": {
          "base": "e3306cf145e6bcc20ad9336a562ba45ded447959",
          "candidate": "1449c1c7cbf996643cb73546d76fe3173a1cbc80",
          "revision": "cc08c5d95005a8f98ae9fbec0112e53b4020cf1b",
          "target_revision": "e3306cf145e6bcc20ad9336a562ba45ded447959",
          "tree": "e09ce7780adf98089bca406002bee5f152c99cf7"
        },
        "harness_digest": "sha256:b4ef3a1a2978cedc6f442e71d7e7d7a74b23f85fdd79e9b9dea6a07a445d7cfd",
        "harness_measured_digest": "sha256:b4ef3a1a2978cedc6f442e71d7e7d7a74b23f85fdd79e9b9dea6a07a445d7cfd",
        "input_content": {
          "entries": [
            {
              "bytes": 1379,
              "content_digest": "sha256:bdf17e4926210c656e3fff45743e0b1b49b39d3ce9d17dd5ea4403683912b2b4",
              "path": "objects.bundle"
            }
          ],
          "entry_count": 1,
          "total_bytes": 1379,
          "tree_digest": "sha256:1f2a232d7f2ea155d3f96bfd05fe19710c52f6ec9b57f9f9f80e0f6a95a1a041"
        },
        "kind": "measured",
        "not_run": [],
        "orchestration_id": "integration:attempt-01128b4b2c5d1932bb6a1bcaf698a441d732b8323acd3b006b69d171f56d87a0",
        "output": [
          {
            "name": "combined",
            "output": "verified multiplier 3\n"
          },
          {
            "name": "base",
            "output": "Traceback (most recent call last):\n  File \"/home/sl/src/baton/v12/python/v12-w71917-mnusffmf/prepare-scratch/base/harness.py\", line 1, in <module>\n    from scale import scale\nModuleNotFoundError: No module named 'scale'\n"
          },
          {
            "name": "isolated",
            "output": "verified multiplier 3\n"
          }
        ],
        "phase": null,
        "schema": "baton.v12.managed-preparation-report/1",
        "source": {
          "base": "e3306cf145e6bcc20ad9336a562ba45ded447959",
          "candidate": "1449c1c7cbf996643cb73546d76fe3173a1cbc80",
          "target_revision": "e3306cf145e6bcc20ad9336a562ba45ded447959"
        },
        "states": {
          "base": {
            "content": {
              "entries": [
                {
                  "bytes": 100,
                  "content_digest": "sha256:b4ef3a1a2978cedc6f442e71d7e7d7a74b23f85fdd79e9b9dea6a07a445d7cfd",
                  "path": "harness.py"
                },
                {
                  "bytes": 27,
                  "content_digest": "sha256:a24a308d115423bd0e6dc7ba14f8d173a6d6b315d4b8039c28210e5ea4686236",
                  "path": "worker-task.txt"
                }
              ],
              "entry_count": 2,
              "total_bytes": 127,
              "tree_digest": "sha256:08aeb1ae1a5f40bc5809b927a2da2316ab62ff7253bda96c2c9f0a6fbb09377e"
            },
            "revision": "e3306cf145e6bcc20ad9336a562ba45ded447959"
          },
          "combined": {
            "content": {
              "entries": [
                {
                  "bytes": 100,
                  "content_digest": "sha256:b4ef3a1a2978cedc6f442e71d7e7d7a74b23f85fdd79e9b9dea6a07a445d7cfd",
                  "path": "harness.py"
                },
                {
                  "bytes": 39,
                  "content_digest": "sha256:671970c246a1a1322cb6315e53a8eeba5e125b4fb32e18a70bf1c026fde58e81",
                  "path": "scale.py"
                },
                {
                  "bytes": 27,
                  "content_digest": "sha256:a24a308d115423bd0e6dc7ba14f8d173a6d6b315d4b8039c28210e5ea4686236",
                  "path": "worker-task.txt"
                }
              ],
              "entry_count": 3,
              "total_bytes": 166,
              "tree_digest": "sha256:cc934e8d7dcb39871645c0f670fb75a27a48c1e57553c784e77944e57833bd4d"
            },
            "revision": "cc08c5d95005a8f98ae9fbec0112e53b4020cf1b"
          },
          "isolated": {
            "content": {
              "entries": [
                {
                  "bytes": 100,
                  "content_digest": "sha256:b4ef3a1a2978cedc6f442e71d7e7d7a74b23f85fdd79e9b9dea6a07a445d7cfd",
                  "path": "harness.py"
                },
                {
                  "bytes": 39,
                  "content_digest": "sha256:671970c246a1a1322cb6315e53a8eeba5e125b4fb32e18a70bf1c026fde58e81",
                  "path": "scale.py"
                },
                {
                  "bytes": 27,
                  "content_digest": "sha256:a24a308d115423bd0e6dc7ba14f8d173a6d6b315d4b8039c28210e5ea4686236",
                  "path": "worker-task.txt"
                }
              ],
              "entry_count": 3,
              "total_bytes": 166,
              "tree_digest": "sha256:cc934e8d7dcb39871645c0f670fb75a27a48c1e57553c784e77944e57833bd4d"
            },
            "revision": "1449c1c7cbf996643cb73546d76fe3173a1cbc80"
          }
        },
        "status": 1,
        "tag": null
      },
      "observed_by": "baton.integrator",
      "policy_generation": null,
      "derived_proposal_id": null,
      "derived_result_id": null,
      "derived_result_digest": null,
      "entry_id": null,
      "recorded_at": "2026-09-02T00:00:00.000Z",
      "phases": {
        "prepare": {
          "task": {
            "schema": "baton.v12.managed-integration-task/1",
            "phase": "prepare",
            "orchestration_id": "integration:attempt-01128b4b2c5d1932bb6a1bcaf698a441d732b8323acd3b006b69d171f56d87a0",
            "canonical_target_id": "target-1",
            "execution_attempt_id": "prepare-2ba43d0a6538f876fc8c7fb6e28f6f2951e327e807ad11d4a6fdf3aa8de8c3d0",
            "assignment": {
              "generation": 1,
              "participant": "baton.integrator",
              "work_ref": {
                "authority_uuid": "0000000a000000000000000000000000",
                "work_id": "0000000a-W47984398722361"
              }
            },
            "task_digest": "sha256:5733d0224f55d6be9c0ec102494745003e2bb3e30a4fba9ef7144b111d12aede",
            "input_digest": "sha256:1f2a232d7f2ea155d3f96bfd05fe19710c52f6ec9b57f9f9f80e0f6a95a1a041",
            "harness_digest": "sha256:b4ef3a1a2978cedc6f442e71d7e7d7a74b23f85fdd79e9b9dea6a07a445d7cfd",
            "execution_limits": {
              "boundaries": {
                "host_verification": {
                  "default_seconds": 300,
                  "origin": "compatibility",
                  "seconds": 300,
                  "setting": "verification_command_seconds"
                },
                "integration_verification": {
                  "default_seconds": 1800,
                  "origin": "compatibility",
                  "seconds": 1800,
                  "setting": "verification_command_seconds"
                },
                "ordinary_verification": {
                  "default_seconds": 900,
                  "origin": "compatibility",
                  "seconds": 900,
                  "setting": "verification_command_seconds"
                },
                "provider_turn": {
                  "default_seconds": 3600,
                  "origin": "compatibility",
                  "seconds": 3600,
                  "setting": "provider_turn_seconds"
                }
              },
              "compatibility_generation": 1,
              "requested": {},
              "scope": "per-invocation",
              "units": "seconds"
            },
            "parent": null,
            "commands": [
              "combined",
              "base",
              "isolated"
            ]
          },
          "result": {
            "schema": "baton.v12.managed-integration-result/1",
            "orchestration_id": "integration:attempt-01128b4b2c5d1932bb6a1bcaf698a441d732b8323acd3b006b69d171f56d87a0",
            "phase": "prepare",
            "execution_attempt_id": "prepare-2ba43d0a6538f876fc8c7fb6e28f6f2951e327e807ad11d4a6fdf3aa8de8c3d0",
            "assignment": {
              "generation": 1,
              "participant": "baton.integrator",
              "work_ref": {
                "authority_uuid": "0000000a000000000000000000000000",
                "work_id": "0000000a-W47984398722361"
              }
            },
            "canonical_target_id": "target-1",
            "report": {
              "schema": "baton.v12.managed-integration-report/1",
              "kind": "measured",
              "phase": "prepare",
              "execution_attempt_id": "prepare-2ba43d0a6538f876fc8c7fb6e28f6f2951e327e807ad11d4a6fdf3aa8de8c3d0",
              "status": 1,
              "tag": null,
              "completed": [
                {
                  "name": "combined",
                  "status": 0
                },
                {
                  "name": "base",
                  "status": 1
                },
                {
                  "name": "isolated",
                  "status": 0
                }
              ],
              "not_run": []
            },
            "collected": {
              "disposition": "completed",
              "manifest_digest": "sha256:a5d9c1940406ac9d6794ed93124c3f15d57ed05cd8dcbb033e1754f20d177ca1",
              "result_id": "result-prepare-2ba43d0a6538f876fc8c7fb6e28f6f2951e327e807ad11d4a6fdf3aa8de8c3d0"
            }
          }
        }
      }
    }
  }
}

----------------------------------------------------------------------
Ran 1 test in 1.762s

FAILED (failures=1)
