test_admission_is_replayed_after_reopen_without_another_authority_read (tests.manager.test_provider_context.Admission.test_admission_is_replayed_after_reopen_without_another_authority_read) ... ok
test_changed_profile_cannot_reinterpret_an_admitted_use (tests.manager.test_provider_context.Admission.test_changed_profile_cannot_reinterpret_an_admitted_use) ... ok
test_missing_live_assignment_refuses_before_any_context_transition (tests.manager.test_provider_context.Admission.test_missing_live_assignment_refuses_before_any_context_transition) ... ok
test_missing_owner_cleanup_never_reads_the_receipt (tests.manager.test_provider_context.Admission.test_missing_owner_cleanup_never_reads_the_receipt) ... ok
test_observation_is_pure_and_contains_no_private_locator (tests.manager.test_provider_context.Admission.test_observation_is_pure_and_contains_no_private_locator) ... ok
test_replaced_repository_refuses_before_admission (tests.manager.test_provider_context.Admission.test_replaced_repository_refuses_before_admission) ... ok
test_two_connections_commit_one_admission (tests.manager.test_provider_context.Admission.test_two_connections_commit_one_admission) ... ok
test_unknown_use_stays_held (tests.manager.test_provider_context.Admission.test_unknown_use_stays_held) ... ok
test_wrong_writer_refuses (tests.manager.test_provider_context.Admission.test_wrong_writer_refuses) ... ok
test_crash_after_publication_before_journal_replays_only_custody (tests.manager.test_provider_context.Finalization.test_crash_after_publication_before_journal_replays_only_custody) ... ok
test_crash_during_staging_reuses_only_matching_private_bytes (tests.manager.test_provider_context.Finalization.test_crash_during_staging_reuses_only_matching_private_bytes) ... ok
test_damaged_committed_generation_is_refused (tests.manager.test_provider_context.Finalization.test_damaged_committed_generation_is_refused) ... ok
test_disposal_preserves_generation_and_invocation_evidence (tests.manager.test_provider_context.Finalization.test_disposal_preserves_generation_and_invocation_evidence) ... ok
test_positive_generation_is_published_and_replayed_after_fence (tests.manager.test_provider_context.Finalization.test_positive_generation_is_published_and_replayed_after_fence) ... ok
test_wrong_actual_model_receipt_cannot_publish_a_generation (tests.manager.test_provider_context.Finalization.test_wrong_actual_model_receipt_cannot_publish_a_generation) ... ok
test_directory_identity_is_not_ready (tests.manager.test_provider_context.GenerationIdentity.test_directory_identity_is_not_ready) ... ok
test_hardlink_identity_is_not_ready (tests.manager.test_provider_context.GenerationIdentity.test_hardlink_identity_is_not_ready) ... ok
test_missing_identity_is_not_ready (tests.manager.test_provider_context.GenerationIdentity.test_missing_identity_is_not_ready) ... ok
test_oversized_identity_is_not_ready (tests.manager.test_provider_context.GenerationIdentity.test_oversized_identity_is_not_ready) ... ok
test_publication_replay_preserves_mismatching_state (tests.manager.test_provider_context.GenerationIdentity.test_publication_replay_preserves_mismatching_state) ... ok
test_publication_replay_refuses_missing_identity (tests.manager.test_provider_context.GenerationIdentity.test_publication_replay_refuses_missing_identity) ... ok
test_publication_replay_refuses_writable_identity (tests.manager.test_provider_context.GenerationIdentity.test_publication_replay_refuses_writable_identity) ... ok
test_publication_replay_refuses_wrong_exclusion (tests.manager.test_provider_context.GenerationIdentity.test_publication_replay_refuses_wrong_exclusion) ... ok
test_publication_replay_refuses_wrong_identity (tests.manager.test_provider_context.GenerationIdentity.test_publication_replay_refuses_wrong_identity) ... ok
test_restore_admission_refuses_damaged_prior_identity (tests.manager.test_provider_context.GenerationIdentity.test_restore_admission_refuses_damaged_prior_identity) ... ok
test_restore_materialization_rechecks_original_generation_identity (tests.manager.test_provider_context.GenerationIdentity.test_restore_materialization_rechecks_original_generation_identity) ... ok
test_symlink_identity_is_not_ready (tests.manager.test_provider_context.GenerationIdentity.test_symlink_identity_is_not_ready) ... ok
test_writable_identity_is_not_ready (tests.manager.test_provider_context.GenerationIdentity.test_writable_identity_is_not_ready) ... ok
test_wrong_exclusion_is_not_ready (tests.manager.test_provider_context.GenerationIdentity.test_wrong_exclusion_is_not_ready) ... ok
test_wrong_use_is_not_ready (tests.manager.test_provider_context.GenerationIdentity.test_wrong_use_is_not_ready) ... ok
test_closed_profile_rejects_wrong_types_and_unsafe_paths (tests.manager.test_provider_context.Profiles.test_closed_profile_rejects_wrong_types_and_unsafe_paths) ... ok
test_production_qualification_cannot_be_asserted_by_a_profile_label (tests.manager.test_provider_context.Profiles.test_production_qualification_cannot_be_asserted_by_a_profile_label) ... ok
test_a_foreign_live_actor_is_refused (tests.manager.test_provider_context.RemainingBoundaries.test_a_foreign_live_actor_is_refused) ... ok
test_a_replaced_generation_with_identical_bytes_is_still_not_the_original (tests.manager.test_provider_context.RemainingBoundaries.test_a_replaced_generation_with_identical_bytes_is_still_not_the_original) ... ok
test_actual_image_drift_refuses_before_admission (tests.manager.test_provider_context.RemainingBoundaries.test_actual_image_drift_refuses_before_admission) ... ok
test_actual_principal_change_cannot_inherit_the_existing_context (tests.manager.test_provider_context.RemainingBoundaries.test_actual_principal_change_cannot_inherit_the_existing_context) ... ok
test_another_jobs_store_cannot_supply_this_episode (tests.manager.test_provider_context.RemainingBoundaries.test_another_jobs_store_cannot_supply_this_episode) ... ok
test_damage_is_observed_as_a_hold_without_mutating_the_store (tests.manager.test_provider_context.RemainingBoundaries.test_damage_is_observed_as_a_hold_without_mutating_the_store) ... ok
test_original_context_survives_removal_of_generic_execution_roots (tests.manager.test_provider_context.RemainingBoundaries.test_original_context_survives_removal_of_generic_execution_roots) ... ok
test_retirement_cannot_release_an_unknown_writer (tests.manager.test_provider_context.RemainingBoundaries.test_retirement_cannot_release_an_unknown_writer) ... ok
test_unknown_file_in_staging_cannot_enter_a_generation (tests.manager.test_provider_context.RemainingBoundaries.test_unknown_file_in_staging_cannot_enter_a_generation) ... ok
test_unproven_receipt_bytes_cannot_replace_a_frozen_healthy_receipt (tests.manager.test_provider_context.RemainingBoundaries.test_unproven_receipt_bytes_cannot_replace_a_frozen_healthy_receipt) ... ok
test_actual_correction_admits_a_fresh_copy_with_the_same_conversation (tests.manager.test_provider_context.Restoration.test_actual_correction_admits_a_fresh_copy_with_the_same_conversation) ... ok
test_competing_restore_refusal_does_not_consume_incumbent_finalization (tests.manager.test_provider_context.Restoration.test_competing_restore_refusal_does_not_consume_incumbent_finalization) ... ok
test_complete_write_before_freeze_recovers (tests.manager.test_provider_context.StagingRecovery.test_complete_write_before_freeze_recovers) ... ok
test_empty_staging_before_registration_can_recover (tests.manager.test_provider_context.StagingRecovery.test_empty_staging_before_registration_can_recover) ... ok
test_mismatching_staging_bytes_are_preserved_and_refused (tests.manager.test_provider_context.StagingRecovery.test_mismatching_staging_bytes_are_preserved_and_refused) ... ok
test_partial_identity_write_recovers (tests.manager.test_provider_context.StagingRecovery.test_partial_identity_write_recovers) ... ok
test_partial_manifest_write_recovers (tests.manager.test_provider_context.StagingRecovery.test_partial_manifest_write_recovers) ... ok
test_partial_state_write_recovers (tests.manager.test_provider_context.StagingRecovery.test_partial_state_write_recovers) ... ok
test_replaced_staging_objects_are_refused (tests.manager.test_provider_context.StagingRecovery.test_replaced_staging_objects_are_refused) ... ok
test_source_changes_after_interruption_are_refused (tests.manager.test_provider_context.StagingRecovery.test_source_changes_after_interruption_are_refused) ... ok
test_unregistered_nonempty_staging_is_preserved_and_refused (tests.manager.test_provider_context.StagingRecovery.test_unregistered_nonempty_staging_is_preserved_and_refused) ... ok
test_zero_identity_write_recovers (tests.manager.test_provider_context.StagingRecovery.test_zero_identity_write_recovers) ... ok
test_zero_manifest_write_recovers (tests.manager.test_provider_context.StagingRecovery.test_zero_manifest_write_recovers) ... ok
test_zero_state_write_recovers (tests.manager.test_provider_context.StagingRecovery.test_zero_state_write_recovers) ... ok
test_exact_volatile_credential_link_is_never_opened_or_retained (tests.manager.test_provider_context_delivery.Delivery.test_exact_volatile_credential_link_is_never_opened_or_retained) ... ok
test_excluded_source_cannot_be_used_as_context_storage (tests.manager.test_provider_context_delivery.Delivery.test_excluded_source_cannot_be_used_as_context_storage) ... ok
test_fresh_home_and_exact_reopen_keep_the_original_pins (tests.manager.test_provider_context_delivery.Delivery.test_fresh_home_and_exact_reopen_keep_the_original_pins) ... ok
test_missing_state_size_and_entry_bounds_refuse (tests.manager.test_provider_context_delivery.Delivery.test_missing_state_size_and_entry_bounds_refuse) ... ok
test_other_link_hardlink_and_fifo_are_refused (tests.manager.test_provider_context_delivery.Delivery.test_other_link_hardlink_and_fifo_are_refused) ... ok
test_read_protection_is_not_repaired_after_delivery (tests.manager.test_provider_context_delivery.Delivery.test_read_protection_is_not_repaired_after_delivery) ... ok
test_regular_credential_file_is_refused_without_reading_it (tests.manager.test_provider_context_delivery.Delivery.test_regular_credential_file_is_refused_without_reading_it) ... ok
test_replaced_home_is_not_adopted (tests.manager.test_provider_context_delivery.Delivery.test_replaced_home_is_not_adopted) ... ok
test_replaced_storage_ancestor_is_not_followed (tests.manager.test_provider_context_delivery.Delivery.test_replaced_storage_ancestor_is_not_followed) ... ok
test_sealing_cannot_be_authorized_with_a_caller_absence_receipt (tests.manager.test_provider_context_delivery.Delivery.test_sealing_cannot_be_authorized_with_a_caller_absence_receipt) ... ok
test_unknown_regular_file_bytes_are_not_read (tests.manager.test_provider_context_delivery.Delivery.test_unknown_regular_file_bytes_are_not_read) ... ok
test_unsupported_runtime_uid_refuses_before_delivery (tests.manager.test_provider_context_delivery.Delivery.test_unsupported_runtime_uid_refuses_before_delivery) ... ok
test_every_operation_this_cut_adds_is_exported (tests.manager.test_launch.TheComponentIsOnThePublicSurface.test_every_operation_this_cut_adds_is_exported) ... ok
test_it_authorizes_exactly_one_mount_at_the_fixed_target (tests.manager.test_launch.TheDeliveryIsACapabilityAndNotAPath.test_it_authorizes_exactly_one_mount_at_the_fixed_target) ... ok
test_it_remembers_which_attempt_it_belongs_to (tests.manager.test_launch.TheDeliveryIsACapabilityAndNotAPath.test_it_remembers_which_attempt_it_belongs_to) ... ok
test_readonly_is_not_something_it_can_be_asked_for (tests.manager.test_launch.TheDeliveryIsACapabilityAndNotAPath.test_readonly_is_not_something_it_can_be_asked_for)
A delivery that could ask to be writable would be a launch document ... ok
test_a_delivery_whose_modes_have_moved_is_refused (tests.manager.test_launch.TheDeliveryIsAdoptedRatherThanReconstructed.test_a_delivery_whose_modes_have_moved_is_refused)
`materialize` chmods both exactly, so anything else is a root ... ok
test_a_document_authored_for_other_values_is_refused (tests.manager.test_launch.TheDeliveryIsAdoptedRatherThanReconstructed.test_a_document_authored_for_other_values_is_refused)
Which delivery, not which kind of thing. ... ok
test_a_document_that_is_not_this_contract_is_refused (tests.manager.test_launch.TheDeliveryIsAdoptedRatherThanReconstructed.test_a_document_that_is_not_this_contract_is_refused) ... ok
test_a_root_this_manager_did_not_write_is_refused (tests.manager.test_launch.TheDeliveryIsAdoptedRatherThanReconstructed.test_a_root_this_manager_did_not_write_is_refused)
Bytes this manager cannot account for are not a launch contract, ... ok
test_a_well_formed_document_from_another_delivery_is_refused (tests.manager.test_launch.TheDeliveryIsAdoptedRatherThanReconstructed.test_a_well_formed_document_from_another_delivery_is_refused)
Schema agreement is not delivery identity. ... ok
test_adoption_applies_the_member_value_contract (tests.manager.test_launch.TheDeliveryIsAdoptedRatherThanReconstructed.test_adoption_applies_the_member_value_contract)
A closed member set does not validate any member's value. ... ok
test_adoption_is_on_the_public_surface (tests.manager.test_launch.TheDeliveryIsAdoptedRatherThanReconstructed.test_adoption_is_on_the_public_surface)
A deployment that built its own delivery from a path would be ... ok
test_adoption_refuses_an_extra_entry_it_would_later_delete (tests.manager.test_launch.TheDeliveryIsAdoptedRatherThanReconstructed.test_adoption_refuses_an_extra_entry_it_would_later_delete)
The root materializer made exactly one entry. ... ok
test_an_attempt_with_no_delivery_adopts_nothing (tests.manager.test_launch.TheDeliveryIsAdoptedRatherThanReconstructed.test_an_attempt_with_no_delivery_adopts_nothing)
An ordinary state, and distinguishable from a failed proof: an ... ok
test_an_existing_delivery_is_adopted_whole (tests.manager.test_launch.TheDeliveryIsAdoptedRatherThanReconstructed.test_an_existing_delivery_is_adopted_whole) ... ok
test_the_expectation_is_authored_by_the_owner_that_writes_it (tests.manager.test_launch.TheDeliveryIsAdoptedRatherThanReconstructed.test_the_expectation_is_authored_by_the_owner_that_writes_it)
Reused rather than copied: a value contract re-implemented here ... ok
test_a_caller_supplies_values_and_never_a_shape (tests.manager.test_launch.TheDocumentIsAuthoredRatherThanAssembled.test_a_caller_supplies_values_and_never_a_shape)
The document is REBUILT over `LAUNCH_MEMBERS` rather than copied. ... ok
test_a_live_bearer_cannot_ride_the_launch_document (tests.manager.test_launch.TheDocumentIsAuthoredRatherThanAssembled.test_a_live_bearer_cannot_ride_the_launch_document)
§13's own clause, driven rather than asserted about. ... ok
test_a_malformed_value_refuses_before_anything_is_written (tests.manager.test_launch.TheDocumentIsAuthoredRatherThanAssembled.test_a_malformed_value_refuses_before_anything_is_written) ... ok
test_a_session_wider_than_the_workers_ceiling_refuses (tests.manager.test_launch.TheDocumentIsAuthoredRatherThanAssembled.test_a_session_wider_than_the_workers_ceiling_refuses)
THE WORKER'S CEILING, ENFORCED HERE. `session` is what every frame ... ok
test_it_is_exactly_four_members_and_the_pinned_schema (tests.manager.test_launch.TheDocumentIsAuthoredRatherThanAssembled.test_it_is_exactly_four_members_and_the_pinned_schema) ... ok
test_prose_may_carry_newlines_and_is_bounded (tests.manager.test_launch.TheDocumentIsAuthoredRatherThanAssembled.test_prose_may_carry_newlines_and_is_bounded)
The retired transport refused a newline because one ... ok
test_there_is_no_posture_member (tests.manager.test_launch.TheDocumentIsAuthoredRatherThanAssembled.test_there_is_no_posture_member)
The consent-posture supersession, stated as a case. ... ok
test_a_failed_write_leaves_no_half_delivery (tests.manager.test_launch.TheFileIsThisManagersOwn.test_a_failed_write_leaves_no_half_delivery)
The ending that would have removed a partial root never starts, ... ok
test_a_link_left_at_the_documents_name_is_not_written_through (tests.manager.test_launch.TheFileIsThisManagersOwn.test_a_link_left_at_the_documents_name_is_not_written_through)
`O_EXCL | O_NOFOLLOW`, and the race they exist for. ... ok
test_a_partial_document_is_never_readable (tests.manager.test_launch.TheFileIsThisManagersOwn.test_a_partial_document_is_never_readable)
The other half of establishing the mode rather than requesting it. ... ok
test_a_relative_storage_refuses (tests.manager.test_launch.TheFileIsThisManagersOwn.test_a_relative_storage_refuses) ... ok
test_a_short_write_is_not_a_delivered_document (tests.manager.test_launch.TheFileIsThisManagersOwn.test_a_short_write_is_not_a_delivered_document)
`os.write` is allowed to write fewer bytes than it was given. ... ok
test_an_existing_root_refuses_rather_than_being_written_into (tests.manager.test_launch.TheFileIsThisManagersOwn.test_an_existing_root_refuses_rather_than_being_written_into)
A live delivery or an orphan, and replacing bytes this manager ... ok
test_discard_removes_the_root_it_froze (tests.manager.test_launch.TheFileIsThisManagersOwn.test_discard_removes_the_root_it_froze) ... ok
test_it_is_a_regular_file_at_the_documents_own_name (tests.manager.test_launch.TheFileIsThisManagersOwn.test_it_is_a_regular_file_at_the_documents_own_name) ... ok
test_it_is_readable_by_anybody_and_writable_by_nobody (tests.manager.test_launch.TheFileIsThisManagersOwn.test_it_is_readable_by_anybody_and_writable_by_nobody)
BOTH HALVES ARE DELIBERATE, and the first one is the interesting ... ok
test_the_bytes_are_canonical_and_bounded (tests.manager.test_launch.TheFileIsThisManagersOwn.test_the_bytes_are_canonical_and_bounded) ... ok
test_the_mode_is_established_rather_than_requested (tests.manager.test_launch.TheFileIsThisManagersOwn.test_the_mode_is_established_rather_than_requested)
W26291 review [P0]: a creation mode is FILTERED BY THE UMASK. ... ok

----------------------------------------------------------------------
Ran 101 tests in 2.205s

OK
