test_actual_changes_requested_review_restores_only_fresh_implementation_use (tests.manager.test_claude_context.RestoredCorrectionBoundary.test_actual_changes_requested_review_restores_only_fresh_implementation_use) ... ok
test_current_authority_change_between_preparation_and_start_refuses (tests.manager.test_claude_context.ServingBinding.test_current_authority_change_between_preparation_and_start_refuses) ... ok
test_real_composition_binds_exact_task_prompt_argv_and_adoption (tests.manager.test_claude_context.ServingBinding.test_real_composition_binds_exact_task_prompt_argv_and_adoption) ... ok
test_committed_context_does_not_bypass_missing_retained_receipt (tests.manager.test_claude_context.ServingEnding.test_committed_context_does_not_bypass_missing_retained_receipt) ... ok
test_missing_optional_answer_cannot_finalize_implementation (tests.manager.test_claude_context.ServingEnding.test_missing_optional_answer_cannot_finalize_implementation) ... ok
test_reopen_after_context_commit_before_settlement (tests.manager.test_claude_context.ServingEnding.test_reopen_after_context_commit_before_settlement) ... ok
test_reopen_after_publication_before_context_commit (tests.manager.test_claude_context.ServingEnding.test_reopen_after_publication_before_context_commit) ... ok
test_reopen_before_generation_publication (tests.manager.test_claude_context.ServingEnding.test_reopen_before_generation_publication) ... ok
test_retained_changed_bytes_block_reopened_ending (tests.manager.test_claude_context.ServingEnding.test_retained_changed_bytes_block_reopened_ending) ... ok
test_retained_extra_entry_blocks_reopened_ending (tests.manager.test_claude_context.ServingEnding.test_retained_extra_entry_blocks_reopened_ending) ... ok
test_retained_link_blocks_reopened_ending (tests.manager.test_claude_context.ServingEnding.test_retained_link_blocks_reopened_ending) ... ok
test_retained_missing_file_blocks_reopened_ending (tests.manager.test_claude_context.ServingEnding.test_retained_missing_file_blocks_reopened_ending) ... ok
test_sealed_duplicate_json_is_not_context_evidence (tests.manager.test_claude_context.ServingEnding.test_sealed_duplicate_json_is_not_context_evidence) ... ok
test_sealed_foreign_receipt_is_not_context_evidence (tests.manager.test_claude_context.ServingEnding.test_sealed_foreign_receipt_is_not_context_evidence) ... ok
test_sealed_legacy_receipt_cannot_downgrade_serving_evidence (tests.manager.test_claude_context.ServingEnding.test_sealed_legacy_receipt_cannot_downgrade_serving_evidence) ... ok
test_sealed_malformed_json_is_not_context_evidence (tests.manager.test_claude_context.ServingEnding.test_sealed_malformed_json_is_not_context_evidence) ... ok
test_sealed_wrong_filename_is_not_context_evidence (tests.manager.test_claude_context.ServingEnding.test_sealed_wrong_filename_is_not_context_evidence) ... ok
test_worker_extra_entries_cannot_pass_collection (tests.manager.test_claude_context.ServingEnding.test_worker_extra_entries_cannot_pass_collection) ... ok
test_worker_link_cannot_pass_collection (tests.manager.test_claude_context.ServingEnding.test_worker_link_cannot_pass_collection) ... ok
test_worker_oversized_receipt_cannot_pass_collection (tests.manager.test_claude_context.ServingEnding.test_worker_oversized_receipt_cannot_pass_collection) ... ok
test_duplicate_exchange_cannot_call_the_provider_again (tests.manager.test_claude_context.WorkerInvocation.test_duplicate_exchange_cannot_call_the_provider_again) ... ok
test_duplicate_terminal_keys_are_unhealthy (tests.manager.test_claude_context.WorkerInvocation.test_duplicate_terminal_keys_are_unhealthy) ... ok
test_intent_before_child_loss_never_reinvokes_the_use (tests.manager.test_claude_context.WorkerInvocation.test_intent_before_child_loss_never_reinvokes_the_use) ... ok
test_missing_terminal_is_unhealthy (tests.manager.test_claude_context.WorkerInvocation.test_missing_terminal_is_unhealthy) ... ok
test_oversized_terminal_is_unhealthy (tests.manager.test_claude_context.WorkerInvocation.test_oversized_terminal_is_unhealthy) ... ok
test_partial_terminal_is_unhealthy (tests.manager.test_claude_context.WorkerInvocation.test_partial_terminal_is_unhealthy) ... ok
test_real_worker_retains_measured_receipt_and_finalizes_before_settlement (tests.manager.test_claude_context.WorkerInvocation.test_real_worker_retains_measured_receipt_and_finalizes_before_settlement) ... ok
test_status_zero_with_error_is_unhealthy (tests.manager.test_claude_context.WorkerInvocation.test_status_zero_with_error_is_unhealthy) ... ok
test_status_zero_with_wrong_model_is_unhealthy (tests.manager.test_claude_context.WorkerInvocation.test_status_zero_with_wrong_model_is_unhealthy) ... ok
test_status_zero_with_wrong_uuid_is_unhealthy (tests.manager.test_claude_context.WorkerInvocation.test_status_zero_with_wrong_uuid_is_unhealthy) ... ok

----------------------------------------------------------------------
Ran 30 tests in 9.955s

OK
