test_real_B_consumer_judges_frozen_reports_and_completes_both_jobs (tests.tools.test_stage_execution.TwoBoundJobsTraverseServingAndCorrection.test_real_B_consumer_judges_frozen_reports_and_completes_both_jobs) ... ERROR

======================================================================
ERROR: test_real_B_consumer_judges_frozen_reports_and_completes_both_jobs (tests.tools.test_stage_execution.TwoBoundJobsTraverseServingAndCorrection.test_real_B_consumer_judges_frozen_reports_and_completes_both_jobs)
----------------------------------------------------------------------
Traceback (most recent call last):
  File "/home/sl/src/baton/v12/python/tests/tools/test_stage_execution.py", line 7085, in test_real_B_consumer_judges_frozen_reports_and_completes_both_jobs
    reports.append(self.tick(held))
                   ~~~~~~~~~^^^^^^
  File "/home/sl/src/baton/v12/python/tests/tools/test_stage_execution.py", line 7753, in tick
    return sweep(held.job, held.composed, now=fixtures.NOW)
  File "/home/sl/src/baton/v12/python/src/baton_v12/job_manager/manager.py", line 160, in sweep
    started = _launch(store, operations, projection.stage_states(store,
                                                                 operations))
  File "/home/sl/src/baton/v12/python/src/baton_v12/job_manager/manager.py", line 340, in _launch
    answer = operations.launch(attempt, job)
  File "/home/sl/src/baton/v12/python/tools/stage_execution.py", line 3667, in launch
    return self.integrator.run(stage, job)
           ~~~~~~~~~~~~~~~~~~~^^^^^^^^^^^^
  File "/home/sl/src/baton/v12/python/tools/stage_execution.py", line 2093, in run
    answered = self._run(stage, job)
  File "/home/sl/src/baton/v12/python/tools/stage_execution.py", line 2170, in _run
    return self.reconciled(
           ~~~~~~~~~~~~~~~^
        stage, job, operands,
        ^^^^^^^^^^^^^^^^^^^^^
        review_cycles.line_of(control, line["line_id"]))
        ^^^^^^^^^^^^^^^^^^^^^^^^^^^^^^^^^^^^^^^^^^^^^^^^
  File "/home/sl/src/baton/v12/python/tools/stage_execution.py", line 2471, in reconciled
    deployment.judge_result(held["result_id"])
    ~~~~~~~~~~~~~~~~~~~~~~~^^^^^^^^^^^^^^^^^^^
  File "/home/sl/src/baton/v12/python/tools/stage_execution.py", line 3282, in judge_result
    self.profile.materialize(held["workspace"]["path"], source, subject["source_base"])
    ~~~~~~~~~~~~~~~~~~~~~~~~^^^^^^^^^^^^^^^^^^^^^^^^^^^^^^^^^^^^^^^^^^^^^^^^^^^^^^^^^^^
  File "/home/sl/src/baton/v12/python/src/baton_v12/checkpoint_profiles.py", line 264, in materialize
    self._run(detach_vector(repository, declared=base),
    ~~~~~~~~~^^^^^^^^^^^^^^^^^^^^^^^^^^^^^^^^^^^^^^^^^^
              "declared-base checkout")
              ^^^^^^^^^^^^^^^^^^^^^^^^^
  File "/home/sl/src/baton/v12/python/src/baton_v12/checkpoint_profiles.py", line 238, in _run
    raise ProfileRefusal(f"Git {what} failed" +
                         (f": {detail}" if detail else ""))
baton_v12.source_profiles.checkout.ProfileRefusal: Git declared-base checkout failed: fatal: git checkout: --detach does not take a path argument '2cc5eb7386a19efbc1a26c90ef29bcb9648587eb^{commit}'

----------------------------------------------------------------------
Ran 1 test in 1.120s

FAILED (errors=1)
