### label: focused-terminal-custody-group-5
### cwd: /home/sl/src/baton/v12/python
### argv: ["env", "PYTHONPATH=src", "python3", "-m", "unittest", "tests.integration.test_reconciliation.TheTerminalImportIsRecordedAndProved"]
### exit: 1
### elapsed_seconds: 1.334349
### STDOUT

### STDERR
.....E..F
======================================================================
ERROR: test_an_exact_retry_replays_the_terminal_act (tests.integration.test_reconciliation.TheTerminalImportIsRecordedAndProved.test_an_exact_retry_replays_the_terminal_act)
----------------------------------------------------------------------
Traceback (most recent call last):
  File "/home/sl/src/baton/v12/python/tests/integration/test_reconciliation.py", line 1819, in test_an_exact_retry_replays_the_terminal_act
    again = self.import_it(held, entry_id)
  File "/home/sl/src/baton/v12/python/tests/integration/test_reconciliation.py", line 651, in import_it
    return reconciliation.record_imported(
           ~~~~~~~~~~~~~~~~~~~~~~~~~~~~~~^
        self.store, self.authority, result_id=held["result_id"],
        ^^^^^^^^^^^^^^^^^^^^^^^^^^^^^^^^^^^^^^^^^^^^^^^^^^^^^^^^
        entry_id=entry_id)
        ^^^^^^^^^^^^^^^^^^
  File "/home/sl/src/baton/v12/python/src/baton_v12/integration/reconciliation.py", line 1564, in record_imported
    settled, _held = store.replay(operation_id, signature,
                     ~~~~~~~~~~~~^^^^^^^^^^^^^^^^^^^^^^^^^
                                  kind=IMPORT_KIND, witness=_witness)
                                  ^^^^^^^^^^^^^^^^^^^^^^^^^^^^^^^^^^^
  File "/home/sl/src/baton/v12/python/src/baton_v12/integration/store.py", line 679, in replay
    return (True, witness(self, row))
                  ~~~~~~~^^^^^^^^^^^
  File "/home/sl/src/baton/v12/python/src/baton_v12/integration/reconciliation.py", line 1883, in _witness
    _refuse(f"this owner does not witness {name_value(kind)} acts",
    ~~~~~~~^^^^^^^^^^^^^^^^^^^^^^^^^^^^^^^^^^^^^^^^^^^^^^^^^^^^^^^^
            category="integrity", code="schema")
            ^^^^^^^^^^^^^^^^^^^^^^^^^^^^^^^^^^^^
  File "/home/sl/src/baton/v12/python/src/baton_v12/integration/reconciliation.py", line 152, in _refuse
    raise ContractRefusal(category, code, message)
baton_v12.contracts.errors.ContractRefusal: this owner does not witness 'result.imported' acts

======================================================================
FAIL: test_the_terminal_act_is_bound_to_the_entry_it_named (tests.integration.test_reconciliation.TheTerminalImportIsRecordedAndProved.test_the_terminal_act_is_bound_to_the_entry_it_named)
Relabelling which entry a settled import went through breaks the
----------------------------------------------------------------------
Traceback (most recent call last):
  File "/home/sl/src/baton/v12/python/tests/integration/test_reconciliation.py", line 1902, in test_the_terminal_act_is_bound_to_the_entry_it_named
    self.assertIn("which this coordinator does not hold",
    ~~~~~~~~~~~~~^^^^^^^^^^^^^^^^^^^^^^^^^^^^^^^^^^^^^^^^
                  caught.exception.message)
                  ^^^^^^^^^^^^^^^^^^^^^^^^^
AssertionError: 'which this coordinator does not hold' not found in "result 'result-db098b12428ba547e37efda821773de4b26da0db060c992e2c60… does not match the operands its own result.imported was signed under"

----------------------------------------------------------------------
Ran 9 tests in 1.161s

FAILED (failures=1, errors=1)
