test_authority_refusal_makes_no_destructive_calls (tests.manager.test_runtime_deadlines.Deadlines.test_authority_refusal_makes_no_destructive_calls) ... ok
test_bad_destroy_answers_cannot_settle_or_discharge (tests.manager.test_runtime_deadlines.Deadlines.test_bad_destroy_answers_cannot_settle_or_discharge) ... ok
test_bad_policy_members_and_durations_refuse_before_start (tests.manager.test_runtime_deadlines.Deadlines.test_bad_policy_members_and_durations_refuse_before_start) ... ok
test_before_boundary_then_exact_reached_is_observation_only (tests.manager.test_runtime_deadlines.Deadlines.test_before_boundary_then_exact_reached_is_observation_only) ... ok
test_cancel_fences_before_stop_removal_and_discharge (tests.manager.test_runtime_deadlines.Deadlines.test_cancel_fences_before_stop_removal_and_discharge) ... ok
test_changed_or_omitted_selection_refuses_before_another_start (tests.manager.test_runtime_deadlines.Deadlines.test_changed_or_omitted_selection_refuses_before_another_start) ... ok
test_corrupt_provider_or_custody_proof_cannot_discharge (tests.manager.test_runtime_deadlines.Deadlines.test_corrupt_provider_or_custody_proof_cannot_discharge) ... ok
test_corrupted_pin_and_reached_instants_refuse (tests.manager.test_runtime_deadlines.Deadlines.test_corrupted_pin_and_reached_instants_refuse) ... ok
test_crash_after_removal_before_commit_reuses_exact_command (tests.manager.test_runtime_deadlines.Deadlines.test_crash_after_removal_before_commit_reuses_exact_command) ... ok
test_engine_uncertainty_keeps_cleanup_retryable (tests.manager.test_runtime_deadlines.Deadlines.test_engine_uncertainty_keeps_cleanup_retryable) ... ok
test_fresh_stale_observation_refuses (tests.manager.test_runtime_deadlines.Deadlines.test_fresh_stale_observation_refuses) ... ok
test_fresh_terminal_observation_refuses (tests.manager.test_runtime_deadlines.Deadlines.test_fresh_terminal_observation_refuses) ... ok
test_interrupted_pin_cannot_gain_a_fresh_cancel_start_window (tests.manager.test_runtime_deadlines.Deadlines.test_interrupted_pin_cannot_gain_a_fresh_cancel_start_window) ... ok
test_legacy_committed_start_cannot_be_backfilled (tests.manager.test_runtime_deadlines.Deadlines.test_legacy_committed_start_cannot_be_backfilled) ... ok
test_malformed_public_operands_refuse_without_external_acts (tests.manager.test_runtime_deadlines.Deadlines.test_malformed_public_operands_refuse_without_external_acts) ... ok
test_missing_authorization_cannot_be_replaced_by_cleanup_axes (tests.manager.test_runtime_deadlines.Deadlines.test_missing_authorization_cannot_be_replaced_by_cleanup_axes) ... ok
test_missing_capabilities_refuse_before_cancellation_intent (tests.manager.test_runtime_deadlines.Deadlines.test_missing_capabilities_refuse_before_cancellation_intent) ... ok
test_no_start_uses_six_fact_proof_not_fabricated_absence (tests.manager.test_runtime_deadlines.Deadlines.test_no_start_uses_six_fact_proof_not_fabricated_absence) ... ok
test_output_arriving_during_fence_holds_receiptless_cleanup (tests.manager.test_runtime_deadlines.Deadlines.test_output_arriving_during_fence_holds_receiptless_cleanup) ... ok
test_pin_precedes_adapter_and_clock_and_policy_survive_restart (tests.manager.test_runtime_deadlines.Deadlines.test_pin_precedes_adapter_and_clock_and_policy_survive_restart) ... ok
test_provider_unresolved_is_retryable_and_does_not_release_gate (tests.manager.test_runtime_deadlines.Deadlines.test_provider_unresolved_is_retryable_and_does_not_release_gate) ... ok
test_reached_replay_precedes_clock_rollback_and_stale_authority (tests.manager.test_runtime_deadlines.Deadlines.test_reached_replay_precedes_clock_rollback_and_stale_authority) ... ok
test_remote_discharge_replays_after_local_receipt_commit_interruption (tests.manager.test_runtime_deadlines.Deadlines.test_remote_discharge_replays_after_local_receipt_commit_interruption) ... ok
test_report_only_never_uses_destructive_capabilities (tests.manager.test_runtime_deadlines.Deadlines.test_report_only_never_uses_destructive_capabilities) ... ok
test_two_connections_converge_on_one_observation (tests.manager.test_runtime_deadlines.Deadlines.test_two_connections_converge_on_one_observation) ... ok
test_unconfigured_start_pins_explicit_none (tests.manager.test_runtime_deadlines.Deadlines.test_unconfigured_start_pins_explicit_none) ... ok
test_unknown_committed_start_never_becomes_a_no_start_proof (tests.manager.test_runtime_deadlines.Deadlines.test_unknown_committed_start_never_becomes_a_no_start_proof) ... ok
test_unrelated_cancellation_cannot_be_relabelled (tests.manager.test_runtime_deadlines.Deadlines.test_unrelated_cancellation_cannot_be_relabelled) ... ok
test_advisory_fault_diagnostic_cannot_persist_a_held_credential (tests.manager.test_runtime_deadlines.CooperativeDeadlineFailures.test_advisory_fault_diagnostic_cannot_persist_a_held_credential) ... ok
test_authority_failure_is_not_an_advisory_failure (tests.manager.test_runtime_deadlines.CooperativeDeadlineFailures.test_authority_failure_is_not_an_advisory_failure) ... ok
test_both_cooperative_faults_survive_removal_interruption_and_restart (tests.manager.test_runtime_deadlines.CooperativeDeadlineFailures.test_both_cooperative_faults_survive_removal_interruption_and_restart) ... ok
test_changed_runtime_during_advisory_failure_holds_before_recovery (tests.manager.test_runtime_deadlines.CooperativeDeadlineFailures.test_changed_runtime_during_advisory_failure_holds_before_recovery) ... ok
test_changed_runtime_during_fence_replay_holds_before_removal (tests.manager.test_runtime_deadlines.CooperativeDeadlineFailures.test_changed_runtime_during_fence_replay_holds_before_removal) ... ok
test_diagnostic_truncation_cannot_persist_a_credential_prefix (tests.manager.test_runtime_deadlines.CooperativeDeadlineFailures.test_diagnostic_truncation_cannot_persist_a_credential_prefix) ... ok
test_forwarder_preserves_the_settlement_and_original_exception (tests.manager.test_runtime_deadlines.CooperativeDeadlineFailures.test_forwarder_preserves_the_settlement_and_original_exception) ... ok
test_forwarder_returns_unmodified_successful_settlements (tests.manager.test_runtime_deadlines.CooperativeDeadlineFailures.test_forwarder_returns_unmodified_successful_settlements) ... ok
test_manager_fault_without_cooperative_provenance_propagates (tests.manager.test_runtime_deadlines.CooperativeDeadlineFailures.test_manager_fault_without_cooperative_provenance_propagates) ... ok
test_ordinary_cancellation_still_reports_the_agent_failure (tests.manager.test_runtime_deadlines.CooperativeDeadlineFailures.test_ordinary_cancellation_still_reports_the_agent_failure) ... ok
test_output_arriving_with_advisory_fault_keeps_its_owner (tests.manager.test_runtime_deadlines.CooperativeDeadlineFailures.test_output_arriving_with_advisory_fault_keeps_its_owner) ... ok
test_recovery_must_resolve_the_exact_authority_fence (tests.manager.test_runtime_deadlines.CooperativeDeadlineFailures.test_recovery_must_resolve_the_exact_authority_fence) ... ok
test_recurring_agent_fault_restarts_through_provider_hold_and_preserves_sibling (tests.manager.test_runtime_deadlines.CooperativeDeadlineFailures.test_recurring_agent_fault_restarts_through_provider_hold_and_preserves_sibling) ... ok
test_replayed_fence_for_another_generation_cannot_authorize_cleanup (tests.manager.test_runtime_deadlines.CooperativeDeadlineFailures.test_replayed_fence_for_another_generation_cannot_authorize_cleanup) ... ok
test_stop_fault_alone_still_reaches_exact_removal (tests.manager.test_runtime_deadlines.CooperativeDeadlineFailures.test_stop_fault_alone_still_reaches_exact_removal) ... ok
test_closed_constructor_members (tests.manager.test_runtime_deadlines.DeadlineDocuments.test_closed_constructor_members) ... ok
test_exact_removal_preserves_sibling_runtime_launch_and_output (tests.manager.test_runtime_deadlines.DeadlineAdapterBoundary.test_exact_removal_preserves_sibling_runtime_launch_and_output) ... ok
test_output_after_interrupted_cancel_intent_uses_ordinary_receipt_cleanup (tests.manager.test_runtime_deadlines.DeadlineReceiptedOutput.test_output_after_interrupted_cancel_intent_uses_ordinary_receipt_cleanup) ... ok

----------------------------------------------------------------------
Ran 46 tests in 0.352s

OK
