test_absence_refuses_wrong_status_name_diagnostic_and_stdout (tests.manager.test_runtime_deadline_engine_budget.EngineBudget.test_absence_refuses_wrong_status_name_diagnostic_and_stdout) ... ok
test_absence_requires_exact_daemon_answer_not_connection_failure (tests.manager.test_runtime_deadline_engine_budget.EngineBudget.test_absence_requires_exact_daemon_answer_not_connection_failure) ... ok
test_body_budget_refuses_before_launch_and_total_caps_later_phases (tests.manager.test_runtime_deadline_engine_budget.EngineBudget.test_body_budget_refuses_before_launch_and_total_caps_later_phases) ... ok
test_body_failure_and_cleanup_failure_are_both_retained (tests.manager.test_runtime_deadline_engine_budget.EngineBudget.test_body_failure_and_cleanup_failure_are_both_retained) ... ok
test_body_timeout_stops_owned_child_then_uses_reserved_cleanup (tests.manager.test_runtime_deadline_engine_budget.EngineBudget.test_body_timeout_stops_owned_child_then_uses_reserved_cleanup) ... ok
test_cleanup_children_share_one_fifty_second_reserve (tests.manager.test_runtime_deadline_engine_budget.EngineBudget.test_cleanup_children_share_one_fifty_second_reserve) ... ok
test_damaged_diagnostics_cannot_settle_absent_uncertain_creation (tests.manager.test_runtime_deadline_engine_budget.EngineBudget.test_damaged_diagnostics_cannot_settle_absent_uncertain_creation) ... ok
test_durable_registration_failure_prevents_creation (tests.manager.test_runtime_deadline_engine_budget.EngineBudget.test_durable_registration_failure_prevents_creation) ... ok
test_expired_cleanup_reserve_launches_no_docker_child (tests.manager.test_runtime_deadline_engine_budget.EngineBudget.test_expired_cleanup_reserve_launches_no_docker_child) ... ok
test_final_accounting_overrun_is_not_success (tests.manager.test_runtime_deadline_engine_budget.EngineBudget.test_final_accounting_overrun_is_not_success) ... ok
test_final_evidence_write_failure_leaves_only_incomplete_receipt (tests.manager.test_runtime_deadline_engine_budget.EngineBudget.test_final_evidence_write_failure_leaves_only_incomplete_receipt) ... ok
test_final_output_flush_is_inside_authoritative_exit_decision (tests.manager.test_runtime_deadline_engine_budget.EngineBudget.test_final_output_flush_is_inside_authoritative_exit_decision) ... ok
test_fixture_engineport_and_direct_sibling_use_the_same_registration_boundary (tests.manager.test_runtime_deadline_engine_budget.EngineBudget.test_fixture_engineport_and_direct_sibling_use_the_same_registration_boundary) ... ok
test_fixture_retains_local_evidence_without_racing_parent_container_cleanup (tests.manager.test_runtime_deadline_engine_budget.EngineBudget.test_fixture_retains_local_evidence_without_racing_parent_container_cleanup) ... ok
test_foreign_same_name_is_never_removed_even_when_inventory_registered_it (tests.manager.test_runtime_deadline_engine_budget.EngineBudget.test_foreign_same_name_is_never_removed_even_when_inventory_registered_it) ... ok
test_interrupted_atomic_diagnostic_replacement_preserves_guard_and_intent (tests.manager.test_runtime_deadline_engine_budget.EngineBudget.test_interrupted_atomic_diagnostic_replacement_preserves_guard_and_intent) ... ok
test_last_accounting_write_is_in_exit_outcome_and_never_persists_success (tests.manager.test_runtime_deadline_engine_budget.EngineBudget.test_last_accounting_write_is_in_exit_outcome_and_never_persists_success) ... ok
test_lost_create_reply_and_current_absence_retain_unresolved_name (tests.manager.test_runtime_deadline_engine_budget.EngineBudget.test_lost_create_reply_and_current_absence_retain_unresolved_name) ... ok
test_lost_leader_wait_ownership_never_signals_recycled_group (tests.manager.test_runtime_deadline_engine_budget.EngineBudget.test_lost_leader_wait_ownership_never_signals_recycled_group) ... ok
test_missing_name_or_corrupt_inventory_refuses_without_foreign_removal (tests.manager.test_runtime_deadline_engine_budget.EngineBudget.test_missing_name_or_corrupt_inventory_refuses_without_foreign_removal) ... ok
test_new_run_directory_cannot_adopt_old_inventory (tests.manager.test_runtime_deadline_engine_budget.EngineBudget.test_new_run_directory_cannot_adopt_old_inventory) ... ok
test_no_time_after_term_retains_names_without_racing_descendant (tests.manager.test_runtime_deadline_engine_budget.EngineBudget.test_no_time_after_term_retains_names_without_racing_descendant) ... ok
test_normal_body_cleans_exact_runtime_custodian_and_sibling_and_retains_inventory (tests.manager.test_runtime_deadline_engine_budget.EngineBudget.test_normal_body_cleans_exact_runtime_custodian_and_sibling_and_retains_inventory) ... ok
test_normal_leader_exit_still_settles_its_owned_group (tests.manager.test_runtime_deadline_engine_budget.EngineBudget.test_normal_leader_exit_still_settles_its_owned_group) ... ok
test_owned_group_scan_distinguishes_live_members_zombies_and_foreign_groups (tests.manager.test_runtime_deadline_engine_budget.EngineBudget.test_owned_group_scan_distinguishes_live_members_zombies_and_foreign_groups) ... ok
test_owned_group_scan_refuses_a_session_mismatch (tests.manager.test_runtime_deadline_engine_budget.EngineBudget.test_owned_group_scan_refuses_a_session_mismatch) ... ok
test_owned_wrapper_keeps_leader_identity_until_descendant_killed (tests.manager.test_runtime_deadline_engine_budget.EngineBudget.test_owned_wrapper_keeps_leader_identity_until_descendant_killed) ... ok
test_partial_diagnostics_preserve_error_but_clean_known_owned_resources (tests.manager.test_runtime_deadline_engine_budget.EngineBudget.test_partial_diagnostics_preserve_error_but_clean_known_owned_resources) ... ok
test_pending_create_guard_survives_killed_child_without_final_record (tests.manager.test_runtime_deadline_engine_budget.EngineBudget.test_pending_create_guard_survives_killed_child_without_final_record) ... ok
test_retained_owner_responses_replay_exact_cleanup_without_docker (tests.manager.test_runtime_deadline_engine_budget.EngineBudget.test_retained_owner_responses_replay_exact_cleanup_without_docker) ... ok
test_same_name_replacement_after_inspection_survives_immutable_id_removal (tests.manager.test_runtime_deadline_engine_budget.EngineBudget.test_same_name_replacement_after_inspection_survives_immutable_id_removal) ... ok
test_slow_guard_persistence_cannot_launch_a_child_on_stale_allowance (tests.manager.test_runtime_deadline_engine_budget.EngineBudget.test_slow_guard_persistence_cannot_launch_a_child_on_stale_allowance) ... ok
test_supported_absence_variants_before_and_after_immutable_id_removal (tests.manager.test_runtime_deadline_engine_budget.EngineBudget.test_supported_absence_variants_before_and_after_immutable_id_removal) ... ok
test_term_resistance_uses_kill_and_reap_within_five_seconds (tests.manager.test_runtime_deadline_engine_budget.EngineBudget.test_term_resistance_uses_kill_and_reap_within_five_seconds) ... ok
test_uncertain_creation_remains_registered_and_can_be_cleaned (tests.manager.test_runtime_deadline_engine_budget.EngineBudget.test_uncertain_creation_remains_registered_and_can_be_cleaned) ... ok
test_unreaped_child_never_races_cleanup_and_inventory_survives (tests.manager.test_runtime_deadline_engine_budget.EngineBudget.test_unreaped_child_never_races_cleanup_and_inventory_survives) ... ok

----------------------------------------------------------------------
Ran 36 tests in 0.128s

OK
