..............................
----------------------------------------------------------------------
Ran 30 tests in 6.548s

OK
{
  "baseline_unowned_count": 215,
  "current_unowned_count": 215,
  "introduced": [],
  "removed": [],
  "baseline_orphan_count": 165,
  "current_orphan_count": 178,
  "introduced_orphans": [
    [
      "deadlines.py:_destroy_observation",
      "document",
      "a deadline destroy observation"
    ],
    [
      "deadlines.py:_destroy_observation",
      "identity",
      "a deadline observed runtime identity"
    ],
    [
      "deadlines.py:_destroy_observation",
      "text",
      "a deadline destroy observation reason"
    ],
    [
      "deadlines.py:_ending",
      "text",
      "a deadline retention policy digest"
    ],
    [
      "deadlines.py:_pin_of",
      "deadline",
      "a pinned runtime deadline"
    ],
    [
      "deadlines.py:_pin_of",
      "document",
      "a pinned runtime deadline"
    ],
    [
      "deadlines.py:_pin_of",
      "instant",
      "a pinned runtime start instant"
    ],
    [
      "deadlines.py:_policy",
      "document",
      "a runtime deadline policy"
    ],
    [
      "deadlines.py:_policy",
      "text",
      "a runtime deadline policy digest"
    ],
    [
      "deadlines.py:_reached",
      "instant",
      "a reached runtime deadline instant"
    ],
    [
      "deadlines.py:_record",
      "document",
      "a committed runtime deadline document"
    ],
    [
      "deadlines.py:advance_deadline",
      "capability",
      "{what}"
    ],
    [
      "intake.py:_authorize_deadline_cleanup",
      "document",
      "a deadline cleanup authorization"
    ]
  ],
  "baseline_hashes": {
    "attempts.py": "8c321ac7d9c1c5764c4f181e50a1e99d911c481dad0c20ea1ac11d7a2b349730",
    "documents.py": "b3fc43f26ffef5a76f1329b273ea722f04c4544b722511c681c3c1a0418b20bd",
    "intake.py": "d326fe41d0ad8ca90950be9735f4c05b1c537e70e6827f760867969830eae7b7",
    "oci.py": "68bb8831331ec1ac07b7b6bdb8a559573be348fe80ba796e50607d4b94af7b2f"
  }
}
