F..............................
======================================================================
FAIL: test_exact_removal_preserves_sibling_runtime_launch_and_output (tests.manager.test_runtime_deadlines.DeadlineAdapterBoundary.test_exact_removal_preserves_sibling_runtime_launch_and_output)
----------------------------------------------------------------------
Traceback (most recent call last):
  File "/home/sl/src/baton/v12/python/tests/manager/test_runtime_deadlines.py", line 480, in test_exact_removal_preserves_sibling_runtime_launch_and_output
    self.assertEqual(observed["state"], "absent")
    ~~~~~~~~~~~~~~~~^^^^^^^^^^^^^^^^^^^^^^^^^^^^^
AssertionError: 'uncertain' != 'absent'
- uncertain
+ absent


----------------------------------------------------------------------
Ran 31 tests in 6.406s

FAILED (failures=1)
{
  "baseline_unowned_count": 215,
  "current_unowned_count": 215,
  "introduced": [],
  "removed": [],
  "baseline_hashes": {
    "attempts.py": "8c321ac7d9c1c5764c4f181e50a1e99d911c481dad0c20ea1ac11d7a2b349730",
    "documents.py": "b3fc43f26ffef5a76f1329b273ea722f04c4544b722511c681c3c1a0418b20bd",
    "intake.py": "d326fe41d0ad8ca90950be9735f4c05b1c537e70e6827f760867969830eae7b7",
    "oci.py": "68bb8831331ec1ac07b7b6bdb8a559573be348fe80ba796e50607d4b94af7b2f"
  }
}
