Collecting altgraph==0.17.5 (from -r requirements.build.lock (line 17))
  Downloading altgraph-0.17.5-py2.py3-none-any.whl (21 kB)
Collecting packaging==26.3 (from -r requirements.build.lock (line 19))
  Downloading packaging-26.3-py3-none-any.whl (129 kB)
Collecting pyinstaller==6.16.0 (from -r requirements.build.lock (line 21))
  Downloading pyinstaller-6.16.0-py3-none-manylinux2014_x86_64.whl (733 kB)
     ━━━━━━━━━━━━━━━━━━━━━━━━━━━━━━━━━━━━━━━ 733.8/733.8 kB 6.9 MB/s eta 0:00:00
Collecting pyinstaller-hooks-contrib==2026.7 (from -r requirements.build.lock (line 23))
  Downloading pyinstaller_hooks_contrib-2026.7-py3-none-any.whl (459 kB)
Collecting setuptools==84.0.0 (from -r requirements.build.lock (line 25))
  Downloading setuptools-84.0.0-py3-none-any.whl (818 kB)
     ━━━━━━━━━━━━━━━━━━━━━━━━━━━━━━━━━━━━━━━ 818.2/818.2 kB 9.9 MB/s eta 0:00:00
Installing collected packages: altgraph, setuptools, packaging, pyinstaller-hooks-contrib, pyinstaller

Successfully installed altgraph-0.17.5 packaging-26.3 pyinstaller-6.16.0 pyinstaller-hooks-contrib-2026.7 setuptools-84.0.0
20 INFO: PyInstaller: 6.16.0, contrib hooks: 2026.7
20 INFO: Python: 3.13.7
22 INFO: Platform: Linux-6.17.0-41-generic-x86_64-with-glibc2.42
22 INFO: Python environment: /home/sl/.local/state/baton-v12-venv
22 INFO: Removing temporary files and cleaning cache in /home/sl/.cache/pyinstaller
24 INFO: Module search paths (PYTHONPATH):
['/usr/lib/python313.zip',
 '/usr/lib/python3.13',
 '/usr/lib/python3.13/lib-dynload',
 '/home/sl/.local/state/baton-v12-venv/lib/python3.13/site-packages',
 '/home/sl/src/baton/v12/python',
 '/home/sl/src/baton/v12/python',
 '/home/sl/src/baton/v12/python/src']
78 INFO: Appending 'datas' from .spec
78 INFO: checking Analysis
78 INFO: Building Analysis because Analysis-00.toc is non existent
78 INFO: Looking for Python shared library...
83 INFO: Using Python shared library: /lib/x86_64-linux-gnu/libpython3.13.so.1.0
83 INFO: Running Analysis Analysis-00.toc
83 INFO: Target bytecode optimization level: 0
83 INFO: Initializing module dependency graph...
83 INFO: Initializing module graph hook caches...
85 INFO: Analyzing modules for base_library.zip ...
441 INFO: Processing standard module hook 'hook-encodings.py' from '/home/sl/.local/state/baton-v12-venv/lib/python3.13/site-packages/PyInstaller/hooks'
1101 INFO: Processing standard module hook 'hook-pickle.py' from '/home/sl/.local/state/baton-v12-venv/lib/python3.13/site-packages/PyInstaller/hooks'
1515 INFO: Processing standard module hook 'hook-heapq.py' from '/home/sl/.local/state/baton-v12-venv/lib/python3.13/site-packages/PyInstaller/hooks'
1670 INFO: Caching module dependency graph...
1685 INFO: Analyzing /home/sl/src/baton/v12/python/tools/stack_command.py
1711 INFO: Processing standard module hook 'hook-jsonschema.py' from '/home/sl/.local/state/baton-v12-venv/lib/python3.13/site-packages/_pyinstaller_hooks_contrib/stdhooks'
1755 INFO: Processing standard module hook 'hook-platform.py' from '/home/sl/.local/state/baton-v12-venv/lib/python3.13/site-packages/PyInstaller/hooks'
1765 INFO: Processing standard module hook 'hook-_ctypes.py' from '/home/sl/.local/state/baton-v12-venv/lib/python3.13/site-packages/PyInstaller/hooks'
1854 INFO: Processing pre-safe-import-module hook 'hook-typing_extensions.py' from '/home/sl/.local/state/baton-v12-venv/lib/python3.13/site-packages/PyInstaller/hooks/pre_safe_import_module'
1855 INFO: SetuptoolsInfo: initializing cached setuptools info...
2982 INFO: Setuptools: 'typing_extensions' appears to be a setuptools-vendored copy - creating alias to 'setuptools._vendor.typing_extensions'!
2985 INFO: Processing standard module hook 'hook-setuptools.py' from '/home/sl/.local/state/baton-v12-venv/lib/python3.13/site-packages/PyInstaller/hooks'
2989 INFO: Processing pre-safe-import-module hook 'hook-distutils.py' from '/home/sl/.local/state/baton-v12-venv/lib/python3.13/site-packages/PyInstaller/hooks/pre_safe_import_module'
3008 INFO: Processing standard module hook 'hook-sysconfig.py' from '/home/sl/.local/state/baton-v12-venv/lib/python3.13/site-packages/PyInstaller/hooks'
3011 INFO: Processing pre-safe-import-module hook 'hook-jaraco.functools.py' from '/home/sl/.local/state/baton-v12-venv/lib/python3.13/site-packages/PyInstaller/hooks/pre_safe_import_module'
3011 INFO: Setuptools: 'jaraco.functools' appears to be a setuptools-vendored copy - creating alias to 'setuptools._vendor.jaraco.functools'!
3015 INFO: Processing pre-safe-import-module hook 'hook-more_itertools.py' from '/home/sl/.local/state/baton-v12-venv/lib/python3.13/site-packages/PyInstaller/hooks/pre_safe_import_module'
3015 INFO: Setuptools: 'more_itertools' appears to be a setuptools-vendored copy - creating alias to 'setuptools._vendor.more_itertools'!
3076 INFO: Processing standard module hook 'hook-_osx_support.py' from '/home/sl/.local/state/baton-v12-venv/lib/python3.13/site-packages/PyInstaller/hooks'
3082 INFO: Processing pre-safe-import-module hook 'hook-packaging.py' from '/home/sl/.local/state/baton-v12-venv/lib/python3.13/site-packages/PyInstaller/hooks/pre_safe_import_module'
3225 INFO: Processing pre-safe-import-module hook 'hook-jaraco.text.py' from '/home/sl/.local/state/baton-v12-venv/lib/python3.13/site-packages/PyInstaller/hooks/pre_safe_import_module'
3225 INFO: Setuptools: 'jaraco.text' appears to be a setuptools-vendored copy - creating alias to 'setuptools._vendor.jaraco.text'!
3230 INFO: Processing standard module hook 'hook-setuptools._vendor.jaraco.text.py' from '/home/sl/.local/state/baton-v12-venv/lib/python3.13/site-packages/PyInstaller/hooks'
3230 INFO: Processing pre-safe-import-module hook 'hook-importlib_resources.py' from '/home/sl/.local/state/baton-v12-venv/lib/python3.13/site-packages/PyInstaller/hooks/pre_safe_import_module'
3230 INFO: Processing pre-safe-import-module hook 'hook-jaraco.context.py' from '/home/sl/.local/state/baton-v12-venv/lib/python3.13/site-packages/PyInstaller/hooks/pre_safe_import_module'
3230 INFO: Setuptools: 'jaraco.context' appears to be a setuptools-vendored copy - creating alias to 'setuptools._vendor.jaraco.context'!
3498 INFO: Processing pre-safe-import-module hook 'hook-tomli.py' from '/home/sl/.local/state/baton-v12-venv/lib/python3.13/site-packages/PyInstaller/hooks/pre_safe_import_module'
3498 INFO: Setuptools: 'tomli' appears to be a setuptools-vendored copy - creating alias to 'setuptools._vendor.tomli'!
3703 INFO: Processing pre-safe-import-module hook 'hook-wheel.py' from '/home/sl/.local/state/baton-v12-venv/lib/python3.13/site-packages/PyInstaller/hooks/pre_safe_import_module'
3704 INFO: Setuptools: 'wheel' appears to be a setuptools-vendored copy - creating alias to 'setuptools._vendor.wheel'!
3777 INFO: Processing standard module hook 'hook-jsonschema_specifications.py' from '/home/sl/.local/state/baton-v12-venv/lib/python3.13/site-packages/_pyinstaller_hooks_contrib/stdhooks'
3926 INFO: Processing standard module hook 'hook-sqlite3.py' from '/home/sl/.local/state/baton-v12-venv/lib/python3.13/site-packages/PyInstaller/hooks'
4668 INFO: Analyzing hidden import 'tools.dogfood_operator'
4717 INFO: Analyzing hidden import 'tools.worker_image'
4721 INFO: Processing module hooks (post-graph stage)...
4973 INFO: Processing standard module hook 'hook-multiprocessing.util.py' from '/home/sl/.local/state/baton-v12-venv/lib/python3.13/site-packages/PyInstaller/hooks'
5018 INFO: Processing standard module hook 'hook-xml.py' from '/home/sl/.local/state/baton-v12-venv/lib/python3.13/site-packages/PyInstaller/hooks'
5157 INFO: Performing binary vs. data reclassification (32 entries)
5158 INFO: Looking for ctypes DLLs
5180 INFO: Analyzing run-time hooks ...
5181 INFO: Including run-time hook 'pyi_rth_setuptools.py' from '/home/sl/.local/state/baton-v12-venv/lib/python3.13/site-packages/PyInstaller/hooks/rthooks'
5181 INFO: Including run-time hook 'pyi_rth_pkgutil.py' from '/home/sl/.local/state/baton-v12-venv/lib/python3.13/site-packages/PyInstaller/hooks/rthooks'
5182 INFO: Including run-time hook 'pyi_rth_multiprocessing.py' from '/home/sl/.local/state/baton-v12-venv/lib/python3.13/site-packages/PyInstaller/hooks/rthooks'
5183 INFO: Including run-time hook 'pyi_rth_inspect.py' from '/home/sl/.local/state/baton-v12-venv/lib/python3.13/site-packages/PyInstaller/hooks/rthooks'
5186 INFO: Creating base_library.zip...
5193 INFO: Looking for dynamic libraries
5280 INFO: Warnings written to /home/sl/src/baton/v12/python/build/work/stack/warn-stack.txt
5289 INFO: Graph cross-reference written to /home/sl/src/baton/v12/python/build/work/stack/xref-stack.html
5295 INFO: checking PYZ
5295 INFO: Building PYZ because PYZ-00.toc is non existent
5295 INFO: Building PYZ (ZlibArchive) /home/sl/src/baton/v12/python/build/work/stack/PYZ-00.pyz
5562 INFO: Building PYZ (ZlibArchive) /home/sl/src/baton/v12/python/build/work/stack/PYZ-00.pyz completed successfully.
5567 INFO: checking PKG
5568 INFO: Building PKG because PKG-00.toc is non existent
5568 INFO: Building PKG (CArchive) baton-v12-stack.pkg
5575 INFO: Building PKG (CArchive) baton-v12-stack.pkg completed successfully.
5575 INFO: Bootloader /home/sl/.local/state/baton-v12-venv/lib/python3.13/site-packages/PyInstaller/bootloader/Linux-64bit-intel/run
5575 INFO: checking EXE
5575 INFO: Building EXE because EXE-00.toc is non existent
5575 INFO: Building EXE from EXE-00.toc
5575 INFO: Copying bootloader EXE to /home/sl/src/baton/v12/python/build/work/stack/baton-v12-stack
5575 INFO: Appending PKG archive to custom ELF section in EXE
5617 INFO: Building EXE from EXE-00.toc completed successfully.
5617 INFO: checking COLLECT
5617 INFO: Building COLLECT because COLLECT-00.toc is non existent
5617 INFO: Removing dir /home/sl/src/baton/v12/python/build/out/distro
5620 INFO: Building COLLECT COLLECT-00.toc
5626 INFO: Building COLLECT COLLECT-00.toc completed successfully.
5627 INFO: Build complete! The results are available in: /home/sl/src/baton/v12/python/build/out
repositories  not prepared: this input names no repository_source, so the deployment has no target, workspace or worker sources yet and will schedule without reconciling
route impl           -> baton.impl-a
route rview          -> baton.reviewer
route integration    -> baton.integrator
work  0000000a-W1    created on impl
grant 0000000a-W1    approve/review/verify/integrate in its own scope
configuration /var/tmp/w183883-standalone-188434/deployment/deployment.json
capacity      {"job_affinity": {"job-a": "impl-a"}, "jobs": 1, "note": "each Job is bound to one producer, one Work, one declared base and one canonical target; Jobs sharing a canonical target are serialized at integration by the accepted composition, so this is configured capacity rather than a concurrency guarantee", "schema": "baton.v12.stage-execution-deployment/1", "targets": ["target-1"], "workers_by_role": {"implementation": ["impl-a"], "integration": ["integ-a"], "review": ["review-a"]}}
no Job was submitted and nothing was executed
instance      /var/tmp/w183883-standalone-188434/deployment/instance.json
runtime       80 files, digest f9be5d2c03599d3c...
stores        /var/tmp/w183883-standalone-188434/deployment/db
repository    /var/tmp/w183883-standalone-188434/deployment/repo
justfile      /var/tmp/w183883-standalone-188434/deployment/justfile

The deployment is operated from the destination, and needs nothing else:

    cd /var/tmp/w183883-standalone-188434/deployment && just status
    just --justfile /var/tmp/w183883-standalone-188434/deployment/justfile start        # from anywhere

or the command directly, which is the same program:

    /var/tmp/w183883-standalone-188434/deployment/distro/baton-v12-stack status --instance /var/tmp/w183883-standalone-188434/deployment/instance.json
