Collecting altgraph==0.17.5 (from -r requirements.build.lock (line 17))
  Downloading altgraph-0.17.5-py2.py3-none-any.whl (21 kB)
Collecting packaging==26.3 (from -r requirements.build.lock (line 19))
  Downloading packaging-26.3-py3-none-any.whl (129 kB)
Collecting pyinstaller==6.16.0 (from -r requirements.build.lock (line 21))
  Downloading pyinstaller-6.16.0-py3-none-manylinux2014_x86_64.whl (733 kB)
     ━━━━━━━━━━━━━━━━━━━━━━━━━━━━━━━━━━━━━━━ 733.8/733.8 kB 7.1 MB/s eta 0:00:00
Collecting pyinstaller-hooks-contrib==2026.7 (from -r requirements.build.lock (line 23))
  Downloading pyinstaller_hooks_contrib-2026.7-py3-none-any.whl (459 kB)
Collecting setuptools==84.0.0 (from -r requirements.build.lock (line 25))
  Downloading setuptools-84.0.0-py3-none-any.whl (818 kB)
     ━━━━━━━━━━━━━━━━━━━━━━━━━━━━━━━━━━━━━━━ 818.2/818.2 kB 9.9 MB/s eta 0:00:00
Installing collected packages: altgraph, setuptools, packaging, pyinstaller-hooks-contrib, pyinstaller

Successfully installed altgraph-0.17.5 packaging-26.3 pyinstaller-6.16.0 pyinstaller-hooks-contrib-2026.7 setuptools-84.0.0
22 INFO: PyInstaller: 6.16.0, contrib hooks: 2026.7
22 INFO: Python: 3.13.7
24 INFO: Platform: Linux-6.17.0-41-generic-x86_64-with-glibc2.42
24 INFO: Python environment: /home/sl/.local/state/baton-v12-venv
24 INFO: Removing temporary files and cleaning cache in /home/sl/.cache/pyinstaller
55 INFO: Module search paths (PYTHONPATH):
['/home/sl/src/baton/v12/python',
 '/usr/lib/python313.zip',
 '/usr/lib/python3.13',
 '/usr/lib/python3.13/lib-dynload',
 '/home/sl/.local/state/baton-v12-venv/lib/python3.13/site-packages',
 '/home/sl/src/baton/v12/python',
 '/home/sl/src/baton/v12/python',
 '/home/sl/src/baton/v12/python/src']
107 INFO: Appending 'datas' from .spec
107 INFO: checking Analysis
107 INFO: Building Analysis because Analysis-00.toc is non existent
107 INFO: Looking for Python shared library...
111 INFO: Using Python shared library: /lib/x86_64-linux-gnu/libpython3.13.so.1.0
111 INFO: Running Analysis Analysis-00.toc
111 INFO: Target bytecode optimization level: 0
111 INFO: Initializing module dependency graph...
111 INFO: Initializing module graph hook caches...
114 INFO: Analyzing modules for base_library.zip ...
293 INFO: Processing standard module hook 'hook-encodings.py' from '/home/sl/.local/state/baton-v12-venv/lib/python3.13/site-packages/PyInstaller/hooks'
651 INFO: Processing standard module hook 'hook-heapq.py' from '/home/sl/.local/state/baton-v12-venv/lib/python3.13/site-packages/PyInstaller/hooks'
1183 INFO: Processing standard module hook 'hook-pickle.py' from '/home/sl/.local/state/baton-v12-venv/lib/python3.13/site-packages/PyInstaller/hooks'
1716 INFO: Caching module dependency graph...
1730 INFO: Analyzing /home/sl/src/baton/v12/python/tools/stack_command.py
1755 INFO: Processing standard module hook 'hook-jsonschema.py' from '/home/sl/.local/state/baton-v12-venv/lib/python3.13/site-packages/_pyinstaller_hooks_contrib/stdhooks'
1798 INFO: Processing standard module hook 'hook-platform.py' from '/home/sl/.local/state/baton-v12-venv/lib/python3.13/site-packages/PyInstaller/hooks'
1807 INFO: Processing standard module hook 'hook-_ctypes.py' from '/home/sl/.local/state/baton-v12-venv/lib/python3.13/site-packages/PyInstaller/hooks'
1887 INFO: Processing pre-safe-import-module hook 'hook-typing_extensions.py' from '/home/sl/.local/state/baton-v12-venv/lib/python3.13/site-packages/PyInstaller/hooks/pre_safe_import_module'
1887 INFO: SetuptoolsInfo: initializing cached setuptools info...
2979 INFO: Setuptools: 'typing_extensions' appears to be a setuptools-vendored copy - creating alias to 'setuptools._vendor.typing_extensions'!
2982 INFO: Processing standard module hook 'hook-setuptools.py' from '/home/sl/.local/state/baton-v12-venv/lib/python3.13/site-packages/PyInstaller/hooks'
2987 INFO: Processing pre-safe-import-module hook 'hook-distutils.py' from '/home/sl/.local/state/baton-v12-venv/lib/python3.13/site-packages/PyInstaller/hooks/pre_safe_import_module'
3005 INFO: Processing standard module hook 'hook-sysconfig.py' from '/home/sl/.local/state/baton-v12-venv/lib/python3.13/site-packages/PyInstaller/hooks'
3008 INFO: Processing pre-safe-import-module hook 'hook-jaraco.functools.py' from '/home/sl/.local/state/baton-v12-venv/lib/python3.13/site-packages/PyInstaller/hooks/pre_safe_import_module'
3008 INFO: Setuptools: 'jaraco.functools' appears to be a setuptools-vendored copy - creating alias to 'setuptools._vendor.jaraco.functools'!
3012 INFO: Processing pre-safe-import-module hook 'hook-more_itertools.py' from '/home/sl/.local/state/baton-v12-venv/lib/python3.13/site-packages/PyInstaller/hooks/pre_safe_import_module'
3012 INFO: Setuptools: 'more_itertools' appears to be a setuptools-vendored copy - creating alias to 'setuptools._vendor.more_itertools'!
3071 INFO: Processing standard module hook 'hook-_osx_support.py' from '/home/sl/.local/state/baton-v12-venv/lib/python3.13/site-packages/PyInstaller/hooks'
3078 INFO: Processing pre-safe-import-module hook 'hook-packaging.py' from '/home/sl/.local/state/baton-v12-venv/lib/python3.13/site-packages/PyInstaller/hooks/pre_safe_import_module'
3218 INFO: Processing pre-safe-import-module hook 'hook-jaraco.text.py' from '/home/sl/.local/state/baton-v12-venv/lib/python3.13/site-packages/PyInstaller/hooks/pre_safe_import_module'
3219 INFO: Setuptools: 'jaraco.text' appears to be a setuptools-vendored copy - creating alias to 'setuptools._vendor.jaraco.text'!
3223 INFO: Processing standard module hook 'hook-setuptools._vendor.jaraco.text.py' from '/home/sl/.local/state/baton-v12-venv/lib/python3.13/site-packages/PyInstaller/hooks'
3223 INFO: Processing pre-safe-import-module hook 'hook-importlib_resources.py' from '/home/sl/.local/state/baton-v12-venv/lib/python3.13/site-packages/PyInstaller/hooks/pre_safe_import_module'
3223 INFO: Processing pre-safe-import-module hook 'hook-jaraco.context.py' from '/home/sl/.local/state/baton-v12-venv/lib/python3.13/site-packages/PyInstaller/hooks/pre_safe_import_module'
3223 INFO: Setuptools: 'jaraco.context' appears to be a setuptools-vendored copy - creating alias to 'setuptools._vendor.jaraco.context'!
3489 INFO: Processing pre-safe-import-module hook 'hook-tomli.py' from '/home/sl/.local/state/baton-v12-venv/lib/python3.13/site-packages/PyInstaller/hooks/pre_safe_import_module'
3489 INFO: Setuptools: 'tomli' appears to be a setuptools-vendored copy - creating alias to 'setuptools._vendor.tomli'!
3694 INFO: Processing pre-safe-import-module hook 'hook-wheel.py' from '/home/sl/.local/state/baton-v12-venv/lib/python3.13/site-packages/PyInstaller/hooks/pre_safe_import_module'
3694 INFO: Setuptools: 'wheel' appears to be a setuptools-vendored copy - creating alias to 'setuptools._vendor.wheel'!
3767 INFO: Processing standard module hook 'hook-jsonschema_specifications.py' from '/home/sl/.local/state/baton-v12-venv/lib/python3.13/site-packages/_pyinstaller_hooks_contrib/stdhooks'
3929 INFO: Processing standard module hook 'hook-sqlite3.py' from '/home/sl/.local/state/baton-v12-venv/lib/python3.13/site-packages/PyInstaller/hooks'
4730 INFO: Analyzing hidden import 'tools.dogfood_operator'
4784 INFO: Analyzing hidden import 'tools.worker_image'
4789 INFO: Processing module hooks (post-graph stage)...
5074 INFO: Processing standard module hook 'hook-multiprocessing.util.py' from '/home/sl/.local/state/baton-v12-venv/lib/python3.13/site-packages/PyInstaller/hooks'
5125 INFO: Processing standard module hook 'hook-xml.py' from '/home/sl/.local/state/baton-v12-venv/lib/python3.13/site-packages/PyInstaller/hooks'
5276 INFO: Performing binary vs. data reclassification (33 entries)
5277 INFO: Looking for ctypes DLLs
5298 INFO: Analyzing run-time hooks ...
5300 INFO: Including run-time hook 'pyi_rth_setuptools.py' from '/home/sl/.local/state/baton-v12-venv/lib/python3.13/site-packages/PyInstaller/hooks/rthooks'
5300 INFO: Including run-time hook 'pyi_rth_pkgutil.py' from '/home/sl/.local/state/baton-v12-venv/lib/python3.13/site-packages/PyInstaller/hooks/rthooks'
5301 INFO: Including run-time hook 'pyi_rth_multiprocessing.py' from '/home/sl/.local/state/baton-v12-venv/lib/python3.13/site-packages/PyInstaller/hooks/rthooks'
5302 INFO: Including run-time hook 'pyi_rth_inspect.py' from '/home/sl/.local/state/baton-v12-venv/lib/python3.13/site-packages/PyInstaller/hooks/rthooks'
5305 INFO: Creating base_library.zip...
5313 INFO: Looking for dynamic libraries
5380 INFO: Warnings written to /home/sl/src/baton/v12/python/build/work/stack/warn-stack.txt
5389 INFO: Graph cross-reference written to /home/sl/src/baton/v12/python/build/work/stack/xref-stack.html
5395 INFO: checking PYZ
5395 INFO: Building PYZ because PYZ-00.toc is non existent
5395 INFO: Building PYZ (ZlibArchive) /home/sl/src/baton/v12/python/build/work/stack/PYZ-00.pyz
5670 INFO: Building PYZ (ZlibArchive) /home/sl/src/baton/v12/python/build/work/stack/PYZ-00.pyz completed successfully.
5675 INFO: checking PKG
5675 INFO: Building PKG because PKG-00.toc is non existent
5675 INFO: Building PKG (CArchive) baton-v12-stack.pkg
5682 INFO: Building PKG (CArchive) baton-v12-stack.pkg completed successfully.
5682 INFO: Bootloader /home/sl/.local/state/baton-v12-venv/lib/python3.13/site-packages/PyInstaller/bootloader/Linux-64bit-intel/run
5682 INFO: checking EXE
5682 INFO: Building EXE because EXE-00.toc is non existent
5682 INFO: Building EXE from EXE-00.toc
5682 INFO: Copying bootloader EXE to /home/sl/src/baton/v12/python/build/work/stack/baton-v12-stack
5682 INFO: Appending PKG archive to custom ELF section in EXE
5999 INFO: Building EXE from EXE-00.toc completed successfully.
6000 INFO: checking COLLECT
6000 INFO: Building COLLECT because COLLECT-00.toc is non existent
6000 INFO: Removing dir /home/sl/src/baton/v12/python/build/out/distro
6002 INFO: Building COLLECT COLLECT-00.toc
6009 INFO: Building COLLECT COLLECT-00.toc completed successfully.
6009 INFO: Build complete! The results are available in: /home/sl/src/baton/v12/python/build/out
repositories  not prepared: no source checkout was found or named, so the deployment has no target, workspace or worker sources yet and will schedule without reconciling
route impl           -> baton.impl-a
route rview          -> baton.reviewer
route integration    -> baton.integrator
work  0000000a-W1    created on impl
grant 0000000a-W1    approve/review/verify/integrate in its own scope
configuration /var/tmp/w183883-version-189383/deployment/deployment.json
capacity      {"job_affinity": {"job-a": "impl-a"}, "jobs": 1, "note": "each Job is bound to one producer, one Work, one declared base and one canonical target; Jobs sharing a canonical target are serialized at integration by the accepted composition, so this is configured capacity rather than a concurrency guarantee", "schema": "baton.v12.stage-execution-deployment/1", "targets": ["target-1"], "workers_by_role": {"implementation": ["impl-a"], "integration": ["integ-a"], "review": ["review-a"]}}
no Job was submitted and nothing was executed
instance      /var/tmp/w183883-version-189383/deployment/instance.json
runtime       81 files, digest 32b81cd3b46149bb...
stores        /var/tmp/w183883-version-189383/deployment/db
repository    /var/tmp/w183883-version-189383/deployment/repo
justfile      /var/tmp/w183883-version-189383/deployment/justfile

The deployment is operated from the destination, and needs nothing else:

    cd /var/tmp/w183883-version-189383/deployment && just status
    just --justfile /var/tmp/w183883-version-189383/deployment/justfile start        # from anywhere

or the command directly, which is the same program:

    /var/tmp/w183883-version-189383/deployment/distro/baton-v12-stack status --instance /var/tmp/w183883-version-189383/deployment/instance.json
