test_arbitrary_exception_text_is_not_a_diagnostic (test_qualification.Contract.test_arbitrary_exception_text_is_not_a_diagnostic) ... ok
test_argv_and_environment_are_the_selected_one_shot_contract (test_qualification.Contract.test_argv_and_environment_are_the_selected_one_shot_contract) ... ok
test_parser_refuses_duplicate_nonfinite_truncated_and_oversized_records (test_qualification.Contract.test_parser_refuses_duplicate_nonfinite_truncated_and_oversized_records) ... ok
test_private_values_and_unknown_names_are_not_exported (test_qualification.Contract.test_private_values_and_unknown_names_are_not_exported) ... ok
test_resume_requires_consumed_positive_shutdown (test_qualification.Contract.test_resume_requires_consumed_positive_shutdown) ... ok
test_session_model_success_are_observed_and_never_filled_in (test_qualification.Contract.test_session_model_success_are_observed_and_never_filled_in) ... ok
test_audit_never_uses_engine_or_credentials (test_qualification.Controller.test_audit_never_uses_engine_or_credentials) ... ok
test_capture_refusal_never_widens_the_subset_or_retries (test_qualification.Controller.test_capture_refusal_never_widens_the_subset_or_retries) ... ok
test_existing_run_marker_refuses_before_any_engine_or_credential_use (test_qualification.Controller.test_existing_run_marker_refuses_before_any_engine_or_credential_use) ... ok
test_foreign_nonce_is_never_stopped_or_removed (test_qualification.Controller.test_foreign_nonce_is_never_stopped_or_removed) ... ok
test_lost_create_answer_is_recovered_by_exact_name_and_nonce (test_qualification.Controller.test_lost_create_answer_is_recovered_by_exact_name_and_nonce) ... ok
test_missing_model_is_a_qualification_failure_even_if_restoration_works (test_qualification.Controller.test_missing_model_is_a_qualification_failure_even_if_restoration_works) ... ok
test_two_turn_trace_reconstructs_only_the_subset_and_keeps_token_private (test_qualification.Controller.test_two_turn_trace_reconstructs_only_the_subset_and_keeps_token_private) ... ok
test_uncertain_cleanup_retains_the_owned_credential (test_qualification.Controller.test_uncertain_cleanup_retains_the_owned_credential) ... ok
test_unconfirmed_stop_cannot_start_replacement_or_release_credential (test_qualification.Controller.test_unconfirmed_stop_cannot_start_replacement_or_release_credential) ... ok
test_ambiguous_projects_and_missing_session_do_not_widen_selection (test_qualification.Files.test_ambiguous_projects_and_missing_session_do_not_widen_selection) ... ok
test_bad_credential_and_link_types_refuse_before_contents (test_qualification.Files.test_bad_credential_and_link_types_refuse_before_contents) ... ok
test_credential_target_is_never_opened (test_qualification.Files.test_credential_target_is_never_opened) ... ok
test_entry_and_byte_limits_are_enforced (test_qualification.Files.test_entry_and_byte_limits_are_enforced) ... ok
test_subset_uses_observed_project_key_and_only_expected_session_file (test_qualification.Files.test_subset_uses_observed_project_key_and_only_expected_session_file) ... ok
test_bounded_pipe_uses_a_deterministic_local_process_and_reaps_it (test_qualification.ProviderPipe.test_bounded_pipe_uses_a_deterministic_local_process_and_reaps_it) ... ok
test_output_overflow_and_timeout_reap_the_owned_process (test_qualification.ProviderPipe.test_output_overflow_and_timeout_reap_the_owned_process) ... ok
test_a_refused_reservation_leaves_no_half_taken_identity (test_qualification.TheCorrectedCustodyAndPreflight.test_a_refused_reservation_leaves_no_half_taken_identity)
Partial reservation unwinds. A refusal that left one of the three ... ok
test_each_fixed_root_refuses_before_any_admission (test_qualification.TheCorrectedCustodyAndPreflight.test_each_fixed_root_refuses_before_any_admission)
A CASE PER ROOT, not only the run marker. The export root used to be ... ok
test_effective_access_distinguishes_the_two_roles (test_qualification.TheCorrectedCustodyAndPreflight.test_effective_access_distinguishes_the_two_roles)
EFFECTIVE ACCESS FOR THE SELECTED OWNER/GROUP RELATIONSHIP, which is ... ok
test_manager_inputs_stay_read_only_for_the_runtime (test_qualification.TheCorrectedCustodyAndPreflight.test_manager_inputs_stay_read_only_for_the_runtime)
THE OTHER HALF, and the one that must not move. The credential slot ... ok
test_only_the_restored_state_is_created_writable (test_qualification.TheCorrectedCustodyAndPreflight.test_only_the_restored_state_is_created_writable)
Source-level: exactly one call site asks for the writable mode, and ... ok
test_the_reconstructed_working_copy_is_group_writable (test_qualification.TheCorrectedCustodyAndPreflight.test_the_reconstructed_working_copy_is_group_writable)
The runtime holds the workspace group as a supplementary group, so ... ok
test_the_reservation_precedes_the_controller_in_source_order (test_qualification.TheCorrectedCustodyAndPreflight.test_the_reservation_precedes_the_controller_in_source_order)
Source order, because the defect was an ordering one: the export ... ok

----------------------------------------------------------------------
Ran 29 tests in 0.177s

OK
{"tests": 29, "errors": 0, "failures": 0, "controller_metadata_recheck": {"restored_state": "0o660", "source_state": "0o664", "request1": "0o640", "request2": "0o640", "source_copy_bytes_equal": true, "owner_uid": 1000, "gid": 1000, "actual_engine_execution": false}, "live_threads": []}
