............................................................................................./home/sl/src/baton/v12/python/tests/integration/test_coordinator.py:3529: ResourceWarning: unclosed file <_io.BufferedReader name='/tmp/v12-integration-3in16h8c/prose.txt'>
  before = open(prose, "rb").read()
ResourceWarning: Enable tracemalloc to get the object allocation traceback
/home/sl/src/baton/v12/python/tests/integration/test_coordinator.py:3536: ResourceWarning: unclosed file <_io.BufferedReader name='/tmp/v12-integration-3in16h8c/prose.txt'>
  self.assertEqual(open(prose, "rb").read(), before)
ResourceWarning: Enable tracemalloc to get the object allocation traceback
./home/sl/src/baton/v12/python/tests/integration/test_coordinator.py:3407: ResourceWarning: unclosed file <_io.BufferedReader name='/tmp/v12-integration-bpi_oxnl/theirs.sqlite3'>
  before = open(foreign, "rb").read()
ResourceWarning: Enable tracemalloc to get the object allocation traceback
/home/sl/src/baton/v12/python/tests/integration/test_coordinator.py:3412: ResourceWarning: unclosed file <_io.BufferedReader name='/tmp/v12-integration-bpi_oxnl/theirs.sqlite3'>
  self.assertEqual(open(foreign, "rb").read(), before)
ResourceWarning: Enable tracemalloc to get the object allocation traceback
./home/sl/src/baton/v12/python/tests/integration/test_coordinator.py:3329: ResourceWarning: unclosed file <_io.BufferedReader name='/tmp/v12-integration-fzsbs9xo/integration.sqlite3'>
  return {name: (open(os.path.join(self.root, name), "rb").read(),
ResourceWarning: Enable tracemalloc to get the object allocation traceback
/home/sl/src/baton/v12/python/tests/integration/test_coordinator.py:3329: ResourceWarning: unclosed file <_io.BufferedReader name='/tmp/v12-integration-zhqm7a34/integration.sqlite3'>
  return {name: (open(os.path.join(self.root, name), "rb").read(),
ResourceWarning: Enable tracemalloc to get the object allocation traceback
../home/sl/src/baton/v12/python/tests/integration/test_coordinator.py:3550: ResourceWarning: unclosed file <_io.BufferedReader name='/tmp/v12-integration-fq7i14ff/older.sqlite3'>
  before = open(path, "rb").read()
ResourceWarning: Enable tracemalloc to get the object allocation traceback
/home/sl/src/baton/v12/python/tests/integration/test_coordinator.py:3554: ResourceWarning: unclosed file <_io.BufferedReader name='/tmp/v12-integration-fq7i14ff/older.sqlite3'>
  self.assertEqual(open(path, "rb").read(), before)
ResourceWarning: Enable tracemalloc to get the object allocation traceback
./home/sl/src/baton/v12/python/tests/integration/test_coordinator.py:3329: ResourceWarning: unclosed file <_io.BufferedReader name='/tmp/v12-integration-revnvtn0/integration.sqlite3'>
  return {name: (open(os.path.join(self.root, name), "rb").read(),
ResourceWarning: Enable tracemalloc to get the object allocation traceback
./home/sl/src/baton/v12/python/tests/integration/test_coordinator.py:3422: ResourceWarning: unclosed file <_io.BufferedReader name='/tmp/v12-integration-3tsjp5gm/other-kind.sqlite3'>
  before = open(foreign, "rb").read()
ResourceWarning: Enable tracemalloc to get the object allocation traceback
/home/sl/src/baton/v12/python/tests/integration/test_coordinator.py:3426: ResourceWarning: unclosed file <_io.BufferedReader name='/tmp/v12-integration-3tsjp5gm/other-kind.sqlite3'>
  self.assertEqual(open(foreign, "rb").read(), before)
ResourceWarning: Enable tracemalloc to get the object allocation traceback
.../home/sl/src/baton/v12/python/tests/integration/test_coordinator.py:3395: ResourceWarning: unclosed file <_io.BufferedReader name='/tmp/v12-integration-l_id8poj/empty.sqlite3'>
  before = open(empty, "rb").read()
ResourceWarning: Enable tracemalloc to get the object allocation traceback
/home/sl/src/baton/v12/python/tests/integration/test_coordinator.py:3400: ResourceWarning: unclosed file <_io.BufferedReader name='/tmp/v12-integration-l_id8poj/empty.sqlite3'>
  self.assertEqual(open(empty, "rb").read(), before)
ResourceWarning: Enable tracemalloc to get the object allocation traceback
....../home/sl/src/baton/v12/python/tests/integration/test_coordinator.py:3329: ResourceWarning: unclosed file <_io.BufferedReader name='/tmp/v12-integration-v6qjrhjk/integration.sqlite3'>
  return {name: (open(os.path.join(self.root, name), "rb").read(),
ResourceWarning: Enable tracemalloc to get the object allocation traceback
..........................................................................................................
----------------------------------------------------------------------
Ran 214 tests in 1.375s

OK

real	0m1.540s
user	0m1.474s
sys	0m0.064s
