/home/sl/src/baton/v12/python/tests/integration/test_coordinator.py:3519: ResourceWarning: unclosed file <_io.BufferedReader name='/tmp/v12-integration-x9y4heor/prose.txt'>
  before = open(prose, "rb").read()
ResourceWarning: Enable tracemalloc to get the object allocation traceback
/home/sl/src/baton/v12/python/tests/integration/test_coordinator.py:3526: ResourceWarning: unclosed file <_io.BufferedReader name='/tmp/v12-integration-x9y4heor/prose.txt'>
  self.assertEqual(open(prose, "rb").read(), before)
ResourceWarning: Enable tracemalloc to get the object allocation traceback
./home/sl/src/baton/v12/python/tests/integration/test_coordinator.py:3407: ResourceWarning: unclosed file <_io.BufferedReader name='/tmp/v12-integration-gps86479/theirs.sqlite3'>
  before = open(foreign, "rb").read()
ResourceWarning: Enable tracemalloc to get the object allocation traceback
/home/sl/src/baton/v12/python/tests/integration/test_coordinator.py:3412: ResourceWarning: unclosed file <_io.BufferedReader name='/tmp/v12-integration-gps86479/theirs.sqlite3'>
  self.assertEqual(open(foreign, "rb").read(), before)
ResourceWarning: Enable tracemalloc to get the object allocation traceback
.../home/sl/src/baton/v12/python/tests/integration/test_coordinator.py:3540: ResourceWarning: unclosed file <_io.BufferedReader name='/tmp/v12-integration-q62vl9nr/older.sqlite3'>
  before = open(path, "rb").read()
ResourceWarning: Enable tracemalloc to get the object allocation traceback
/home/sl/src/baton/v12/python/tests/integration/test_coordinator.py:3544: ResourceWarning: unclosed file <_io.BufferedReader name='/tmp/v12-integration-q62vl9nr/older.sqlite3'>
  self.assertEqual(open(path, "rb").read(), before)
ResourceWarning: Enable tracemalloc to get the object allocation traceback
../home/sl/src/baton/v12/python/tests/integration/test_coordinator.py:3422: ResourceWarning: unclosed file <_io.BufferedReader name='/tmp/v12-integration-o90ktbv_/other-kind.sqlite3'>
  before = open(foreign, "rb").read()
ResourceWarning: Enable tracemalloc to get the object allocation traceback
/home/sl/src/baton/v12/python/tests/integration/test_coordinator.py:3426: ResourceWarning: unclosed file <_io.BufferedReader name='/tmp/v12-integration-o90ktbv_/other-kind.sqlite3'>
  self.assertEqual(open(foreign, "rb").read(), before)
ResourceWarning: Enable tracemalloc to get the object allocation traceback
.../home/sl/src/baton/v12/python/tests/integration/test_coordinator.py:3395: ResourceWarning: unclosed file <_io.BufferedReader name='/tmp/v12-integration-6weyos5p/empty.sqlite3'>
  before = open(empty, "rb").read()
ResourceWarning: Enable tracemalloc to get the object allocation traceback
/home/sl/src/baton/v12/python/tests/integration/test_coordinator.py:3400: ResourceWarning: unclosed file <_io.BufferedReader name='/tmp/v12-integration-6weyos5p/empty.sqlite3'>
  self.assertEqual(open(empty, "rb").read(), before)
ResourceWarning: Enable tracemalloc to get the object allocation traceback
...../home/sl/src/baton/v12/python/tests/integration/test_coordinator.py:3329: ResourceWarning: unclosed file <_io.BufferedReader name='/tmp/v12-integration-awp9lsyw/integration.sqlite3'>
  return {name: (open(os.path.join(self.root, name), "rb").read(),
ResourceWarning: Enable tracemalloc to get the object allocation traceback
....
----------------------------------------------------------------------
Ran 18 tests in 0.033s

OK
