test_a_claim_and_completion_with_no_reserve_or_offer_is_refused (tests.tools.test_scheduler_trace.TheValidatorRefusesSyntheticInvalidTraces.test_a_claim_and_completion_with_no_reserve_or_offer_is_refused)
The exact trace review R2 retained: claim then complete, nothing ... ok
test_a_completion_does_not_free_custody (tests.tools.test_scheduler_trace.TheValidatorRefusesSyntheticInvalidTraces.test_a_completion_does_not_free_custody)
A stage completion and an allocation release are different facts; ... ok
test_a_consent_session_carrying_an_assignment_is_refused (tests.tools.test_scheduler_trace.TheValidatorRefusesSyntheticInvalidTraces.test_a_consent_session_carrying_an_assignment_is_refused)
Consent has no assignment -- that is the separation the two postures ... ok
test_a_correction_attributed_to_someone_else_is_refused (tests.tools.test_scheduler_trace.TheValidatorRefusesSyntheticInvalidTraces.test_a_correction_attributed_to_someone_else_is_refused)
The record's own identity and the judgment it carries are one ... ok
test_a_correction_carrying_no_judgment_is_refused (tests.tools.test_scheduler_trace.TheValidatorRefusesSyntheticInvalidTraces.test_a_correction_carrying_no_judgment_is_refused) ... ok
test_a_correction_citing_a_judgment_of_another_attempt_is_refused (tests.tools.test_scheduler_trace.TheValidatorRefusesSyntheticInvalidTraces.test_a_correction_citing_a_judgment_of_another_attempt_is_refused) ... ok
test_a_correction_citing_its_own_judgment_passes (tests.tools.test_scheduler_trace.TheValidatorRefusesSyntheticInvalidTraces.test_a_correction_citing_its_own_judgment_passes) ... ok
test_a_correction_missing_one_judgment_member_is_refused (tests.tools.test_scheduler_trace.TheValidatorRefusesSyntheticInvalidTraces.test_a_correction_missing_one_judgment_member_is_refused) ... ok
test_a_correction_of_no_earlier_episode_is_refused (tests.tools.test_scheduler_trace.TheValidatorRefusesSyntheticInvalidTraces.test_a_correction_of_no_earlier_episode_is_refused) ... ok
test_a_correction_of_the_attempt_the_judgment_did_not_route_to (tests.tools.test_scheduler_trace.TheValidatorRefusesSyntheticInvalidTraces.test_a_correction_of_the_attempt_the_judgment_did_not_route_to) ... ok
test_a_correction_read_from_nothing_is_refused (tests.tools.test_scheduler_trace.TheValidatorRefusesSyntheticInvalidTraces.test_a_correction_read_from_nothing_is_refused) ... ok
test_a_correction_recorded_before_its_own_review_is_refused (tests.tools.test_scheduler_trace.TheValidatorRefusesSyntheticInvalidTraces.test_a_correction_recorded_before_its_own_review_is_refused) ... ok
test_a_correction_superseding_an_unrecorded_episode_is_refused (tests.tools.test_scheduler_trace.TheValidatorRefusesSyntheticInvalidTraces.test_a_correction_superseding_an_unrecorded_episode_is_refused) ... ok
test_a_declaration_naming_a_field_this_oracle_knows_nothing_of (tests.tools.test_scheduler_trace.TheValidatorRefusesSyntheticInvalidTraces.test_a_declaration_naming_a_field_this_oracle_knows_nothing_of) ... ok
test_a_deleted_offer_leaves_the_claim_unproved (tests.tools.test_scheduler_trace.TheValidatorRefusesSyntheticInvalidTraces.test_a_deleted_offer_leaves_the_claim_unproved) ... ok
test_a_deleted_reservation_leaves_every_later_act_unproved (tests.tools.test_scheduler_trace.TheValidatorRefusesSyntheticInvalidTraces.test_a_deleted_reservation_leaves_every_later_act_unproved) ... ok
test_a_duplicated_operation_is_refused (tests.tools.test_scheduler_trace.TheValidatorRefusesSyntheticInvalidTraces.test_a_duplicated_operation_is_refused) ... ok
test_a_foreign_schema_is_refused_outright (tests.tools.test_scheduler_trace.TheValidatorRefusesSyntheticInvalidTraces.test_a_foreign_schema_is_refused_outright) ... ok
test_a_handoff_first_seen_in_one_tick_is_not_an_overlap (tests.tools.test_scheduler_trace.TheValidatorRefusesSyntheticInvalidTraces.test_a_handoff_first_seen_in_one_tick_is_not_an_overlap)
One sweep completes an integration, the allocator returns the worker ... ok
test_a_handoff_seen_later_in_the_stream_at_one_tick_is_accepted (tests.tools.test_scheduler_trace.TheValidatorRefusesSyntheticInvalidTraces.test_a_handoff_seen_later_in_the_stream_at_one_tick_is_accepted)
The companion the review asked for: the release appears AFTER the ... ok
test_a_handoff_with_no_release_at_all_is_still_an_overlap (tests.tools.test_scheduler_trace.TheValidatorRefusesSyntheticInvalidTraces.test_a_handoff_with_no_release_at_all_is_still_an_overlap)
The companion, and the reason the rule is not weakened: the SAME two ... ok
test_a_judgment_naming_another_jobs_review_stage_is_refused (tests.tools.test_scheduler_trace.TheValidatorRefusesSyntheticInvalidTraces.test_a_judgment_naming_another_jobs_review_stage_is_refused) ... ok
test_a_judgment_naming_another_review_episode_is_refused (tests.tools.test_scheduler_trace.TheValidatorRefusesSyntheticInvalidTraces.test_a_judgment_naming_another_review_episode_is_refused) ... ok
test_a_judgment_of_another_jobs_review_is_not_this_jobs (tests.tools.test_scheduler_trace.TheValidatorRefusesSyntheticInvalidTraces.test_a_judgment_of_another_jobs_review_is_not_this_jobs)
THE REVIEW'S RETAINED RELABELLING. The rule indexed claimed reviews ... ok
test_a_judgment_settled_as_something_else_authorizes_nothing (tests.tools.test_scheduler_trace.TheValidatorRefusesSyntheticInvalidTraces.test_a_judgment_settled_as_something_else_authorizes_nothing) ... ok
test_a_judgment_superseding_an_attempt_this_trace_did_not_record (tests.tools.test_scheduler_trace.TheValidatorRefusesSyntheticInvalidTraces.test_a_judgment_superseding_an_attempt_this_trace_did_not_record) ... ok
test_a_judgment_whose_reviewer_nothing_reports_is_unproved (tests.tools.test_scheduler_trace.TheValidatorRefusesSyntheticInvalidTraces.test_a_judgment_whose_reviewer_nothing_reports_is_unproved) ... ok
test_a_legal_chain_passes_the_oracle (tests.tools.test_scheduler_trace.TheValidatorRefusesSyntheticInvalidTraces.test_a_legal_chain_passes_the_oracle) ... ok
test_a_legal_release_then_reuse_passes_the_oracle (tests.tools.test_scheduler_trace.TheValidatorRefusesSyntheticInvalidTraces.test_a_legal_release_then_reuse_passes_the_oracle)
R3's positive companion: capacity really does come back when the ... ok
test_a_manifest_calling_a_recorded_field_unobserved_is_refused (tests.tools.test_scheduler_trace.TheValidatorRefusesSyntheticInvalidTraces.test_a_manifest_calling_a_recorded_field_unobserved_is_refused)
MY OWN ARTIFACTS HAD THIS. `unobserved_fields` was a module constant ... ok
test_a_manifest_naming_no_declaration_is_refused (tests.tools.test_scheduler_trace.TheValidatorRefusesSyntheticInvalidTraces.test_a_manifest_naming_no_declaration_is_refused) ... ok
test_a_prerequisite_at_the_same_tick_is_concurrent_and_accepted (tests.tools.test_scheduler_trace.TheValidatorRefusesSyntheticInvalidTraces.test_a_prerequisite_at_the_same_tick_is_concurrent_and_accepted)
Several facts can already be true at a first observation, and the ... ok
test_a_recorded_session_over_a_claimed_attempt_passes (tests.tools.test_scheduler_trace.TheValidatorRefusesSyntheticInvalidTraces.test_a_recorded_session_over_a_claimed_attempt_passes) ... ok
test_a_reference_disagreeing_with_its_own_context_is_refused (tests.tools.test_scheduler_trace.TheValidatorRefusesSyntheticInvalidTraces.test_a_reference_disagreeing_with_its_own_context_is_refused)
The old `posture:epoch` spelling, exactly: a reference that is not ... ok
test_a_reference_naming_another_provider_session_is_refused (tests.tools.test_scheduler_trace.TheValidatorRefusesSyntheticInvalidTraces.test_a_reference_naming_another_provider_session_is_refused)
R2's first retained mutation, as its own offline case: changing ONLY ... ok
test_a_refusal_with_no_cause_is_refused (tests.tools.test_scheduler_trace.TheValidatorRefusesSyntheticInvalidTraces.test_a_refusal_with_no_cause_is_refused) ... ok
test_a_release_naming_another_holder_frees_nothing (tests.tools.test_scheduler_trace.TheValidatorRefusesSyntheticInvalidTraces.test_a_release_naming_another_holder_frees_nothing)
Review 2026-09-13T00:24:01Z, reproduced false negative 1: a release ... ok
test_a_release_the_owner_timestamped_earlier_did_precede (tests.tools.test_scheduler_trace.TheValidatorRefusesSyntheticInvalidTraces.test_a_release_the_owner_timestamped_earlier_did_precede)
Its legal companion, so the instants are not merely a refusal. ... ok
test_a_release_the_owner_timestamped_later_did_not_precede (tests.tools.test_scheduler_trace.TheValidatorRefusesSyntheticInvalidTraces.test_a_release_the_owner_timestamped_later_did_not_precede)
Reproduced false negative 2: the reservation's owner instant is ... ok
test_a_reopen_does_not_free_custody (tests.tools.test_scheduler_trace.TheValidatorRefusesSyntheticInvalidTraces.test_a_reopen_does_not_free_custody)
R3: restart does not release an allocation. The first oracle treated ... ok
test_a_repeated_act_for_one_attempt_is_refused (tests.tools.test_scheduler_trace.TheValidatorRefusesSyntheticInvalidTraces.test_a_repeated_act_for_one_attempt_is_refused) ... ok
test_a_reserved_review_is_not_a_verdict (tests.tools.test_scheduler_trace.TheValidatorRefusesSyntheticInvalidTraces.test_a_reserved_review_is_not_a_verdict)
THE REVIEW'S RETAINED NEGATIVE. The first rule treated any performed ... ok
test_a_restart_with_no_review_behind_it_is_not_a_correction (tests.tools.test_scheduler_trace.TheValidatorRefusesSyntheticInvalidTraces.test_a_restart_with_no_review_behind_it_is_not_a_correction)
The difference between a correction and a restart IS the review that ... ok
test_a_review_by_the_producing_principal_is_refused (tests.tools.test_scheduler_trace.TheValidatorRefusesSyntheticInvalidTraces.test_a_review_by_the_producing_principal_is_refused) ... ok
test_a_review_session_held_by_the_producer_is_refused (tests.tools.test_scheduler_trace.TheValidatorRefusesSyntheticInvalidTraces.test_a_review_session_held_by_the_producer_is_refused) ... ok
test_a_scenario_digest_that_does_not_match_is_refused (tests.tools.test_scheduler_trace.TheValidatorRefusesSyntheticInvalidTraces.test_a_scenario_digest_that_does_not_match_is_refused) ... ok
test_a_session_filed_under_another_attempt_is_refused (tests.tools.test_scheduler_trace.TheValidatorRefusesSyntheticInvalidTraces.test_a_session_filed_under_another_attempt_is_refused) ... ok
test_a_session_missing_one_context_member_is_unattributed (tests.tools.test_scheduler_trace.TheValidatorRefusesSyntheticInvalidTraces.test_a_session_missing_one_context_member_is_unattributed) ... ok
test_a_session_naming_another_work_is_refused (tests.tools.test_scheduler_trace.TheValidatorRefusesSyntheticInvalidTraces.test_a_session_naming_another_work_is_refused) ... ok
test_a_session_recorded_before_its_own_claim_is_refused (tests.tools.test_scheduler_trace.TheValidatorRefusesSyntheticInvalidTraces.test_a_session_recorded_before_its_own_claim_is_refused) ... ok
test_a_session_whose_attempt_was_never_claimed_is_refused (tests.tools.test_scheduler_trace.TheValidatorRefusesSyntheticInvalidTraces.test_a_session_whose_attempt_was_never_claimed_is_refused)
A session is opened against an ACTIVATED attempt and activation ... ok
test_a_session_whose_participant_is_not_its_assignment_is_refused (tests.tools.test_scheduler_trace.TheValidatorRefusesSyntheticInvalidTraces.test_a_session_whose_participant_is_not_its_assignment_is_refused)
R2's second retained mutation: changing ONLY the review session's ... ok
test_a_session_with_no_context_is_unattributed (tests.tools.test_scheduler_trace.TheValidatorRefusesSyntheticInvalidTraces.test_a_session_with_no_context_is_unattributed) ... ok
test_a_session_with_no_owner_declared_assignment_is_unproved (tests.tools.test_scheduler_trace.TheValidatorRefusesSyntheticInvalidTraces.test_a_session_with_no_owner_declared_assignment_is_unproved)
Presence is not proof, and an absent reference does not excuse the ... ok
test_a_successor_reserved_before_its_prerequisite_is_refused (tests.tools.test_scheduler_trace.TheValidatorRefusesSyntheticInvalidTraces.test_a_successor_reserved_before_its_prerequisite_is_refused) ... ok
test_an_accepted_review_authorizes_no_correction (tests.tools.test_scheduler_trace.TheValidatorRefusesSyntheticInvalidTraces.test_an_accepted_review_authorizes_no_correction)
An accepted judgment asks for nothing to be corrected, and neither ... ok
test_an_act_at_an_earlier_tick_than_its_prerequisite_is_refused (tests.tools.test_scheduler_trace.TheValidatorRefusesSyntheticInvalidTraces.test_an_act_at_an_earlier_tick_than_its_prerequisite_is_refused)
The unit of observed time is the logical tick: a prerequisite seen at ... ok
test_an_act_naming_another_episode_is_refused (tests.tools.test_scheduler_trace.TheValidatorRefusesSyntheticInvalidTraces.test_an_act_naming_another_episode_is_refused) ... ok
test_an_authorized_import_completes_without_a_runtime (tests.tools.test_scheduler_trace.TheValidatorRefusesSyntheticInvalidTraces.test_an_authorized_import_completes_without_a_runtime)
The `reconciled` branch publishes a derived candidate and waits for ... ok
test_an_execution_session_with_no_assignment_is_unattributed (tests.tools.test_scheduler_trace.TheValidatorRefusesSyntheticInvalidTraces.test_an_execution_session_with_no_assignment_is_unattributed)
An execution session HAS the exact assignment; a row naming neither ... ok
test_an_implementation_completion_still_owes_its_start (tests.tools.test_scheduler_trace.TheValidatorRefusesSyntheticInvalidTraces.test_an_implementation_completion_still_owes_its_start) ... ok
test_an_incomplete_record_is_refused (tests.tools.test_scheduler_trace.TheValidatorRefusesSyntheticInvalidTraces.test_an_incomplete_record_is_refused) ... ok
test_an_unadopted_epoch_keeps_its_own_representation (tests.tools.test_scheduler_trace.TheValidatorRefusesSyntheticInvalidTraces.test_an_unadopted_epoch_keeps_its_own_representation)
The owner's legitimate absence: an epoch no provider id has been ... ok
test_an_unauthorized_import_still_owes_its_start (tests.tools.test_scheduler_trace.TheValidatorRefusesSyntheticInvalidTraces.test_an_unauthorized_import_still_owes_its_start)
The narrowness, asserted: delete the receipt chain and the same ... ok
test_an_untimed_act_is_refused (tests.tools.test_scheduler_trace.TheValidatorRefusesSyntheticInvalidTraces.test_an_untimed_act_is_refused) ... ok
test_both_postures_on_one_claimed_attempt_pass (tests.tools.test_scheduler_trace.TheValidatorRefusesSyntheticInvalidTraces.test_both_postures_on_one_claimed_attempt_pass) ... ok
test_each_reviewer_member_is_compared_with_the_owners_assignment (tests.tools.test_scheduler_trace.TheValidatorRefusesSyntheticInvalidTraces.test_each_reviewer_member_is_compared_with_the_owners_assignment)
THE REVIEW'S THREE RETAINED SINGLE-MEMBER MUTATIONS. Each member was ... ok
test_equal_ticks_do_not_erase_contradictory_owner_instants (tests.tools.test_scheduler_trace.TheValidatorRefusesSyntheticInvalidTraces.test_equal_ticks_do_not_erase_contradictory_owner_instants)
D1, review 2026-09-12T17:01:19Z: THE EXACT ERASURE THIS CLOSES. ... ok
test_equal_ticks_with_instants_in_order_are_accepted (tests.tools.test_scheduler_trace.TheValidatorRefusesSyntheticInvalidTraces.test_equal_ticks_with_instants_in_order_are_accepted)
Its legal companion: the same shape, the owners' order respected. ... ok
test_instants_in_their_own_order_are_accepted (tests.tools.test_scheduler_trace.TheValidatorRefusesSyntheticInvalidTraces.test_instants_in_their_own_order_are_accepted) ... ok
test_one_reference_offered_for_two_attempts_is_refused (tests.tools.test_scheduler_trace.TheValidatorRefusesSyntheticInvalidTraces.test_one_reference_offered_for_two_attempts_is_refused)
THE DEFECT THE OLD SPELLING REALLY HAD, and what actually catches it. ... ok
test_overlapping_worker_occupancy_is_refused (tests.tools.test_scheduler_trace.TheValidatorRefusesSyntheticInvalidTraces.test_overlapping_worker_occupancy_is_refused) ... ok
test_records_whose_own_instants_run_backwards_are_refused (tests.tools.test_scheduler_trace.TheValidatorRefusesSyntheticInvalidTraces.test_records_whose_own_instants_run_backwards_are_refused)
D1: AN EXTRACTOR MAY NOT REORDER THE OWNERS' OWN TIMESTAMPS. ... ok
test_regressing_logical_time_is_refused (tests.tools.test_scheduler_trace.TheValidatorRefusesSyntheticInvalidTraces.test_regressing_logical_time_is_refused)
The exact trace review R2 retained: a legal chain whose ticks run ... ok
test_two_workers_sharing_one_principal_cannot_both_be_reserved (tests.tools.test_scheduler_trace.TheValidatorRefusesSyntheticInvalidTraces.test_two_workers_sharing_one_principal_cannot_both_be_reserved)
R3: two reservations on DIFFERENT workers resolving to ONE canonical ... ok
test_the_composed_deployment_reopens_and_continues (tests.tools.test_scheduler_trace.TheComposedOwnersSupplyAuthorizedTransitions.test_the_composed_deployment_reopens_and_continues)
The composed reopen, which every review since the first slice has ... ok
test_both_jobs_traverse_and_one_integrator_serializes_them (tests.tools.test_scheduler_trace.TheComposedOwnersSupplyAuthorizedTransitions.test_both_jobs_traverse_and_one_integrator_serializes_them)
Both whole Jobs through their producing and reviewing halves, and ... ok
test_both_jobs_reach_a_real_imported_integration (tests.tools.test_scheduler_trace.TheComposedOwnersSupplyAuthorizedTransitions.test_both_jobs_reach_a_real_imported_integration)
BOTH Jobs to a real terminal integration, through the second Job's ... ok

----------------------------------------------------------------------
Ran 78 tests in 3.508s

OK
