{
  "original": {
    "records": [
      {
        "tick": 1,
        "job_id": null,
        "stage_id": null,
        "episode": null,
        "attempt_id": null,
        "act": "verify",
        "outcome": "performed",
        "worker_id": null,
        "participant": "baton.verifier",
        "principal": "principal:baton.verifier",
        "operation_id": "integration-driver.ordinary-tests-verification-receipt:e95bb1b4074d177923c1d0c104232ccc624cff810ef7ad65fedc4b9e1cc467a8",
        "runtime_id": null,
        "session_id": null,
        "evidence": "proposal:integration-driver.proposal:2f4ca5f8cb0b95e2da417c663a833610ff1ec6e6b7ba78d616fc3feeac1fa0de",
        "cause": null,
        "recorded_at": "2026-09-12T17:29:40.477Z",
        "authorization": {
          "kind": "verification",
          "disposition": "passed",
          "candidate_digest": "1d08132fef70b24658177bc72af5acc6f591bb9d",
          "target": "6dcb6254dcec3a72e31eedeaa77f8631f5626507",
          "effective_scope": "scope:deployment",
          "policy_generation": 11,
          "role": "verify"
        }
      },
      {
        "tick": 1,
        "job_id": null,
        "stage_id": null,
        "episode": null,
        "attempt_id": null,
        "act": "approve",
        "outcome": "performed",
        "worker_id": null,
        "participant": "baton.approver",
        "principal": "principal:baton.approver",
        "operation_id": "integration-driver.approval-receipt:032aa83377e849cc516c76ef09d614fd1810c22a116079289237bb5515c71a83",
        "runtime_id": null,
        "session_id": null,
        "evidence": "proposal:integration-driver.proposal:2f4ca5f8cb0b95e2da417c663a833610ff1ec6e6b7ba78d616fc3feeac1fa0de",
        "cause": null,
        "recorded_at": "2026-09-12T17:29:40.479Z",
        "authorization": {
          "kind": "approval",
          "disposition": "approved",
          "candidate_digest": "1d08132fef70b24658177bc72af5acc6f591bb9d",
          "target": "6dcb6254dcec3a72e31eedeaa77f8631f5626507",
          "effective_scope": "scope:deployment",
          "policy_generation": 11,
          "role": "approve"
        }
      },
      {
        "tick": 1,
        "job_id": null,
        "stage_id": null,
        "episode": null,
        "attempt_id": null,
        "act": "review",
        "outcome": "performed",
        "worker_id": null,
        "participant": "baton.approver-review",
        "principal": "principal:baton.approver-review",
        "operation_id": "integration-driver.review-receipt:021ae3afc84d8ccaa2346529cf62d2cc63e8b5ece147f188cdb53d120c0d779b",
        "runtime_id": null,
        "session_id": null,
        "evidence": "proposal:integration-driver.proposal:2f4ca5f8cb0b95e2da417c663a833610ff1ec6e6b7ba78d616fc3feeac1fa0de",
        "cause": null,
        "recorded_at": "2026-09-12T17:29:40.479Z",
        "authorization": {
          "kind": "review",
          "disposition": "accepted",
          "candidate_digest": "1d08132fef70b24658177bc72af5acc6f591bb9d",
          "target": "6dcb6254dcec3a72e31eedeaa77f8631f5626507",
          "effective_scope": "scope:deployment",
          "policy_generation": 11,
          "role": "review"
        }
      },
      {
        "tick": 1,
        "job_id": null,
        "stage_id": null,
        "episode": null,
        "attempt_id": null,
        "act": "integrate",
        "outcome": "performed",
        "worker_id": null,
        "participant": "baton.integrator",
        "principal": "principal:baton.integrator",
        "operation_id": "integration-driver.integration-receipt:0047ad42b8800fd78c3c643d18e1728e877934ad56adeb7a5cbc9701d3aa7ba4",
        "runtime_id": null,
        "session_id": null,
        "evidence": "proposal:integration-driver.proposal:2f4ca5f8cb0b95e2da417c663a833610ff1ec6e6b7ba78d616fc3feeac1fa0de",
        "cause": null,
        "recorded_at": "2026-09-12T17:29:41.000Z",
        "authorization": {
          "kind": "integration",
          "disposition": "integrated",
          "candidate_digest": "1d08132fef70b24658177bc72af5acc6f591bb9d",
          "target": "6dcb6254dcec3a72e31eedeaa77f8631f5626507",
          "effective_scope": "scope:deployment",
          "policy_generation": 11,
          "role": "integrate"
        }
      }
    ],
    "violations": []
  },
  "rejected_review": {
    "records": [
      {
        "tick": 1,
        "job_id": null,
        "stage_id": null,
        "episode": null,
        "attempt_id": null,
        "act": "verify",
        "outcome": "performed",
        "worker_id": null,
        "participant": "baton.verifier",
        "principal": "principal:baton.verifier",
        "operation_id": "integration-driver.ordinary-tests-verification-receipt:e95bb1b4074d177923c1d0c104232ccc624cff810ef7ad65fedc4b9e1cc467a8",
        "runtime_id": null,
        "session_id": null,
        "evidence": "proposal:integration-driver.proposal:2f4ca5f8cb0b95e2da417c663a833610ff1ec6e6b7ba78d616fc3feeac1fa0de",
        "cause": null,
        "recorded_at": "2026-09-12T17:29:40.477Z",
        "authorization": {
          "kind": "verification",
          "disposition": "passed",
          "candidate_digest": "1d08132fef70b24658177bc72af5acc6f591bb9d",
          "target": "6dcb6254dcec3a72e31eedeaa77f8631f5626507",
          "effective_scope": "scope:deployment",
          "policy_generation": 11,
          "role": "verify"
        }
      },
      {
        "tick": 1,
        "job_id": null,
        "stage_id": null,
        "episode": null,
        "attempt_id": null,
        "act": "approve",
        "outcome": "performed",
        "worker_id": null,
        "participant": "baton.approver",
        "principal": "principal:baton.approver",
        "operation_id": "integration-driver.approval-receipt:032aa83377e849cc516c76ef09d614fd1810c22a116079289237bb5515c71a83",
        "runtime_id": null,
        "session_id": null,
        "evidence": "proposal:integration-driver.proposal:2f4ca5f8cb0b95e2da417c663a833610ff1ec6e6b7ba78d616fc3feeac1fa0de",
        "cause": null,
        "recorded_at": "2026-09-12T17:29:40.479Z",
        "authorization": {
          "kind": "approval",
          "disposition": "approved",
          "candidate_digest": "1d08132fef70b24658177bc72af5acc6f591bb9d",
          "target": "6dcb6254dcec3a72e31eedeaa77f8631f5626507",
          "effective_scope": "scope:deployment",
          "policy_generation": 11,
          "role": "approve"
        }
      },
      {
        "tick": 1,
        "job_id": null,
        "stage_id": null,
        "episode": null,
        "attempt_id": null,
        "act": "review",
        "outcome": "performed",
        "worker_id": null,
        "participant": "baton.approver-review",
        "principal": "principal:baton.approver-review",
        "operation_id": "integration-driver.review-receipt:021ae3afc84d8ccaa2346529cf62d2cc63e8b5ece147f188cdb53d120c0d779b",
        "runtime_id": null,
        "session_id": null,
        "evidence": "proposal:integration-driver.proposal:2f4ca5f8cb0b95e2da417c663a833610ff1ec6e6b7ba78d616fc3feeac1fa0de",
        "cause": null,
        "recorded_at": "2026-09-12T17:29:40.479Z",
        "authorization": {
          "kind": "review",
          "disposition": "changes-requested",
          "candidate_digest": "1d08132fef70b24658177bc72af5acc6f591bb9d",
          "target": "6dcb6254dcec3a72e31eedeaa77f8631f5626507",
          "effective_scope": "scope:deployment",
          "policy_generation": 11,
          "role": "review"
        }
      },
      {
        "tick": 1,
        "job_id": null,
        "stage_id": null,
        "episode": null,
        "attempt_id": null,
        "act": "integrate",
        "outcome": "performed",
        "worker_id": null,
        "participant": "baton.integrator",
        "principal": "principal:baton.integrator",
        "operation_id": "integration-driver.integration-receipt:0047ad42b8800fd78c3c643d18e1728e877934ad56adeb7a5cbc9701d3aa7ba4",
        "runtime_id": null,
        "session_id": null,
        "evidence": "proposal:integration-driver.proposal:2f4ca5f8cb0b95e2da417c663a833610ff1ec6e6b7ba78d616fc3feeac1fa0de",
        "cause": null,
        "recorded_at": "2026-09-12T17:29:41.000Z",
        "authorization": {
          "kind": "integration",
          "disposition": "integrated",
          "candidate_digest": "1d08132fef70b24658177bc72af5acc6f591bb9d",
          "target": "6dcb6254dcec3a72e31eedeaa77f8631f5626507",
          "effective_scope": "scope:deployment",
          "policy_generation": 11,
          "role": "integrate"
        }
      }
    ],
    "violations": [
      {
        "code": "nonaccepting-authorization",
        "detail": "review of 'proposal:integration-driver.proposal:2f4ca5f8cb0b95e2da417c663a833610ff1ec6e6b7ba78d616fc3feeac1fa0de' is 'changes-requested' and a positive one is 'accepted'; it authorizes nothing",
        "record": {
          "tick": 1,
          "job_id": null,
          "stage_id": null,
          "episode": null,
          "attempt_id": null,
          "act": "review",
          "outcome": "performed",
          "worker_id": null,
          "participant": "baton.approver-review",
          "principal": "principal:baton.approver-review",
          "operation_id": "integration-driver.review-receipt:021ae3afc84d8ccaa2346529cf62d2cc63e8b5ece147f188cdb53d120c0d779b",
          "runtime_id": null,
          "session_id": null,
          "evidence": "proposal:integration-driver.proposal:2f4ca5f8cb0b95e2da417c663a833610ff1ec6e6b7ba78d616fc3feeac1fa0de",
          "cause": null,
          "recorded_at": "2026-09-12T17:29:40.479Z",
          "authorization": {
            "kind": "review",
            "disposition": "changes-requested",
            "candidate_digest": "1d08132fef70b24658177bc72af5acc6f591bb9d",
            "target": "6dcb6254dcec3a72e31eedeaa77f8631f5626507",
            "effective_scope": "scope:deployment",
            "policy_generation": 11,
            "role": "review"
          }
        }
      },
      {
        "code": "unauthorized-subject",
        "detail": "integrate of 'proposal:integration-driver.proposal:2f4ca5f8cb0b95e2da417c663a833610ff1ec6e6b7ba78d616fc3feeac1fa0de' has no positive review of that same subject",
        "record": {
          "tick": 1,
          "job_id": null,
          "stage_id": null,
          "episode": null,
          "attempt_id": null,
          "act": "integrate",
          "outcome": "performed",
          "worker_id": null,
          "participant": "baton.integrator",
          "principal": "principal:baton.integrator",
          "operation_id": "integration-driver.integration-receipt:0047ad42b8800fd78c3c643d18e1728e877934ad56adeb7a5cbc9701d3aa7ba4",
          "runtime_id": null,
          "session_id": null,
          "evidence": "proposal:integration-driver.proposal:2f4ca5f8cb0b95e2da417c663a833610ff1ec6e6b7ba78d616fc3feeac1fa0de",
          "cause": null,
          "recorded_at": "2026-09-12T17:29:41.000Z",
          "authorization": {
            "kind": "integration",
            "disposition": "integrated",
            "candidate_digest": "1d08132fef70b24658177bc72af5acc6f591bb9d",
            "target": "6dcb6254dcec3a72e31eedeaa77f8631f5626507",
            "effective_scope": "scope:deployment",
            "policy_generation": 11,
            "role": "integrate"
          }
        }
      }
    ]
  },
  "late_review": {
    "records": [
      {
        "tick": 1,
        "job_id": null,
        "stage_id": null,
        "episode": null,
        "attempt_id": null,
        "act": "verify",
        "outcome": "performed",
        "worker_id": null,
        "participant": "baton.verifier",
        "principal": "principal:baton.verifier",
        "operation_id": "integration-driver.ordinary-tests-verification-receipt:e95bb1b4074d177923c1d0c104232ccc624cff810ef7ad65fedc4b9e1cc467a8",
        "runtime_id": null,
        "session_id": null,
        "evidence": "proposal:integration-driver.proposal:2f4ca5f8cb0b95e2da417c663a833610ff1ec6e6b7ba78d616fc3feeac1fa0de",
        "cause": null,
        "recorded_at": "2026-09-12T17:29:40.477Z",
        "authorization": {
          "kind": "verification",
          "disposition": "passed",
          "candidate_digest": "1d08132fef70b24658177bc72af5acc6f591bb9d",
          "target": "6dcb6254dcec3a72e31eedeaa77f8631f5626507",
          "effective_scope": "scope:deployment",
          "policy_generation": 11,
          "role": "verify"
        }
      },
      {
        "tick": 1,
        "job_id": null,
        "stage_id": null,
        "episode": null,
        "attempt_id": null,
        "act": "approve",
        "outcome": "performed",
        "worker_id": null,
        "participant": "baton.approver",
        "principal": "principal:baton.approver",
        "operation_id": "integration-driver.approval-receipt:032aa83377e849cc516c76ef09d614fd1810c22a116079289237bb5515c71a83",
        "runtime_id": null,
        "session_id": null,
        "evidence": "proposal:integration-driver.proposal:2f4ca5f8cb0b95e2da417c663a833610ff1ec6e6b7ba78d616fc3feeac1fa0de",
        "cause": null,
        "recorded_at": "2026-09-12T17:29:40.479Z",
        "authorization": {
          "kind": "approval",
          "disposition": "approved",
          "candidate_digest": "1d08132fef70b24658177bc72af5acc6f591bb9d",
          "target": "6dcb6254dcec3a72e31eedeaa77f8631f5626507",
          "effective_scope": "scope:deployment",
          "policy_generation": 11,
          "role": "approve"
        }
      },
      {
        "tick": 1,
        "job_id": null,
        "stage_id": null,
        "episode": null,
        "attempt_id": null,
        "act": "integrate",
        "outcome": "performed",
        "worker_id": null,
        "participant": "baton.integrator",
        "principal": "principal:baton.integrator",
        "operation_id": "integration-driver.integration-receipt:0047ad42b8800fd78c3c643d18e1728e877934ad56adeb7a5cbc9701d3aa7ba4",
        "runtime_id": null,
        "session_id": null,
        "evidence": "proposal:integration-driver.proposal:2f4ca5f8cb0b95e2da417c663a833610ff1ec6e6b7ba78d616fc3feeac1fa0de",
        "cause": null,
        "recorded_at": "2026-09-12T17:29:41.000Z",
        "authorization": {
          "kind": "integration",
          "disposition": "integrated",
          "candidate_digest": "1d08132fef70b24658177bc72af5acc6f591bb9d",
          "target": "6dcb6254dcec3a72e31eedeaa77f8631f5626507",
          "effective_scope": "scope:deployment",
          "policy_generation": 11,
          "role": "integrate"
        }
      },
      {
        "tick": 1,
        "job_id": null,
        "stage_id": null,
        "episode": null,
        "attempt_id": null,
        "act": "review",
        "outcome": "performed",
        "worker_id": null,
        "participant": "baton.approver-review",
        "principal": "principal:baton.approver-review",
        "operation_id": "integration-driver.review-receipt:021ae3afc84d8ccaa2346529cf62d2cc63e8b5ece147f188cdb53d120c0d779b",
        "runtime_id": null,
        "session_id": null,
        "evidence": "proposal:integration-driver.proposal:2f4ca5f8cb0b95e2da417c663a833610ff1ec6e6b7ba78d616fc3feeac1fa0de",
        "cause": null,
        "recorded_at": "2026-09-12T17:30:00.000Z",
        "authorization": {
          "kind": "review",
          "disposition": "accepted",
          "candidate_digest": "1d08132fef70b24658177bc72af5acc6f591bb9d",
          "target": "6dcb6254dcec3a72e31eedeaa77f8631f5626507",
          "effective_scope": "scope:deployment",
          "policy_generation": 11,
          "role": "review"
        }
      }
    ],
    "violations": [
      {
        "code": "out-of-order",
        "detail": "integrate of 'proposal:integration-driver.proposal:2f4ca5f8cb0b95e2da417c663a833610ff1ec6e6b7ba78d616fc3feeac1fa0de' was recorded at 2026-09-12T17:29:41.000Z and its review only at 2026-09-12T17:30:00.000Z",
        "record": {
          "tick": 1,
          "job_id": null,
          "stage_id": null,
          "episode": null,
          "attempt_id": null,
          "act": "integrate",
          "outcome": "performed",
          "worker_id": null,
          "participant": "baton.integrator",
          "principal": "principal:baton.integrator",
          "operation_id": "integration-driver.integration-receipt:0047ad42b8800fd78c3c643d18e1728e877934ad56adeb7a5cbc9701d3aa7ba4",
          "runtime_id": null,
          "session_id": null,
          "evidence": "proposal:integration-driver.proposal:2f4ca5f8cb0b95e2da417c663a833610ff1ec6e6b7ba78d616fc3feeac1fa0de",
          "cause": null,
          "recorded_at": "2026-09-12T17:29:41.000Z",
          "authorization": {
            "kind": "integration",
            "disposition": "integrated",
            "candidate_digest": "1d08132fef70b24658177bc72af5acc6f591bb9d",
            "target": "6dcb6254dcec3a72e31eedeaa77f8631f5626507",
            "effective_scope": "scope:deployment",
            "policy_generation": 11,
            "role": "integrate"
          }
        }
      }
    ]
  },
  "foreign_scope": {
    "records": [
      {
        "tick": 1,
        "job_id": null,
        "stage_id": null,
        "episode": null,
        "attempt_id": null,
        "act": "verify",
        "outcome": "performed",
        "worker_id": null,
        "participant": "baton.verifier",
        "principal": "principal:baton.verifier",
        "operation_id": "integration-driver.ordinary-tests-verification-receipt:e95bb1b4074d177923c1d0c104232ccc624cff810ef7ad65fedc4b9e1cc467a8",
        "runtime_id": null,
        "session_id": null,
        "evidence": "proposal:integration-driver.proposal:2f4ca5f8cb0b95e2da417c663a833610ff1ec6e6b7ba78d616fc3feeac1fa0de",
        "cause": null,
        "recorded_at": "2026-09-12T17:29:40.477Z",
        "authorization": {
          "kind": "verification",
          "disposition": "passed",
          "candidate_digest": "1d08132fef70b24658177bc72af5acc6f591bb9d",
          "target": "6dcb6254dcec3a72e31eedeaa77f8631f5626507",
          "effective_scope": "scope:deployment",
          "policy_generation": 11,
          "role": "verify"
        }
      },
      {
        "tick": 1,
        "job_id": null,
        "stage_id": null,
        "episode": null,
        "attempt_id": null,
        "act": "approve",
        "outcome": "performed",
        "worker_id": null,
        "participant": "baton.approver",
        "principal": "principal:baton.approver",
        "operation_id": "integration-driver.approval-receipt:032aa83377e849cc516c76ef09d614fd1810c22a116079289237bb5515c71a83",
        "runtime_id": null,
        "session_id": null,
        "evidence": "proposal:integration-driver.proposal:2f4ca5f8cb0b95e2da417c663a833610ff1ec6e6b7ba78d616fc3feeac1fa0de",
        "cause": null,
        "recorded_at": "2026-09-12T17:29:40.479Z",
        "authorization": {
          "kind": "approval",
          "disposition": "approved",
          "candidate_digest": "1d08132fef70b24658177bc72af5acc6f591bb9d",
          "target": "6dcb6254dcec3a72e31eedeaa77f8631f5626507",
          "effective_scope": "scope:deployment",
          "policy_generation": 11,
          "role": "approve"
        }
      },
      {
        "tick": 1,
        "job_id": null,
        "stage_id": null,
        "episode": null,
        "attempt_id": null,
        "act": "review",
        "outcome": "performed",
        "worker_id": null,
        "participant": "baton.approver-review",
        "principal": "principal:baton.approver-review",
        "operation_id": "integration-driver.review-receipt:021ae3afc84d8ccaa2346529cf62d2cc63e8b5ece147f188cdb53d120c0d779b",
        "runtime_id": null,
        "session_id": null,
        "evidence": "proposal:integration-driver.proposal:2f4ca5f8cb0b95e2da417c663a833610ff1ec6e6b7ba78d616fc3feeac1fa0de",
        "cause": null,
        "recorded_at": "2026-09-12T17:29:40.479Z",
        "authorization": {
          "kind": "review",
          "disposition": "accepted",
          "candidate_digest": "1d08132fef70b24658177bc72af5acc6f591bb9d",
          "target": "6dcb6254dcec3a72e31eedeaa77f8631f5626507",
          "effective_scope": "scope:elsewhere",
          "policy_generation": 11,
          "role": "review"
        }
      },
      {
        "tick": 1,
        "job_id": null,
        "stage_id": null,
        "episode": null,
        "attempt_id": null,
        "act": "integrate",
        "outcome": "performed",
        "worker_id": null,
        "participant": "baton.integrator",
        "principal": "principal:baton.integrator",
        "operation_id": "integration-driver.integration-receipt:0047ad42b8800fd78c3c643d18e1728e877934ad56adeb7a5cbc9701d3aa7ba4",
        "runtime_id": null,
        "session_id": null,
        "evidence": "proposal:integration-driver.proposal:2f4ca5f8cb0b95e2da417c663a833610ff1ec6e6b7ba78d616fc3feeac1fa0de",
        "cause": null,
        "recorded_at": "2026-09-12T17:29:41.000Z",
        "authorization": {
          "kind": "integration",
          "disposition": "integrated",
          "candidate_digest": "1d08132fef70b24658177bc72af5acc6f591bb9d",
          "target": "6dcb6254dcec3a72e31eedeaa77f8631f5626507",
          "effective_scope": "scope:deployment",
          "policy_generation": 11,
          "role": "integrate"
        }
      }
    ],
    "violations": []
  },
  "missing_decision_generation": {
    "records": [
      {
        "tick": 1,
        "job_id": null,
        "stage_id": null,
        "episode": null,
        "attempt_id": null,
        "act": "verify",
        "outcome": "performed",
        "worker_id": null,
        "participant": "baton.verifier",
        "principal": "principal:baton.verifier",
        "operation_id": "integration-driver.ordinary-tests-verification-receipt:e95bb1b4074d177923c1d0c104232ccc624cff810ef7ad65fedc4b9e1cc467a8",
        "runtime_id": null,
        "session_id": null,
        "evidence": "proposal:integration-driver.proposal:2f4ca5f8cb0b95e2da417c663a833610ff1ec6e6b7ba78d616fc3feeac1fa0de",
        "cause": null,
        "recorded_at": "2026-09-12T17:29:40.477Z",
        "authorization": {
          "kind": "verification",
          "disposition": "passed",
          "candidate_digest": "1d08132fef70b24658177bc72af5acc6f591bb9d",
          "target": "6dcb6254dcec3a72e31eedeaa77f8631f5626507",
          "effective_scope": "scope:deployment",
          "policy_generation": 11,
          "role": "verify"
        }
      },
      {
        "tick": 1,
        "job_id": null,
        "stage_id": null,
        "episode": null,
        "attempt_id": null,
        "act": "approve",
        "outcome": "performed",
        "worker_id": null,
        "participant": "baton.approver",
        "principal": "principal:baton.approver",
        "operation_id": "integration-driver.approval-receipt:032aa83377e849cc516c76ef09d614fd1810c22a116079289237bb5515c71a83",
        "runtime_id": null,
        "session_id": null,
        "evidence": "proposal:integration-driver.proposal:2f4ca5f8cb0b95e2da417c663a833610ff1ec6e6b7ba78d616fc3feeac1fa0de",
        "cause": null,
        "recorded_at": "2026-09-12T17:29:40.479Z",
        "authorization": {
          "kind": "approval",
          "disposition": "approved",
          "candidate_digest": "1d08132fef70b24658177bc72af5acc6f591bb9d",
          "target": "6dcb6254dcec3a72e31eedeaa77f8631f5626507",
          "effective_scope": "scope:deployment",
          "policy_generation": 11,
          "role": "approve"
        }
      },
      {
        "tick": 1,
        "job_id": null,
        "stage_id": null,
        "episode": null,
        "attempt_id": null,
        "act": "review",
        "outcome": "performed",
        "worker_id": null,
        "participant": "baton.approver-review",
        "principal": "principal:baton.approver-review",
        "operation_id": "integration-driver.review-receipt:021ae3afc84d8ccaa2346529cf62d2cc63e8b5ece147f188cdb53d120c0d779b",
        "runtime_id": null,
        "session_id": null,
        "evidence": "proposal:integration-driver.proposal:2f4ca5f8cb0b95e2da417c663a833610ff1ec6e6b7ba78d616fc3feeac1fa0de",
        "cause": null,
        "recorded_at": "2026-09-12T17:29:40.479Z",
        "authorization": {
          "kind": "review",
          "disposition": "accepted",
          "candidate_digest": "1d08132fef70b24658177bc72af5acc6f591bb9d",
          "target": "6dcb6254dcec3a72e31eedeaa77f8631f5626507",
          "effective_scope": "scope:deployment",
          "policy_generation": null,
          "role": "review"
        }
      },
      {
        "tick": 1,
        "job_id": null,
        "stage_id": null,
        "episode": null,
        "attempt_id": null,
        "act": "integrate",
        "outcome": "performed",
        "worker_id": null,
        "participant": "baton.integrator",
        "principal": "principal:baton.integrator",
        "operation_id": "integration-driver.integration-receipt:0047ad42b8800fd78c3c643d18e1728e877934ad56adeb7a5cbc9701d3aa7ba4",
        "runtime_id": null,
        "session_id": null,
        "evidence": "proposal:integration-driver.proposal:2f4ca5f8cb0b95e2da417c663a833610ff1ec6e6b7ba78d616fc3feeac1fa0de",
        "cause": null,
        "recorded_at": "2026-09-12T17:29:41.000Z",
        "authorization": {
          "kind": "integration",
          "disposition": "integrated",
          "candidate_digest": "1d08132fef70b24658177bc72af5acc6f591bb9d",
          "target": "6dcb6254dcec3a72e31eedeaa77f8631f5626507",
          "effective_scope": "scope:deployment",
          "policy_generation": 11,
          "role": "integrate"
        }
      }
    ],
    "violations": []
  },
  "wrong_decision_role": {
    "records": [
      {
        "tick": 1,
        "job_id": null,
        "stage_id": null,
        "episode": null,
        "attempt_id": null,
        "act": "verify",
        "outcome": "performed",
        "worker_id": null,
        "participant": "baton.verifier",
        "principal": "principal:baton.verifier",
        "operation_id": "integration-driver.ordinary-tests-verification-receipt:e95bb1b4074d177923c1d0c104232ccc624cff810ef7ad65fedc4b9e1cc467a8",
        "runtime_id": null,
        "session_id": null,
        "evidence": "proposal:integration-driver.proposal:2f4ca5f8cb0b95e2da417c663a833610ff1ec6e6b7ba78d616fc3feeac1fa0de",
        "cause": null,
        "recorded_at": "2026-09-12T17:29:40.477Z",
        "authorization": {
          "kind": "verification",
          "disposition": "passed",
          "candidate_digest": "1d08132fef70b24658177bc72af5acc6f591bb9d",
          "target": "6dcb6254dcec3a72e31eedeaa77f8631f5626507",
          "effective_scope": "scope:deployment",
          "policy_generation": 11,
          "role": "verify"
        }
      },
      {
        "tick": 1,
        "job_id": null,
        "stage_id": null,
        "episode": null,
        "attempt_id": null,
        "act": "approve",
        "outcome": "performed",
        "worker_id": null,
        "participant": "baton.approver",
        "principal": "principal:baton.approver",
        "operation_id": "integration-driver.approval-receipt:032aa83377e849cc516c76ef09d614fd1810c22a116079289237bb5515c71a83",
        "runtime_id": null,
        "session_id": null,
        "evidence": "proposal:integration-driver.proposal:2f4ca5f8cb0b95e2da417c663a833610ff1ec6e6b7ba78d616fc3feeac1fa0de",
        "cause": null,
        "recorded_at": "2026-09-12T17:29:40.479Z",
        "authorization": {
          "kind": "approval",
          "disposition": "approved",
          "candidate_digest": "1d08132fef70b24658177bc72af5acc6f591bb9d",
          "target": "6dcb6254dcec3a72e31eedeaa77f8631f5626507",
          "effective_scope": "scope:deployment",
          "policy_generation": 11,
          "role": "approve"
        }
      },
      {
        "tick": 1,
        "job_id": null,
        "stage_id": null,
        "episode": null,
        "attempt_id": null,
        "act": "review",
        "outcome": "performed",
        "worker_id": null,
        "participant": "baton.approver-review",
        "principal": "principal:baton.approver-review",
        "operation_id": "integration-driver.review-receipt:021ae3afc84d8ccaa2346529cf62d2cc63e8b5ece147f188cdb53d120c0d779b",
        "runtime_id": null,
        "session_id": null,
        "evidence": "proposal:integration-driver.proposal:2f4ca5f8cb0b95e2da417c663a833610ff1ec6e6b7ba78d616fc3feeac1fa0de",
        "cause": null,
        "recorded_at": "2026-09-12T17:29:40.479Z",
        "authorization": {
          "kind": "review",
          "disposition": "accepted",
          "candidate_digest": "1d08132fef70b24658177bc72af5acc6f591bb9d",
          "target": "6dcb6254dcec3a72e31eedeaa77f8631f5626507",
          "effective_scope": "scope:deployment",
          "policy_generation": 11,
          "role": "integrate"
        }
      },
      {
        "tick": 1,
        "job_id": null,
        "stage_id": null,
        "episode": null,
        "attempt_id": null,
        "act": "integrate",
        "outcome": "performed",
        "worker_id": null,
        "participant": "baton.integrator",
        "principal": "principal:baton.integrator",
        "operation_id": "integration-driver.integration-receipt:0047ad42b8800fd78c3c643d18e1728e877934ad56adeb7a5cbc9701d3aa7ba4",
        "runtime_id": null,
        "session_id": null,
        "evidence": "proposal:integration-driver.proposal:2f4ca5f8cb0b95e2da417c663a833610ff1ec6e6b7ba78d616fc3feeac1fa0de",
        "cause": null,
        "recorded_at": "2026-09-12T17:29:41.000Z",
        "authorization": {
          "kind": "integration",
          "disposition": "integrated",
          "candidate_digest": "1d08132fef70b24658177bc72af5acc6f591bb9d",
          "target": "6dcb6254dcec3a72e31eedeaa77f8631f5626507",
          "effective_scope": "scope:deployment",
          "policy_generation": 11,
          "role": "integrate"
        }
      }
    ],
    "violations": []
  }
}
