{
  "validated_export_count": 18,
  "submit_records_in_this_composed_export": 0,
  "matrix_configuration_evidence": {
    "attempted_team": "other",
    "composed": {
      "evidence": "holds_capability review at scope:deployment",
      "owner": "serving_two/operations_from composed this deployment with the outsider as its review receipt owner",
      "participant": "other.reviewer",
      "principal": "principal:other.reviewer"
    },
    "configured_team": "baton",
    "refused_at_another_scope": {
      "asked": "serving_two with a grant at scope:elsewhere",
      "cause": "policy/denied: 'other.reviewer' writes this deployment's review receipt and holds no review capability in scope:deployment; a receipt is written by the configured actor and the actor is authorized here rather than with somebody's candidate already published"
    },
    "refused_without_grant": {
      "asked": "serving_two with the outsider as review receipt owner",
      "cause": "policy/denied: 'other.reviewer' writes this deployment's review receipt and holds no review capability in scope:deployment; a receipt is written by the configured actor and the actor is authorized here rather than with somebody's candidate already published"
    },
    "team_grammar": "a participant is team.member (authority/identity.py)"
  },
  "line_refusal_evidence": {
    "asked": "deployment.line_for('job-b')",
    "cause": "ProfileRefusal: Git declared-base checkout failed: fatal: git checkout: --detach does not take a path argument '4f4c661195ecc853912443640c2a0b642600c8b6^{commit}'",
    "owner": "review_cycles.create_line"
  }
}
