{
  "synthetic_invalid_traces": {
    "claim_and_completion_without_reservation_or_offer": {
      "records": [
        {
          "tick": 1,
          "job_id": "job-a",
          "stage_id": "job-a/implementation",
          "episode": 1,
          "attempt_id": "a",
          "act": "claim",
          "outcome": "performed",
          "worker_id": "w1",
          "participant": null,
          "principal": "p1",
          "operation_id": "claim:a",
          "runtime_id": null,
          "session_id": null,
          "evidence": "synthetic-invalid",
          "cause": null
        },
        {
          "tick": 1,
          "job_id": "job-a",
          "stage_id": "job-a/implementation",
          "episode": 1,
          "attempt_id": "a",
          "act": "complete",
          "outcome": "performed",
          "worker_id": "w1",
          "participant": null,
          "principal": "p1",
          "operation_id": "complete:a",
          "runtime_id": null,
          "session_id": null,
          "evidence": "synthetic-invalid",
          "cause": null
        }
      ],
      "violations": []
    },
    "two_live_workers_share_one_effective_principal": {
      "records": [
        {
          "tick": 1,
          "job_id": "job-a",
          "stage_id": "job-a/implementation",
          "episode": 1,
          "attempt_id": "a",
          "act": "reserve",
          "outcome": "performed",
          "worker_id": "w1",
          "participant": null,
          "principal": "p1",
          "operation_id": "reserve:a",
          "runtime_id": null,
          "session_id": null,
          "evidence": "synthetic-invalid",
          "cause": null
        },
        {
          "tick": 1,
          "job_id": "job-a",
          "stage_id": "job-a/implementation",
          "episode": 1,
          "attempt_id": "b",
          "act": "reserve",
          "outcome": "performed",
          "worker_id": "w2",
          "participant": null,
          "principal": "p1",
          "operation_id": "reserve:b",
          "runtime_id": null,
          "session_id": null,
          "evidence": "synthetic-invalid",
          "cause": null
        }
      ],
      "violations": []
    },
    "reopen_incorrectly_frees_live_capacity": {
      "records": [
        {
          "tick": 1,
          "job_id": "job-a",
          "stage_id": "job-a/implementation",
          "episode": 1,
          "attempt_id": "a",
          "act": "reserve",
          "outcome": "performed",
          "worker_id": "w1",
          "participant": null,
          "principal": "p1",
          "operation_id": "reserve:a",
          "runtime_id": null,
          "session_id": null,
          "evidence": "synthetic-invalid",
          "cause": null
        },
        {
          "tick": 1,
          "job_id": "job-a",
          "stage_id": "job-a/implementation",
          "episode": 1,
          "attempt_id": "a",
          "act": "reopen",
          "outcome": "performed",
          "worker_id": "w1",
          "participant": null,
          "principal": "p1",
          "operation_id": "reopen:a",
          "runtime_id": null,
          "session_id": null,
          "evidence": "synthetic-invalid",
          "cause": null
        },
        {
          "tick": 1,
          "job_id": "job-a",
          "stage_id": "job-a/implementation",
          "episode": 1,
          "attempt_id": "b",
          "act": "reserve",
          "outcome": "performed",
          "worker_id": "w1",
          "participant": null,
          "principal": "p1",
          "operation_id": "reserve:b",
          "runtime_id": null,
          "session_id": null,
          "evidence": "synthetic-invalid",
          "cause": null
        }
      ],
      "violations": []
    },
    "regressing_logical_time": {
      "records": [
        {
          "tick": 9,
          "job_id": "job-a",
          "stage_id": "job-a/implementation",
          "episode": 1,
          "attempt_id": "a",
          "act": "reserve",
          "outcome": "performed",
          "worker_id": "w1",
          "participant": null,
          "principal": "p1",
          "operation_id": "reserve:a",
          "runtime_id": null,
          "session_id": null,
          "evidence": "synthetic-invalid",
          "cause": null
        },
        {
          "tick": 2,
          "job_id": "job-a",
          "stage_id": "job-a/implementation",
          "episode": 1,
          "attempt_id": "a",
          "act": "offer",
          "outcome": "performed",
          "worker_id": "w1",
          "participant": null,
          "principal": "p1",
          "operation_id": "offer:a",
          "runtime_id": null,
          "session_id": null,
          "evidence": "synthetic-invalid",
          "cause": null
        },
        {
          "tick": 1,
          "job_id": "job-a",
          "stage_id": "job-a/implementation",
          "episode": 1,
          "attempt_id": "a",
          "act": "claim",
          "outcome": "performed",
          "worker_id": "w1",
          "participant": null,
          "principal": "p1",
          "operation_id": "claim:a",
          "runtime_id": null,
          "session_id": null,
          "evidence": "synthetic-invalid",
          "cause": null
        },
        {
          "tick": 0,
          "job_id": "job-a",
          "stage_id": "job-a/implementation",
          "episode": 1,
          "attempt_id": "a",
          "act": "complete",
          "outcome": "performed",
          "worker_id": "w1",
          "participant": null,
          "principal": "p1",
          "operation_id": "complete:a",
          "runtime_id": null,
          "session_id": null,
          "evidence": "synthetic-invalid",
          "cause": null
        }
      ],
      "violations": []
    }
  },
  "restart_with_fresh_driver_bookkeeping": {
    "durable_allocation_count": 1,
    "violations": [
      {
        "code": "out-of-order",
        "detail": "reserve follows reserve for attempt attempt-06633e3b6aeef8f35af7bd9867bba7688f22344015d9b8f8daf1e5068fa00702",
        "record": {
          "tick": 2,
          "job_id": "job-c",
          "stage_id": "job-c/implementation",
          "episode": 1,
          "attempt_id": "attempt-06633e3b6aeef8f35af7bd9867bba7688f22344015d9b8f8daf1e5068fa00702",
          "act": "reserve",
          "outcome": "performed",
          "worker_id": "impl-one",
          "participant": "baton.impl-one",
          "principal": "principal:team-one",
          "operation_id": "allocation.reserve:attempt-06633e3b6aeef8f35af7bd9867bba7688f22344015d9b8f8daf1e5068fa00702",
          "runtime_id": null,
          "session_id": null,
          "evidence": "allocations:attempt-06633e3b6aeef8f35af7bd9867bba7688f22344015d9b8f8daf1e5068fa00702",
          "cause": null
        }
      },
      {
        "code": "duplicate-operation",
        "detail": "operation allocation.reserve:attempt-06633e3b6aeef8f35af7bd9867bba7688f22344015d9b8f8daf1e5068fa00702 was performed at ticks 1 and 2",
        "record": {
          "tick": 2,
          "job_id": "job-c",
          "stage_id": "job-c/implementation",
          "episode": 1,
          "attempt_id": "attempt-06633e3b6aeef8f35af7bd9867bba7688f22344015d9b8f8daf1e5068fa00702",
          "act": "reserve",
          "outcome": "performed",
          "worker_id": "impl-one",
          "participant": "baton.impl-one",
          "principal": "principal:team-one",
          "operation_id": "allocation.reserve:attempt-06633e3b6aeef8f35af7bd9867bba7688f22344015d9b8f8daf1e5068fa00702",
          "runtime_id": null,
          "session_id": null,
          "evidence": "allocations:attempt-06633e3b6aeef8f35af7bd9867bba7688f22344015d9b8f8daf1e5068fa00702",
          "cause": null
        }
      }
    ],
    "records": [
      {
        "tick": 0,
        "job_id": null,
        "stage_id": null,
        "episode": null,
        "attempt_id": null,
        "act": "activate-pool",
        "outcome": "performed",
        "worker_id": null,
        "participant": null,
        "principal": null,
        "operation_id": "pool.activate:1",
        "runtime_id": null,
        "session_id": null,
        "evidence": "pool_generations:1",
        "cause": null
      },
      {
        "tick": 0,
        "job_id": "job-a",
        "stage_id": null,
        "episode": null,
        "attempt_id": null,
        "act": "submit",
        "outcome": "performed",
        "worker_id": null,
        "participant": null,
        "principal": null,
        "operation_id": "submission:job-a",
        "runtime_id": null,
        "session_id": null,
        "evidence": "jobs:job-a",
        "cause": null
      },
      {
        "tick": 0,
        "job_id": "job-b",
        "stage_id": null,
        "episode": null,
        "attempt_id": null,
        "act": "submit",
        "outcome": "performed",
        "worker_id": null,
        "participant": null,
        "principal": null,
        "operation_id": "submission:job-b",
        "runtime_id": null,
        "session_id": null,
        "evidence": "jobs:job-b",
        "cause": null
      },
      {
        "tick": 0,
        "job_id": "job-c",
        "stage_id": null,
        "episode": null,
        "attempt_id": null,
        "act": "submit",
        "outcome": "performed",
        "worker_id": null,
        "participant": null,
        "principal": null,
        "operation_id": "submission:job-c",
        "runtime_id": null,
        "session_id": null,
        "evidence": "jobs:job-c",
        "cause": null
      },
      {
        "tick": 0,
        "job_id": "job-d",
        "stage_id": null,
        "episode": null,
        "attempt_id": null,
        "act": "submit",
        "outcome": "performed",
        "worker_id": null,
        "participant": null,
        "principal": null,
        "operation_id": "submission:job-d",
        "runtime_id": null,
        "session_id": null,
        "evidence": "jobs:job-d",
        "cause": null
      },
      {
        "tick": 1,
        "job_id": "job-c",
        "stage_id": "job-c/implementation",
        "episode": 1,
        "attempt_id": "attempt-06633e3b6aeef8f35af7bd9867bba7688f22344015d9b8f8daf1e5068fa00702",
        "act": "reserve",
        "outcome": "performed",
        "worker_id": "impl-one",
        "participant": "baton.impl-one",
        "principal": "principal:team-one",
        "operation_id": "allocation.reserve:attempt-06633e3b6aeef8f35af7bd9867bba7688f22344015d9b8f8daf1e5068fa00702",
        "runtime_id": null,
        "session_id": null,
        "evidence": "allocations:attempt-06633e3b6aeef8f35af7bd9867bba7688f22344015d9b8f8daf1e5068fa00702",
        "cause": null
      },
      {
        "tick": 2,
        "job_id": "job-c",
        "stage_id": "job-c/implementation",
        "episode": 1,
        "attempt_id": "attempt-06633e3b6aeef8f35af7bd9867bba7688f22344015d9b8f8daf1e5068fa00702",
        "act": "reserve",
        "outcome": "performed",
        "worker_id": "impl-one",
        "participant": "baton.impl-one",
        "principal": "principal:team-one",
        "operation_id": "allocation.reserve:attempt-06633e3b6aeef8f35af7bd9867bba7688f22344015d9b8f8daf1e5068fa00702",
        "runtime_id": null,
        "session_id": null,
        "evidence": "allocations:attempt-06633e3b6aeef8f35af7bd9867bba7688f22344015d9b8f8daf1e5068fa00702",
        "cause": null
      }
    ]
  },
  "driver_calls_release_completion": {
    "stage_states": {
      "job-a/implementation": "queued",
      "job-a/review": "blocked",
      "job-b/implementation": "blocked",
      "job-c/implementation": "queued",
      "job-d/implementation": "queued"
    },
    "allocations": [
      {
        "assignment_id": "attempt-e78478c409a32c432d03b34b562a793ad607897e026de4b48330983c83d400d1",
        "stage_id": "job-a/implementation",
        "episode": 1,
        "generation": 1,
        "worker_id": "impl-one",
        "lane": "implementation",
        "participant": "baton.impl-one",
        "canonical_principal": "principal:team-one",
        "preferred_worker_id": null,
        "selection_outcome": "initial",
        "allocation_state": "released",
        "reserved_at": "2026-09-02T00:00:00.000Z",
        "recovery_required_at": null,
        "released_at": "2026-09-02T00:00:00.000Z",
        "release_reason": "stage-completed",
        "variant": "primary",
        "separation_class": "provider-diverse",
        "generation_digest": "sha256:918efb60ec894f319a49c0ed40504c5098d6b9ccaff490b50e4fce84dfde9f59",
        "worker_profile_name": "reference",
        "worker_profile_digest": "sha256:bbbbbbbbbbbbbbbbbbbbbbbbbbbbbbbbbbbbbbbbbbbbbbbbbbbbbbbbbbbbbbbb"
      }
    ],
    "records": [
      {
        "tick": 0,
        "job_id": null,
        "stage_id": null,
        "episode": null,
        "attempt_id": null,
        "act": "activate-pool",
        "outcome": "performed",
        "worker_id": null,
        "participant": null,
        "principal": null,
        "operation_id": "pool.activate:1",
        "runtime_id": null,
        "session_id": null,
        "evidence": "pool_generations:1",
        "cause": null
      },
      {
        "tick": 0,
        "job_id": "job-a",
        "stage_id": null,
        "episode": null,
        "attempt_id": null,
        "act": "submit",
        "outcome": "performed",
        "worker_id": null,
        "participant": null,
        "principal": null,
        "operation_id": "submission:job-a",
        "runtime_id": null,
        "session_id": null,
        "evidence": "jobs:job-a",
        "cause": null
      },
      {
        "tick": 0,
        "job_id": "job-b",
        "stage_id": null,
        "episode": null,
        "attempt_id": null,
        "act": "submit",
        "outcome": "performed",
        "worker_id": null,
        "participant": null,
        "principal": null,
        "operation_id": "submission:job-b",
        "runtime_id": null,
        "session_id": null,
        "evidence": "jobs:job-b",
        "cause": null
      },
      {
        "tick": 0,
        "job_id": "job-c",
        "stage_id": null,
        "episode": null,
        "attempt_id": null,
        "act": "submit",
        "outcome": "performed",
        "worker_id": null,
        "participant": null,
        "principal": null,
        "operation_id": "submission:job-c",
        "runtime_id": null,
        "session_id": null,
        "evidence": "jobs:job-c",
        "cause": null
      },
      {
        "tick": 0,
        "job_id": "job-d",
        "stage_id": null,
        "episode": null,
        "attempt_id": null,
        "act": "submit",
        "outcome": "performed",
        "worker_id": null,
        "participant": null,
        "principal": null,
        "operation_id": "submission:job-d",
        "runtime_id": null,
        "session_id": null,
        "evidence": "jobs:job-d",
        "cause": null
      },
      {
        "tick": 1,
        "job_id": "job-a",
        "stage_id": "job-a/implementation",
        "episode": 1,
        "attempt_id": "attempt-e78478c409a32c432d03b34b562a793ad607897e026de4b48330983c83d400d1",
        "act": "reserve",
        "outcome": "performed",
        "worker_id": "impl-one",
        "participant": "baton.impl-one",
        "principal": "principal:team-one",
        "operation_id": "allocation.reserve:attempt-e78478c409a32c432d03b34b562a793ad607897e026de4b48330983c83d400d1",
        "runtime_id": null,
        "session_id": null,
        "evidence": "allocations:attempt-e78478c409a32c432d03b34b562a793ad607897e026de4b48330983c83d400d1",
        "cause": null
      },
      {
        "tick": 1,
        "job_id": "job-a",
        "stage_id": "job-a/implementation",
        "episode": 1,
        "attempt_id": "attempt-e78478c409a32c432d03b34b562a793ad607897e026de4b48330983c83d400d1",
        "act": "complete",
        "outcome": "performed",
        "worker_id": "impl-one",
        "participant": "baton.impl-one",
        "principal": "principal:team-one",
        "operation_id": "allocation.release:attempt-e78478c409a32c432d03b34b562a793ad607897e026de4b48330983c83d400d1",
        "runtime_id": null,
        "session_id": null,
        "evidence": "allocations:attempt-e78478c409a32c432d03b34b562a793ad607897e026de4b48330983c83d400d1",
        "cause": null
      }
    ],
    "violations": [
      {
        "code": "unproven-completion",
        "detail": "attempt attempt-e78478c409a32c432d03b34b562a793ad607897e026de4b48330983c83d400d1 completed with no recorded claim",
        "record": {
          "tick": 1,
          "job_id": "job-a",
          "stage_id": "job-a/implementation",
          "episode": 1,
          "attempt_id": "attempt-e78478c409a32c432d03b34b562a793ad607897e026de4b48330983c83d400d1",
          "act": "complete",
          "outcome": "performed",
          "worker_id": "impl-one",
          "participant": "baton.impl-one",
          "principal": "principal:team-one",
          "operation_id": "allocation.release:attempt-e78478c409a32c432d03b34b562a793ad607897e026de4b48330983c83d400d1",
          "runtime_id": null,
          "session_id": null,
          "evidence": "allocations:attempt-e78478c409a32c432d03b34b562a793ad607897e026de4b48330983c83d400d1",
          "cause": null
        }
      }
    ]
  }
}
