{
  "other_scenario": "composed-wrong-repository",
  "submissions": [
    {
      "act": "submit",
      "attempt_id": null,
      "authorization": null,
      "cause": "ProfileRefusal: Git declared-base checkout failed: fatal: git checkout: --detach does not take a path argument '52b3917c8e497c5c796fc70a591a6071838ade3b^{commit}'",
      "completion": null,
      "correction": null,
      "episode": null,
      "evidence": "review_cycles.create_line",
      "job_id": "job-b",
      "operation_id": null,
      "outcome": "refused",
      "participant": null,
      "principal": null,
      "recorded_at": null,
      "runtime_id": null,
      "session": null,
      "session_id": null,
      "stage_id": null,
      "tick": 1,
      "worker_id": null
    }
  ]
}
{
  "other_scenario": "composed-second-team-matrix",
  "submissions": [
    {
      "act": "submit",
      "attempt_id": null,
      "authorization": null,
      "cause": "policy/denied: 'other.reviewer' writes this deployment's review receipt and holds no review capability in scope:deployment; a receipt is written by the configured actor and the actor is authorized here rather than with somebody's candidate already published",
      "completion": null,
      "correction": null,
      "episode": null,
      "evidence": "no grant",
      "job_id": null,
      "operation_id": null,
      "outcome": "refused",
      "participant": null,
      "principal": null,
      "recorded_at": null,
      "runtime_id": null,
      "session": null,
      "session_id": null,
      "stage_id": null,
      "tick": 1,
      "worker_id": null
    },
    {
      "act": "submit",
      "attempt_id": null,
      "authorization": null,
      "cause": "policy/denied: 'other.reviewer' writes this deployment's review receipt and holds no review capability in scope:deployment; a receipt is written by the configured actor and the actor is authorized here rather than with somebody's candidate already published",
      "completion": null,
      "correction": null,
      "episode": null,
      "evidence": "grant at scope:elsewhere",
      "job_id": null,
      "operation_id": null,
      "outcome": "refused",
      "participant": null,
      "principal": null,
      "recorded_at": null,
      "runtime_id": null,
      "session": null,
      "session_id": null,
      "stage_id": null,
      "tick": 2,
      "worker_id": null
    },
    {
      "act": "submit",
      "attempt_id": null,
      "authorization": null,
      "cause": null,
      "completion": null,
      "correction": null,
      "episode": null,
      "evidence": "holds_capability review at scope:deployment",
      "job_id": null,
      "operation_id": null,
      "outcome": "performed",
      "participant": "other.reviewer",
      "principal": "principal:other.reviewer",
      "recorded_at": null,
      "runtime_id": null,
      "session": null,
      "session_id": null,
      "stage_id": null,
      "tick": 3,
      "worker_id": null
    }
  ]
}
{
  "schedule": "four-jobs-a-before-c",
  "complete": [
    "job-a/implementation",
    "job-c/implementation",
    "job-d/implementation",
    "job-a/review",
    "job-c/review",
    "job-d/review"
  ],
  "submissions": [],
  "integration_starts": [
    {
      "act": "start",
      "attempt_id": "attempt-01128b4b2c5d1932bb6a1bcaf698a441d732b8323acd3b006b69d171f56d87a0",
      "authorization": null,
      "cause": null,
      "completion": null,
      "correction": null,
      "episode": 1,
      "evidence": "attempt_runtime:attempt-01128b4b2c5d1932bb6a1bcaf698a441d732b8323acd3b006b69d171f56d87a0",
      "job_id": "job-a",
      "operation_id": "runtime.start:attempt-01128b4b2c5d1932bb6a1bcaf698a441d732b8323acd3b006b69d171f56d87a0",
      "outcome": "performed",
      "participant": null,
      "principal": null,
      "recorded_at": null,
      "runtime_id": "runtime-single-7",
      "session": null,
      "session_id": null,
      "stage_id": "job-a/integration",
      "tick": 7,
      "worker_id": null
    }
  ],
  "gaps": []
}
{
  "schedule": "four-jobs-c-before-a",
  "complete": [
    "job-c/implementation",
    "job-d/implementation",
    "job-a/implementation",
    "job-c/review",
    "job-d/review",
    "job-a/review"
  ],
  "submissions": [],
  "integration_starts": [
    {
      "act": "start",
      "attempt_id": "attempt-cdb08ccfed6213072a1ee1dd4b754cc37a157cf4a87b032db3d352c1220a1c92",
      "authorization": null,
      "cause": null,
      "completion": null,
      "correction": null,
      "episode": 1,
      "evidence": "attempt_runtime:attempt-cdb08ccfed6213072a1ee1dd4b754cc37a157cf4a87b032db3d352c1220a1c92",
      "job_id": "job-c",
      "operation_id": "runtime.start:attempt-cdb08ccfed6213072a1ee1dd4b754cc37a157cf4a87b032db3d352c1220a1c92",
      "outcome": "performed",
      "participant": null,
      "principal": null,
      "recorded_at": null,
      "runtime_id": "runtime-single-7",
      "session": null,
      "session_id": null,
      "stage_id": "job-c/integration",
      "tick": 7,
      "worker_id": null
    }
  ],
  "gaps": []
}
{
  "schedule": "four-jobs-continued-to-integration",
  "complete": [
    "job-a/implementation",
    "job-c/implementation",
    "job-d/implementation",
    "job-a/review",
    "job-c/review",
    "job-d/review"
  ],
  "submissions": [],
  "integration_starts": [
    {
      "act": "start",
      "attempt_id": "attempt-01128b4b2c5d1932bb6a1bcaf698a441d732b8323acd3b006b69d171f56d87a0",
      "authorization": null,
      "cause": null,
      "completion": null,
      "correction": null,
      "episode": 1,
      "evidence": "attempt_runtime:attempt-01128b4b2c5d1932bb6a1bcaf698a441d732b8323acd3b006b69d171f56d87a0",
      "job_id": "job-a",
      "operation_id": "runtime.start:attempt-01128b4b2c5d1932bb6a1bcaf698a441d732b8323acd3b006b69d171f56d87a0",
      "outcome": "performed",
      "participant": null,
      "principal": null,
      "recorded_at": null,
      "runtime_id": "runtime-single-7",
      "session": null,
      "session_id": null,
      "stage_id": "job-a/integration",
      "tick": 7,
      "worker_id": null
    }
  ],
  "gaps": []
}
{"retained_schedules_validated": 18, "driven_schedules_with_zero_submit_records": 3}
