$ env PYTHONPATH=src:tools:. python3 -m unittest tests.tools.test_scheduler_trace.TheComposedOwnersSupplyAuthorizedTransitions.test_four_jobs_on_two_repositories_code_in_parallel
E
======================================================================
ERROR: test_four_jobs_on_two_repositories_code_in_parallel (tests.tools.test_scheduler_trace.TheComposedOwnersSupplyAuthorizedTransitions.test_four_jobs_on_two_repositories_code_in_parallel)
THE POSITIVE HALF, and it is a real one: three independent Jobs are
----------------------------------------------------------------------
Traceback (most recent call last):
  File "/home/sl/src/baton/v12/python/tests/tools/test_scheduler_trace.py", line 2074, in test_four_jobs_on_two_repositories_code_in_parallel
    held = self.four_job_deployment(own_workers=True)
  File "/home/sl/src/baton/v12/python/tests/tools/test_scheduler_trace.py", line 2042, in four_job_deployment
    sweep(held.job, held.composed, now=fixtures.NOW)
    ~~~~~^^^^^^^^^^^^^^^^^^^^^^^^^^^^^^^^^^^^^^^^^^^
  File "/home/sl/src/baton/v12/python/src/baton_v12/job_manager/manager.py", line 160, in sweep
    started = _launch(store, operations, projection.stage_states(store,
                                                                 operations))
  File "/home/sl/src/baton/v12/python/src/baton_v12/job_manager/manager.py", line 340, in _launch
    answer = operations.launch(attempt, job)
  File "/home/sl/src/baton/v12/python/tools/stage_execution.py", line 3718, in launch
    return self.pooled.launch(stage, job)
           ~~~~~~~~~~~~~~~~~~^^^^^^^^^^^^
  File "/home/sl/src/baton/v12/python/src/baton_v12/job_manager/scheduler.py", line 838, in launch
    return self._worker(stage).launch(stage, job)
           ~~~~~~~~~~~~~~~~~~~~~~~~~~^^^^^^^^^^^^
  File "/home/sl/src/baton/v12/python/src/baton_v12/job_manager/delegation.py", line 872, in launch
    return self._start_runtime(stage, job)
           ~~~~~~~~~~~~~~~~~~~^^^^^^^^^^^^
  File "/home/sl/src/baton/v12/python/tools/single_worker.py", line 1375, in start
    return self._prepared(stage, row, attempt_id)
           ~~~~~~~~~~~~~~^^^^^^^^^^^^^^^^^^^^^^^^
  File "/home/sl/src/baton/v12/python/tools/single_worker.py", line 1501, in _prepared
    roots, boundary = self._mounted(stage, attempt_id)
                      ~~~~~~~~~~~~~^^^^^^^^^^^^^^^^^^^
  File "/home/sl/src/baton/v12/python/tools/single_worker.py", line 1471, in _mounted
    composed = self.stage.mount(self, stage, roots)
  File "/home/sl/src/baton/v12/python/tools/stage_execution.py", line 1073, in mount
    held = self._prepared.get(attempt_id) or self._prepare(stage)
                                             ~~~~~~~~~~~~~^^^^^^^
  File "/home/sl/src/baton/v12/python/tools/stage_execution.py", line 1132, in _prepare
    line = deployment.line_for(stage["job_id"])
  File "/home/sl/src/baton/v12/python/tools/stage_execution.py", line 3011, in line_for
    created = review_cycles.create_line(
        self.control, source=self.source_for(job_id),
        declared_base=binding["line_declared_base"],
        profile=self.profile, authority_uuid=self.given["authority_uuid"],
        work_id=binding["job_work_id"])
  File "/home/sl/src/baton/v12/python/src/baton_v12/worker_manager/review_cycles.py", line 991, in create_line
    materialized = profile.materialize(source.place, path, declared_base)
  File "/home/sl/src/baton/v12/python/src/baton_v12/checkpoint_profiles.py", line 264, in materialize
    self._run(detach_vector(repository, declared=base),
    ~~~~~~~~~^^^^^^^^^^^^^^^^^^^^^^^^^^^^^^^^^^^^^^^^^^
              "declared-base checkout")
              ^^^^^^^^^^^^^^^^^^^^^^^^^
  File "/home/sl/src/baton/v12/python/src/baton_v12/checkpoint_profiles.py", line 238, in _run
    raise ProfileRefusal(f"Git {what} failed" +
                         (f": {detail}" if detail else ""))
baton_v12.source_profiles.checkout.ProfileRefusal: Git declared-base checkout failed: fatal: git checkout: --detach does not take a path argument '6f3be697f503a1013268e0457612a345b35fbfb4^{commit}'

----------------------------------------------------------------------
Ran 1 test in 0.165s

FAILED (errors=1)
