$ env PYTHONPATH=src:tools:. python3 -m unittest tests.tools.test_scheduler_trace.TheComposedOwnersSupplyAuthorizedTransitions.test_the_opened_edge_and_one_integrator_serialize_four_jobs
F
======================================================================
FAIL: test_the_opened_edge_and_one_integrator_serialize_four_jobs (tests.tools.test_scheduler_trace.TheComposedOwnersSupplyAuthorizedTransitions.test_the_opened_edge_and_one_integrator_serialize_four_jobs)
THE CONTINUATION, and the integration capacity the PLAN asks for.
----------------------------------------------------------------------
Traceback (most recent call last):
  File "/home/sl/src/baton/v12/python/tests/tools/test_scheduler_trace.py", line 2774, in test_the_opened_edge_and_one_integrator_serialize_four_jobs
    self.b_and_terminal(held, trace)
    ~~~~~~~~~~~~~~~~~~~^^^^^^^^^^^^^
  File "/home/sl/src/baton/v12/python/tests/tools/test_scheduler_trace.py", line 2962, in b_and_terminal
    carried = self.every_remaining_import(held, trace, integrated)
  File "/home/sl/src/baton/v12/python/tests/tools/test_scheduler_trace.py", line 3121, in every_remaining_import
    answer = self.reconciled_next(held, trace, done, judged=judged)
  File "/home/sl/src/baton/v12/python/tests/tools/test_scheduler_trace.py", line 3062, in reconciled_next
    self.assertEqual(
    ~~~~~~~~~~~~~~~~^
        len(mine), 3,
        ^^^^^^^^^^^^^
        (sorted(mine), [one for report in reports[-3:]
        ^^^^^^^^^^^^^^^^^^^^^^^^^^^^^^^^^^^^^^^^^^^^^^
                        for one in report.get("acts", [])
                        ^^^^^^^^^^^^^^^^^^^^^^^^^^^^^^^^^
                        if "integration" in str(one.get("stage_id"))]))
                        ^^^^^^^^^^^^^^^^^^^^^^^^^^^^^^^^^^^^^^^^^^^^^^^
AssertionError: 1 != 3 : ([('result-6f925c7438606d0205f3659f526d3bf245c2f65d62906fcae48921a2db7790c1', 'verification')], [{'stage_id': 'job-d/integration', 'episode': 1, 'act': 'admit', 'outcome': 'deferred', 'operation_id': 'offer.issue:offer-4d6e41bf44e344269c90c8be26708dc7c1c97174a226524d25b65eb6e79bd5ea', 'detail': {'category': 'refused', 'code': 'precondition', 'message': "stage 'job-d/integration' has eligible implementation workers but every effective worker/principal capacity is reserved or recovery-required"}}, {'stage_id': 'job-d/integration', 'episode': 1, 'act': 'admit', 'outcome': 'deferred', 'operation_id': 'offer.issue:offer-4d6e41bf44e344269c90c8be26708dc7c1c97174a226524d25b65eb6e79bd5ea', 'detail': {'category': 'refused', 'code': 'precondition', 'message': "stage 'job-d/integration' has eligible implementation workers but every effective worker/principal capacity is reserved or recovery-required"}}, {'stage_id': 'job-d/integration', 'episode': 1, 'act': 'admit', 'outcome': 'deferred', 'operation_id': 'offer.issue:offer-4d6e41bf44e344269c90c8be26708dc7c1c97174a226524d25b65eb6e79bd5ea', 'detail': {'category': 'refused', 'code': 'precondition', 'message': "stage 'job-d/integration' has eligible implementation workers but every effective worker/principal capacity is reserved or recovery-required"}}])

----------------------------------------------------------------------
Ran 1 test in 7.831s

FAILED (failures=1)
