$ env PYTHONPATH=src:tools:. python3 /home/sl/src/baton/work/records/2026/09/finding-v12-deterministic-scheduler-stress/probe-156124.py
coding accepted the judgment workers
both accepted
job-a integration_turn 0
Traceback (most recent call last):
  File "/home/sl/src/baton/work/records/2026/09/finding-v12-deterministic-scheduler-stress/probe-156124.py", line 89, in <module>
    sys.exit(main())
             ~~~~^^
  File "/home/sl/src/baton/work/records/2026/09/finding-v12-deterministic-scheduler-stress/probe-156124.py", line 48, in main
    case.drive_job(held.job, held.composed, "job-a", "integration",
    ~~~~~~~~~~~~~~^^^^^^^^^^^^^^^^^^^^^^^^^^^^^^^^^^^^^^^^^^^^^^^^^
                   "completed", ticks=4)
                   ^^^^^^^^^^^^^^^^^^^^^
  File "/home/sl/src/baton/v12/python/tests/tools/test_stage_execution.py", line 6814, in drive_job
    self.fail(f"{job_id}'s {kind} stage never reached {want!r}: "
    ~~~~~~~~~^^^^^^^^^^^^^^^^^^^^^^^^^^^^^^^^^^^^^^^^^^^^^^^^^^^^
              f"{self.states_for(job, composed, job_id)}")
              ^^^^^^^^^^^^^^^^^^^^^^^^^^^^^^^^^^^^^^^^^^^^
  File "/usr/lib/python3.13/unittest/case.py", line 732, in fail
    raise self.failureException(msg)
AssertionError: job-a's integration stage never reached 'completed': {'implementation': 'completed', 'review': 'completed', 'integration': 'answering'}
