### label: d1-observed-2
### cwd: /home/sl/src/baton/v12/python
### argv: ["env", "PYTHONPATH=src:tools:.", "python3", "-m", "unittest", "tests.tools.test_scheduler_trace"]
### exit: 1
### elapsed_seconds: 1.094548
### STDOUT

### STDERR
FF.........................................
======================================================================
FAIL: test_a_correction_opens_a_second_episode_on_the_same_line (tests.tools.test_scheduler_trace.TheComposedOwnersSupplyAuthorizedTransitions.test_a_correction_opens_a_second_episode_on_the_same_line)
A requested correction is a real authorized transition too, and it
----------------------------------------------------------------------
Traceback (most recent call last):
  File "/home/sl/src/baton/v12/python/tests/tools/test_scheduler_trace.py", line 1484, in test_a_correction_opens_a_second_episode_on_the_same_line
    self.assertEqual(scheduler_trace.validate(artifact), [])
    ~~~~~~~~~~~~~~~~^^^^^^^^^^^^^^^^^^^^^^^^^^^^^^^^^^^^^^^^
AssertionError: Lists differ: [{'code': 'out-of-order', 'detail': 'compl[622 chars]ne}}] != []

First list contains 1 additional elements.
First extra element 0:
{'code': 'out-of-order', 'detail': 'complete for attempt attempt-7b5e070a732d64a31d8830d12147471913947786b9a59376be12eda0e2451571 precedes its start', 'record': {'tick': 1, 'job_id': 'job-a', 'stage_id': 'job-a/implementation', 'episode': 1, 'attempt_id': 'attempt-7b5e070a732d64a31d8830d12147471913947786b9a59376be12eda0e2451571', 'act': 'complete', 'outcome': 'performed', 'worker_id': None, 'participant': None, 'principal': None, 'operation_id': 'stage.completed:attempt-7b5e070a732d64a31d8830d12147471913947786b9a59376be12eda0e2451571', 'runtime_id': None, 'session_id': None, 'evidence': 'stage_states:job-a/implementation', 'cause': None, 'recorded_at': None}}

Diff is 944 characters long. Set self.maxDiff to None to see it.

======================================================================
FAIL: test_an_accepted_review_is_a_real_authorized_transition (tests.tools.test_scheduler_trace.TheComposedOwnersSupplyAuthorizedTransitions.test_an_accepted_review_is_a_real_authorized_transition)
Job A reaches a genuinely accepted review, and its trace validates.
----------------------------------------------------------------------
Traceback (most recent call last):
  File "/home/sl/src/baton/v12/python/tests/tools/test_scheduler_trace.py", line 1349, in test_an_accepted_review_is_a_real_authorized_transition
    self.assertEqual(scheduler_trace.validate(artifact), [])
    ~~~~~~~~~~~~~~~~^^^^^^^^^^^^^^^^^^^^^^^^^^^^^^^^^^^^^^^^
AssertionError: Lists differ: [{'code': 'out-of-order', 'detail': 'compl[622 chars]ne}}] != []

First list contains 1 additional elements.
First extra element 0:
{'code': 'out-of-order', 'detail': 'complete for attempt attempt-7b5e070a732d64a31d8830d12147471913947786b9a59376be12eda0e2451571 precedes its start', 'record': {'tick': 1, 'job_id': 'job-a', 'stage_id': 'job-a/implementation', 'episode': 1, 'attempt_id': 'attempt-7b5e070a732d64a31d8830d12147471913947786b9a59376be12eda0e2451571', 'act': 'complete', 'outcome': 'performed', 'worker_id': None, 'participant': None, 'principal': None, 'operation_id': 'stage.completed:attempt-7b5e070a732d64a31d8830d12147471913947786b9a59376be12eda0e2451571', 'runtime_id': None, 'session_id': None, 'evidence': 'stage_states:job-a/implementation', 'cause': None, 'recorded_at': None}}

Diff is 944 characters long. Set self.maxDiff to None to see it.

----------------------------------------------------------------------
Ran 43 tests in 0.916s

FAILED (failures=2)
