### label: c2-c3-wired
### cwd: /home/sl/src/baton/v12/python
### argv: ["env", "PYTHONPATH=src:tools:.", "python3", "-m", "unittest", "tests.tools.test_scheduler_trace"]
### exit: 1
### elapsed_seconds: 1.457457
### STDOUT

### STDERR
EE........................................
======================================================================
ERROR: test_a_correction_opens_a_second_episode_on_the_same_line (tests.tools.test_scheduler_trace.TheComposedOwnersSupplyAuthorizedTransitions.test_a_correction_opens_a_second_episode_on_the_same_line)
A requested correction is a real authorized transition too, and it
----------------------------------------------------------------------
Traceback (most recent call last):
  File "/home/sl/src/baton/v12/python/tests/tools/test_scheduler_trace.py", line 1217, in test_a_correction_opens_a_second_episode_on_the_same_line
    self.assertEqual(scheduler_trace.validate(artifact), [])
                     ~~~~~~~~~~~~~~~~~~~~~~~~^^^^^^^^^^
  File "/home/sl/src/baton/v12/python/tests/tools/scheduler_trace.py", line 340, in validate
    violations.extend(_dependencies_before_successors(artifact, records))
                      ~~~~~~~~~~~~~~~~~~~~~~~~~~~~~~~^^^^^^^^^^^^^^^^^^^
  File "/home/sl/src/baton/v12/python/tests/tools/scheduler_trace.py", line 464, in _dependencies_before_successors
    f"{edge['job_id']}/{edge['kind']}"))
       ~~~~^^^^^^^^^^
TypeError: string indices must be integers, not 'str'

======================================================================
ERROR: test_an_accepted_review_is_a_real_authorized_transition (tests.tools.test_scheduler_trace.TheComposedOwnersSupplyAuthorizedTransitions.test_an_accepted_review_is_a_real_authorized_transition)
Job A reaches a genuinely accepted review, and its trace validates.
----------------------------------------------------------------------
Traceback (most recent call last):
  File "/home/sl/src/baton/v12/python/tests/tools/test_scheduler_trace.py", line 1171, in test_an_accepted_review_is_a_real_authorized_transition
    self.assertEqual(scheduler_trace.validate(artifact), [])
                     ~~~~~~~~~~~~~~~~~~~~~~~~^^^^^^^^^^
  File "/home/sl/src/baton/v12/python/tests/tools/scheduler_trace.py", line 340, in validate
    violations.extend(_dependencies_before_successors(artifact, records))
                      ~~~~~~~~~~~~~~~~~~~~~~~~~~~~~~~^^^^^^^^^^^^^^^^^^^
  File "/home/sl/src/baton/v12/python/tests/tools/scheduler_trace.py", line 464, in _dependencies_before_successors
    f"{edge['job_id']}/{edge['kind']}"))
       ~~~~^^^^^^^^^^
TypeError: string indices must be integers, not 'str'

----------------------------------------------------------------------
Ran 42 tests in 1.270s

FAILED (errors=2)
