### label: acceptance-and-session-2
### cwd: /home/sl/src/baton/v12/python
### argv: ["env", "PYTHONPATH=src:tools:.", "python3", "-m", "unittest", "tests.tools.test_scheduler_trace"]
### exit: 1
### elapsed_seconds: 1.811301
### STDOUT

### STDERR
...F................................................
======================================================================
FAIL: test_an_accepted_review_is_a_real_authorized_transition (tests.tools.test_scheduler_trace.TheComposedOwnersSupplyAuthorizedTransitions.test_an_accepted_review_is_a_real_authorized_transition)
Job A reaches a genuinely accepted review, observed tick by tick.
----------------------------------------------------------------------
Traceback (most recent call last):
  File "/home/sl/src/baton/v12/python/tests/tools/test_scheduler_trace.py", line 1350, in test_an_accepted_review_is_a_real_authorized_transition
    self.assertEqual(
    ~~~~~~~~~~~~~~~~^
        sorted(scheduler_trace.UNREPRESENTED_EVIDENCE),
        ^^^^^^^^^^^^^^^^^^^^^^^^^^^^^^^^^^^^^^^^^^^^^^^
        ["offer-acceptance", "session-independence"])
        ^^^^^^^^^^^^^^^^^^^^^^^^^^^^^^^^^^^^^^^^^^^^^
AssertionError: Lists differ: [] != ['offer-acceptance', 'session-independence']

Second list contains 2 additional elements.
First extra element 0:
'offer-acceptance'

- []
+ ['offer-acceptance', 'session-independence']

----------------------------------------------------------------------
Ran 52 tests in 1.632s

FAILED (failures=1)
