$ env PYTHONPATH=src:tools:. python3 -m unittest tests.tools.test_scheduler_trace.TheComposedOwnersSupplyAuthorizedTransitions.test_the_alternate_schedule_reaches_the_same_completions tests.tools.test_scheduler_trace.TheComposedOwnersSupplyAuthorizedTransitions.test_the_opened_edge_and_one_integrator_serialize_four_jobs
F.
======================================================================
FAIL: test_the_alternate_schedule_reaches_the_same_completions (tests.tools.test_scheduler_trace.TheComposedOwnersSupplyAuthorizedTransitions.test_the_alternate_schedule_reaches_the_same_completions)
THE SECOND BOUNDED SCHEDULE, C BEFORE A. The same four Jobs, the
----------------------------------------------------------------------
Traceback (most recent call last):
  File "/home/sl/src/baton/v12/python/tests/tools/test_scheduler_trace.py", line 2783, in test_the_alternate_schedule_reaches_the_same_completions
    self.b_and_terminal(held, trace)
    ~~~~~~~~~~~~~~~~~~~^^^^^^^^^^^^^
  File "/home/sl/src/baton/v12/python/tests/tools/test_scheduler_trace.py", line 2637, in b_and_terminal
    self.case.mounted_at(held.composed, attempt),
    ~~~~~~~~~~~~~~~~~~~~^^^^^^^^^^^^^^^^^^^^^^^^
  File "/home/sl/src/baton/v12/python/tests/tools/test_stage_execution.py", line 6962, in mounted_at
    _worker_id, held = self.preparing(composed, attempt_id)
                       ~~~~~~~~~~~~~~^^^^^^^^^^^^^^^^^^^^^^
  File "/home/sl/src/baton/v12/python/tests/tools/test_stage_execution.py", line 6947, in preparing
    self.fail(f"no configured worker prepared attempt {attempt_id!r}")
    ~~~~~~~~~^^^^^^^^^^^^^^^^^^^^^^^^^^^^^^^^^^^^^^^^^^^^^^^^^^^^^^^^^
AssertionError: no configured worker prepared attempt 'attempt-32e40136cfde1b283a9f8ccfa354ec4d268b64ddffe3dd9c41bd1741bd66167e'

----------------------------------------------------------------------
Ran 2 tests in 4.002s

FAILED (failures=1)
