### label: trace-suite-3
### cwd: /home/sl/src/baton/v12/python
### argv: ["env", "PYTHONPATH=src:tools:.", "python3", "-m", "unittest", "tests.tools.test_scheduler_trace"]
### exit: 1
### elapsed_seconds: 0.234207
### STDOUT

### STDERR
E........................
======================================================================
ERROR: test_a_principal_alias_does_not_multiply_capacity (tests.tools.test_scheduler_trace.TheEligibilityAndAliasBoundaries.test_a_principal_alias_does_not_multiply_capacity)
Two configured participants resolving to ONE principal are one
----------------------------------------------------------------------
Traceback (most recent call last):
  File "/home/sl/src/baton/v12/python/tests/tools/test_scheduler_trace.py", line 480, in test_a_principal_alias_does_not_multiply_capacity
    held = [one for one in answer["workers"]
                           ~~~~~~^^^^^^^^^^^
KeyError: 'workers'

----------------------------------------------------------------------
Ran 25 tests in 0.079s

FAILED (errors=1)
