$ env PYTHONPATH=src:tools:. python3 /home/sl/src/baton/work/records/2026/09/finding-v12-deterministic-scheduler-stress/probe-157211-slots.py
WORKS CREATED ['baton.impl', 'baton.impl']
SUBMITTED four jobs
TICK 0 ok
TICK 1 ok
TICK 2 ok
STAGE job-a/implementation implementation worker= implementation-worker
STAGE job-a/review review worker= None
STAGE job-a/integration integration worker= None
STAGE job-b/implementation implementation worker= implementation-worker-b
STAGE job-b/review review worker= None
STAGE job-b/integration integration worker= None
STAGE job-c/implementation implementation worker= None
STAGE job-c/review review worker= None
STAGE job-d/implementation implementation worker= None
STAGE job-d/review review worker= None
Traceback (most recent call last):
  File "/home/sl/src/baton/work/records/2026/09/finding-v12-deterministic-scheduler-stress/probe-157211-slots.py", line 107, in <module>
    print("STATE", one.get("stage_id"), one.get("state"), one.get("reason"))
                   ^^^^^^^
AttributeError: 'str' object has no attribute 'get'
