### label: c1-c3-second
### cwd: /home/sl/src/baton/v12/python
### argv: ["env", "PYTHONPATH=src:tools:.", "python3", "-m", "unittest", "tests.tools.test_scheduler_trace"]
### exit: 1
### elapsed_seconds: 1.413798
### STDOUT

### STDERR
FF....................................
======================================================================
FAIL: test_a_correction_opens_a_second_episode_on_the_same_line (tests.tools.test_scheduler_trace.TheComposedOwnersSupplyAuthorizedTransitions.test_a_correction_opens_a_second_episode_on_the_same_line)
A requested correction is a real authorized transition too, and it
----------------------------------------------------------------------
Traceback (most recent call last):
  File "/home/sl/src/baton/v12/python/tests/tools/test_scheduler_trace.py", line 1042, in test_a_correction_opens_a_second_episode_on_the_same_line
    self.assertEqual(episodes, {2})
    ~~~~~~~~~~~~~~~~^^^^^^^^^^^^^^^
AssertionError: Items in the first set but not the second:
1

======================================================================
FAIL: test_an_accepted_review_is_a_real_authorized_transition (tests.tools.test_scheduler_trace.TheComposedOwnersSupplyAuthorizedTransitions.test_an_accepted_review_is_a_real_authorized_transition)
Job A reaches a genuinely accepted review, and its trace validates.
----------------------------------------------------------------------
Traceback (most recent call last):
  File "/home/sl/src/baton/v12/python/tests/tools/test_scheduler_trace.py", line 1012, in test_an_accepted_review_is_a_real_authorized_transition
    self.assertIn((stage_id, act), acts, (stage_id, act))
    ~~~~~~~~~~~~~^^^^^^^^^^^^^^^^^^^^^^^^^^^^^^^^^^^^^^^^
AssertionError: ('job-a/implementation', 'complete') not found in {('job-a/integration', 'reserve'), ('job-a/implementation', 'offer'), ('job-a/implementation', 'claim'), ('job-a/implementation', 'reserve'), ('job-a/integration', 'accept'), ('job-a/implementation', 'accept'), ('job-a/review', 'claim'), ('job-a/review', 'offer'), ('job-a/review', 'reserve'), ('job-a/review', 'accept'), ('job-a/integration', 'claim'), ('job-a/integration', 'offer')} : ('job-a/implementation', 'complete')

----------------------------------------------------------------------
Ran 38 tests in 1.234s

FAILED (failures=2)
