$ env PYTHONPATH=src:tools:. python3 -m unittest tests.tools.test_scheduler_trace.TheComposedOwnersSupplyAuthorizedTransitions.test_the_opened_edge_and_one_integrator_serialize_four_jobs
F
======================================================================
FAIL: test_the_opened_edge_and_one_integrator_serialize_four_jobs (tests.tools.test_scheduler_trace.TheComposedOwnersSupplyAuthorizedTransitions.test_the_opened_edge_and_one_integrator_serialize_four_jobs)
THE CONTINUATION, and the integration capacity the PLAN asks for.
----------------------------------------------------------------------
Traceback (most recent call last):
  File "/home/sl/src/baton/v12/python/tests/tools/test_scheduler_trace.py", line 2774, in test_the_opened_edge_and_one_integrator_serialize_four_jobs
    self.b_and_terminal(held, trace)
    ~~~~~~~~~~~~~~~~~~~^^^^^^^^^^^^^
  File "/home/sl/src/baton/v12/python/tests/tools/test_scheduler_trace.py", line 2962, in b_and_terminal
    carried = self.every_remaining_import(held, trace, integrated)
  File "/home/sl/src/baton/v12/python/tests/tools/test_scheduler_trace.py", line 3119, in every_remaining_import
    answer = self.reconciled_next(held, trace, done, judged=judged)
  File "/home/sl/src/baton/v12/python/tests/tools/test_scheduler_trace.py", line 3062, in reconciled_next
    self.assertEqual(
    ~~~~~~~~~~~~~~~~^
        len(mine), 3,
        ^^^^^^^^^^^^^
        (sorted(mine), json.dumps(reports[-1], default=str)[:2400]))
        ^^^^^^^^^^^^^^^^^^^^^^^^^^^^^^^^^^^^^^^^^^^^^^^^^^^^^^^^^^^^
AssertionError: 1 != 3 : ([('result-de604de33648e3ee488cfc36144905bd7a4a645c66d387e136f8a57f9deab57d', 'verification')], '{"observed_at": "2026-09-02T00:00:00.000Z", "recovered": null, "observed": 0, "replaced": [], "acts": [{"stage_id": "job-d/integration", "episode": 1, "act": "admit", "outcome": "deferred", "operation_id": "offer.issue:offer-4d6e41bf44e344269c90c8be26708dc7c1c97174a226524d25b65eb6e79bd5ea", "detail": {"category": "refused", "code": "precondition", "message": "stage \'job-d/integration\' has eligible implementation workers but every effective worker/principal capacity is reserved or recovery-required"}}], "started": [{"stage_id": "job-c/integration", "episode": 1, "attempt_id": "attempt-cdb08ccfed6213072a1ee1dd4b754cc37a157cf4a87b032db3d352c1220a1c92", "outcome": "started", "runtime_id": null}], "spoken": [], "refreshed": [{"stage_id": "job-a/implementation", "episode": 1, "attempt_id": "attempt-7b5e070a732d64a31d8830d12147471913947786b9a59376be12eda0e2451571", "state": "not-asked"}, {"stage_id": "job-a/review", "episode": 1, "attempt_id": "attempt-9e961a44d61dec01818eaa862c61ac2ec39af4ad0045fcf9bbb8654da9de4d5c", "state": "not-asked"}, {"stage_id": "job-a/integration", "episode": 1, "attempt_id": "attempt-01128b4b2c5d1932bb6a1bcaf698a441d732b8323acd3b006b69d171f56d87a0", "state": "quiescent"}, {"stage_id": "job-b/implementation", "episode": 1, "attempt_id": "attempt-32e40136cfde1b283a9f8ccfa354ec4d268b64ddffe3dd9c41bd1741bd66167e", "state": "not-asked"}, {"stage_id": "job-b/review", "episode": 1, "attempt_id": "attempt-f9cdd90eed3f470aa95c51511df0192be919613a8e9cfe5458ecfa4d968edf6c", "state": "not-asked"}, {"stage_id": "job-b/integration", "episode": 1, "attempt_id": "attempt-62796b4c802b9582b05e508e99c6a4ea1c6f1b56d2041e374ba5989a004fc63e", "state": "not-asked"}, {"stage_id": "job-c/implementation", "episode": 1, "attempt_id": "attempt-8c68c2357e217301463c1cf3381945be8e11e7d6d5eaa5276d068f9a8beb6e2e", "state": "not-asked"}, {"stage_id": "job-c/review", "episode": 1, "attempt_id": "attempt-f9b537ba4bfd72e89b84bce9444acc10ab76ffa455dd6a52206412637654e524", "state": "not-asked"}, {"stage_id": "job-c/integration", "episode": 1, "attempt_id": "attempt-cdb08ccfed6213072a1ee1dd4b754cc37a157cf4a87b032db3d352c1220a1c92", "state": "not-asked"}, {"stage_id": "job-d/implementation", "episode": 1, "attempt_id": "attempt-e72e9aef28d172e2a75d569adb8219c4dfa0b60c70aeec7ab9017f9e6a050746", "state": "not-asked"}, {"stage_id": "job-d/review", "episode": 1, "attempt_id": "attem')

----------------------------------------------------------------------
Ran 1 test in 7.829s

FAILED (failures=1)
