### label: c1-c3-first
### cwd: /home/sl/src/baton/v12/python
### argv: ["env", "PYTHONPATH=src:tools:.", "python3", "-m", "unittest", "tests.tools.test_scheduler_trace"]
### exit: 1
### elapsed_seconds: 1.406986
### STDOUT

### STDERR
EE....................................
======================================================================
ERROR: test_a_correction_opens_a_second_episode_on_the_same_line (tests.tools.test_scheduler_trace.TheComposedOwnersSupplyAuthorizedTransitions.test_a_correction_opens_a_second_episode_on_the_same_line)
A requested correction is a real authorized transition too, and it
----------------------------------------------------------------------
Traceback (most recent call last):
  File "/home/sl/src/baton/v12/python/tests/tools/test_scheduler_trace.py", line 1037, in test_a_correction_opens_a_second_episode_on_the_same_line
    trace = self.recorded(held, scheduler_trace.Trace(scenario))
  File "/home/sl/src/baton/v12/python/tests/tools/test_scheduler_trace.py", line 984, in recorded
    trace.record(tick, act, **members)
    ~~~~~~~~~~~~^^^^^^^^^^^^^^^^^^^^^^
  File "/home/sl/src/baton/v12/python/tests/tools/scheduler_trace.py", line 243, in record
    raise ValueError(f"{act!r} is not one of {ACTS}")
ValueError: 'accept' is not one of ('submit', 'activate-pool', 'reserve', 'offer', 'claim', 'start', 'complete', 'release', 'reopen', 'observe', 'correct', 'review', 'integrate')

======================================================================
ERROR: test_an_accepted_review_is_a_real_authorized_transition (tests.tools.test_scheduler_trace.TheComposedOwnersSupplyAuthorizedTransitions.test_an_accepted_review_is_a_real_authorized_transition)
Job A reaches a genuinely accepted review, and its trace validates.
----------------------------------------------------------------------
Traceback (most recent call last):
  File "/home/sl/src/baton/v12/python/tests/tools/test_scheduler_trace.py", line 1006, in test_an_accepted_review_is_a_real_authorized_transition
    trace = self.recorded(held, scheduler_trace.Trace(scenario))
  File "/home/sl/src/baton/v12/python/tests/tools/test_scheduler_trace.py", line 984, in recorded
    trace.record(tick, act, **members)
    ~~~~~~~~~~~~^^^^^^^^^^^^^^^^^^^^^^
  File "/home/sl/src/baton/v12/python/tests/tools/scheduler_trace.py", line 243, in record
    raise ValueError(f"{act!r} is not one of {ACTS}")
ValueError: 'accept' is not one of ('submit', 'activate-pool', 'reserve', 'offer', 'claim', 'start', 'complete', 'release', 'reopen', 'observe', 'correct', 'review', 'integrate')

----------------------------------------------------------------------
Ran 38 tests in 1.228s

FAILED (errors=2)
