### label: c1-c3-third
### cwd: /home/sl/src/baton/v12/python
### argv: ["env", "PYTHONPATH=src:tools:.", "python3", "-m", "unittest", "tests.tools.test_scheduler_trace"]
### exit: 1
### elapsed_seconds: 1.428322
### STDOUT

### STDERR
FF....................................
======================================================================
FAIL: test_a_correction_opens_a_second_episode_on_the_same_line (tests.tools.test_scheduler_trace.TheComposedOwnersSupplyAuthorizedTransitions.test_a_correction_opens_a_second_episode_on_the_same_line)
A requested correction is a real authorized transition too, and it
----------------------------------------------------------------------
Traceback (most recent call last):
  File "/home/sl/src/baton/v12/python/tests/tools/test_scheduler_trace.py", line 1085, in test_a_correction_opens_a_second_episode_on_the_same_line
    self.assertEqual(scheduler_trace.validate(artifact), [])
    ~~~~~~~~~~~~~~~~^^^^^^^^^^^^^^^^^^^^^^^^^^^^^^^^^^^^^^^^
AssertionError: Lists differ: [{'code': 'out-of-order', 'detail': 'start[9999 chars]ne}}] != []

First list contains 14 additional elements.
First extra element 0:
{'code': 'out-of-order', 'detail': 'start for attempt attempt-7b5e070a732d64a31d8830d12147471913947786b9a59376be12eda0e2451571 precedes its offer', 'record': {'tick': 3, 'job_id': 'job-a', 'stage_id': 'job-a/implementation', 'episode': 1, 'attempt_id': 'attempt-7b5e070a732d64a31d8830d12147471913947786b9a59376be12eda0e2451571', 'act': 'start', 'outcome': 'performed', 'worker_id': None, 'participant': None, 'principal': None, 'operation_id': 'runtime.start:attempt-7b5e070a732d64a31d8830d12147471913947786b9a59376be12eda0e2451571', 'runtime_id': 'runtime-single-1', 'session_id': None, 'evidence': 'attempt_runtime:attempt-7b5e070a732d64a31d8830d12147471913947786b9a59376be12eda0e2451571', 'cause': None}}

Diff is 13655 characters long. Set self.maxDiff to None to see it.

======================================================================
FAIL: test_an_accepted_review_is_a_real_authorized_transition (tests.tools.test_scheduler_trace.TheComposedOwnersSupplyAuthorizedTransitions.test_an_accepted_review_is_a_real_authorized_transition)
Job A reaches a genuinely accepted review, and its trace validates.
----------------------------------------------------------------------
Traceback (most recent call last):
  File "/home/sl/src/baton/v12/python/tests/tools/test_scheduler_trace.py", line 1043, in test_an_accepted_review_is_a_real_authorized_transition
    self.assertEqual(scheduler_trace.validate(artifact), [])
    ~~~~~~~~~~~~~~~~^^^^^^^^^^^^^^^^^^^^^^^^^^^^^^^^^^^^^^^^
AssertionError: Lists differ: [{'code': 'out-of-order', 'detail': 'start[12122 chars]ne}}] != []

First list contains 18 additional elements.
First extra element 0:
{'code': 'out-of-order', 'detail': 'start for attempt attempt-7b5e070a732d64a31d8830d12147471913947786b9a59376be12eda0e2451571 precedes its offer', 'record': {'tick': 4, 'job_id': 'job-a', 'stage_id': 'job-a/implementation', 'episode': 1, 'attempt_id': 'attempt-7b5e070a732d64a31d8830d12147471913947786b9a59376be12eda0e2451571', 'act': 'start', 'outcome': 'performed', 'worker_id': None, 'participant': None, 'principal': None, 'operation_id': 'runtime.start:attempt-7b5e070a732d64a31d8830d12147471913947786b9a59376be12eda0e2451571', 'runtime_id': 'runtime-single-1', 'session_id': None, 'evidence': 'attempt_runtime:attempt-7b5e070a732d64a31d8830d12147471913947786b9a59376be12eda0e2451571', 'cause': None}}

Diff is 16764 characters long. Set self.maxDiff to None to see it.

----------------------------------------------------------------------
Ran 38 tests in 1.246s

FAILED (failures=2)
