$ env PYTHONPATH=src:tools:. python3 /home/sl/src/baton/work/records/2026/09/finding-v12-deterministic-scheduler-stress/probe-155914-integration.py
job-a after acceptance {"implementation": "completed", "integration": "integrating", "review": "completed"}
job-b after acceptance {"implementation": "completed", "integration": "queued", "review": "completed"}
job-a at integration {"implementation": "completed", "integration": "integrating", "review": "completed"} allocated: integration-worker
job-b at integration {"implementation": "completed", "integration": "queued", "review": "completed"} allocated: None
owed [{"act": "admit", "attempt_id": "attempt-62796b4c802b9582b05e508e99c6a4ea1c6f1b56d2041e374ba5989a004fc63e", "episode": 1, "job_id": "job-b", "kind": "integration", "offer_id": "offer-62796b4c802b9582b05e508e99c6a4ea1c6f1b56d2041e374ba5989a004fc63e", "operation_id": "offer.issue:offer-62796b4c802b9582b05e508e99c6a4ea1c6f1b56d2041e374ba5989a004fc63e", "stage_id": "job-b/integration", "work_id": "0000000a-W2"}]
job-a after 20 more ticks {"implementation": "completed", "integration": "integrating", "review": "completed"} allocated: integration-worker
job-b after 20 more ticks {"implementation": "completed", "integration": "queued", "review": "completed"} allocated: None
job-a live integration episode {"attempt_id": "attempt-01128b4b2c5d1932bb6a1bcaf698a441d732b8323acd3b006b69d171f56d87a0", "ended_at": null, "ended_revision": null, "ended_state": null, "episode": 1, "incarnation": "stage-composed", "offer_id": "offer-01128b4b2c5d1932bb6a1bcaf698a441d732b8323acd3b006b69d171f56d87a0", "opened_at": "2026-09-02T00:00:00.000Z", "stage_id": "job-a/integration"}
  allocation {"allocation_state": "reserved", "assignment_id": "attempt-01128b4b2c5d1932bb6a1bcaf698a441d732b8323acd3b006b69d171f56d87a0", "canonical_principal": "principal:baton.integrator", "episode": 1, "generation": 1, "generation_digest": "sha256:66ccae620713f584a293b6daf1dc56e452b04fd617447ad3cbed1aa563baeb61", "lane": "implementation", "participant": "baton.integrator", "preferred_worker_id": "implementation-worker", "recovery_required_at": null, "release_reason": null, "released_at": null, "reserved_at": "2026-09-02T00:00:00.000Z", "selection_outcome": "fallback", "separation_class": "provider-diverse", "stage_id": "job-a/integration", "variant": "baton.v12.stage-execution-deployment/1", "worker_id": "integration-worker", "worker_profile_digest": "sha256:bbbbbbbbbbbbbbbbbbbbbbbbbbbbbbbbbbbbbbbbbbbbbbbbbbbbbbbbbbbbbbbb", "worker_profile_name": "reference"}
job-b live integration episode {"attempt_id": "attempt-62796b4c802b9582b05e508e99c6a4ea1c6f1b56d2041e374ba5989a004fc63e", "ended_at": null, "ended_revision": null, "ended_state": null, "episode": 1, "incarnation": "stage-composed", "offer_id": "offer-62796b4c802b9582b05e508e99c6a4ea1c6f1b56d2041e374ba5989a004fc63e", "opened_at": "2026-09-02T00:00:00.000Z", "stage_id": "job-b/integration"}
  allocation null
owed act admit job-b/integration
Traceback (most recent call last):
  File "/home/sl/src/baton/work/records/2026/09/finding-v12-deterministic-scheduler-stress/probe-155914-integration.py", line 107, in <module>
    sys.exit(_both())
             ~~~~~^^
  File "/home/sl/src/baton/work/records/2026/09/finding-v12-deterministic-scheduler-stress/probe-155914-integration.py", line 63, in _both
    second_question()
    ~~~~~~~~~~~~~~~^^
  File "/home/sl/src/baton/work/records/2026/09/finding-v12-deterministic-scheduler-stress/probe-155914-integration.py", line 88, in second_question
    answer = reserve(held.job, dict(owed, pool=held.composed))
  File "/home/sl/src/baton/v12/python/src/baton_v12/job_manager/scheduler.py", line 400, in reserve
    return store.transact(operation_id, "allocation.reserve", signature,
           ~~~~~~~~~~~~~~^^^^^^^^^^^^^^^^^^^^^^^^^^^^^^^^^^^^^^^^^^^^^^^
                          perform)
                          ^^^^^^^^
  File "/home/sl/src/baton/v12/python/src/baton_v12/job_manager/store.py", line 695, in transact
    result = action(connection)
  File "/home/sl/src/baton/v12/python/src/baton_v12/job_manager/scheduler.py", line 345, in perform
    (generation, lane, stage["profile_name"], stage["profile_digest"]))
                       ~~~~~^^^^^^^^^^^^^^^^
KeyError: 'profile_name'
