test_a_v11_assignment_cannot_be_cancelled (tests.authority.test_assignment.Cancellation.test_a_v11_assignment_cannot_be_cancelled) ... ok
test_the_fence_and_the_ending_are_one_transaction (tests.authority.test_assignment.Cancellation.test_the_fence_and_the_ending_are_one_transaction) ... ok
test_the_slot_is_freed_immediately_and_only_the_replacement_waits (tests.authority.test_assignment.Cancellation.test_the_slot_is_freed_immediately_and_only_the_replacement_waits) ... ok
test_a_claim_is_refused_for_every_reason_it_should_be (tests.authority.test_assignment.Claiming.test_a_claim_is_refused_for_every_reason_it_should_be) ... ok
test_a_v11_claim_mints_no_generation (tests.authority.test_assignment.Claiming.test_a_v11_claim_mints_no_generation) ... ok
test_blocked_and_parked_work_cannot_be_claimed (tests.authority.test_assignment.Claiming.test_blocked_and_parked_work_cannot_be_claimed) ... ok
test_capacity_is_checked_inside_the_transaction (tests.authority.test_assignment.Claiming.test_capacity_is_checked_inside_the_transaction) ... ok
test_one_participant_holds_one_claim_across_the_whole_deployment (tests.authority.test_assignment.Claiming.test_one_participant_holds_one_claim_across_the_whole_deployment) ... ok
test_the_assignment_is_the_full_four_part_identity (tests.authority.test_assignment.Claiming.test_the_assignment_is_the_full_four_part_identity) ... ok
test_the_first_v12_generation_is_one_and_the_counter_never_reuses (tests.authority.test_assignment.Claiming.test_the_first_v12_generation_is_one_and_the_counter_never_reuses) ... ok
test_a_deployment_grants_only_the_capabilities_the_contract_names (tests.authority.test_assignment.Configuration.test_a_deployment_grants_only_the_capabilities_the_contract_names) ... ok
test_certification_and_permitted_transitions_are_configured_facts (tests.authority.test_assignment.Configuration.test_certification_and_permitted_transitions_are_configured_facts) ... ok
test_policy_is_owned_data_and_round_trips (tests.authority.test_assignment.Configuration.test_policy_is_owned_data_and_round_trips) ... ok
test_a_gate_and_a_phase_are_one_cross_product (tests.authority.test_assignment.Creation.test_a_gate_and_a_phase_are_one_cross_product) ... ok
test_a_work_is_created_unclaimed (tests.authority.test_assignment.Creation.test_a_work_is_created_unclaimed) ... ok
test_active_is_not_a_phase_a_work_can_be_created_in (tests.authority.test_assignment.Creation.test_active_is_not_a_phase_a_work_can_be_created_in) ... ok
test_one_work_id_is_created_once (tests.authority.test_assignment.Creation.test_one_work_id_is_created_once) ... ok
test_a_compare_and_swap_compares_the_work_it_mutates (tests.authority.test_assignment.CutTwoReviewFindings.test_a_compare_and_swap_compares_the_work_it_mutates) ... ok
test_a_gate_is_discharged_by_proof_and_not_by_truthiness (tests.authority.test_assignment.CutTwoReviewFindings.test_a_gate_is_discharged_by_proof_and_not_by_truthiness) ... ok
test_a_missing_assignment_is_the_same_refusal_everywhere (tests.authority.test_assignment.CutTwoReviewFindings.test_a_missing_assignment_is_the_same_refusal_everywhere) ... ok
test_a_plan_revision_needs_a_digest_and_not_merely_something (tests.authority.test_assignment.CutTwoReviewFindings.test_a_plan_revision_needs_a_digest_and_not_merely_something) ... ok
test_every_durable_text_operand_goes_through_one_rule (tests.authority.test_assignment.CutTwoReviewFindings.test_every_durable_text_operand_goes_through_one_rule) ... ok
test_the_backstop_checks_both_directions_of_the_cross_product (tests.authority.test_assignment.CutTwoReviewFindings.test_the_backstop_checks_both_directions_of_the_cross_product) ... ok
test_the_generation_space_is_finite_and_running_out_refuses (tests.authority.test_assignment.CutTwoReviewFindings.test_the_generation_space_is_finite_and_running_out_refuses) ... ok
test_the_history_is_the_whole_life_of_the_assignment (tests.authority.test_assignment.CutTwoReviewFindings.test_the_history_is_the_whole_life_of_the_assignment) ... ok
test_a_fenced_generation_is_told_so_rather_than_told_it_is_stale (tests.authority.test_assignment.EndingAnAssignment.test_a_fenced_generation_is_told_so_rather_than_told_it_is_stale) ... ok
test_a_pass_moves_the_route_and_ends_the_assignment_together (tests.authority.test_assignment.EndingAnAssignment.test_a_pass_moves_the_route_and_ends_the_assignment_together) ... ok
test_a_release_derives_its_own_outcome (tests.authority.test_assignment.EndingAnAssignment.test_a_release_derives_its_own_outcome) ... ok
test_a_stale_same_participant_successor_is_still_stale (tests.authority.test_assignment.EndingAnAssignment.test_a_stale_same_participant_successor_is_still_stale) ... ok
test_an_ending_needs_the_exact_identity (tests.authority.test_assignment.EndingAnAssignment.test_an_ending_needs_the_exact_identity) ... ok
test_every_handler_clear_path_goes_through_one_helper (tests.authority.test_assignment.EndingAnAssignment.test_every_handler_clear_path_goes_through_one_helper) ... ok
test_a_different_fencing_act_is_not_a_committed_cancellation (tests.authority.test_assignment.FencedRouteHandoff.test_a_different_fencing_act_is_not_a_committed_cancellation) ... ok
test_a_fresh_handoff_after_discharge_or_later_claim_refuses (tests.authority.test_assignment.FencedRouteHandoff.test_a_fresh_handoff_after_discharge_or_later_claim_refuses) ... ok
test_a_local_journal_failure_rolls_back_the_route_effect (tests.authority.test_assignment.FencedRouteHandoff.test_a_local_journal_failure_rolls_back_the_route_effect) ... ok
test_a_missing_or_different_committed_operation_is_not_the_fence (tests.authority.test_assignment.FencedRouteHandoff.test_a_missing_or_different_committed_operation_is_not_the_fence) ... ok
test_an_unfenced_generation_with_a_runtime_gate_cannot_route (tests.authority.test_assignment.FencedRouteHandoff.test_an_unfenced_generation_with_a_runtime_gate_cannot_route) ... ok
test_every_changed_operand_collides_with_the_committed_identity (tests.authority.test_assignment.FencedRouteHandoff.test_every_changed_operand_collides_with_the_committed_identity) ... ok
test_foreign_stale_missing_and_v11_assignments_refuse (tests.authority.test_assignment.FencedRouteHandoff.test_foreign_stale_missing_and_v11_assignments_refuse) ... ok
test_lost_answer_replays_after_reopen_and_a_later_route_change (tests.authority.test_assignment.FencedRouteHandoff.test_lost_answer_replays_after_reopen_and_a_later_route_change) ... ok
test_malformed_operands_refuse_without_effects (tests.authority.test_assignment.FencedRouteHandoff.test_malformed_operands_refuse_without_effects) ... ok
test_only_the_next_role_can_claim_and_only_after_absence (tests.authority.test_assignment.FencedRouteHandoff.test_only_the_next_role_can_claim_and_only_after_absence) ... ok
test_the_original_claim_route_cannot_be_replaced_by_todays_route (tests.authority.test_assignment.FencedRouteHandoff.test_the_original_claim_route_cannot_be_replaced_by_todays_route) ... ok
test_the_receipt_and_only_the_route_commit_with_the_gate_intact (tests.authority.test_assignment.FencedRouteHandoff.test_the_receipt_and_only_the_route_commit_with_the_gate_intact) ... ok
test_a_clock_that_FAULTS_is_a_fault_and_still_writes_nothing (tests.authority.test_assignment.GapsIFoundByProbingMyOwnCut.test_a_clock_that_FAULTS_is_a_fault_and_still_writes_nothing) ... ok
test_a_clock_that_lies_about_the_shape_writes_nothing (tests.authority.test_assignment.GapsIFoundByProbingMyOwnCut.test_a_clock_that_lies_about_the_shape_writes_nothing) ... ok
test_a_supplied_expect_is_compared_even_on_an_unclaimed_work (tests.authority.test_assignment.GapsIFoundByProbingMyOwnCut.test_a_supplied_expect_is_compared_even_on_an_unclaimed_work) ... ok
test_a_contract_runtime_gate_needs_a_certified_profile (tests.authority.test_assignment.Gates.test_a_contract_runtime_gate_needs_a_certified_profile) ... ok
test_a_gate_arrival_on_unclaimed_work_ends_nothing (tests.authority.test_assignment.Gates.test_a_gate_arrival_on_unclaimed_work_ends_nothing) ... ok
test_a_gate_arrival_over_a_live_assignment_must_name_it (tests.authority.test_assignment.Gates.test_a_gate_arrival_over_a_live_assignment_must_name_it) ... ok
test_a_pinned_isolation_clause_is_the_other_way_through (tests.authority.test_assignment.Gates.test_a_pinned_isolation_clause_is_the_other_way_through) ... ok
test_a_plan_revision_gate_cannot_be_satisfied_by_the_rejected_plan (tests.authority.test_assignment.Gates.test_a_plan_revision_gate_cannot_be_satisfied_by_the_rejected_plan) ... ok
test_an_unreachable_runtime_is_not_a_dead_one (tests.authority.test_assignment.Gates.test_an_unreachable_runtime_is_not_a_dead_one) ... ok
test_only_the_gate_actually_holding_the_work_can_be_satisfied (tests.authority.test_assignment.Gates.test_only_the_gate_actually_holding_the_work_can_be_satisfied) ... ok
test_a_fenced_generation_stays_inside_the_minted_range (tests.authority.test_assignment.Invariants.test_a_fenced_generation_stays_inside_the_minted_range) ... ok
test_the_backstop_catches_what_no_transition_can_write (tests.authority.test_assignment.Invariants.test_the_backstop_catches_what_no_transition_can_write) ... ok
test_the_backstop_holds_across_every_cut_2_path (tests.authority.test_assignment.Invariants.test_the_backstop_holds_across_every_cut_2_path) ... ok
test_a_projection_is_a_fresh_document_and_not_a_live_row (tests.authority.test_assignment.OwnedAnswers.test_a_projection_is_a_fresh_document_and_not_a_live_row) ... ok
test_a_returned_assignment_is_not_an_alias_of_the_caller_operand (tests.authority.test_assignment.OwnedAnswers.test_a_returned_assignment_is_not_an_alias_of_the_caller_operand) ... ok
test_the_state_a_transition_wrote_survives_a_reopen (tests.authority.test_assignment.Restart.test_the_state_a_transition_wrote_survives_a_reopen) ... ok
test_another_session_cannot_route_or_replay_the_original_participants_handoff (tests.authority.test_session.FencedRouteSession.test_another_session_cannot_route_or_replay_the_original_participants_handoff) ... ok
test_missing_extra_and_caller_supplied_identity_operands_refuse (tests.authority.test_session.FencedRouteSession.test_missing_extra_and_caller_supplied_identity_operands_refuse) ... ok
test_the_explicit_session_act_commits_and_replays_the_original_receipt (tests.authority.test_session.FencedRouteSession.test_the_explicit_session_act_commits_and_replays_the_original_receipt) ... ok
test_a_transition_takes_exactly_one_built_in_operand_document (tests.authority.test_session.FinalReviewFindings.test_a_transition_takes_exactly_one_built_in_operand_document) ... ok
test_bootstrap_collision_refusal_is_bounded_by_the_rule (tests.authority.test_session.FinalReviewFindings.test_bootstrap_collision_refusal_is_bounded_by_the_rule) ... ok
test_capability_refusal_is_bounded_by_the_rule (tests.authority.test_session.FinalReviewFindings.test_capability_refusal_is_bounded_by_the_rule) ... ok
test_many_rejected_names_become_a_bounded_sample_and_a_count (tests.authority.test_session.FinalReviewFindings.test_many_rejected_names_become_a_bounded_sample_and_a_count) ... ok
test_session_refusals_are_bounded_by_the_rule_not_caller_text (tests.authority.test_session.FinalReviewFindings.test_session_refusals_are_bounded_by_the_rule_not_caller_text) ... ok
test_the_repr_is_bounded_too (tests.authority.test_session.FinalReviewFindings.test_the_repr_is_bounded_too) ... ok
test_the_sample_is_a_sample_only_when_there_is_more_to_show (tests.authority.test_session.FinalReviewFindings.test_the_sample_is_a_sample_only_when_there_is_more_to_show) ... ok
test_a_session_is_bound_to_one_named_participant (tests.authority.test_session.Minting.test_a_session_is_bound_to_one_named_participant) ... ok
test_a_session_is_minted_and_never_constructed (tests.authority.test_session.Minting.test_a_session_is_minted_and_never_constructed) ... ok
test_a_session_reaches_no_configuration_and_no_store (tests.authority.test_session.Minting.test_a_session_reaches_no_configuration_and_no_store) ... ok
test_the_surface_is_enumerated_rather_than_derived (tests.authority.test_session.Minting.test_the_surface_is_enumerated_rather_than_derived) ... ok
test_the_two_faces_are_disjoint_by_construction (tests.authority.test_session.Minting.test_the_two_faces_are_disjoint_by_construction) ... ok
test_a_missing_required_operand_says_which (tests.authority.test_session.OneOwnedOperandDocument.test_a_missing_required_operand_says_which) ... ok
test_an_operand_supplied_and_ignored_would_be_one_the_caller_chose (tests.authority.test_session.OneOwnedOperandDocument.test_an_operand_supplied_and_ignored_would_be_one_the_caller_chose) ... ok
test_the_answers_are_fresh_owned_built_ins (tests.authority.test_session.OneOwnedOperandDocument.test_the_answers_are_fresh_owned_built_ins) ... ok
test_the_operands_are_taken_once_and_never_read_again (tests.authority.test_session.OneOwnedOperandDocument.test_the_operands_are_taken_once_and_never_read_again) ... ok
test_the_operands_must_be_a_document (tests.authority.test_session.OneOwnedOperandDocument.test_the_operands_must_be_a_document) ... ok
test_a_session_acts_only_on_its_own_assignments (tests.authority.test_session.TheBindingIsTheIdentity.test_a_session_acts_only_on_its_own_assignments) ... ok
test_a_supplied_identity_is_refused_and_never_dropped (tests.authority.test_session.TheBindingIsTheIdentity.test_a_supplied_identity_is_refused_and_never_dropped) ... ok
test_close_is_authorized_by_capability_and_not_by_authorship (tests.authority.test_session.TheBindingIsTheIdentity.test_close_is_authorized_by_capability_and_not_by_authorship) ... ok
test_the_claimant_is_the_binding (tests.authority.test_session.TheBindingIsTheIdentity.test_the_claimant_is_the_binding) ... ok
test_the_receipt_actor_is_the_binding (tests.authority.test_session.TheBindingIsTheIdentity.test_the_receipt_actor_is_the_binding) ... ok
test_a_full_workflow_runs_end_to_end_through_sessions_only (tests.authority.test_session.TheWholeSurfaceWorksThroughTheSession.test_a_full_workflow_runs_end_to_end_through_sessions_only) ... ok
test_every_read_answers_through_the_session (tests.authority.test_session.TheWholeSurfaceWorksThroughTheSession.test_every_read_answers_through_the_session) ... ok
test_install_gate_over_an_unclaimed_work_needs_no_assignment (tests.authority.test_session.TheWholeSurfaceWorksThroughTheSession.test_install_gate_over_an_unclaimed_work_needs_no_assignment) ... ok
test_the_gate_and_settlement_surfaces_are_reachable (tests.authority.test_session.TheWholeSurfaceWorksThroughTheSession.test_the_gate_and_settlement_surfaces_are_reachable) ... ok

----------------------------------------------------------------------
Ran 88 tests in 0.170s

OK
