................................................................................................................................................................................................................................................................................................................FF..................................................
======================================================================
FAIL: test_a_fence_that_did_not_fence_leaves_everything_unresolved (tests.tools.test_dogfood_operator.TheRecoveryNeverAdoptsAnOlderIncarnationsRuntime.test_a_fence_that_did_not_fence_leaves_everything_unresolved) (fence='not true')
THE PAIRED REFUSAL. A fence answer that is absent, false or about
----------------------------------------------------------------------
Traceback (most recent call last):
  File "/home/sl/src/baton/v12/python/tests/tools/test_dogfood_operator.py", line 7135, in test_a_fence_that_did_not_fence_leaves_everything_unresolved
    self.assertEqual(status, 1)
    ~~~~~~~~~~~~~~~~^^^^^^^^^^^
AssertionError: 0 != 1

======================================================================
FAIL: test_a_fence_that_did_not_fence_leaves_everything_unresolved (tests.tools.test_dogfood_operator.TheRecoveryNeverAdoptsAnOlderIncarnationsRuntime.test_a_fence_that_did_not_fence_leaves_everything_unresolved) (fence='another assignment')
THE PAIRED REFUSAL. A fence answer that is absent, false or about
----------------------------------------------------------------------
Traceback (most recent call last):
  File "/home/sl/src/baton/v12/python/tests/tools/test_dogfood_operator.py", line 7135, in test_a_fence_that_did_not_fence_leaves_everything_unresolved
    self.assertEqual(status, 1)
    ~~~~~~~~~~~~~~~~^^^^^^^^^^^
AssertionError: 0 != 1

----------------------------------------------------------------------
Ran 355 tests in 3.984s

FAILED (failures=2)
