DEPRECATED: The legacy builder is deprecated and will be removed in a future release.
            Install the buildx component to build images with BuildKit:
            https://docs.docker.com/go/buildx/

Sending build context to Docker daemon    278kB
Step 1/8 : FROM sha256:0697b6595aff0af2a39a81d492223bf33cf69877426ec859fe1abb90abd617e4
 ---> 0697b6595aff
Step 2/8 : COPY worker/baton_worker.py /opt/baton/baton_worker.py
 ---> 9633394b74cd
Step 3/8 : COPY worker/attempt_log_format.py /opt/baton/attempt_log_format.py
 ---> 9384dd2e169e
Step 4/8 : COPY worker/scripted_agent.py /opt/baton/scripted_agent.py
 ---> e25c8cd35a2c
Step 5/8 : COPY worker/worker-control-1.0.schema.json /opt/baton/worker-control-1.0.schema.json
 ---> c1a27558f7f3
Step 6/8 : COPY python/src/baton_v12/source_profiles /opt/baton/source_profiles
 ---> 0af0978e3dba
Step 7/8 : USER 65532:65532
 ---> Running in c5cbd4e06bdb
 ---> Removed intermediate container c5cbd4e06bdb
 ---> 88305dc70840
Step 8/8 : ENTRYPOINT ["python3", "/opt/baton/baton_worker.py"]
 ---> Running in 38f2927ca7aa
 ---> Removed intermediate container 38f2927ca7aa
 ---> 23edb0ca2a9a
Successfully built 23edb0ca2a9a
