test_unchanged_predecessor_artifacts_still_validate_without_execution (tests.tools.test_correction_restart.UsefulCorrection.test_unchanged_predecessor_artifacts_still_validate_without_execution) ... ok
test_useful_correction_reaches_managed_target (tests.tools.test_correction_restart.UsefulCorrection.test_useful_correction_reaches_managed_target) ... FAIL

======================================================================
FAIL: test_useful_correction_reaches_managed_target (tests.tools.test_correction_restart.UsefulCorrection.test_useful_correction_reaches_managed_target)
----------------------------------------------------------------------
Traceback (most recent call last):
  File "/home/sl/src/baton/v12/python/tests/tools/test_correction_restart.py", line 30, in test_useful_correction_reaches_managed_target
    self.assertEqual(proof.validate(observed), [])
    ~~~~~~~~~~~~~~~~^^^^^^^^^^^^^^^^^^^^^^^^^^^^^^
AssertionError: Lists differ: [{'code': 'C1-review-mount'}, {'code': 'C1[85 chars]ne'}] != []

First list contains 4 additional elements.
First extra element 0:
{'code': 'C1-review-mount'}

+ []
- [{'code': 'C1-review-mount'},
-  {'code': 'C1-review-writable-line'},
-  {'code': 'C1-review-mount'},
-  {'code': 'C1-review-writable-line'}]

----------------------------------------------------------------------
Ran 2 tests in 2.715s

FAILED (failures=1)
