test_useful_correction_reaches_managed_target (tests.tools.test_correction_restart.UsefulCorrection.test_useful_correction_reaches_managed_target) ... FAIL

======================================================================
FAIL: test_useful_correction_reaches_managed_target (tests.tools.test_correction_restart.UsefulCorrection.test_useful_correction_reaches_managed_target)
----------------------------------------------------------------------
Traceback (most recent call last):
  File "/home/sl/src/baton/v12/python/tests/tools/test_correction_restart.py", line 15, in test_useful_correction_reaches_managed_target
    artifact = world.run_scenario()
  File "/home/sl/src/baton/v12/python/tests/tools/correction_restart_trace.py", line 271, in run_scenario
    self.fail(json.dumps({"reports": meaningful[-1:], "logs": logs, "retained": retained}, indent=2))
    ~~~~~~~~~^^^^^^^^^^^^^^^^^^^^^^^^^^^^^^^^^^^^^^^^^^^^^^^^^^^^^^^^^^^^^^^^^^^^^^^^^^^^^^^^^^^^^^^^
AssertionError: {
  "reports": [
    {
      "observed_at": "2026-09-02T00:00:00.000Z",
      "recovered": null,
      "observed": 0,
      "replaced": [],
      "acts": [],
      "started": [
        {
          "stage_id": "job-a/integration",
          "episode": 1,
          "attempt_id": "attempt-01128b4b2c5d1932bb6a1bcaf698a441d732b8323acd3b006b69d171f56d87a0",
          "outcome": "started",
          "runtime_id": null
        }
      ],
      "spoken": [],
      "refreshed": [
        {
          "stage_id": "job-a/implementation",
          "episode": 2,
          "attempt_id": "attempt-965a8ab887c7ad695594841e7bcfa101adaca7f42f72cbff9691f55f3a2157aa",
          "state": "not-asked"
        },
        {
          "stage_id": "job-a/review",
          "episode": 2,
          "attempt_id": "attempt-8e00f40b5b4a0afbcdf88da34c6f8169a1ae6997e38f1a35b55905aa790da605",
          "state": "not-asked"
        },
        {
          "stage_id": "job-a/integration",
          "episode": 1,
          "attempt_id": "attempt-01128b4b2c5d1932bb6a1bcaf698a441d732b8323acd3b006b69d171f56d87a0",
          "state": "not-asked"
        }
      ]
    }
  ],
  "logs": {
    "apply-9.log": "",
    "prepare-5.log": ""
  },
  "retained": {
    "integration:attempt-01128b4b2c5d1932bb6a1bcaf698a441d732b8323acd3b006b69d171f56d87a0": {
      "managed_result_id": "integration:attempt-01128b4b2c5d1932bb6a1bcaf698a441d732b8323acd3b006b69d171f56d87a0",
      "orchestration_id": "integration:attempt-01128b4b2c5d1932bb6a1bcaf698a441d732b8323acd3b006b69d171f56d87a0",
      "canonical_target_id": "target-1",
      "target_revision": "27bf10dbf2a6de52684b605a819ef57ef26770af",
      "authority_uuid": "0000000a000000000000000000000000",
      "work_id": "0000000a-W1",
      "job_id": "job-a",
      "line_id": "line-c71b47a3a4cf6f0cc88a98e204fb287b8e95c4a293d3d7dc4990627855b92c7a",
      "source_checkpoint_id": "checkpoint-2349b77804cdc13bda2a1c0e8d4b3a5af0ae165cdf615610b5b5a46a1dd8eb1c",
      "source_verdict_id": "verdict-ea0c5b82fa980fb3c112aa5a234dc4d17f42306ee0da35680d538bd5cbc01348",
      "source_proposal_id": "integration-driver.proposal:c1788c7a336abb803746c59a335b3173c5cb383051202a8fde363c26297d262d",
      "source_result_id": "result-attempt-965a8ab887c7ad695594841e7bcfa101adaca7f42f72cbff9691f55f3a2157aa",
      "source_result_digest": "sha256:dff51ed5aadc3e870cb69b37966d5c408b608913461e458499eb843984fc3339",
      "source_checkpoint_digest": "sha256:450a03c251679bb1900d00ece5973173bdae9192ee38fdbfa01e249a277690a5",
      "source_base": "27bf10dbf2a6de52684b605a819ef57ef26770af",
      "source_candidate": "44319a150fb9fbf53f3c457cc2f7303d63996776",
      "state": "authorized",
      "reason": null,
      "prepared": {
        "head": "a79960631a179e13edb2c93023bb01c30b938d9b",
        "integration_assignment": {
          "generation": 5,
          "participant": "baton.integrator",
          "work_ref": {
            "authority_uuid": "0000000a000000000000000000000000",
            "work_id": "0000000a-W1"
          }
        },
        "preparation": {
          "assignment": {
            "generation": 1,
            "participant": "baton.integrator",
            "work_ref": {
              "authority_uuid": "0000000a000000000000000000000000",
              "work_id": "0000000a-W47984398722361"
            }
          },
          "candidate": {
            "artifact_id": "prepare-2ba43d0a6538f876fc8c7fb6e28f6f2951e327e807ad11d4a6fdf3aa8de8c3d0:prepared-candidate",
            "bytes": 166,
            "content_digest": "sha256:cc934e8d7dcb39871645c0f670fb75a27a48c1e57553c784e77944e57833bd4d"
          },
          "canonical_target_id": "target-1",
          "collected": {
            "custody": "accepted",
            "disposition": "completed",
            "manifest_digest": "sha256:92e570f9d9108124874419c536e68d09e4f22b44f1dc14f77b2ef18789222d37",
            "report": {
              "artifact_id": "prepare-2ba43d0a6538f876fc8c7fb6e28f6f2951e327e807ad11d4a6fdf3aa8de8c3d0:preparation-report",
              "bytes": 3361,
              "content_digest": "sha256:2679420bb5b34317e65b152d248c0f1cad7b99ab0fae5b61e731b0d8cd4799cf"
            },
            "result_id": "result-prepare-2ba43d0a6538f876fc8c7fb6e28f6f2951e327e807ad11d4a6fdf3aa8de8c3d0"
          },
          "derived_candidate": {
            "base": "27bf10dbf2a6de52684b605a819ef57ef26770af",
            "candidate": "44319a150fb9fbf53f3c457cc2f7303d63996776",
            "revision": "a79960631a179e13edb2c93023bb01c30b938d9b",
            "target_revision": "27bf10dbf2a6de52684b605a819ef57ef26770af",
            "tree": "e09ce7780adf98089bca406002bee5f152c99cf7"
          },
          "execution_attempt_id": "prepare-2ba43d0a6538f876fc8c7fb6e28f6f2951e327e807ad11d4a6fdf3aa8de8c3d0",
          "harness_digest": "sha256:b4ef3a1a2978cedc6f442e71d7e7d7a74b23f85fdd79e9b9dea6a07a445d7cfd",
          "managed_result_id": "integration:attempt-01128b4b2c5d1932bb6a1bcaf698a441d732b8323acd3b006b69d171f56d87a0",
          "objects": {
            "artifact_id": "prepare-2ba43d0a6538f876fc8c7fb6e28f6f2951e327e807ad11d4a6fdf3aa8de8c3d0:prepared-objects",
            "bytes": 1465,
            "content_digest": "sha256:2ce5de31036fd5e8a26a9d562adc41eee2c8ca4e1cfdb95c23ed869d34fded22"
          },
          "orchestration_id": "integration:attempt-01128b4b2c5d1932bb6a1bcaf698a441d732b8323acd3b006b69d171f56d87a0",
          "report": {
            "completed": [
              {
                "name": "combined",
                "status": 0
              },
              {
                "name": "base",
                "status": 1
              },
              {
                "name": "isolated",
                "status": 0
              }
            ],
            "execution_attempt_id": "prepare-2ba43d0a6538f876fc8c7fb6e28f6f2951e327e807ad11d4a6fdf3aa8de8c3d0",
            "kind": "measured",
            "not_run": [],
            "phase": "prepare",
            "schema": "baton.v12.managed-integration-report/1",
            "status": 1,
            "tag": null
          },
          "request_digest": "sha256:2b37a20aa24db804f3f7889393bf10ebb88f958b7c747c5540e2332fb7e8ff75",
          "schema": "baton.v12.managed-prepared-candidate/1",
          "source": {
            "base": "27bf10dbf2a6de52684b605a819ef57ef26770af",
            "candidate": "44319a150fb9fbf53f3c457cc2f7303d63996776",
            "target_revision": "27bf10dbf2a6de52684b605a819ef57ef26770af"
          },
          "states": {
            "base": {
              "content": {
                "entries": [
                  {
                    "bytes": 100,
                    "content_digest": "sha256:b4ef3a1a2978cedc6f442e71d7e7d7a74b23f85fdd79e9b9dea6a07a445d7cfd",
                    "path": "harness.py"
                  },
                  {
                    "bytes": 27,
                    "content_digest": "sha256:a24a308d115423bd0e6dc7ba14f8d173a6d6b315d4b8039c28210e5ea4686236",
                    "path": "worker-task.txt"
                  }
                ],
                "entry_count": 2,
                "total_bytes": 127,
                "tree_digest": "sha256:08aeb1ae1a5f40bc5809b927a2da2316ab62ff7253bda96c2c9f0a6fbb09377e"
              },
              "revision": "27bf10dbf2a6de52684b605a819ef57ef26770af"
            },
            "combined": {
              "content": {
                "entries": [
                  {
                    "bytes": 100,
                    "content_digest": "sha256:b4ef3a1a2978cedc6f442e71d7e7d7a74b23f85fdd79e9b9dea6a07a445d7cfd",
                    "path": "harness.py"
                  },
                  {
                    "bytes": 39,
                    "content_digest": "sha256:671970c246a1a1322cb6315e53a8eeba5e125b4fb32e18a70bf1c026fde58e81",
                    "path": "scale.py"
                  },
                  {
                    "bytes": 27,
                    "content_digest": "sha256:a24a308d115423bd0e6dc7ba14f8d173a6d6b315d4b8039c28210e5ea4686236",
                    "path": "worker-task.txt"
                  }
                ],
                "entry_count": 3,
                "total_bytes": 166,
                "tree_digest": "sha256:cc934e8d7dcb39871645c0f670fb75a27a48c1e57553c784e77944e57833bd4d"
              },
              "revision": "a79960631a179e13edb2c93023bb01c30b938d9b"
            },
            "isolated": {
              "content": {
                "entries": [
                  {
                    "bytes": 100,
                    "content_digest": "sha256:b4ef3a1a2978cedc6f442e71d7e7d7a74b23f85fdd79e9b9dea6a07a445d7cfd",
                    "path": "harness.py"
                  },
                  {
                    "bytes": 39,
                    "content_digest": "sha256:671970c246a1a1322cb6315e53a8eeba5e125b4fb32e18a70bf1c026fde58e81",
                    "path": "scale.py"
                  },
                  {
                    "bytes": 27,
                    "content_digest": "sha256:a24a308d115423bd0e6dc7ba14f8d173a6d6b315d4b8039c28210e5ea4686236",
                    "path": "worker-task.txt"
                  }
                ],
                "entry_count": 3,
                "total_bytes": 166,
                "tree_digest": "sha256:cc934e8d7dcb39871645c0f670fb75a27a48c1e57553c784e77944e57833bd4d"
              },
              "revision": "44319a150fb9fbf53f3c457cc2f7303d63996776"
            }
          },
          "target_revision": "27bf10dbf2a6de52684b605a819ef57ef26770af"
        },
        "tree": "e09ce7780adf98089bca406002bee5f152c99cf7"
      },
      "content_digest": "sha256:d4a133d3f17f1c7fb464bdfc68de6cef0ec16c76927c794c6947143c5895bcae",
      "evidence": {
        "approval": {
          "actor": "baton.approver",
          "candidate_digest": "a79960631a179e13edb2c93023bb01c30b938d9b",
          "decision": {
            "effective_scope": "scope:deployment",
            "endpoint": "baton.approver",
            "grant": "direct",
            "policy_generation": 13,
            "principal": "principal:baton.approver",
            "role": "approve"
          },
          "disposition": "approved",
          "kind": "approval",
          "policy_generation": 13,
          "proposal_id": "proposal-managed-integration:attempt-01128b4b2c5d1932bb6a1bcaf698a441d732b8323acd3b006b69d171f56d87a0",
          "receipt_id": "judgment-d0fa1ca7ab3d0837207e9b738cc00ed31c4d5a0d02c709f34f80d79789af3869",
          "recorded_at": "2026-09-15T18:39:52.673Z",
          "target": "27bf10dbf2a6de52684b605a819ef57ef26770af"
        },
        "review": {
          "actor": "baton.approver-review",
          "candidate_digest": "a79960631a179e13edb2c93023bb01c30b938d9b",
          "decision": {
            "effective_scope": "scope:deployment",
            "endpoint": "baton.approver-review",
            "grant": "direct",
            "policy_generation": 13,
            "principal": "principal:baton.approver-review",
            "role": "review"
          },
          "disposition": "accepted",
          "kind": "review",
          "policy_generation": null,
          "proposal_id": "proposal-managed-integration:attempt-01128b4b2c5d1932bb6a1bcaf698a441d732b8323acd3b006b69d171f56d87a0",
          "receipt_id": "judgment-b0f3bc0baa698942ff82037ec4769ff82a4c80ee0f5daf7898dbad6a2be21457",
          "recorded_at": "2026-09-15T18:39:52.672Z",
          "target": "27bf10dbf2a6de52684b605a819ef57ef26770af"
        },
        "verification": {
          "actor": "baton.verifier",
          "candidate_digest": "a79960631a179e13edb2c93023bb01c30b938d9b",
          "decision": {
            "effective_scope": "scope:deployment",
            "endpoint": "baton.verifier",
            "grant": "direct",
            "policy_generation": 13,
            "principal": "principal:baton.verifier",
            "role": "verify"
          },
          "disposition": "passed",
          "kind": "verification",
          "policy_generation": null,
          "proposal_id": "proposal-managed-integration:attempt-01128b4b2c5d1932bb6a1bcaf698a441d732b8323acd3b006b69d171f56d87a0",
          "receipt_id": "judgment-3aee17de57eee36a32321e6feb4060e8c7eeb49bc95e1be65cae2774ebfce0fe",
          "recorded_at": "2026-09-15T18:39:52.671Z",
          "target": "27bf10dbf2a6de52684b605a819ef57ef26770af"
        }
      },
      "causal_observations": {
        "completed": [
          {
            "harness_added": false,
            "name": "combined",
            "status": 0
          },
          {
            "harness_added": true,
            "name": "base",
            "status": 1
          },
          {
            "harness_added": false,
            "name": "isolated",
            "status": 0
          }
        ],
        "derived_candidate": {
          "base": "27bf10dbf2a6de52684b605a819ef57ef26770af",
          "candidate": "44319a150fb9fbf53f3c457cc2f7303d63996776",
          "revision": "a79960631a179e13edb2c93023bb01c30b938d9b",
          "target_revision": "27bf10dbf2a6de52684b605a819ef57ef26770af",
          "tree": "e09ce7780adf98089bca406002bee5f152c99cf7"
        },
        "harness_digest": "sha256:b4ef3a1a2978cedc6f442e71d7e7d7a74b23f85fdd79e9b9dea6a07a445d7cfd",
        "harness_measured_digest": "sha256:b4ef3a1a2978cedc6f442e71d7e7d7a74b23f85fdd79e9b9dea6a07a445d7cfd",
        "input_content": {
          "entries": [
            {
              "bytes": 1379,
              "content_digest": "sha256:9c3bb81a4d8223063757eb75f65f4457713f585ef34df4bfec8da1cd2e1fe19e",
              "path": "objects.bundle"
            }
          ],
          "entry_count": 1,
          "total_bytes": 1379,
          "tree_digest": "sha256:95f0450d5040c75e8d8d0cfcb3c8f5ae001a6b128fbb152c4b42ab83e9c64546"
        },
        "kind": "measured",
        "not_run": [],
        "orchestration_id": "integration:attempt-01128b4b2c5d1932bb6a1bcaf698a441d732b8323acd3b006b69d171f56d87a0",
        "output": [
          {
            "name": "combined",
            "output": "verified multiplier 3\n"
          },
          {
            "name": "base",
            "output": "Traceback (most recent call last):\n  File \"/home/sl/src/baton/v12/python/v12-w71917-tmgvw42p/prepare-scratch/base/harness.py\", line 1, in <module>\n    from scale import scale\nModuleNotFoundError: No module named 'scale'\n"
          },
          {
            "name": "isolated",
            "output": "verified multiplier 3\n"
          }
        ],
        "phase": null,
        "schema": "baton.v12.managed-preparation-report/1",
        "source": {
          "base": "27bf10dbf2a6de52684b605a819ef57ef26770af",
          "candidate": "44319a150fb9fbf53f3c457cc2f7303d63996776",
          "target_revision": "27bf10dbf2a6de52684b605a819ef57ef26770af"
        },
        "states": {
          "base": {
            "content": {
              "entries": [
                {
                  "bytes": 100,
                  "content_digest": "sha256:b4ef3a1a2978cedc6f442e71d7e7d7a74b23f85fdd79e9b9dea6a07a445d7cfd",
                  "path": "harness.py"
                },
                {
                  "bytes": 27,
                  "content_digest": "sha256:a24a308d115423bd0e6dc7ba14f8d173a6d6b315d4b8039c28210e5ea4686236",
                  "path": "worker-task.txt"
                }
              ],
              "entry_count": 2,
              "total_bytes": 127,
              "tree_digest": "sha256:08aeb1ae1a5f40bc5809b927a2da2316ab62ff7253bda96c2c9f0a6fbb09377e"
            },
            "revision": "27bf10dbf2a6de52684b605a819ef57ef26770af"
          },
          "combined": {
            "content": {
              "entries": [
                {
                  "bytes": 100,
                  "content_digest": "sha256:b4ef3a1a2978cedc6f442e71d7e7d7a74b23f85fdd79e9b9dea6a07a445d7cfd",
                  "path": "harness.py"
                },
                {
                  "bytes": 39,
                  "content_digest": "sha256:671970c246a1a1322cb6315e53a8eeba5e125b4fb32e18a70bf1c026fde58e81",
                  "path": "scale.py"
                },
                {
                  "bytes": 27,
                  "content_digest": "sha256:a24a308d115423bd0e6dc7ba14f8d173a6d6b315d4b8039c28210e5ea4686236",
                  "path": "worker-task.txt"
                }
              ],
              "entry_count": 3,
              "total_bytes": 166,
              "tree_digest": "sha256:cc934e8d7dcb39871645c0f670fb75a27a48c1e57553c784e77944e57833bd4d"
            },
            "revision": "a79960631a179e13edb2c93023bb01c30b938d9b"
          },
          "isolated": {
            "content": {
              "entries": [
                {
                  "bytes": 100,
                  "content_digest": "sha256:b4ef3a1a2978cedc6f442e71d7e7d7a74b23f85fdd79e9b9dea6a07a445d7cfd",
                  "path": "harness.py"
                },
                {
                  "bytes": 39,
                  "content_digest": "sha256:671970c246a1a1322cb6315e53a8eeba5e125b4fb32e18a70bf1c026fde58e81",
                  "path": "scale.py"
                },
                {
                  "bytes": 27,
                  "content_digest": "sha256:a24a308d115423bd0e6dc7ba14f8d173a6d6b315d4b8039c28210e5ea4686236",
                  "path": "worker-task.txt"
                }
              ],
              "entry_count": 3,
              "total_bytes": 166,
              "tree_digest": "sha256:cc934e8d7dcb39871645c0f670fb75a27a48c1e57553c784e77944e57833bd4d"
            },
            "revision": "44319a150fb9fbf53f3c457cc2f7303d63996776"
          }
        },
        "status": 1,
        "tag": null
      },
      "observed_by": "baton.integrator",
      "policy_generation": 13,
      "derived_proposal_id": "proposal-managed-integration:attempt-01128b4b2c5d1932bb6a1bcaf698a441d732b8323acd3b006b69d171f56d87a0",
      "derived_result_id": "derived-managed-integration:attempt-01128b4b2c5d1932bb6a1bcaf698a441d732b8323acd3b006b69d171f56d87a0",
      "derived_result_digest": "sha256:7ffa587087dea825914c478f0dbd309a22508a27bb91ac79d5b4c7faec2210d8",
      "entry_id": null,
      "recorded_at": "2026-09-02T00:00:00.000Z",
      "phases": {
        "prepare": {
          "task": {
            "schema": "baton.v12.managed-integration-task/1",
            "phase": "prepare",
            "orchestration_id": "integration:attempt-01128b4b2c5d1932bb6a1bcaf698a441d732b8323acd3b006b69d171f56d87a0",
            "canonical_target_id": "target-1",
            "execution_attempt_id": "prepare-2ba43d0a6538f876fc8c7fb6e28f6f2951e327e807ad11d4a6fdf3aa8de8c3d0",
            "assignment": {
              "generation": 1,
              "participant": "baton.integrator",
              "work_ref": {
                "authority_uuid": "0000000a000000000000000000000000",
                "work_id": "0000000a-W47984398722361"
              }
            },
            "task_digest": "sha256:2b37a20aa24db804f3f7889393bf10ebb88f958b7c747c5540e2332fb7e8ff75",
            "input_digest": "sha256:95f0450d5040c75e8d8d0cfcb3c8f5ae001a6b128fbb152c4b42ab83e9c64546",
            "harness_digest": "sha256:b4ef3a1a2978cedc6f442e71d7e7d7a74b23f85fdd79e9b9dea6a07a445d7cfd",
            "execution_limits": {
              "boundaries": {
                "host_verification": {
                  "default_seconds": 300,
                  "origin": "compatibility",
                  "seconds": 300,
                  "setting": "verification_command_seconds"
                },
                "integration_verification": {
                  "default_seconds": 1800,
                  "origin": "compatibility",
                  "seconds": 1800,
                  "setting": "verification_command_seconds"
                },
                "ordinary_verification": {
                  "default_seconds": 900,
                  "origin": "compatibility",
                  "seconds": 900,
                  "setting": "verification_command_seconds"
                },
                "provider_turn": {
                  "default_seconds": 3600,
                  "origin": "compatibility",
                  "seconds": 3600,
                  "setting": "provider_turn_seconds"
                }
              },
              "compatibility_generation": 1,
              "requested": {},
              "scope": "per-invocation",
              "units": "seconds"
            },
            "parent": null,
            "commands": [
              "combined",
              "base",
              "isolated"
            ]
          },
          "result": {
            "schema": "baton.v12.managed-integration-result/1",
            "orchestration_id": "integration:attempt-01128b4b2c5d1932bb6a1bcaf698a441d732b8323acd3b006b69d171f56d87a0",
            "phase": "prepare",
            "execution_attempt_id": "prepare-2ba43d0a6538f876fc8c7fb6e28f6f2951e327e807ad11d4a6fdf3aa8de8c3d0",
            "assignment": {
              "generation": 1,
              "participant": "baton.integrator",
              "work_ref": {
                "authority_uuid": "0000000a000000000000000000000000",
                "work_id": "0000000a-W47984398722361"
              }
            },
            "canonical_target_id": "target-1",
            "report": {
              "schema": "baton.v12.managed-integration-report/1",
              "kind": "measured",
              "phase": "prepare",
              "execution_attempt_id": "prepare-2ba43d0a6538f876fc8c7fb6e28f6f2951e327e807ad11d4a6fdf3aa8de8c3d0",
              "status": 1,
              "tag": null,
              "completed": [
                {
                  "name": "combined",
                  "status": 0
                },
                {
                  "name": "base",
                  "status": 1
                },
                {
                  "name": "isolated",
                  "status": 0
                }
              ],
              "not_run": []
            },
            "collected": {
              "disposition": "completed",
              "manifest_digest": "sha256:92e570f9d9108124874419c536e68d09e4f22b44f1dc14f77b2ef18789222d37",
              "result_id": "result-prepare-2ba43d0a6538f876fc8c7fb6e28f6f2951e327e807ad11d4a6fdf3aa8de8c3d0"
            }
          }
        }
      }
    }
  }
}

----------------------------------------------------------------------
Ran 1 test in 2.547s

FAILED (failures=1)
