{
  "argv": [
    "python3",
    "/home/sl/src/baton/work/records/2026/09/finding-v12-line-rebase-after-target-advance/findings/finding-integration-result-composition/evidence/review-139157/after_publication.py"
  ],
  "cwd": "v12/python",
  "env": {
    "PYTHONPATH": "src:tools:."
  },
  "elapsed_seconds": 1.4775231679996068,
  "charge_seconds": 1.5275231679996069,
  "timeout_seconds": 3,
  "timed_out": false,
  "exit_code": 1
}
STDOUT
published {"state": "published", "causal_keys": ["base", "combined", "isolated"], "statuses": {"base": 1, "isolated": 0, "combined": 0}}

STDERR
Traceback (most recent call last):
  File "/home/sl/src/baton/work/records/2026/09/finding-v12-line-rebase-after-target-advance/findings/finding-integration-result-composition/evidence/review-139157/after_publication.py", line 34, in <module>
    events=[event for key in ("started","spoken","recovered") for event in report.get(key,[]) if event.get("stage_id")=="job-b/integration"]
                                                                           ~~~~~~~~~~^^^^^^^^
TypeError: 'NoneType' object is not iterable
