{
  "argv": [
    "python3",
    "-m",
    "unittest",
    "tests.tools.test_stage_execution.TwoBoundJobsTraverseServingAndCorrection.test_BOTH_JOBS_REACH_TERMINAL_ON_ONE_TARGET"
  ],
  "cwd": "v12/python",
  "env": {
    "PYTHONPATH": "src:tools"
  },
  "elapsed_seconds": 1.3543696039996576,
  "charge_seconds": 1.4043696039996576,
  "timeout_seconds": 4.5,
  "timed_out": false,
  "exit_code": 1
}
STDOUT

STDERR
E
======================================================================
ERROR: test_BOTH_JOBS_REACH_TERMINAL_ON_ONE_TARGET (tests.tools.test_stage_execution.TwoBoundJobsTraverseServingAndCorrection.test_BOTH_JOBS_REACH_TERMINAL_ON_ONE_TARGET)
W131409'S WHOLE POINT, driven through the ordinary configured tick.
----------------------------------------------------------------------
Traceback (most recent call last):
  File "/home/sl/src/baton/v12/python/tests/tools/test_stage_execution.py", line 7586, in test_BOTH_JOBS_REACH_TERMINAL_ON_ONE_TARGET
    observed = composed_result["causal_observations"]["observations"]
               ~~~~~~~~~~~~~~~~~~~~~~~~~~~~~~~~~~~~~~^^^^^^^^^^^^^^^^
KeyError: 'observations'

----------------------------------------------------------------------
Ran 1 test in 1.140s

FAILED (errors=1)
