### label: causal-AB-fixture-witness
### cwd: /home/sl/src/baton/v12/python
### argv: ["env", "PYTHONPATH=src:tools", "python3", "-m", "unittest", "tests.tools.test_stage_execution.TwoBoundJobsTraverseServingAndCorrection.test_BOTH_JOBS_REACH_TERMINAL_ON_ONE_TARGET"]
### exit: 1
### elapsed_seconds: 0.076530
### STDOUT

### STDERR
Traceback (most recent call last):
  File "<frozen runpy>", line 198, in _run_module_as_main
  File "<frozen runpy>", line 88, in _run_code
  File "/usr/lib/python3.13/unittest/__main__.py", line 18, in <module>
    main(module=None)
    ~~~~^^^^^^^^^^^^^
  File "/usr/lib/python3.13/unittest/main.py", line 103, in __init__
    self.parseArgs(argv)
    ~~~~~~~~~~~~~~^^^^^^
  File "/usr/lib/python3.13/unittest/main.py", line 142, in parseArgs
    self.createTests()
    ~~~~~~~~~~~~~~~~^^
  File "/usr/lib/python3.13/unittest/main.py", line 153, in createTests
    self.test = self.testLoader.loadTestsFromNames(self.testNames,
                ~~~~~~~~~~~~~~~~~~~~~~~~~~~~~~~~~~^^^^^^^^^^^^^^^^
                                                   self.module)
                                                   ^^^^^^^^^^^^
  File "/usr/lib/python3.13/unittest/loader.py", line 207, in loadTestsFromNames
    suites = [self.loadTestsFromName(name, module) for name in names]
              ~~~~~~~~~~~~~~~~~~~~~~^^^^^^^^^^^^^^
  File "/usr/lib/python3.13/unittest/loader.py", line 137, in loadTestsFromName
    module = __import__(module_name)
  File "/home/sl/src/baton/v12/python/tests/tools/test_stage_execution.py", line 7165
    "print('the second job answered')\n")
                                        ^
SyntaxError: positional argument follows keyword argument
