### label: AB-witness-model-free-terminal
### cwd: /home/sl/src/baton/v12/python
### argv: ["env", "PYTHONPATH=src:tools", "python3", "-m", "unittest", "tests.tools.test_stage_execution.TwoBoundJobsTraverseServingAndCorrection.test_BOTH_JOBS_REACH_TERMINAL_ON_ONE_TARGET"]
### exit: 1
### elapsed_seconds: 1.344051
### STDOUT

### STDERR
E
======================================================================
ERROR: test_BOTH_JOBS_REACH_TERMINAL_ON_ONE_TARGET (tests.tools.test_stage_execution.TwoBoundJobsTraverseServingAndCorrection.test_BOTH_JOBS_REACH_TERMINAL_ON_ONE_TARGET)
W131409'S WHOLE POINT, driven through the ordinary configured tick.
----------------------------------------------------------------------
Traceback (most recent call last):
  File "/home/sl/src/baton/v12/python/tests/tools/test_stage_execution.py", line 7563, in test_BOTH_JOBS_REACH_TERMINAL_ON_ONE_TARGET
    self.tick(held)
    ~~~~~~~~~^^^^^^
  File "/home/sl/src/baton/v12/python/tests/tools/test_stage_execution.py", line 7048, in tick
    return sweep(held.job, held.composed, now=fixtures.NOW)
  File "/home/sl/src/baton/v12/python/src/baton_v12/job_manager/manager.py", line 168, in sweep
    spoken = _converse(store, operations, projection.stage_states(store,
                                          ~~~~~~~~~~~~~~~~~~~~~~~^^^^^^^
                                                                  operations))
                                                                  ^^^^^^^^^^^
  File "/home/sl/src/baton/v12/python/src/baton_v12/job_manager/projection.py", line 466, in stage_states
    "observed": (delegation.observation_of(
                 ~~~~~~~~~~~~~~~~~~~~~~~~~^
        operations, episodes.attempting(stage, live),
        ^^^^^^^^^^^^^^^^^^^^^^^^^^^^^^^^^^^^^^^^^^^^^
        submission.job_of(store, stage["job_id"]))
        ^^^^^^^^^^^^^^^^^^^^^^^^^^^^^^^^^^^^^^^^^^
  File "/home/sl/src/baton/v12/python/src/baton_v12/job_manager/delegation.py", line 361, in observation_of
    return _bound(operations.observe(stage), stage)
  File "/home/sl/src/baton/v12/python/src/baton_v12/job_manager/delegation.py", line 396, in _bound
    held["integration"] = _integration_observation(held, stage)
                          ~~~~~~~~~~~~~~~~~~~~~~~~^^^^^^^^^^^^^
  File "/home/sl/src/baton/v12/python/src/baton_v12/job_manager/delegation.py", line 477, in _integration_observation
    _integration_assignment(document, held, what)
    ~~~~~~~~~~~~~~~~~~~~~~~^^^^^^^^^^^^^^^^^^^^^^
  File "/home/sl/src/baton/v12/python/src/baton_v12/job_manager/delegation.py", line 495, in _integration_assignment
    raise ContractRefusal(
    ...<3 lines>...
        f"this control plane can bind")
baton_v12.contracts.errors.ContractRefusal: stage 'job-b/integration''s integration observation names a fixed assignment and this attempt's runtime record holds none; an observation before activation is not one this control plane can bind

----------------------------------------------------------------------
Ran 1 test in 1.140s

FAILED (errors=1)
