### label: final-named-method-verification-of-R3
### cwd: /home/sl/src/baton/v12/python
### argv: ["env", "PYTHONPATH=src", "python3", "-m", "unittest", "-v", "tests.integration.test_execution.TheAuthorizedResultIsImportedAndSettled.test_a_grant_RECOVERED_WHILE_THE_TESTS_RAN_advances_nothing", "tests.integration.test_execution.TheAuthorizedResultIsImportedAndSettled.test_the_required_post_import_tests_ACTUALLY_RUN", "tests.integration.test_execution.TheAuthorizedResultIsImportedAndSettled.test_a_FAILED_post_import_test_holds_and_never_advances", "tests.integration.test_execution.TheAuthorizedResultIsImportedAndSettled.test_a_GRANT_FOR_ANOTHER_PROPOSAL_writes_nothing", "tests.integration.test_execution.TheAuthorizedResultIsImportedAndSettled.test_both_jobs_changes_land_on_the_target_and_it_settles", "tests.integration.test_execution.TheAuthorizedResultIsImportedAndSettled.test_the_tick_replays_after_the_import_completed", "tests.integration.test_execution.TheAuthorizedResultIsImportedAndSettled.test_a_target_that_moves_UNDER_THE_GRANT_refuses_the_entry", "tests.integration.test_execution.TheAuthorizedResultIsImportedAndSettled.test_an_unapproved_result_imports_nothing", "tests.integration.test_execution.AGrantThatEndedWhileTheModelRanCannotSettle.test_a_lease_abandoned_while_the_model_ran_settles_nothing", "tests.integration.test_reconciliation.TheTerminalImportIsRecordedAndProved.test_a_real_entry_and_a_real_receipt_settle_the_result"]
### exit: 1
### elapsed_seconds: 1.448370
### STDOUT

### STDERR
test_a_grant_RECOVERED_WHILE_THE_TESTS_RAN_advances_nothing (tests.integration.test_execution.TheAuthorizedResultIsImportedAndSettled.test_a_grant_RECOVERED_WHILE_THE_TESTS_RAN_advances_nothing)
REVIEW 2026-09-10T14:33:43Z [R3], at the boundary the verification ... ok
test_the_required_post_import_tests_ACTUALLY_RUN (tests.integration.test_execution.TheAuthorizedResultIsImportedAndSettled.test_the_required_post_import_tests_ACTUALLY_RUN)
REVIEW 2026-09-10T14:20:24Z [R1]. The settlement retains an ... ok
test_a_FAILED_post_import_test_holds_and_never_advances (tests.integration.test_execution.TheAuthorizedResultIsImportedAndSettled.test_a_FAILED_post_import_test_holds_and_never_advances)
The deployment's own check really fails on the imported bytes. The ... ok
test_a_GRANT_FOR_ANOTHER_PROPOSAL_writes_nothing (tests.integration.test_execution.TheAuthorizedResultIsImportedAndSettled.test_a_GRANT_FOR_ANOTHER_PROPOSAL_writes_nothing)
REVIEW [R2], the reviewer's own probe. An entry admitted for the ... ok
test_both_jobs_changes_land_on_the_target_and_it_settles (tests.integration.test_execution.TheAuthorizedResultIsImportedAndSettled.test_both_jobs_changes_land_on_the_target_and_it_settles) ... ok
test_the_tick_replays_after_the_import_completed (tests.integration.test_execution.TheAuthorizedResultIsImportedAndSettled.test_the_tick_replays_after_the_import_completed)
The target and the Authority cursor have both moved, so nothing can ... ok
test_a_target_that_moves_UNDER_THE_GRANT_refuses_the_entry (tests.integration.test_execution.TheAuthorizedResultIsImportedAndSettled.test_a_target_that_moves_UNDER_THE_GRANT_refuses_the_entry)
THE RACE THE PRE-WRITE PROOF EXISTS FOR. The entry took its rank ... ok
test_an_unapproved_result_imports_nothing (tests.integration.test_execution.TheAuthorizedResultIsImportedAndSettled.test_an_unapproved_result_imports_nothing)
PUBLICATION IS NOT AUTHORIZATION, and this is where that matters ... ok
test_a_lease_abandoned_while_the_model_ran_settles_nothing (unittest.loader._FailedTest.test_a_lease_abandoned_while_the_model_ran_settles_nothing) ... ERROR
test_a_real_entry_and_a_real_receipt_settle_the_result (tests.integration.test_reconciliation.TheTerminalImportIsRecordedAndProved.test_a_real_entry_and_a_real_receipt_settle_the_result) ... ok

======================================================================
ERROR: test_a_lease_abandoned_while_the_model_ran_settles_nothing (unittest.loader._FailedTest.test_a_lease_abandoned_while_the_model_ran_settles_nothing)
----------------------------------------------------------------------
AttributeError: type object 'AGrantThatEndedWhileTheModelRanCannotSettle' has no attribute 'test_a_lease_abandoned_while_the_model_ran_settles_nothing'

----------------------------------------------------------------------
Ran 10 tests in 1.281s

FAILED (errors=1)
