test_one_job_completes_correction_integration_and_terminal_handoff (tests.tools.test_stage_execution.OrdinaryTerminalLifecycle.test_one_job_completes_correction_integration_and_terminal_handoff) ... ERROR

======================================================================
ERROR: test_one_job_completes_correction_integration_and_terminal_handoff (tests.tools.test_stage_execution.OrdinaryTerminalLifecycle.test_one_job_completes_correction_integration_and_terminal_handoff)
----------------------------------------------------------------------
Traceback (most recent call last):
  File "/home/sl/src/baton/v12/python/tests/tools/test_stage_execution.py", line 3645, in test_one_job_completes_correction_integration_and_terminal_handoff
    report = self.tick(held)
  File "/home/sl/src/baton/v12/python/tests/tools/test_stage_execution.py", line 3540, in tick
    return sweep(held.job, held.composed, now=fixtures.NOW)
  File "/home/sl/src/baton/v12/python/src/baton_v12/job_manager/manager.py", line 160, in sweep
    started = _launch(store, operations, projection.stage_states(store,
                                                                 operations))
  File "/home/sl/src/baton/v12/python/src/baton_v12/job_manager/manager.py", line 340, in _launch
    answer = operations.launch(attempt, job)
  File "/home/sl/src/baton/v12/python/tools/stage_execution.py", line 1532, in launch
    return self.integrator.run(stage, job)
           ~~~~~~~~~~~~~~~~~~~^^^^^^^^^^^^
  File "/home/sl/src/baton/v12/python/tools/stage_execution.py", line 1341, in run
    return admit_accepted(
        deployment.integration, control, deployment.jobs,
        deployment.authority, *sessions, self.port, **operands)
  File "/home/sl/src/baton/v12/python/src/baton_v12/integration/driver.py", line 1453, in admit_accepted
    answer = execution.integrate_next(
        store, manager, jobs, authority, port,
    ...<2 lines>...
        lease_id=lease_id, attempt_id=attempt_id,
        launch_root=launch_root, workspace_group=workspace_group)
  File "/home/sl/src/baton/v12/python/src/baton_v12/integration/execution.py", line 340, in integrate_next
    port.run(delivery, assignment)
    ~~~~~~~~^^^^^^^^^^^^^^^^^^^^^^
  File "/home/sl/src/baton/v12/python/tools/integration_worker.py", line 520, in run
    published = integration_bundle.compose_bundle(
        os.path.join(self._bundle_home, attempt_id),
    ...<4 lines>...
        line_id=self.line_id, proposal_id=self.proposal_id,
        runner=self.object_runner)
  File "/home/sl/src/baton/v12/python/tools/integration_bundle.py", line 1174, in compose_bundle
    table = reviewed_path_table(runner, directory, evidence)
  File "/home/sl/src/baton/v12/python/tools/integration_bundle.py", line 406, in reviewed_path_table
    _run(runner, directory, tree_vector(evidence["base"]),
    ~~~~^^^^^^^^^^^^^^^^^^^^^^^^^^^^^^^^^^^^^^^^^^^^^^^^^^
         "the reviewed base tree"), "a tree name")
         ^^^^^^^^^^^^^^^^^^^^^^^^^
  File "/home/sl/src/baton/v12/python/tools/integration_bundle.py", line 258, in _run
    answer = runner(tuple(argv), directory=directory)
TypeError: _git_run() got an unexpected keyword argument 'directory'

----------------------------------------------------------------------
Ran 1 test in 0.631s

FAILED (errors=1)
