DEPRECATED: The legacy builder is deprecated and will be removed in a future release.
            Install the buildx component to build images with BuildKit:
            https://docs.docker.com/go/buildx/

Sending build context to Docker daemon  290.8kB
Step 1/9 : FROM sha256:0697b6595aff0af2a39a81d492223bf33cf69877426ec859fe1abb90abd617e4
 ---> 0697b6595aff
Step 2/9 : COPY worker/baton_worker.py /opt/baton/baton_worker.py
 ---> 7ab2008b6b9a
Step 3/9 : COPY worker/attempt_log_format.py /opt/baton/attempt_log_format.py
 ---> 623c12413a5c
Step 4/9 : COPY worker/proposing_agent.py /opt/baton/proposing_agent.py
 ---> 9633d2918e1a
Step 5/9 : COPY worker/proposing_entry.py /opt/baton/proposing_entry.py
 ---> 56c84f2fe90d
Step 6/9 : COPY worker/worker-control-1.0.schema.json /opt/baton/worker-control-1.0.schema.json
 ---> 9587aacbe115
Step 7/9 : COPY python/src/baton_v12/source_profiles /opt/baton/source_profiles
 ---> d79e74654d08
Step 8/9 : USER 65532:65532
 ---> Running in b5ed85a4a61f
 ---> Removed intermediate container b5ed85a4a61f
 ---> 73028a6fb94d
Step 9/9 : ENTRYPOINT ["python3", "/opt/baton/proposing_entry.py"]
 ---> Running in 6531d5b5f7ed
 ---> Removed intermediate container 6531d5b5f7ed
 ---> a56768b9cc52
Successfully built a56768b9cc52
