F
======================================================================
FAIL: test_preparation_judgments_apply_and_target_settle (tests.tools.test_managed_apply.AnOrdinaryManagedIntegration.test_preparation_judgments_apply_and_target_settle)
----------------------------------------------------------------------
Traceback (most recent call last):
  File "/home/sl/src/baton/v12/python/tests/tools/test_managed_apply.py", line 19, in test_preparation_judgments_apply_and_target_settle
    self.complete()
    ~~~~~~~~~~~~~^^
  File "/home/sl/src/baton/v12/python/tests/tools/test_managed_apply.py", line 152, in complete
    case.complete(configured=configure, completed=adopted)
    ~~~~~~~~~~~~~^^^^^^^^^^^^^^^^^^^^^^^^^^^^^^^^^^^^^^^^^
  File "/home/sl/src/baton/v12/python/tests/tools/test_managed_preparation.py", line 2612, in complete
    completed(case, held, original_result)
    ~~~~~~~~~^^^^^^^^^^^^^^^^^^^^^^^^^^^^^
  File "/home/sl/src/baton/v12/python/tests/tools/test_managed_apply.py", line 140, in adopted
    self.assertEqual(world.states(held.job, held.composed)["integration"], "completed", diagnostics)
    ~~~~~~~~~~~~~~~~^^^^^^^^^^^^^^^^^^^^^^^^^^^^^^^^^^^^^^^^^^^^^^^^^^^^^^^^^^^^^^^^^^^^^^^^^^^^^^^^
AssertionError: 'exceptional' != 'completed'
- exceptional
+ completed
 : {'reports': [{'observed_at': '2026-09-02T00:00:00.000Z', 'recovered': None, 'observed': 0, 'replaced': [], 'acts': [{'stage_id': 'job-a/integration', 'episode': 1, 'act': 'claim', 'outcome': 'performed', 'operation_id': 'offer.settle:offer-01128b4b2c5d1932bb6a1bcaf698a441d732b8323acd3b006b69d171f56d87a0'}], 'started': [{'stage_id': 'job-a/integration', 'episode': 1, 'attempt_id': 'attempt-01128b4b2c5d1932bb6a1bcaf698a441d732b8323acd3b006b69d171f56d87a0', 'outcome': 'deferred', 'detail': {'category': 'refused', 'code': 'precondition', 'message': "the derived candidate awaits its configured judges' frozen reports"}}], 'spoken': [], 'refreshed': [{'stage_id': 'job-a/implementation', 'episode': 1, 'attempt_id': 'attempt-7b5e070a732d64a31d8830d12147471913947786b9a59376be12eda0e2451571', 'state': 'not-asked'}, {'stage_id': 'job-a/review', 'episode': 1, 'attempt_id': 'attempt-9e961a44d61dec01818eaa862c61ac2ec39af4ad0045fcf9bbb8654da9de4d5c', 'state': 'not-asked'}, {'stage_id': 'job-a/integration', 'episode': 1, 'attempt_id': 'attempt-01128b4b2c5d1932bb6a1bcaf698a441d732b8323acd3b006b69d171f56d87a0', 'state': 'not-asked'}]}, {'observed_at': '2026-09-02T00:00:00.000Z', 'recovered': None, 'observed': 0, 'replaced': [], 'acts': [], 'started': [{'stage_id': 'job-a/integration', 'episode': 1, 'attempt_id': 'attempt-01128b4b2c5d1932bb6a1bcaf698a441d732b8323acd3b006b69d171f56d87a0', 'outcome': 'started', 'runtime_id': None}], 'spoken': [], 'refreshed': [{'stage_id': 'job-a/implementation', 'episode': 1, 'attempt_id': 'attempt-7b5e070a732d64a31d8830d12147471913947786b9a59376be12eda0e2451571', 'state': 'not-asked'}, {'stage_id': 'job-a/review', 'episode': 1, 'attempt_id': 'attempt-9e961a44d61dec01818eaa862c61ac2ec39af4ad0045fcf9bbb8654da9de4d5c', 'state': 'not-asked'}, {'stage_id': 'job-a/integration', 'episode': 1, 'attempt_id': 'attempt-01128b4b2c5d1932bb6a1bcaf698a441d732b8323acd3b006b69d171f56d87a0', 'state': 'not-asked'}]}], 'logs': [''], 'apply': [({'schema': 'baton.v12.managed-apply-request/1', 'purpose': 'managed-apply', 'job_id': 'job-a', 'managed_result_id': 'integration:attempt-01128b4b2c5d1932bb6a1bcaf698a441d732b8323acd3b006b69d171f56d87a0', 'task': {'schema': 'baton.v12.managed-integration-task/1', 'phase': 'apply', 'orchestration_id': 'integration:attempt-01128b4b2c5d1932bb6a1bcaf698a441d732b8323acd3b006b69d171f56d87a0', 'canonical_target_id': 'target-1', 'execution_attempt_id': 'attempt-01128b4b2c5d1932bb6a1bcaf698a441d732b8323acd3b006b69d171f56d87a0', 'assignment': {'work_ref': {'authority_uuid': '0000000a000000000000000000000000', 'work_id': '0000000a-W1'}, 'participant': 'baton.integrator', 'generation': 3}, 'task_digest': 'sha256:7e60cd37a44eea088d4bd148d38e20e3381d5766b9d3025c3adadddb30af0d09', 'input_digest': 'sha256:49aa7128707575e06f5e944ca355c545016823d421c10e1bf9e9aac415686c6f', 'harness_digest': 'sha256:5f89f832b8991f59da73437cc442da4c68fe759991910eaf22caa5a0eae65001', 'execution_limits': {'boundaries': {'host_verification': {'default_seconds': 300, 'origin': 'compatibility', 'seconds': 300, 'setting': 'verification_command_seconds'}, 'integration_verification': {'default_seconds': 1800, 'origin': 'compatibility', 'seconds': 1800, 'setting': 'verification_command_seconds'}, 'ordinary_verification': {'default_seconds': 900, 'origin': 'compatibility', 'seconds': 900, 'setting': 'verification_command_seconds'}, 'provider_turn': {'default_seconds': 3600, 'origin': 'compatibility', 'seconds': 3600, 'setting': 'provider_turn_seconds'}}, 'compatibility_generation': 1, 'requested': {}, 'scope': 'per-invocation', 'units': 'seconds'}, 'parent': {'execution_attempt_id': 'prepare-2ba43d0a6538f876fc8c7fb6e28f6f2951e327e807ad11d4a6fdf3aa8de8c3d0', 'collected_digest': 'sha256:35f302ce346ce3b66426e2593af1eeafeabff48fa55451fd5237d1aecae151dc'}, 'commands': ['post-import']}, 'derived_proposal_id': 'proposal-managed-integration:attempt-01128b4b2c5d1932bb6a1bcaf698a441d732b8323acd3b006b69d171f56d87a0', 'derived_result_id': 'derived-managed-integration:attempt-01128b4b2c5d1932bb6a1bcaf698a441d732b8323acd3b006b69d171f56d87a0', 'derived_result_digest': 'sha256:8558afddfec06087c9bf89952dd8de20df7b6b73d25ff95202b97edcaae6ecc8', 'candidate': '465bc01ac7622ee221e89ba78fdca9795a75109e', 'tree': 'a401a9deb1811f5b4b1ce83a1cb29564e923a220', 'candidate_content_digest': 'sha256:d0131dfb2189d15db31fe8dd5e76101e33fb80c5ddc4e88ea3d70b71063bd7eb', 'objects_digest': 'sha256:2e4b4fa96e2b9caf489af8a6112eea0d8dcf66b83c5486692a81e8dc25630c2b', 'objects_bytes': 921, 'output_name': 'findings'}, {'transport': 'baton.worker-exchange/1', 'sequence_id': None, 'command': None, 'receipt': None, 'states': [], 'terminal': None, 'foreign': [], 'state': 'unreadable', 'unreadable': {'category': 'refused', 'code': 'precondition'}})]}

----------------------------------------------------------------------
Ran 1 test in 7.922s

FAILED (failures=1)
