.F......F..
======================================================================
FAIL: test_reopen_after_target_effect_before_coordinator_settlement (tests.tools.test_managed_apply.AnOrdinaryManagedIntegration.test_reopen_after_target_effect_before_coordinator_settlement)
----------------------------------------------------------------------
Traceback (most recent call last):
  File "/home/sl/src/baton/v12/python/tests/tools/test_managed_apply.py", line 22, in test_reopen_after_target_effect_before_coordinator_settlement
    self.complete(cut="target-effect")
    ~~~~~~~~~~~~~^^^^^^^^^^^^^^^^^^^^^
  File "/home/sl/src/baton/v12/python/tests/tools/test_managed_apply.py", line 202, in complete
    case.complete(configured=configure, completed=adopted)
    ~~~~~~~~~~~~~^^^^^^^^^^^^^^^^^^^^^^^^^^^^^^^^^^^^^^^^^
  File "/home/sl/src/baton/v12/python/tests/tools/test_managed_preparation.py", line 2612, in complete
    completed(case, held, original_result)
    ~~~~~~~~~^^^^^^^^^^^^^^^^^^^^^^^^^^^^^
  File "/home/sl/src/baton/v12/python/tests/tools/test_managed_apply.py", line 189, in adopted
    self.assertEqual(world.states(held.job, held.composed)["integration"], "completed", diagnostics)
    ~~~~~~~~~~~~~~~~^^^^^^^^^^^^^^^^^^^^^^^^^^^^^^^^^^^^^^^^^^^^^^^^^^^^^^^^^^^^^^^^^^^^^^^^^^^^^^^^
AssertionError: 'answering' != 'completed'
- answering
+ completed
 : {'reports': [{'observed_at': '2026-09-02T00:00:00.000Z', 'recovered': None, 'observed': 0, 'replaced': [], 'acts': [], 'started': [], 'spoken': [{'stage_id': 'job-a/integration', 'episode': 1, 'attempt_id': 'attempt-01128b4b2c5d1932bb6a1bcaf698a441d732b8323acd3b006b69d171f56d87a0', 'act': 'conclude', 'outcome': 'deferred', 'detail': {'category': 'policy', 'code': 'denied', 'message': 'the managed approval names a superseded policy generation'}}], 'refreshed': [{'stage_id': 'job-a/implementation', 'episode': 1, 'attempt_id': 'attempt-7b5e070a732d64a31d8830d12147471913947786b9a59376be12eda0e2451571', 'state': 'not-asked'}, {'stage_id': 'job-a/review', 'episode': 1, 'attempt_id': 'attempt-9e961a44d61dec01818eaa862c61ac2ec39af4ad0045fcf9bbb8654da9de4d5c', 'state': 'not-asked'}, {'stage_id': 'job-a/integration', 'episode': 1, 'attempt_id': 'attempt-01128b4b2c5d1932bb6a1bcaf698a441d732b8323acd3b006b69d171f56d87a0', 'state': 'not-asked'}]}, {'observed_at': '2026-09-02T00:00:00.000Z', 'recovered': None, 'observed': 0, 'replaced': [], 'acts': [], 'started': [], 'spoken': [{'stage_id': 'job-a/integration', 'episode': 1, 'attempt_id': 'attempt-01128b4b2c5d1932bb6a1bcaf698a441d732b8323acd3b006b69d171f56d87a0', 'act': 'conclude', 'outcome': 'deferred', 'detail': {'category': 'policy', 'code': 'denied', 'message': 'the managed approval names a superseded policy generation'}}], 'refreshed': [{'stage_id': 'job-a/implementation', 'episode': 1, 'attempt_id': 'attempt-7b5e070a732d64a31d8830d12147471913947786b9a59376be12eda0e2451571', 'state': 'not-asked'}, {'stage_id': 'job-a/review', 'episode': 1, 'attempt_id': 'attempt-9e961a44d61dec01818eaa862c61ac2ec39af4ad0045fcf9bbb8654da9de4d5c', 'state': 'not-asked'}, {'stage_id': 'job-a/integration', 'episode': 1, 'attempt_id': 'attempt-01128b4b2c5d1932bb6a1bcaf698a441d732b8323acd3b006b69d171f56d87a0', 'state': 'not-asked'}]}, {'observed_at': '2026-09-02T00:00:00.000Z', 'recovered': None, 'observed': 0, 'replaced': [], 'acts': [], 'started': [], 'spoken': [{'stage_id': 'job-a/integration', 'episode': 1, 'attempt_id': 'attempt-01128b4b2c5d1932bb6a1bcaf698a441d732b8323acd3b006b69d171f56d87a0', 'act': 'conclude', 'outcome': 'deferred', 'detail': {'category': 'policy', 'code': 'denied', 'message': 'the managed approval names a superseded policy generation'}}], 'refreshed': [{'stage_id': 'job-a/implementation', 'episode': 1, 'attempt_id': 'attempt-7b5e070a732d64a31d8830d12147471913947786b9a59376be12eda0e2451571', 'state': 'not-asked'}, {'stage_id': 'job-a/review', 'episode': 1, 'attempt_id': 'attempt-9e961a44d61dec01818eaa862c61ac2ec39af4ad0045fcf9bbb8654da9de4d5c', 'state': 'not-asked'}, {'stage_id': 'job-a/integration', 'episode': 1, 'attempt_id': 'attempt-01128b4b2c5d1932bb6a1bcaf698a441d732b8323acd3b006b69d171f56d87a0', 'state': 'not-asked'}]}, {'observed_at': '2026-09-02T00:00:00.000Z', 'recovered': None, 'observed': 0, 'replaced': [], 'acts': [], 'started': [], 'spoken': [{'stage_id': 'job-a/integration', 'episode': 1, 'attempt_id': 'attempt-01128b4b2c5d1932bb6a1bcaf698a441d732b8323acd3b006b69d171f56d87a0', 'act': 'conclude', 'outcome': 'deferred', 'detail': {'category': 'policy', 'code': 'denied', 'message': 'the managed approval names a superseded policy generation'}}], 'refreshed': [{'stage_id': 'job-a/implementation', 'episode': 1, 'attempt_id': 'attempt-7b5e070a732d64a31d8830d12147471913947786b9a59376be12eda0e2451571', 'state': 'not-asked'}, {'stage_id': 'job-a/review', 'episode': 1, 'attempt_id': 'attempt-9e961a44d61dec01818eaa862c61ac2ec39af4ad0045fcf9bbb8654da9de4d5c', 'state': 'not-asked'}, {'stage_id': 'job-a/integration', 'episode': 1, 'attempt_id': 'attempt-01128b4b2c5d1932bb6a1bcaf698a441d732b8323acd3b006b69d171f56d87a0', 'state': 'not-asked'}]}], 'logs': [''], 'events': [[]], 'apply': [({'schema': 'baton.v12.managed-apply-request/1', 'purpose': 'managed-apply', 'job_id': 'job-a', 'managed_result_id': 'integration:attempt-01128b4b2c5d1932bb6a1bcaf698a441d732b8323acd3b006b69d171f56d87a0', 'task': {'schema': 'baton.v12.managed-integration-task/1', 'phase': 'apply', 'orchestration_id': 'integration:attempt-01128b4b2c5d1932bb6a1bcaf698a441d732b8323acd3b006b69d171f56d87a0', 'canonical_target_id': 'target-1', 'execution_attempt_id': 'attempt-01128b4b2c5d1932bb6a1bcaf698a441d732b8323acd3b006b69d171f56d87a0', 'assignment': {'work_ref': {'authority_uuid': '0000000a000000000000000000000000', 'work_id': '0000000a-W1'}, 'participant': 'baton.integrator', 'generation': 3}, 'task_digest': 'sha256:4f7171f3f17de00389fc812dd4be6e3871bf2a84713f64e1a49fd25f5b72e2e1', 'input_digest': 'sha256:93cb7e35651fcd0634f0dff44e1d6da413f2afc6163c41b715f93157f22ce147', 'harness_digest': 'sha256:5f89f832b8991f59da73437cc442da4c68fe759991910eaf22caa5a0eae65001', 'execution_limits': {'boundaries': {'host_verification': {'default_seconds': 300, 'origin': 'compatibility', 'seconds': 300, 'setting': 'verification_command_seconds'}, 'integration_verification': {'default_seconds': 1800, 'origin': 'compatibility', 'seconds': 1800, 'setting': 'verification_command_seconds'}, 'ordinary_verification': {'default_seconds': 900, 'origin': 'compatibility', 'seconds': 900, 'setting': 'verification_command_seconds'}, 'provider_turn': {'default_seconds': 3600, 'origin': 'compatibility', 'seconds': 3600, 'setting': 'provider_turn_seconds'}}, 'compatibility_generation': 1, 'requested': {}, 'scope': 'per-invocation', 'units': 'seconds'}, 'parent': {'execution_attempt_id': 'prepare-2ba43d0a6538f876fc8c7fb6e28f6f2951e327e807ad11d4a6fdf3aa8de8c3d0', 'collected_digest': 'sha256:1ff7842d2006987c4059ff788d9894fa3c85dc1ef6df722467ee43277e44685b'}, 'commands': ['post-import']}, 'derived_proposal_id': 'proposal-managed-integration:attempt-01128b4b2c5d1932bb6a1bcaf698a441d732b8323acd3b006b69d171f56d87a0', 'derived_result_id': 'derived-managed-integration:attempt-01128b4b2c5d1932bb6a1bcaf698a441d732b8323acd3b006b69d171f56d87a0', 'derived_result_digest': 'sha256:300801453d23af2b95f177713cb811c07f8bb9cb6f472d12f1351536d69cee3a', 'candidate': 'dc4900c200d653dfe6a9005afb549c7047c00da4', 'tree': 'a401a9deb1811f5b4b1ce83a1cb29564e923a220', 'candidate_content_digest': 'sha256:d0131dfb2189d15db31fe8dd5e76101e33fb80c5ddc4e88ea3d70b71063bd7eb', 'objects_digest': 'sha256:b7da4bc96182d27455051cc0d6e27fd0c9468b06c6de421bba1aaed4632bdddb', 'objects_bytes': 923, 'output_name': 'findings'}, {'transport': 'baton.worker-exchange/1', 'sequence_id': None, 'command': None, 'receipt': None, 'states': [], 'terminal': None, 'foreign': [], 'state': 'unreadable', 'unreadable': {'category': 'refused', 'code': 'precondition'}})]}

======================================================================
FAIL: test_a_completed_parent_does_not_release_a_live_execution (tests.job_manager.test_managed_integration_capacity.TheCompletionBranchDoesNotSpeakForTheExecutions.test_a_completed_parent_does_not_release_a_live_execution)
THE NAMED BRANCH, with a preparation still admitted under it. The
----------------------------------------------------------------------
Traceback (most recent call last):
  File "/home/sl/src/baton/v12/python/tests/job_manager/test_managed_integration_capacity.py", line 1499, in test_a_completed_parent_does_not_release_a_live_execution
    with self.assertRaises(ContractRefusal) as caught:
         ~~~~~~~~~~~~~~~~~^^^^^^^^^^^^^^^^^
AssertionError: ContractRefusal not raised

----------------------------------------------------------------------
Ran 11 tests in 14.862s

FAILED (failures=2)
{"apply_starts": 1, "judgments": 3, "proof": "ordinary-managed-integration", "result": "integration:attempt-01128b4b2c5d1932bb6a1bcaf698a441d732b8323acd3b006b69d171f56d87a0", "state": "imported"}
{"apply": "planned", "cache_recovery": "same-adoption", "candidate_digest": "sha256:9cf432606593431f4d4a57ac0a6b5cca82c274a7e67bcc03c308faa8f32f371e", "cleanup": "retained", "cut": null, "fixture_processes": 1, "harness_digest": "sha256:5f89f832b8991f59da73437cc442da4c68fe759991910eaf22caa5a0eae65001", "host_trap": "proved-and-unreached", "parent": "queued-unclaimed", "proof": "ordinary-managed-preparation", "request_digest": "sha256:f4365dbb68947b113ba9097bd9df22818e2e99a718e2e4e7f589ed41efc7690f", "root": "open", "runtime": "destroyed", "worker_exit": 0}
