E
======================================================================
ERROR: test_preparation_judgments_apply_and_target_settle (tests.tools.test_managed_apply.AnOrdinaryManagedIntegration.test_preparation_judgments_apply_and_target_settle)
----------------------------------------------------------------------
Traceback (most recent call last):
  File "/home/sl/src/baton/v12/python/tests/tools/test_managed_apply.py", line 19, in test_preparation_judgments_apply_and_target_settle
    self.complete()
    ~~~~~~~~~~~~~^^
  File "/home/sl/src/baton/v12/python/tests/tools/test_managed_apply.py", line 140, in complete
    case.complete(configured=configure, completed=adopted)
    ~~~~~~~~~~~~~^^^^^^^^^^^^^^^^^^^^^^^^^^^^^^^^^^^^^^^^^
  File "/home/sl/src/baton/v12/python/tests/tools/test_managed_preparation.py", line 2612, in complete
    completed(case, held, original_result)
    ~~~~~~~~~^^^^^^^^^^^^^^^^^^^^^^^^^^^^^
  File "/home/sl/src/baton/v12/python/tests/tools/test_managed_apply.py", line 117, in adopted
    reports.append(sweep(held.job, held.composed, now=fixtures.NOW))
                   ~~~~~^^^^^^^^^^^^^^^^^^^^^^^^^^^^^^^^^^^^^^^^^^^
  File "/home/sl/src/baton/v12/python/src/baton_v12/job_manager/manager.py", line 160, in sweep
    started = _launch(store, operations, projection.stage_states(store,
                                                                 operations))
  File "/home/sl/src/baton/v12/python/src/baton_v12/job_manager/manager.py", line 340, in _launch
    answer = operations.launch(attempt, job)
  File "/home/sl/src/baton/v12/python/tools/stage_execution.py", line 4247, in launch
    return self.integrator.run(stage, job)
           ~~~~~~~~~~~~~~~~~~~^^^^^^^^^^^^
  File "/home/sl/src/baton/v12/python/tools/stage_execution.py", line 2477, in run
    answered = self._run(stage, job)
  File "/home/sl/src/baton/v12/python/tools/stage_execution.py", line 2598, in _run
    return self.managed(stage, job)
           ~~~~~~~~~~~~^^^^^^^^^^^^
  File "/home/sl/src/baton/v12/python/tools/stage_execution.py", line 2505, in managed
    return self.apply_managed(stage, job, result, repository, operations)
           ~~~~~~~~~~~~~~~~~~^^^^^^^^^^^^^^^^^^^^^^^^^^^^^^^^^^^^^^^^^^^^
  File "/home/sl/src/baton/v12/python/tools/stage_execution.py", line 2538, in apply_managed
    runtimes[attempt] = integration_worker.ManagedApplyRuntime(deployment, operations, published["request"], published["source"])
                        ~~~~~~~~~~~~~~~~~~~~~~~~~~~~~~~~~~~~~~^^^^^^^^^^^^^^^^^^^^^^^^^^^^^^^^^^^^^^^^^^^^^^^^^^^^^^^^^^^^^^^^^^^
  File "/home/sl/src/baton/v12/python/tools/integration_worker.py", line 1176, in __init__
    self.operations = single_worker.worker_operations(
                      ~~~~~~~~~~~~~~~~~~~~~~~~~~~~~~~^
        given, deployment.control, deployment.authority, worker.credential_provider,
        ^^^^^^^^^^^^^^^^^^^^^^^^^^^^^^^^^^^^^^^^^^^^^^^^^^^^^^^^^^^^^^^^^^^^^^^^^^^^
        engine_run=worker.engine, clock=worker.clock, stage=self, dispose=lambda: None,
        ^^^^^^^^^^^^^^^^^^^^^^^^^^^^^^^^^^^^^^^^^^^^^^^^^^^^^^^^^^^^^^^^^^^^^^^^^^^^^^^
        execution_context=single_worker.job_execution_reader(deployment.jobs))
        ^^^^^^^^^^^^^^^^^^^^^^^^^^^^^^^^^^^^^^^^^^^^^^^^^^^^^^^^^^^^^^^^^^^^^^
  File "/home/sl/src/baton/v12/python/tools/single_worker.py", line 2501, in worker_operations
    if authority.principal_of(given["participant"]) != given["principal"]:
                                                       ~~~~~^^^^^^^^^^^^^
KeyError: 'principal'

----------------------------------------------------------------------
Ran 1 test in 1.042s

FAILED (errors=1)
