E
======================================================================
ERROR: test_preparation_judgments_apply_and_target_settle (tests.tools.test_managed_apply.AnOrdinaryManagedIntegration.test_preparation_judgments_apply_and_target_settle)
----------------------------------------------------------------------
Traceback (most recent call last):
  File "/home/sl/src/baton/v12/python/tests/tools/test_managed_apply.py", line 19, in test_preparation_judgments_apply_and_target_settle
    self.complete()
    ~~~~~~~~~~~~~^^
  File "/home/sl/src/baton/v12/python/tests/tools/test_managed_apply.py", line 162, in complete
    case.complete(configured=configure, completed=adopted)
    ~~~~~~~~~~~~~^^^^^^^^^^^^^^^^^^^^^^^^^^^^^^^^^^^^^^^^^
  File "/home/sl/src/baton/v12/python/tests/tools/test_managed_preparation.py", line 2612, in complete
    completed(case, held, original_result)
    ~~~~~~~~~^^^^^^^^^^^^^^^^^^^^^^^^^^^^^
  File "/home/sl/src/baton/v12/python/tests/tools/test_managed_apply.py", line 135, in adopted
    reports.append(sweep(held.job, held.composed, now=fixtures.NOW))
                   ~~~~~^^^^^^^^^^^^^^^^^^^^^^^^^^^^^^^^^^^^^^^^^^^
  File "/home/sl/src/baton/v12/python/src/baton_v12/job_manager/manager.py", line 168, in sweep
    spoken = _converse(store, operations, projection.stage_states(store,
                                                                  operations))
  File "/home/sl/src/baton/v12/python/src/baton_v12/job_manager/manager.py", line 219, in _converse
    else operations.conclude(attempt, job))
         ~~~~~~~~~~~~~~~~~~~^^^^^^^^^^^^^^
  File "/home/sl/src/baton/v12/python/tools/stage_execution.py", line 4267, in conclude
    return self.integrator.run(stage, job)
           ~~~~~~~~~~~~~~~~~~~^^^^^^^^^^^^
  File "/home/sl/src/baton/v12/python/tools/stage_execution.py", line 2477, in run
    answered = self._run(stage, job)
  File "/home/sl/src/baton/v12/python/tools/stage_execution.py", line 2598, in _run
    return self.managed(stage, job)
           ~~~~~~~~~~~~^^^^^^^^^^^^
  File "/home/sl/src/baton/v12/python/tools/stage_execution.py", line 2505, in managed
    return self.apply_managed(stage, job, result, repository, operations)
           ~~~~~~~~~~~~~~~~~~^^^^^^^^^^^^^^^^^^^^^^^^^^^^^^^^^^^^^^^^^^^^
  File "/home/sl/src/baton/v12/python/tools/stage_execution.py", line 2563, in apply_managed
    answered = active.poll(stage, job)
  File "/home/sl/src/baton/v12/python/tools/integration_worker.py", line 1255, in poll
    return operations.conclude(stage, job)
           ~~~~~~~~~~~~~~~~~~~^^^^^^^^^^^^
  File "/home/sl/src/baton/v12/python/src/baton_v12/job_manager/delegation.py", line 958, in conclude
    return self._conclude_attempt(stage, job)
           ~~~~~~~~~~~~~~~~~~~~~~^^^^^^^^^^^^
  File "/home/sl/src/baton/v12/python/tools/single_worker.py", line 1870, in ending
    historical = self.stage.historical(stage, _assignment(row))
  File "/home/sl/src/baton/v12/python/tools/integration_worker.py", line 1189, in historical
    state = attempt_runtime_of(self.deployment.control, stage["attempt_id"])
            ^^^^^^^^^^^^^^^^^^
NameError: name 'attempt_runtime_of' is not defined

----------------------------------------------------------------------
Ran 1 test in 1.184s

FAILED (errors=1)
