### label: AB-diagnostic-2
### cwd: /home/sl/src/baton
### argv: ["python3", "/tmp/r_ab_diag.py"]
### exit: 1
### elapsed_seconds: 1.600880
### STDOUT
reconciles: True
tick 0 [{'stage_id': 'job-b/integration', 'episode': 1, 'attempt_id': 'attempt-62796b4c802b9582b05e508e99c6a4ea1c6f1b56d2041e374ba5989a004fc63e', 'outcome': 'deferred', 'detail': {'category': 'refused', 'code': 'precondition', 'message': "proposal 'integration-driver.proposal:66c1e6122be455d540ec40c8df7ca2c… has no verification receipt"}}]
tick 1 [{'stage_id': 'job-b/integration', 'episode': 1, 'attempt_id': 'attempt-62796b4c802b9582b05e508e99c6a4ea1c6f1b56d2041e374ba5989a004fc63e', 'outcome': 'deferred', 'detail': {'category': 'refused', 'code': 'precondition', 'message': "proposal 'integration-driver.proposal:66c1e6122be455d540ec40c8df7ca2c… has no verification receipt"}}]
tick 2 [{'stage_id': 'job-b/integration', 'episode': 1, 'attempt_id': 'attempt-62796b4c802b9582b05e508e99c6a4ea1c6f1b56d2041e374ba5989a004fc63e', 'outcome': 'deferred', 'detail': {'category': 'refused', 'code': 'precondition', 'message': "proposal 'integration-driver.proposal:66c1e6122be455d540ec40c8df7ca2c… has no verification receipt"}}]
tick 3 [{'stage_id': 'job-b/integration', 'episode': 1, 'attempt_id': 'attempt-62796b4c802b9582b05e508e99c6a4ea1c6f1b56d2041e374ba5989a004fc63e', 'outcome': 'deferred', 'detail': {'category': 'refused', 'code': 'precondition', 'message': "proposal 'integration-driver.proposal:66c1e6122be455d540ec40c8df7ca2c… has no verification receipt"}}]
tick 4 [{'stage_id': 'job-b/integration', 'episode': 1, 'attempt_id': 'attempt-62796b4c802b9582b05e508e99c6a4ea1c6f1b56d2041e374ba5989a004fc63e', 'outcome': 'deferred', 'detail': {'category': 'refused', 'code': 'precondition', 'message': "proposal 'integration-driver.proposal:66c1e6122be455d540ec40c8df7ca2c… has no verification receipt"}}]
tick 5 [{'stage_id': 'job-b/integration', 'episode': 1, 'attempt_id': 'attempt-62796b4c802b9582b05e508e99c6a4ea1c6f1b56d2041e374ba5989a004fc63e', 'outcome': 'deferred', 'detail': {'category': 'refused', 'code': 'precondition', 'message': "proposal 'integration-driver.proposal:66c1e6122be455d540ec40c8df7ca2c… has no verification receipt"}}]
tick 6 [{'stage_id': 'job-b/integration', 'episode': 1, 'attempt_id': 'attempt-62796b4c802b9582b05e508e99c6a4ea1c6f1b56d2041e374ba5989a004fc63e', 'outcome': 'deferred', 'detail': {'category': 'refused', 'code': 'precondition', 'message': "proposal 'integration-driver.proposal:66c1e6122be455d540ec40c8df7ca2c… has no verification receipt"}}]
tick 7 [{'stage_id': 'job-b/integration', 'episode': 1, 'attempt_id': 'attempt-62796b4c802b9582b05e508e99c6a4ea1c6f1b56d2041e374ba5989a004fc63e', 'outcome': 'deferred', 'detail': {'category': 'refused', 'code': 'precondition', 'message': "proposal 'integration-driver.proposal:66c1e6122be455d540ec40c8df7ca2c… has no verification receipt"}}]
tick 8 [{'stage_id': 'job-b/integration', 'episode': 1, 'attempt_id': 'attempt-62796b4c802b9582b05e508e99c6a4ea1c6f1b56d2041e374ba5989a004fc63e', 'outcome': 'deferred', 'detail': {'category': 'refused', 'code': 'precondition', 'message': "proposal 'integration-driver.proposal:66c1e6122be455d540ec40c8df7ca2c… has no verification receipt"}}]
tick 9 [{'stage_id': 'job-b/integration', 'episode': 1, 'attempt_id': 'attempt-62796b4c802b9582b05e508e99c6a4ea1c6f1b56d2041e374ba5989a004fc63e', 'outcome': 'deferred', 'detail': {'category': 'refused', 'code': 'precondition', 'message': "proposal 'integration-driver.proposal:66c1e6122be455d540ec40c8df7ca2c… has no verification receipt"}}]
allocated: integration-worker
states: {'implementation': 'completed', 'review': 'completed', 'integration': 'claimed'}
last report keys: ['acts', 'observed', 'observed_at', 'recovered', 'refreshed', 'replaced', 'spoken', 'started']

### STDERR
Traceback (most recent call last):
  File "/tmp/r_ab_diag.py", line 37, in <module>
    got = [one for one in report[key]
                          ~~~~~~^^^^^
TypeError: 'int' object is not iterable
