test_it_settles_after_one_turn_and_proves_the_cleanup (test_baseline.TheBaselineDrivesOneBoundedImplementation.test_it_settles_after_one_turn_and_proves_the_cleanup) ... ok
test_one_context_was_opened_and_none_restored (test_baseline.TheBaselineDrivesOneBoundedImplementation.test_one_context_was_opened_and_none_restored)
`restore` is the resume Job's mode; a baseline that resumed ... ok
test_quiescence_is_not_counted_as_cleanup (test_baseline.TheBaselineDrivesOneBoundedImplementation.test_quiescence_is_not_counted_as_cleanup)
The FINDING's own words: "do not count ... quiescence as cleanup". ... ok
test_the_declared_per_turn_ceiling_is_the_jobs_own (test_baseline.TheBaselineDrivesOneBoundedImplementation.test_the_declared_per_turn_ceiling_is_the_jobs_own) ... ok
test_the_gate_counted_exactly_one_invocation (test_baseline.TheBaselineDrivesOneBoundedImplementation.test_the_gate_counted_exactly_one_invocation) ... ok
test_the_outcome_carries_no_review_vocabulary (test_baseline.TheBaselineDrivesOneBoundedImplementation.test_the_outcome_carries_no_review_vocabulary)
A member this run does not carry is a decision, not an omission. ... ok
test_the_outcome_is_retained_where_the_packet_says (test_baseline.TheBaselineDrivesOneBoundedImplementation.test_the_outcome_is_retained_where_the_packet_says) ... ok
test_the_provider_was_called_exactly_once (test_baseline.TheBaselineDrivesOneBoundedImplementation.test_the_provider_was_called_exactly_once) ... ok
test_a_commit_with_a_foreign_parent_is_a_shortfall (test_baseline.TheProposalIsTheAdaptersOwnAccount.test_a_commit_with_a_foreign_parent_is_a_shortfall) ... ok
test_a_provider_that_commits_is_reported_and_never_settles (test_baseline.TheProposalIsTheAdaptersOwnAccount.test_a_provider_that_commits_is_reported_and_never_settles)
W236087's live failure, reproduced through this same real code. ... ok
test_an_attribution_naming_anybody_else_is_a_shortfall (test_baseline.TheProposalIsTheAdaptersOwnAccount.test_an_attribution_naming_anybody_else_is_a_shortfall)
The check has to be able to FAIL on a real answer, not only on an ... ok
test_the_adapters_commit_identity_is_the_one_this_program_checks (test_baseline.TheProposalIsTheAdaptersOwnAccount.test_the_adapters_commit_identity_is_the_one_this_program_checks)
Two copies of a constant that disagree would make the attribution ... ok
test_the_proposal_is_offered_against_the_deployments_own_target (test_baseline.TheProposalIsTheAdaptersOwnAccount.test_the_proposal_is_offered_against_the_deployments_own_target) ... ok
test_the_retained_commit_is_authored_and_committed_by_the_adapter (test_baseline.TheProposalIsTheAdaptersOwnAccount.test_the_retained_commit_is_authored_and_committed_by_the_adapter) ... ok
test_a_closed_gate_refuses_admit_claim_and_launch (test_baseline.TheBaselineRefusesTheOtherJobsWorkload.test_a_closed_gate_refuses_admit_claim_and_launch) ... ok
test_a_closed_gate_still_forwards_the_settling_acts (test_baseline.TheBaselineRefusesTheOtherJobsWorkload.test_a_closed_gate_still_forwards_the_settling_acts)
The cleanup window drives endings; it just cannot start anything. ... ok
test_a_launch_that_faults_is_still_a_runtime_this_run_started (test_baseline.TheBaselineRefusesTheOtherJobsWorkload.test_a_launch_that_faults_is_still_a_runtime_this_run_started) ... ok
test_a_review_stage_is_refused_by_name_at_the_admission_gate (test_baseline.TheBaselineRefusesTheOtherJobsWorkload.test_a_review_stage_is_refused_by_name_at_the_admission_gate) ... ok
test_a_second_implementation_is_refused_before_the_inner_admit (test_baseline.TheBaselineRefusesTheOtherJobsWorkload.test_a_second_implementation_is_refused_before_the_inner_admit) ... ok
test_a_workload_that_also_ran_a_review_is_a_shortfall (test_baseline.TheBaselineRefusesTheOtherJobsWorkload.test_a_workload_that_also_ran_a_review_is_a_shortfall)
The gate refuses a foreign kind at admission; this is the same ... ok
test_a_job_identity_this_store_already_records_is_refused (test_baseline.OneRunAccountsForOneJobAndSaysSo.test_a_job_identity_this_store_already_records_is_refused) ... ok
test_an_empty_store_surveys_clean (test_baseline.OneRunAccountsForOneJobAndSaysSo.test_an_empty_store_surveys_clean) ... ok
test_another_jobs_stage_never_spends_this_runs_invocation (test_baseline.OneRunAccountsForOneJobAndSaysSo.test_another_jobs_stage_never_spends_this_runs_invocation)
The defect this closes: `serve` sweeps the STORE. Without the Job ... ok
test_the_outcome_names_the_job_it_accounts_for (test_baseline.OneRunAccountsForOneJobAndSaysSo.test_the_outcome_names_the_job_it_accounts_for) ... ok
test_the_survey_names_every_other_job_and_disclaims_them (test_baseline.OneRunAccountsForOneJobAndSaysSo.test_the_survey_names_every_other_job_and_disclaims_them) ... ok
test_admit_and_claim_refuse_a_stage_of_another_job (test_baseline.TheGateRefusesAnotherJobsWork.test_admit_and_claim_refuse_a_stage_of_another_job) ... ok
test_an_unscoped_gate_is_the_previous_behaviour (test_baseline.TheGateRefusesAnotherJobsWork.test_an_unscoped_gate_is_the_previous_behaviour)
`job_id=None` is the seam a caller may still drive without a Job. ... ok
test_launch_refuses_an_attempt_on_a_stage_it_never_admitted (test_baseline.TheGateRefusesAnotherJobsWork.test_launch_refuses_an_attempt_on_a_stage_it_never_admitted) ... ok
test_our_own_stage_passes_through_untouched (test_baseline.TheGateRefusesAnotherJobsWork.test_our_own_stage_passes_through_untouched) ... ok
test_a_discovered_runtime_is_foreign (test_baseline.TheAccountingDistinguishesAbsenceFromAnUnreadableState.test_a_discovered_runtime_is_foreign) ... ok
test_a_failed_destroy_is_a_committed_record_and_still_outstanding (test_baseline.TheAccountingDistinguishesAbsenceFromAnUnreadableState.test_a_failed_destroy_is_a_committed_record_and_still_outstanding)
`failed` is committed too, and it is deliberately not positive: a ... ok
test_a_locally_launched_attempt_is_started_without_a_read (test_baseline.TheAccountingDistinguishesAbsenceFromAnUnreadableState.test_a_locally_launched_attempt_is_started_without_a_read) ... ok
test_an_answered_absence_is_unallocated (test_baseline.TheAccountingDistinguishesAbsenceFromAnUnreadableState.test_an_answered_absence_is_unallocated) ... ok
test_an_unreadable_state_stays_accountable (test_baseline.TheAccountingDistinguishesAbsenceFromAnUnreadableState.test_an_unreadable_state_stays_accountable) ... ok
test_both_positive_endings_settle (test_baseline.TheAccountingDistinguishesAbsenceFromAnUnreadableState.test_both_positive_endings_settle) ... ok
test_no_committed_cleanup_is_outstanding_rather_than_clean (test_baseline.TheAccountingDistinguishesAbsenceFromAnUnreadableState.test_no_committed_cleanup_is_outstanding_rather_than_clean) ... ok
test_a_moved_fixture_byte_refuses_before_a_store_opens (test_baseline.ThePacketIsProvedBeforeAnythingOpens.test_a_moved_fixture_byte_refuses_before_a_store_opens) ... ok
test_a_retry_the_packet_did_not_forbid_is_refused (test_baseline.ThePacketIsProvedBeforeAnythingOpens.test_a_retry_the_packet_did_not_forbid_is_refused) ... ok
test_a_second_implementer_invocation_is_refused_by_name (test_baseline.ThePacketIsProvedBeforeAnythingOpens.test_a_second_implementer_invocation_is_refused_by_name) ... ok
test_an_image_the_engine_does_not_hold_is_refused (test_baseline.ThePacketIsProvedBeforeAnythingOpens.test_an_image_the_engine_does_not_hold_is_refused) ... ok
test_bounds_carrying_the_other_jobs_members_are_refused (test_baseline.ThePacketIsProvedBeforeAnythingOpens.test_bounds_carrying_the_other_jobs_members_are_refused)
`_BOUNDS` is exact: a zeroed review count is still that Job's ... ok
test_mutable_state_inside_the_code_boundary_is_refused (test_baseline.ThePacketIsProvedBeforeAnythingOpens.test_mutable_state_inside_the_code_boundary_is_refused) ... ok
test_the_imported_packages_must_resolve_inside_the_bound_source (test_baseline.ThePacketIsProvedBeforeAnythingOpens.test_the_imported_packages_must_resolve_inside_the_bound_source) ... ok
test_the_reviewed_packet_is_held_whole (test_baseline.ThePacketIsProvedBeforeAnythingOpens.test_the_reviewed_packet_is_held_whole) ... ok
test_a_writing_verb_refuses_before_a_child_is_started (test_baseline.TheGitReaderRunsOnlyReadingVerbs.test_a_writing_verb_refuses_before_a_child_is_started) ... ok
test_the_reading_verbs_are_the_only_ones_declared (test_baseline.TheGitReaderRunsOnlyReadingVerbs.test_the_reading_verbs_are_the_only_ones_declared) ... ok
test_a_reviewer_was_available_and_this_run_started_no_container (test_baseline_bindings.TheGeneratedPacketDrivesOneImplementation.test_a_reviewer_was_available_and_this_run_started_no_container)
The proof is not "no reviewer existed". It is that one was ... ok
test_a_timeout_over_generated_bytes_stops_and_accounts (test_baseline_bindings.TheGeneratedPacketDrivesOneImplementation.test_a_timeout_over_generated_bytes_stops_and_accounts)
The failure path of the same composition, in the same run shape. ... ok
test_the_completed_attempt_is_not_ordered_stopped (test_baseline_bindings.TheGeneratedPacketDrivesOneImplementation.test_the_completed_attempt_is_not_ordered_stopped) ... ok
test_the_generated_deployment_passes_the_managers_own_validator (test_baseline_bindings.TheGeneratedPacketDrivesOneImplementation.test_the_generated_deployment_passes_the_managers_own_validator)
Both roles are CONFIGURED, because the manager requires a ... ok
test_the_generated_deployment_produces_one_attributed_proposal (test_baseline_bindings.TheGeneratedPacketDrivesOneImplementation.test_the_generated_deployment_produces_one_attributed_proposal) ... ok
test_the_generated_packet_is_the_one_held_packet_accepts (test_baseline_bindings.TheGeneratedPacketDrivesOneImplementation.test_the_generated_packet_is_the_one_held_packet_accepts) ... ok
test_the_preflight_asks_about_every_configured_participant (test_baseline_bindings.TheGeneratedPacketDrivesOneImplementation.test_the_preflight_asks_about_every_configured_participant)
The deployment resolves principals for every worker it configures, ... ok
test_the_bounds_name_no_review_or_correction_member (test_baseline_bindings.TheCompositionCarriesOnlyThisJobsWorkload.test_the_bounds_name_no_review_or_correction_member) ... ok
test_the_fixture_carries_no_acceptance_or_feedback_document (test_baseline_bindings.TheCompositionCarriesOnlyThisJobsWorkload.test_the_fixture_carries_no_acceptance_or_feedback_document)
The one live run that shipped those documents had its ... ok
test_the_manifest_declares_the_proposal_required_and_no_findings (test_baseline_bindings.TheCompositionCarriesOnlyThisJobsWorkload.test_the_manifest_declares_the_proposal_required_and_no_findings)
`IMPLEMENTATION_OUTPUTS` is exactly `("proposal",)`; `findings` and ... ok
test_the_submission_declares_one_stage_with_no_dependency (test_baseline_bindings.TheCompositionCarriesOnlyThisJobsWorkload.test_the_submission_declares_one_stage_with_no_dependency) ... ok
test_the_task_bytes_are_exactly_what_the_manifest_seals (test_baseline_bindings.TheCompositionCarriesOnlyThisJobsWorkload.test_the_task_bytes_are_exactly_what_the_manifest_seals) ... ok
test_the_task_document_states_requirements_and_owns_the_commit (test_baseline_bindings.TheCompositionCarriesOnlyThisJobsWorkload.test_the_task_document_states_requirements_and_owns_the_commit)
W236087's four-stage script is the defect this replaces. The ... ok
test_the_two_roles_share_no_participant_or_principal (test_baseline_bindings.TheCompositionCarriesOnlyThisJobsWorkload.test_the_two_roles_share_no_participant_or_principal)
`_independent` refuses this at the configuration, before anything ... ok
test_the_worker_document_is_the_contextual_schema (test_baseline_bindings.TheCompositionCarriesOnlyThisJobsWorkload.test_the_worker_document_is_the_contextual_schema) ... ok
test_a_code_boundary_that_does_not_contain_the_source_is_refused (test_baseline_bindings.TheComposerRefusesWhatItCannotHold.test_a_code_boundary_that_does_not_contain_the_source_is_refused) ... ok
test_a_network_that_could_never_reach_the_provider_is_refused (test_baseline_bindings.TheComposerRefusesWhatItCannotHold.test_a_network_that_could_never_reach_the_provider_is_refused) ... ok
test_a_placeholder_base_is_refused (test_baseline_bindings.TheComposerRefusesWhatItCannotHold.test_a_placeholder_base_is_refused) ... ok
test_a_second_implementer_invocation_is_refused (test_baseline_bindings.TheComposerRefusesWhatItCannotHold.test_a_second_implementer_invocation_is_refused) ... ok
test_a_sentinel_evidence_digest_is_refused (test_baseline_bindings.TheComposerRefusesWhatItCannotHold.test_a_sentinel_evidence_digest_is_refused) ... ok
test_review_bounds_are_refused_by_name (test_baseline_bindings.TheComposerRefusesWhatItCannotHold.test_review_bounds_are_refused_by_name) ... ok
test_the_command_runs_from_any_working_directory (test_entrypoints.TheDocumentedComposerRunsAsDocumented.test_the_command_runs_from_any_working_directory)
Every path the document prints is absolute; `cwd` is the filesystem ... ok
test_the_composed_job_identity_follows_the_run_identity (test_entrypoints.TheDocumentedComposerRunsAsDocumented.test_the_composed_job_identity_follows_the_run_identity) ... ok
test_the_composed_packet_is_the_one_held_packet_accepts (test_entrypoints.TheDocumentedComposerRunsAsDocumented.test_the_composed_packet_is_the_one_held_packet_accepts) ... ok
test_the_documented_command_composes_the_whole_packet (test_entrypoints.TheDocumentedComposerRunsAsDocumented.test_the_documented_command_composes_the_whole_packet) ... ok
test_without_the_bound_import_path_it_fails_exactly_as_reported (test_entrypoints.TheDocumentedComposerRunsAsDocumented.test_without_the_bound_import_path_it_fails_exactly_as_reported)
The reviewer's reproduction, kept as a regression. ... ok
test_main_completes_one_implementation_and_exits_zero (test_entrypoints.TheDocumentedSupervisorRunsThroughMain.test_main_completes_one_implementation_and_exits_zero) ... ok
test_main_holds_and_exits_one_when_the_bound_elapses (test_entrypoints.TheDocumentedSupervisorRunsThroughMain.test_main_holds_and_exits_one_when_the_bound_elapses) ... ok
test_main_refuses_a_job_identity_the_store_already_holds (test_entrypoints.TheDocumentedSupervisorRunsThroughMain.test_main_refuses_a_job_identity_the_store_already_holds)
R2 at the entrypoint: BEFORE the owner acts, so no grant is spent. ... ok
test_main_refuses_a_source_this_process_does_not_import (test_entrypoints.TheDocumentedSupervisorRunsThroughMain.test_main_refuses_a_source_this_process_does_not_import)
The relocated copy is REAL and is not what this process runs. ... ok
test_main_reports_another_job_in_the_same_store (test_entrypoints.TheDocumentedSupervisorRunsThroughMain.test_main_reports_another_job_in_the_same_store)
A stranger is named and disclaimed rather than silently excluded. ... ok
test_the_adapter_answered_unable_with_a_manifest (test_failure_path.TheRetainedBytesAreTheOnesTheRunProduced.test_the_adapter_answered_unable_with_a_manifest)
The adapter was RIGHT. It is not what this correction changes. ... ok
test_the_live_outcome_recorded_the_stall_this_corrects (test_failure_path.TheRetainedBytesAreTheOnesTheRunProduced.test_the_live_outcome_recorded_the_stall_this_corrects) ... ok
test_the_provider_terminal_is_the_authentication_failure (test_failure_path.TheRetainedBytesAreTheOnesTheRunProduced.test_the_provider_terminal_is_the_authentication_failure) ... ok
test_execution_is_stopped_and_cleanup_is_positive (test_failure_path.AnUnableTurnFailsPromptlyAndCleansUp.test_execution_is_stopped_and_cleanup_is_positive)
STOPPED, and POSITIVELY CLEANED UP -- a committed record, not an ... ok
test_no_proposal_is_retained_and_nothing_reads_as_success (test_failure_path.AnUnableTurnFailsPromptlyAndCleansUp.test_no_proposal_is_retained_and_nothing_reads_as_success)
NO PROPOSAL AND NO FALSE SUCCESS. ... ok
test_the_context_generation_is_not_finalized (test_failure_path.AnUnableTurnFailsPromptlyAndCleansUp.test_the_context_generation_is_not_finalized)
A generation whose turn could not be accounted for is HELD. ... ok
test_the_failure_is_actionable_rather_than_a_keyerror (test_failure_path.AnUnableTurnFailsPromptlyAndCleansUp.test_the_failure_is_actionable_rather_than_a_keyerror)
ACTIONABLE. The live run reported `KeyError: 'baton.git-proposal/1'` ... ok
test_the_outcome_is_retained_where_the_packet_says (test_failure_path.AnUnableTurnFailsPromptlyAndCleansUp.test_the_outcome_is_retained_where_the_packet_says) ... ok
test_the_provider_was_called_once_and_never_retried (test_failure_path.AnUnableTurnFailsPromptlyAndCleansUp.test_the_provider_was_called_once_and_never_retried) ... ok
test_the_run_stops_as_soon_as_the_stage_is_exceptional (test_failure_path.AnUnableTurnFailsPromptlyAndCleansUp.test_the_run_stops_as_soon_as_the_stage_is_exceptional)
PROMPT. The bound is 900; this must not go near it. ... ok
test_the_layout_is_flat_so_one_import_path_is_enough (test_successor_snapshot.TheSuccessorSnapshotCarriesTheAcceptedBytes.test_the_layout_is_flat_so_one_import_path_is_enough) ... ok
test_the_manifest_describes_the_snapshot_on_disk (test_successor_snapshot.TheSuccessorSnapshotCarriesTheAcceptedBytes.test_the_manifest_describes_the_snapshot_on_disk) ... ok
test_the_preserved_snapshot_still_holds_the_superseded_bytes (test_successor_snapshot.TheSuccessorSnapshotCarriesTheAcceptedBytes.test_the_preserved_snapshot_still_holds_the_superseded_bytes)
R1's remedy is a SECOND snapshot, not an overwrite. W236087's own ... ok
test_the_two_corrected_modules_are_the_accepted_ones (test_successor_snapshot.TheSuccessorSnapshotCarriesTheAcceptedBytes.test_the_two_corrected_modules_are_the_accepted_ones) ... ok
test_the_two_snapshots_really_differ_at_those_modules (test_successor_snapshot.TheSuccessorSnapshotCarriesTheAcceptedBytes.test_the_two_snapshots_really_differ_at_those_modules)
The check that makes the other two mean something: if the accepted ... ok
test_a_child_bound_to_it_imports_the_corrected_driver (test_successor_snapshot.TheSnapshotIsImportableAsTheCommandImportsIt.test_a_child_bound_to_it_imports_the_corrected_driver)
The whole of R1 in one check: what does the command's interpreter ... ok
test_the_preserved_snapshot_does_not_carry_the_correction (test_successor_snapshot.TheSnapshotIsImportableAsTheCommandImportsIt.test_the_preserved_snapshot_does_not_carry_the_correction)
The counterexample the reviewer reproduced, kept as a regression: ... ok
test_without_the_binding_the_child_cannot_import_at_all (test_successor_snapshot.TheSnapshotIsImportableAsTheCommandImportsIt.test_without_the_binding_the_child_cannot_import_at_all) ... ok
test_the_expired_credential_replay_fails_promptly_and_cleans_up (test_successor_snapshot.TheReplaySettlesAgainstAPacketBoundToTheSnapshot.test_the_expired_credential_replay_fails_promptly_and_cleans_up) ... ok
test_the_packet_bound_to_the_snapshot_is_held_whole (test_successor_snapshot.TheReplaySettlesAgainstAPacketBoundToTheSnapshot.test_the_packet_bound_to_the_snapshot_is_held_whole) ... ok
test_the_provider_was_called_once_and_never_retried (test_successor_snapshot.TheReplaySettlesAgainstAPacketBoundToTheSnapshot.test_the_provider_was_called_once_and_never_retried) ... ok
test_the_run_is_bounded_by_the_selected_total (test_successor_snapshot.TheReplaySettlesAgainstAPacketBoundToTheSnapshot.test_the_run_is_bounded_by_the_selected_total)
A failure path that still burned the old 900 would be the defect ... ok
test_the_selections_name_this_snapshot_and_these_bounds (test_successor_snapshot.TheReplaySettlesAgainstAPacketBoundToTheSnapshot.test_the_selections_name_this_snapshot_and_these_bounds)
The composed input an operator actually edits, checked against the ... ok
test_context_integrity_is_preserved (test_no_progress.ACustodyModeTheRealProviderProduces.test_context_integrity_is_preserved)
The use is HELD and never becomes ready. Stopping sooner must not ... ok
test_it_stops_long_before_the_overall_bound (test_no_progress.ACustodyModeTheRealProviderProduces.test_it_stops_long_before_the_overall_bound)
The whole point. The live run spent 443 seconds of 900 before an ... ok
test_nothing_reads_as_success (test_no_progress.ACustodyModeTheRealProviderProduces.test_nothing_reads_as_success) ... ok
test_the_live_run_had_exactly_this_shape (test_no_progress.ACustodyModeTheRealProviderProduces.test_the_live_run_had_exactly_this_shape)
The evidence this reproduction is of, pinned. ... ok
test_the_proposal_it_really_produced_is_still_reported (test_no_progress.ACustodyModeTheRealProviderProduces.test_the_proposal_it_really_produced_is_still_reported)
A supervisor that gave up waiting must not also lose what the run ... ok
test_the_stage_cannot_advance_and_the_run_says_so (test_no_progress.ACustodyModeTheRealProviderProduces.test_the_stage_cannot_advance_and_the_run_says_so) ... ok
test_a_run_with_outstanding_cleanup_is_not_called_stalled (test_no_progress.AProgressingRunIsNeverStoppedEarly.test_a_run_with_outstanding_cleanup_is_not_called_stalled)
An ending still owing a destroy is a run with something left to do, ... ok
test_an_unreadable_progress_read_never_invents_a_stall (test_no_progress.AProgressingRunIsNeverStoppedEarly.test_an_unreadable_progress_read_never_invents_a_stall)
Failing towards keeping the run alive. An unreadable journal is not ... ok
test_the_observation_changes_when_the_cleanup_axis_moves (test_no_progress.AProgressingRunIsNeverStoppedEarly.test_the_observation_changes_when_the_cleanup_axis_moves)
What `unchanged` means, at the boundary itself. ... ok
test_the_ordinary_successful_run_still_settles (test_no_progress.AProgressingRunIsNeverStoppedEarly.test_the_ordinary_successful_run_still_settles) ... ok
test_a_settled_run_exits_zero_and_a_held_one_does_not (test_no_progress.AnInterruptedRunSaysWhereItsOutcomeIs.test_a_settled_run_exits_zero_and_a_held_one_does_not)
The exit statuses an operator scripts against, unchanged by the ... ok
test_main_retains_the_outcome_and_names_its_path (test_no_progress.AnInterruptedRunSaysWhereItsOutcomeIs.test_main_retains_the_outcome_and_names_its_path) ... ok

----------------------------------------------------------------------
Ran 112 tests in 24.357s

OK
