DEPRECATED: The legacy builder is deprecated and will be removed in a future release.
            Install the buildx component to build images with BuildKit:
            https://docs.docker.com/go/buildx/

Sending build context to Docker daemon  221.2kB
Step 1/7 : FROM sha256:0697b6595aff0af2a39a81d492223bf33cf69877426ec859fe1abb90abd617e4
 ---> 0697b6595aff
Step 2/7 : COPY worker/baton_worker.py /opt/baton/baton_worker.py
 ---> db363208aa7b
Step 3/7 : COPY worker/scripted_agent.py /opt/baton/scripted_agent.py
 ---> ec0351d88b06
Step 4/7 : COPY worker/worker-control-1.0.schema.json /opt/baton/worker-control-1.0.schema.json
 ---> 9305a0a89b73
Step 5/7 : COPY python/src/baton_v12/source_profiles /opt/baton/source_profiles
 ---> 54152b483639
Step 6/7 : USER 65532:65532
 ---> Running in 5437a613fe4d
 ---> Removed intermediate container 5437a613fe4d
 ---> fa06bd76ff20
Step 7/7 : ENTRYPOINT ["python3", "/opt/baton/baton_worker.py"]
 ---> Running in c4d109449063
 ---> Removed intermediate container c4d109449063
 ---> edd20e9c3f0a
Successfully built edd20e9c3f0a
Successfully tagged baton-w197661-fixture:claim198750
