$ env PYTHONPATH=src:tools:. /home/sl/src/baton/.venv/bin/python3 -m unittest tests.tools.test_job_viewer
..FFFFFF..E.........FF......................................./home/sl/src/baton/v12/python/tests/tools/test_job_viewer.py:706: ResourceWarning: unclosed file <_io.TextIOWrapper name='/dev/null' mode='w' encoding='UTF-8'>
  viewer.run(ticks=3, stream=open(os.devnull, "w"))
ResourceWarning: Enable tracemalloc to get the object allocation traceback
./home/sl/src/baton/v12/python/tests/tools/test_job_viewer.py:779: ResourceWarning: unclosed file <_io.TextIOWrapper name='/dev/null' mode='w' encoding='UTF-8'>
  viewer.run(ticks=4, stream=open(os.devnull, "w"))
ResourceWarning: Enable tracemalloc to get the object allocation traceback
../home/sl/src/baton/v12/python/tests/tools/test_job_viewer.py:715: ResourceWarning: unclosed file <_io.TextIOWrapper name='/dev/null' mode='w' encoding='UTF-8'>
  viewer.run(ticks=3, stream=open(os.devnull, "w"))
ResourceWarning: Enable tracemalloc to get the object allocation traceback
.
======================================================================
ERROR: test_detail_on_a_first_unreadable_snapshot_does_not_exit (tests.tools.test_job_viewer.AMalformedRefreshDoesNotEndTheView.test_detail_on_a_first_unreadable_snapshot_does_not_exit)
"I have not managed to look" and "I looked and it is not there"
----------------------------------------------------------------------
Traceback (most recent call last):
  File "/home/sl/src/baton/v12/python/tests/tools/test_job_viewer.py", line 383, in test_detail_on_a_first_unreadable_snapshot_does_not_exit
    shown = "\n".join(render_detail(viewer.snapshot, "job-a",
                      ~~~~~~~~~~~~~^^^^^^^^^^^^^^^^^^^^^^^^^^
                                     now=self.now))
                                     ^^^^^^^^^^^^^
  File "/home/sl/src/baton/v12/python/tools/job_viewer.py", line 480, in render_detail
    _refuse("this snapshot holds no Job named " + repr(job_id)
    ~~~~~~~^^^^^^^^^^^^^^^^^^^^^^^^^^^^^^^^^^^^^^^^^^^^^^^^^^^
            + "; it holds "
            ^^^^^^^^^^^^^^^
            + (", ".join(repr(one.get("job_id"))
            ^^^^^^^^^^^^^^^^^^^^^^^^^^^^^^^^^^^^
                         for one in snapshot.jobs()) or "nothing"))
                         ^^^^^^^^^^^^^^^^^^^^^^^^^^^^^^^^^^^^^^^^^^
  File "/home/sl/src/baton/v12/python/tools/job_viewer.py", line 90, in _refuse
    raise ViewerRefusal(message)
tools.job_viewer.ViewerRefusal: this snapshot holds no Job named 'job-a'; it holds nothing

======================================================================
FAIL: test_a_nested_malformed_document_never_replaces_the_good_one (tests.tools.test_job_viewer.AMalformedRefreshDoesNotEndTheView.test_a_nested_malformed_document_never_replaces_the_good_one) (broken="{'jobs': [None]}")
REVIEW claim168169 [P2]. `{"schema": ..., "jobs": [null]}` carried
----------------------------------------------------------------------
Traceback (most recent call last):
  File "/home/sl/src/baton/v12/python/tests/tools/test_job_viewer.py", line 370, in test_a_nested_malformed_document_never_replaces_the_good_one
    self.assertFalse(viewer.snapshot.connected)
    ~~~~~~~~~~~~~~~~^^^^^^^^^^^^^^^^^^^^^^^^^^^
AssertionError: True is not false

======================================================================
FAIL: test_a_nested_malformed_document_never_replaces_the_good_one (tests.tools.test_job_viewer.AMalformedRefreshDoesNotEndTheView.test_a_nested_malformed_document_never_replaces_the_good_one) (broken="{'jobs': 'not a list'}")
REVIEW claim168169 [P2]. `{"schema": ..., "jobs": [null]}` carried
----------------------------------------------------------------------
Traceback (most recent call last):
  File "/home/sl/src/baton/v12/python/tests/tools/test_job_viewer.py", line 370, in test_a_nested_malformed_document_never_replaces_the_good_one
    self.assertFalse(viewer.snapshot.connected)
    ~~~~~~~~~~~~~~~~^^^^^^^^^^^^^^^^^^^^^^^^^^^
AssertionError: True is not false

======================================================================
FAIL: test_a_nested_malformed_document_never_replaces_the_good_one (tests.tools.test_job_viewer.AMalformedRefreshDoesNotEndTheView.test_a_nested_malformed_document_never_replaces_the_good_one) (broken="{'jobs': [{'job_id': 'job-a', 'stages': ")
REVIEW claim168169 [P2]. `{"schema": ..., "jobs": [null]}` carried
----------------------------------------------------------------------
Traceback (most recent call last):
  File "/home/sl/src/baton/v12/python/tests/tools/test_job_viewer.py", line 370, in test_a_nested_malformed_document_never_replaces_the_good_one
    self.assertFalse(viewer.snapshot.connected)
    ~~~~~~~~~~~~~~~~^^^^^^^^^^^^^^^^^^^^^^^^^^^
AssertionError: True is not false

======================================================================
FAIL: test_a_nested_malformed_document_never_replaces_the_good_one (tests.tools.test_job_viewer.AMalformedRefreshDoesNotEndTheView.test_a_nested_malformed_document_never_replaces_the_good_one) (broken="{'jobs': [{'job_id': 'job-a', 'stages': ")
REVIEW claim168169 [P2]. `{"schema": ..., "jobs": [null]}` carried
----------------------------------------------------------------------
Traceback (most recent call last):
  File "/home/sl/src/baton/v12/python/tests/tools/test_job_viewer.py", line 370, in test_a_nested_malformed_document_never_replaces_the_good_one
    self.assertFalse(viewer.snapshot.connected)
    ~~~~~~~~~~~~~~~~^^^^^^^^^^^^^^^^^^^^^^^^^^^
AssertionError: True is not false

======================================================================
FAIL: test_a_nested_malformed_document_never_replaces_the_good_one (tests.tools.test_job_viewer.AMalformedRefreshDoesNotEndTheView.test_a_nested_malformed_document_never_replaces_the_good_one) (broken="{'jobs': [{'job_id': 'job-a', 'stages': ")
REVIEW claim168169 [P2]. `{"schema": ..., "jobs": [null]}` carried
----------------------------------------------------------------------
Traceback (most recent call last):
  File "/home/sl/src/baton/v12/python/tests/tools/test_job_viewer.py", line 370, in test_a_nested_malformed_document_never_replaces_the_good_one
    self.assertFalse(viewer.snapshot.connected)
    ~~~~~~~~~~~~~~~~^^^^^^^^^^^^^^^^^^^^^^^^^^^
AssertionError: True is not false

======================================================================
FAIL: test_a_nested_malformed_document_never_replaces_the_good_one (tests.tools.test_job_viewer.AMalformedRefreshDoesNotEndTheView.test_a_nested_malformed_document_never_replaces_the_good_one) (broken="{'jobs': [{'job_id': 'job-a', 'stages': ")
REVIEW claim168169 [P2]. `{"schema": ..., "jobs": [null]}` carried
----------------------------------------------------------------------
Traceback (most recent call last):
  File "/home/sl/src/baton/v12/python/tests/tools/test_job_viewer.py", line 370, in test_a_nested_malformed_document_never_replaces_the_good_one
    self.assertFalse(viewer.snapshot.connected)
    ~~~~~~~~~~~~~~~~^^^^^^^^^^^^^^^^^^^^^^^^^^^
AssertionError: True is not false

======================================================================
FAIL: test_the_configured_threshold_reaches_the_rendering (tests.tools.test_job_viewer.StaleBytesAreNeverReportedFresh.test_the_configured_threshold_reaches_the_rendering)
REVIEW claim168169 [P2]. The viewer computed a threshold from the
----------------------------------------------------------------------
Traceback (most recent call last):
  File "/home/sl/src/baton/v12/python/tests/tools/test_job_viewer.py", line 287, in test_the_configured_threshold_reaches_the_rendering
    self.assertNotIn("STALE", stream.getvalue())
    ~~~~~~~~~~~~~~~~^^^^^^^^^^^^^^^^^^^^^^^^^^^^
AssertionError: 'STALE' unexpectedly found in '!! STALE -- observed 3s ago; this view last read it 0s ago; observed at 2026-09-02T00:00:00.000Z\n\nJOB job-a   submission sub-1\n  implementation   queued           elapsed 0s       activity unknown  job-a/implementation\n      held: no attempt in progress\n  review           blocked          elapsed 0s       activity unknown  job-a/review\n      held: waiting on job-a/implementation (queued)\n\nJOB job-b   submission sub-1\n  implementation   queued           elapsed 0s       activity unknown  job-b/implementation\n      held: no attempt in progress\n'

======================================================================
FAIL: test_the_default_two_second_boundary_is_inclusive (tests.tools.test_job_viewer.StaleBytesAreNeverReportedFresh.test_the_default_two_second_boundary_is_inclusive)
The selected behaviour is a changed or outdated observation visible
----------------------------------------------------------------------
Traceback (most recent call last):
  File "/home/sl/src/baton/v12/python/tests/tools/test_job_viewer.py", line 304, in test_the_default_two_second_boundary_is_inclusive
    self.assertTrue(snapshot.stale(self.now, wall_now=started + 2.0))
    ~~~~~~~~~~~~~~~^^^^^^^^^^^^^^^^^^^^^^^^^^^^^^^^^^^^^^^^^^^^^^^^^^
AssertionError: False is not true

----------------------------------------------------------------------
Ran 60 tests in 2.928s

FAILED (failures=8, errors=1)
