$ env PYTHONPATH=src:tools:. /home/sl/src/baton/.venv/bin/python3 -m unittest tests.tools.test_job_viewer
.EEE....EFFE............EEE......E....FE.E....EEE/usr/lib/python3.13/ast.py:50: ResourceWarning: unclosed file <_io.FileIO name='/dev/null' mode='wb' closefd=True>
  return compile(source, filename, mode, flags,
ResourceWarning: Enable tracemalloc to get the object allocation traceback
.E
======================================================================
ERROR: test_a_truncated_document_disconnects_and_keeps_the_last_view (tests.tools.test_job_viewer.AMalformedRefreshDoesNotEndTheView.test_a_truncated_document_disconnects_and_keeps_the_last_view)
----------------------------------------------------------------------
Traceback (most recent call last):
  File "/home/sl/src/baton/v12/python/tests/tools/test_job_viewer.py", line 296, in test_a_truncated_document_disconnects_and_keeps_the_last_view
    self.assertFalse(viewer.snapshot.connected)
                     ^^^^^^^^^^^^^^^^^^^^^^^^^
AttributeError: 'bytes' object has no attribute 'connected'

======================================================================
ERROR: test_an_oversize_document_disconnects_rather_than_exiting (tests.tools.test_job_viewer.AMalformedRefreshDoesNotEndTheView.test_an_oversize_document_disconnects_rather_than_exiting)
----------------------------------------------------------------------
Traceback (most recent call last):
  File "/home/sl/src/baton/v12/python/tests/tools/test_job_viewer.py", line 322, in test_an_oversize_document_disconnects_rather_than_exiting
    self.assertFalse(viewer.snapshot.connected)
                     ^^^^^^^^^^^^^^^^^^^^^^^^^
AttributeError: 'bytes' object has no attribute 'connected'

======================================================================
ERROR: test_the_loop_retries_after_a_bad_document (tests.tools.test_job_viewer.AMalformedRefreshDoesNotEndTheView.test_the_loop_retries_after_a_bad_document)
----------------------------------------------------------------------
Traceback (most recent call last):
  File "/home/sl/src/baton/v12/python/tests/tools/test_job_viewer.py", line 314, in test_the_loop_retries_after_a_bad_document
    self.assertTrue(viewer.snapshot.connected)
                    ^^^^^^^^^^^^^^^^^^^^^^^^^
AttributeError: 'dict' object has no attribute 'connected'

======================================================================
ERROR: test_an_advancing_observation_stays_fresh (tests.tools.test_job_viewer.StaleBytesAreNeverReportedFresh.test_an_advancing_observation_stays_fresh)
And the reversal: when the manager IS advancing, the view does not
----------------------------------------------------------------------
Traceback (most recent call last):
  File "/home/sl/src/baton/v12/python/tests/tools/test_job_viewer.py", line 263, in test_an_advancing_observation_stays_fresh
    render_list(viewer.snapshot, now=self.now, wall_now=wall[0])))
    ~~~~~~~~~~~^^^^^^^^^^^^^^^^^^^^^^^^^^^^^^^^^^^^^^^^^^^^^^^^^
  File "/home/sl/src/baton/v12/python/tools/job_viewer.py", line 326, in render_list
    lines = [_banner(snapshot, now, wall_now=wall_now)]
             ~~~~~~~^^^^^^^^^^^^^^^^^^^^^^^^^^^^^^^^^^
  File "/home/sl/src/baton/v12/python/tools/job_viewer.py", line 355, in _banner
    if not snapshot.connected:
           ^^^^^^^^^^^^^^^^^^
AttributeError: 'dict' object has no attribute 'connected'

======================================================================
ERROR: test_rereading_an_unchanged_document_goes_stale (tests.tools.test_job_viewer.StaleBytesAreNeverReportedFresh.test_rereading_an_unchanged_document_goes_stale)
The source is not advancing. Reading it again is not news.
----------------------------------------------------------------------
Traceback (most recent call last):
  File "/home/sl/src/baton/v12/python/tests/tools/test_job_viewer.py", line 226, in test_rereading_an_unchanged_document_goes_stale
    fresh = "\n".join(render_list(viewer.snapshot, now=self.now,
                      ~~~~~~~~~~~^^^^^^^^^^^^^^^^^^^^^^^^^^^^^^^
                                   wall_now=wall[0]))
                                   ^^^^^^^^^^^^^^^^^
  File "/home/sl/src/baton/v12/python/tools/job_viewer.py", line 326, in render_list
    lines = [_banner(snapshot, now, wall_now=wall_now)]
             ~~~~~~~^^^^^^^^^^^^^^^^^^^^^^^^^^^^^^^^^^
  File "/home/sl/src/baton/v12/python/tools/job_viewer.py", line 355, in _banner
    if not snapshot.connected:
           ^^^^^^^^^^^^^^^^^^
AttributeError: 'dict' object has no attribute 'connected'

======================================================================
ERROR: test_a_detail_request_for_an_absent_job_refuses_with_status_two (tests.tools.test_job_viewer.TheCommandIsOrdinary.test_a_detail_request_for_an_absent_job_refuses_with_status_two)
----------------------------------------------------------------------
Traceback (most recent call last):
  File "/home/sl/src/baton/v12/python/tests/tools/test_job_viewer.py", line 741, in test_a_detail_request_for_an_absent_job_refuses_with_status_two
    code = job_viewer.main(["--status", self.written(), "--job", "job-zzz",
                            "--ticks", "1", "--interval", "1"],
                           stream=stream)
  File "/home/sl/src/baton/v12/python/tools/job_viewer.py", line 687, in main
    viewer.run(ticks=max(1, taken.ticks), render=render, stream=stream)
    ~~~~~~~~~~^^^^^^^^^^^^^^^^^^^^^^^^^^^^^^^^^^^^^^^^^^^^^^^^^^^^^^^^^
  File "/home/sl/src/baton/v12/python/tools/job_viewer.py", line 630, in run
    for line in render(self.snapshot, now=self._clock(),
                ~~~~~~^^^^^^^^^^^^^^^^^^^^^^^^^^^^^^^^^^
                       wall_now=self._wall()):
                       ^^^^^^^^^^^^^^^^^^^^^^
  File "/home/sl/src/baton/v12/python/tools/job_viewer.py", line 685, in <lambda>
    render_detail(snapshot, taken.job, now=now,
    ~~~~~~~~~~~~~^^^^^^^^^^^^^^^^^^^^^^^^^^^^^^
                  wall_now=wall_now)))
                  ^^^^^^^^^^^^^^^^^^
  File "/home/sl/src/baton/v12/python/tools/job_viewer.py", line 380, in render_detail
    for job in snapshot.jobs():
               ^^^^^^^^^^^^^
AttributeError: 'bytes' object has no attribute 'jobs'

======================================================================
ERROR: test_it_reads_a_status_document_an_operator_already_has (tests.tools.test_job_viewer.TheCommandIsOrdinary.test_it_reads_a_status_document_an_operator_already_has)
----------------------------------------------------------------------
Traceback (most recent call last):
  File "/home/sl/src/baton/v12/python/tests/tools/test_job_viewer.py", line 731, in test_it_reads_a_status_document_an_operator_already_has
    code = job_viewer.main(["--status", self.written(), "--ticks", "1",
                            "--interval", "1"], stream=stream)
  File "/home/sl/src/baton/v12/python/tools/job_viewer.py", line 687, in main
    viewer.run(ticks=max(1, taken.ticks), render=render, stream=stream)
    ~~~~~~~~~~^^^^^^^^^^^^^^^^^^^^^^^^^^^^^^^^^^^^^^^^^^^^^^^^^^^^^^^^^
  File "/home/sl/src/baton/v12/python/tools/job_viewer.py", line 630, in run
    for line in render(self.snapshot, now=self._clock(),
                ~~~~~~^^^^^^^^^^^^^^^^^^^^^^^^^^^^^^^^^^
                       wall_now=self._wall()):
                       ^^^^^^^^^^^^^^^^^^^^^^
  File "/home/sl/src/baton/v12/python/tools/job_viewer.py", line 326, in render_list
    lines = [_banner(snapshot, now, wall_now=wall_now)]
             ~~~~~~~^^^^^^^^^^^^^^^^^^^^^^^^^^^^^^^^^^
  File "/home/sl/src/baton/v12/python/tools/job_viewer.py", line 355, in _banner
    if not snapshot.connected:
           ^^^^^^^^^^^^^^^^^^
AttributeError: 'bytes' object has no attribute 'connected'

======================================================================
ERROR: test_a_file_uri_locator_is_read_as_a_locator (tests.tools.test_job_viewer.TheDrillDownIsWiredAndUsesLocatorSemantics.test_a_file_uri_locator_is_read_as_a_locator)
`integration_bundle` already treats `file:///...` as a locator; the
----------------------------------------------------------------------
Traceback (most recent call last):
  File "/home/sl/src/baton/v12/python/tests/tools/test_job_viewer.py", line 417, in test_a_file_uri_locator_is_read_as_a_locator
    self.assertEqual(job_viewer.locator_path(artifact["locator"]), place)
                     ~~~~~~~~~~~~~~~~~~~~~~~^^^^^^^^^^^^^^^^^^^^^
  File "/home/sl/src/baton/v12/python/tools/job_viewer.py", line 496, in locator_path
    _refuse("this view reads absolute local locators (`file:///...` or an "
    ~~~~~~~^^^^^^^^^^^^^^^^^^^^^^^^^^^^^^^^^^^^^^^^^^^^^^^^^^^^^^^^^^^^^^^^
            "absolute path) and this is " + repr(locator[:80])
            ^^^^^^^^^^^^^^^^^^^^^^^^^^^^^^^^^^^^^^^^^^^^^^^^^^
            + "; it does not resolve a reference against wherever the "
            ^^^^^^^^^^^^^^^^^^^^^^^^^^^^^^^^^^^^^^^^^^^^^^^^^^^^^^^^^^^
            "viewer happens to be running")
            ^^^^^^^^^^^^^^^^^^^^^^^^^^^^^^^
  File "/home/sl/src/baton/v12/python/tools/job_viewer.py", line 90, in _refuse
    raise ViewerRefusal(message)
tools.job_viewer.ViewerRefusal: this view reads absolute local locators (`file:///...` or an absolute path) and this is 'file:///tmp/v12-job-viewer-ygxugegz/result.log'; it does not resolve a reference against wherever the viewer happens to be running

======================================================================
ERROR: test_the_command_drills_down_through_identities (tests.tools.test_job_viewer.TheDrillDownIsWiredAndUsesLocatorSemantics.test_the_command_drills_down_through_identities)
----------------------------------------------------------------------
Traceback (most recent call last):
  File "/home/sl/src/baton/v12/python/tests/tools/test_job_viewer.py", line 478, in test_the_command_drills_down_through_identities
    code = job_viewer.main(["--status", place, "--job", "job-a",
                            "--stage", stage, "--artifact", "result"],
                           stream=stream)
  File "/home/sl/src/baton/v12/python/tools/job_viewer.py", line 682, in main
    return _drilled(viewer, taken, stream)
  File "/home/sl/src/baton/v12/python/tools/job_viewer.py", line 707, in _drilled
    if not viewer.snapshot.connected:
           ^^^^^^^^^^^^^^^^^^^^^^^^^
AttributeError: 'bytes' object has no attribute 'connected'

======================================================================
ERROR: test_a_failed_read_disconnects_and_keeps_saying_so (tests.tools.test_job_viewer.TheViewNeverHidesItsOwnAge.test_a_failed_read_disconnects_and_keeps_saying_so)
The last good reading is kept because it was true once -- as long
----------------------------------------------------------------------
Traceback (most recent call last):
  File "/home/sl/src/baton/v12/python/tests/tools/test_job_viewer.py", line 180, in test_a_failed_read_disconnects_and_keeps_saying_so
    self.assertTrue(viewer.snapshot.connected)
                    ^^^^^^^^^^^^^^^^^^^^^^^^^
AttributeError: 'dict' object has no attribute 'connected'

======================================================================
ERROR: test_a_reconnect_clears_the_warning (tests.tools.test_job_viewer.TheViewNeverHidesItsOwnAge.test_a_reconnect_clears_the_warning)
----------------------------------------------------------------------
Traceback (most recent call last):
  File "/home/sl/src/baton/v12/python/tools/job_viewer.py", line 610, in refresh
    taken = self._source()
  File "/home/sl/src/baton/v12/python/tests/tools/test_job_viewer.py", line 195, in source
    raise OSError("briefly gone")
OSError: briefly gone

During handling of the above exception, another exception occurred:

Traceback (most recent call last):
  File "/home/sl/src/baton/v12/python/tests/tools/test_job_viewer.py", line 200, in test_a_reconnect_clears_the_warning
    viewer.refresh()
    ~~~~~~~~~~~~~~^^
  File "/home/sl/src/baton/v12/python/tools/job_viewer.py", line 616, in refresh
    self.snapshot = Snapshot(self.snapshot.document,
                             ^^^^^^^^^^^^^^^^^^^^^^
AttributeError: 'dict' object has no attribute 'document'

======================================================================
ERROR: test_a_changed_observation_is_visible_on_the_next_tick (tests.tools.test_job_viewer.TheViewerPerformsNoAct.test_a_changed_observation_is_visible_on_the_next_tick)
THE REFRESH LATENCY, TESTED LOGICALLY RATHER THAN BY WAITING.
----------------------------------------------------------------------
Traceback (most recent call last):
  File "/home/sl/src/baton/v12/python/tests/tools/test_job_viewer.py", line 627, in test_a_changed_observation_is_visible_on_the_next_tick
    "\n".join(render_list(viewer.snapshot, now=self.now)))
              ~~~~~~~~~~~^^^^^^^^^^^^^^^^^^^^^^^^^^^^^^^
  File "/home/sl/src/baton/v12/python/tools/job_viewer.py", line 326, in render_list
    lines = [_banner(snapshot, now, wall_now=wall_now)]
             ~~~~~~~^^^^^^^^^^^^^^^^^^^^^^^^^^^^^^^^^^
  File "/home/sl/src/baton/v12/python/tools/job_viewer.py", line 355, in _banner
    if not snapshot.connected:
           ^^^^^^^^^^^^^^^^^^
AttributeError: 'dict' object has no attribute 'connected'

======================================================================
ERROR: test_refreshing_only_reads (tests.tools.test_job_viewer.TheViewerPerformsNoAct.test_refreshing_only_reads)
----------------------------------------------------------------------
Traceback (most recent call last):
  File "/home/sl/src/baton/v12/python/tests/tools/test_job_viewer.py", line 566, in test_refreshing_only_reads
    viewer.run(ticks=3, stream=open(os.devnull, "w"))
    ~~~~~~~~~~^^^^^^^^^^^^^^^^^^^^^^^^^^^^^^^^^^^^^^^
  File "/home/sl/src/baton/v12/python/tools/job_viewer.py", line 630, in run
    for line in render(self.snapshot, now=self._clock(),
                ~~~~~~^^^^^^^^^^^^^^^^^^^^^^^^^^^^^^^^^^
                       wall_now=self._wall()):
                       ^^^^^^^^^^^^^^^^^^^^^^
  File "/home/sl/src/baton/v12/python/tools/job_viewer.py", line 326, in render_list
    lines = [_banner(snapshot, now, wall_now=wall_now)]
             ~~~~~~~^^^^^^^^^^^^^^^^^^^^^^^^^^^^^^^^^^
  File "/home/sl/src/baton/v12/python/tools/job_viewer.py", line 355, in _banner
    if not snapshot.connected:
           ^^^^^^^^^^^^^^^^^^
AttributeError: 'dict' object has no attribute 'connected'

======================================================================
ERROR: test_the_loop_sleeps_between_reads_and_does_not_spin (tests.tools.test_job_viewer.TheViewerPerformsNoAct.test_the_loop_sleeps_between_reads_and_does_not_spin)
----------------------------------------------------------------------
Traceback (most recent call last):
  File "/home/sl/src/baton/v12/python/tests/tools/test_job_viewer.py", line 639, in test_the_loop_sleeps_between_reads_and_does_not_spin
    viewer.run(ticks=4, stream=open(os.devnull, "w"))
    ~~~~~~~~~~^^^^^^^^^^^^^^^^^^^^^^^^^^^^^^^^^^^^^^^
  File "/home/sl/src/baton/v12/python/tools/job_viewer.py", line 630, in run
    for line in render(self.snapshot, now=self._clock(),
                ~~~~~~^^^^^^^^^^^^^^^^^^^^^^^^^^^^^^^^^^
                       wall_now=self._wall()):
                       ^^^^^^^^^^^^^^^^^^^^^^
  File "/home/sl/src/baton/v12/python/tools/job_viewer.py", line 326, in render_list
    lines = [_banner(snapshot, now, wall_now=wall_now)]
             ~~~~~~~^^^^^^^^^^^^^^^^^^^^^^^^^^^^^^^^^^
  File "/home/sl/src/baton/v12/python/tools/job_viewer.py", line 355, in _banner
    if not snapshot.connected:
           ^^^^^^^^^^^^^^^^^^
AttributeError: 'dict' object has no attribute 'connected'

======================================================================
ERROR: test_the_store_is_unchanged_by_being_viewed (tests.tools.test_job_viewer.TheViewerPerformsNoAct.test_the_store_is_unchanged_by_being_viewed)
The disposable owner state is established before and compared
----------------------------------------------------------------------
Traceback (most recent call last):
  File "/home/sl/src/baton/v12/python/tests/tools/test_job_viewer.py", line 575, in test_the_store_is_unchanged_by_being_viewed
    viewer.run(ticks=3, stream=open(os.devnull, "w"))
    ~~~~~~~~~~^^^^^^^^^^^^^^^^^^^^^^^^^^^^^^^^^^^^^^^
  File "/home/sl/src/baton/v12/python/tools/job_viewer.py", line 630, in run
    for line in render(self.snapshot, now=self._clock(),
                ~~~~~~^^^^^^^^^^^^^^^^^^^^^^^^^^^^^^^^^^
                       wall_now=self._wall()):
                       ^^^^^^^^^^^^^^^^^^^^^^
  File "/home/sl/src/baton/v12/python/tools/job_viewer.py", line 326, in render_list
    lines = [_banner(snapshot, now, wall_now=wall_now)]
             ~~~~~~~^^^^^^^^^^^^^^^^^^^^^^^^^^^^^^^^^^
  File "/home/sl/src/baton/v12/python/tools/job_viewer.py", line 355, in _banner
    if not snapshot.connected:
           ^^^^^^^^^^^^^^^^^^
AttributeError: 'dict' object has no attribute 'connected'

======================================================================
FAIL: test_an_observation_that_was_already_old_is_stale_on_first_read (tests.tools.test_job_viewer.StaleBytesAreNeverReportedFresh.test_an_observation_that_was_already_old_is_stale_on_first_read)
A view that only watched its own reads would call a two-hour-old
----------------------------------------------------------------------
Traceback (most recent call last):
  File "/home/sl/src/baton/v12/python/tests/tools/test_job_viewer.py", line 243, in test_an_observation_that_was_already_old_is_stale_on_first_read
    self.assertTrue(snapshot.stale(self.now, wall_now=wall))
    ~~~~~~~~~~~~~~~^^^^^^^^^^^^^^^^^^^^^^^^^^^^^^^^^^^^^^^^^
AssertionError: False is not true

======================================================================
FAIL: test_an_unreadable_observation_time_is_treated_as_stale (tests.tools.test_job_viewer.StaleBytesAreNeverReportedFresh.test_an_unreadable_observation_time_is_treated_as_stale)
A view that cannot tell how old its facts are must not present them
----------------------------------------------------------------------
Traceback (most recent call last):
  File "/home/sl/src/baton/v12/python/tests/tools/test_job_viewer.py", line 270, in test_an_unreadable_observation_time_is_treated_as_stale
    self.assertTrue(snapshot.stale(self.now, wall_now=self.now))
    ~~~~~~~~~~~~~~~^^^^^^^^^^^^^^^^^^^^^^^^^^^^^^^^^^^^^^^^^^^^^
AssertionError: False is not true

======================================================================
FAIL: test_the_worker_and_assignment_identities_are_rendered (tests.tools.test_job_viewer.TheKnownIdentitiesAreShown.test_the_worker_and_assignment_identities_are_rendered)
----------------------------------------------------------------------
Traceback (most recent call last):
  File "/home/sl/src/baton/v12/python/tests/tools/test_job_viewer.py", line 523, in test_the_worker_and_assignment_identities_are_rendered
    self.assertIn(expected, detail)
    ~~~~~~~~~~~~~^^^^^^^^^^^^^^^^^^
AssertionError: 'runtime-7f3a' not found in 'observed at 2026-09-02T00:00:00.000Z   (age unknown, read 0s ago)   [the manager was NOT read: absences here mean nobody looked]\n\nJOB job-a\n  submission   sub-1\n  input        sha256:1111111111111111111111111111111111111111111111111111111111111111\n  policy       sha256:2222222222222222222222222222222222222222222222222222222222222222\n  terminal     report-and-hold\n\n  STAGE job-a/implementation  [running]\n    work         0000000a-W1\n    episode      1\n    offer        offer-e78478c409a32c432d03b34b562a793ad607897e026de4b48330983c83d400d1\n    attempt      attempt-e78478c409a32c432d03b34b562a793ad607897e026de4b48330983c83d400d1\n    runtime      unknown\n    engine       oci\n    assigned to  baton.worker\n    assigned work 0000000a-W1\n    assigned gen 3\n    allocation   alloc-42\n    started      2026-09-02T00:00:00.000Z\n    elapsed      0s\n    activity     unknown\n    corrections  0\n    results      unavailable (no frozen output in this snapshot)\n\n  STAGE job-a/review  [blocked]\n    work         0000000a-W2\n    episode      1\n    offer        offer-fd5b9a03db9560bf31ce9102651bbd58e08910a0f5cf2546673878741a2ea3a7\n    attempt      attempt-fd5b9a03db9560bf31ce9102651bbd58e08910a0f5cf2546673878741a2ea3a7\n    runtime      unknown\n    engine       unknown\n    assigned to  unknown\n    assigned work unknown\n    assigned gen unknown\n    allocation   unknown\n    started      2026-09-02T00:00:00.000Z\n    elapsed      0s\n    activity     unknown\n    corrections  0\n    reason       held: waiting on job-a/implementation (queued)\n    results      unavailable (no frozen output in this snapshot)'

----------------------------------------------------------------------
Ran 51 tests in 0.106s

FAILED (failures=3, errors=15)
