$ env PYTHONPATH=src:tools:. /home/sl/src/baton/.venv/bin/python3 -m unittest tests.tools.test_job_viewer
...............................E......FF.......FE.........../home/sl/src/baton/v12/python/tests/tools/test_job_viewer.py:747: ResourceWarning: unclosed file <_io.TextIOWrapper name='/dev/null' mode='w' encoding='UTF-8'>
  viewer.run(ticks=3, stream=open(os.devnull, "w"))
ResourceWarning: Enable tracemalloc to get the object allocation traceback
./home/sl/src/baton/v12/python/tests/tools/test_job_viewer.py:820: ResourceWarning: unclosed file <_io.TextIOWrapper name='/dev/null' mode='w' encoding='UTF-8'>
  viewer.run(ticks=4, stream=open(os.devnull, "w"))
ResourceWarning: Enable tracemalloc to get the object allocation traceback
../home/sl/src/baton/v12/python/tests/tools/test_job_viewer.py:756: ResourceWarning: unclosed file <_io.TextIOWrapper name='/dev/null' mode='w' encoding='UTF-8'>
  viewer.run(ticks=3, stream=open(os.devnull, "w"))
ResourceWarning: Enable tracemalloc to get the object allocation traceback
.
======================================================================
ERROR: test_a_file_uri_locator_is_read_as_a_locator (tests.tools.test_job_viewer.TheDrillDownIsWiredAndUsesLocatorSemantics.test_a_file_uri_locator_is_read_as_a_locator)
`integration_bundle` already treats `file:///...` as a locator; the
----------------------------------------------------------------------
Traceback (most recent call last):
  File "/home/sl/src/baton/v12/python/tests/tools/test_job_viewer.py", line 517, in test_a_file_uri_locator_is_read_as_a_locator
    self.assertEqual(job_viewer.locator_path(artifact["locator"]), place)
                     ~~~~~~~~~~~~~~~~~~~~~~~^^^^^^^^^^^^^^^^^^^^^
  File "/home/sl/src/baton/v12/python/tools/job_viewer.py", line 595, in locator_path
    _refuse("this view reads absolute local locators (`file:///...` or an "
    ~~~~~~~^^^^^^^^^^^^^^^^^^^^^^^^^^^^^^^^^^^^^^^^^^^^^^^^^^^^^^^^^^^^^^^^
            "absolute path) and this is " + repr(locator[:80])
            ^^^^^^^^^^^^^^^^^^^^^^^^^^^^^^^^^^^^^^^^^^^^^^^^^^
            + "; it does not resolve a reference against wherever the "
            ^^^^^^^^^^^^^^^^^^^^^^^^^^^^^^^^^^^^^^^^^^^^^^^^^^^^^^^^^^^
            "viewer happens to be running")
            ^^^^^^^^^^^^^^^^^^^^^^^^^^^^^^^
  File "/home/sl/src/baton/v12/python/tools/job_viewer.py", line 90, in _refuse
    raise ViewerRefusal(message)
tools.job_viewer.ViewerRefusal: this view reads absolute local locators (`file:///...` or an absolute path) and this is 'file:///tmp/v12-job-viewer-yk1wiykz/result.log'; it does not resolve a reference against wherever the viewer happens to be running

======================================================================
ERROR: test_an_owner_produced_artifact_is_selected_and_read (tests.tools.test_job_viewer.TheOwnerProducedArtifactReachesTheView.test_an_owner_produced_artifact_is_selected_and_read)
----------------------------------------------------------------------
Traceback (most recent call last):
  File "/home/sl/src/baton/v12/python/tests/tools/test_job_viewer.py", line 1076, in test_an_owner_produced_artifact_is_selected_and_read
    self.assertEqual(read_locator(chosen),
                     ~~~~~~~~~~~~^^^^^^^^
  File "/home/sl/src/baton/v12/python/tools/job_viewer.py", line 617, in read_locator
    place = locator_path(artifact.get("locator"))
  File "/home/sl/src/baton/v12/python/tools/job_viewer.py", line 595, in locator_path
    _refuse("this view reads absolute local locators (`file:///...` or an "
    ~~~~~~~^^^^^^^^^^^^^^^^^^^^^^^^^^^^^^^^^^^^^^^^^^^^^^^^^^^^^^^^^^^^^^^^
            "absolute path) and this is " + repr(locator[:80])
            ^^^^^^^^^^^^^^^^^^^^^^^^^^^^^^^^^^^^^^^^^^^^^^^^^^
            + "; it does not resolve a reference against wherever the "
            ^^^^^^^^^^^^^^^^^^^^^^^^^^^^^^^^^^^^^^^^^^^^^^^^^^^^^^^^^^^
            "viewer happens to be running")
            ^^^^^^^^^^^^^^^^^^^^^^^^^^^^^^^
  File "/home/sl/src/baton/v12/python/tools/job_viewer.py", line 90, in _refuse
    raise ViewerRefusal(message)
tools.job_viewer.ViewerRefusal: this view reads absolute local locators (`file:///...` or an absolute path) and this is 'file:///tmp/v12-job-manager-1rnfclor/retained-result.txt'; it does not resolve a reference against wherever the viewer happens to be running

======================================================================
FAIL: test_the_command_drills_down_through_identities (tests.tools.test_job_viewer.TheDrillDownIsWiredAndUsesLocatorSemantics.test_the_command_drills_down_through_identities)
----------------------------------------------------------------------
Traceback (most recent call last):
  File "/home/sl/src/baton/v12/python/tests/tools/test_job_viewer.py", line 605, in test_the_command_drills_down_through_identities
    self.assertEqual(code, 0)
    ~~~~~~~~~~~~~~~~^^^^^^^^^
AssertionError: 2 != 0

======================================================================
FAIL: test_the_drill_down_banner_uses_the_configured_threshold (tests.tools.test_job_viewer.TheDrillDownIsWiredAndUsesLocatorSemantics.test_the_drill_down_banner_uses_the_configured_threshold)
REVIEW claim168257 [P2]. `_drilled` called `_banner` without the
----------------------------------------------------------------------
Traceback (most recent call last):
  File "/home/sl/src/baton/v12/python/tests/tools/test_job_viewer.py", line 583, in test_the_drill_down_banner_uses_the_configured_threshold
    self.assertEqual(job_viewer.main(argv + ["--interval", "5"],
    ~~~~~~~~~~~~~~~~^^^^^^^^^^^^^^^^^^^^^^^^^^^^^^^^^^^^^^^^^^^^
                                     stream=wide), 0)
                                     ^^^^^^^^^^^^^^^^
AssertionError: 2 != 0

======================================================================
FAIL: test_an_owner_locator_whose_file_is_gone_is_unavailable_not_invented (tests.tools.test_job_viewer.TheOwnerProducedArtifactReachesTheView.test_an_owner_locator_whose_file_is_gone_is_unavailable_not_invented)
The owner recorded where it put the artifact; if that is no longer
----------------------------------------------------------------------
Traceback (most recent call last):
  File "/home/sl/src/baton/v12/python/tests/tools/test_job_viewer.py", line 1098, in test_an_owner_locator_whose_file_is_gone_is_unavailable_not_invented
    self.assertIn("could not be opened", str(caught.exception))
    ~~~~~~~~~~~~~^^^^^^^^^^^^^^^^^^^^^^^^^^^^^^^^^^^^^^^^^^^^^^
AssertionError: 'could not be opened' not found in "this view reads absolute local locators (`file:///...` or an absolute path) and this is 'file:///tmp/v12-job-manager-0zw7czxh/retained-result.txt'; it does not resolve a reference against wherever the viewer happens to be running"

----------------------------------------------------------------------
Ran 64 tests in 2.974s

FAILED (failures=3, errors=2)
