{
  "materialization_counts_before_after": [
    1,
    1
  ],
  "host_calls": [
    [
      [
        "python3",
        "feature_check.py"
      ],
      77
    ]
  ],
  "state": "blocked",
  "refusals": [
    {
      "operation": "publish_result",
      "type": "ContractRefusal",
      "category": "policy",
      "code": "denied",
      "message": "result 'result-c5fc01c7e3848f2e2fcbb15bee7ed49ac991553eebebef5de9f8\u2026 is blocked: the combined causal observation supplied NO EXIT STATUS (timeout) under this Job's 77s host_verification ceiling; the configured required test 'feature_check.py' did not finish within this Job's 77s host_verification ceiling at 'b17d8264067a60c9f9a71872aa70ade266219021'; no exit status was observed and none is invented. The phases before it are retained with their own statuses and the phases after it did not run"
    },
    {
      "operation": "record_result_evidence",
      "type": "ContractRefusal",
      "category": "policy",
      "code": "denied",
      "message": "result 'result-c5fc01c7e3848f2e2fcbb15bee7ed49ac991553eebebef5de9f8\u2026 is blocked: the combined causal observation supplied NO EXIT STATUS (timeout) under this Job's 77s host_verification ceiling; the configured required test 'feature_check.py' did not finish within this Job's 77s host_verification ceiling at 'b17d8264067a60c9f9a71872aa70ade266219021'; no exit status was observed and none is invented. The phases before it are retained with their own statuses and the phases after it did not run"
    },
    {
      "operation": "record_imported",
      "type": "ContractRefusal",
      "category": "refused",
      "code": "precondition",
      "message": "result 'result-c5fc01c7e3848f2e2fcbb15bee7ed49ac991553eebebef5de9f8\u2026 is 'blocked'; a terminal import is recorded for a result its own owners authorized"
    }
  ]
}
