test_a_generation_this_build_does_not_hold_is_refused (tests.job_manager.test_execution_limits.ANewDefaultCannotReinterpretAnAdmittedJob.test_a_generation_this_build_does_not_hold_is_refused) ... ok
test_a_new_job_gets_the_new_default_and_the_old_one_does_not (tests.job_manager.test_execution_limits.ANewDefaultCannotReinterpretAnAdmittedJob.test_a_new_job_gets_the_new_default_and_the_old_one_does_not) ... ok
test_the_admitted_resolution_survives_a_restart (tests.job_manager.test_execution_limits.ANewDefaultCannotReinterpretAnAdmittedJob.test_the_admitted_resolution_survives_a_restart) ... ok
test_the_probe_that_found_this_now_answers_the_admitted_value (tests.job_manager.test_execution_limits.ANewDefaultCannotReinterpretAnAdmittedJob.test_the_probe_that_found_this_now_answers_the_admitted_value)
The reviewer's four steps, in order, with the outcome corrected. ... ok
test_the_public_status_reports_the_admitted_generation (tests.job_manager.test_execution_limits.ANewDefaultCannotReinterpretAnAdmittedJob.test_the_public_status_reports_the_admitted_generation) ... ok
test_a_migrated_store_then_accepts_a_configured_job (tests.job_manager.test_execution_limits.TheMigrationLeavesOldJobsMeaningExactlyWhatTheyMeant.test_a_migrated_store_then_accepts_a_configured_job) ... ok
test_a_populated_legacy_store_keeps_its_jobs_original_meaning (tests.job_manager.test_execution_limits.TheMigrationLeavesOldJobsMeaningExactlyWhatTheyMeant.test_a_populated_legacy_store_keeps_its_jobs_original_meaning)
R1's populated-store evidence: a /1 submission ALREADY RECORDED ... ok
test_a_schema_four_store_migrates_and_its_jobs_keep_the_defaults (tests.job_manager.test_execution_limits.TheMigrationLeavesOldJobsMeaningExactlyWhatTheyMeant.test_a_schema_four_store_migrates_and_its_jobs_keep_the_defaults) ... ok
test_a_boolean_is_not_a_number_of_seconds (tests.job_manager.test_execution_limits.TheSettingsAreOwnedBeforeAnythingIsStored.test_a_boolean_is_not_a_number_of_seconds)
`True` is an `int` in Python and would otherwise persist as one ... ok
test_a_fraction_is_refused_rather_than_rounded (tests.job_manager.test_execution_limits.TheSettingsAreOwnedBeforeAnythingIsStored.test_a_fraction_is_refused_rather_than_rounded) ... ok
test_a_job_that_states_nothing_keeps_every_runner_default (tests.job_manager.test_execution_limits.TheSettingsAreOwnedBeforeAnythingIsStored.test_a_job_that_states_nothing_keeps_every_runner_default) ... ok
test_a_string_is_not_a_document (tests.job_manager.test_execution_limits.TheSettingsAreOwnedBeforeAnythingIsStored.test_a_string_is_not_a_document) ... ok
test_a_value_outside_the_supported_range_is_refused_not_clamped (tests.job_manager.test_execution_limits.TheSettingsAreOwnedBeforeAnythingIsStored.test_a_value_outside_the_supported_range_is_refused_not_clamped)
ONE range, shared by every reader, and no silent clamp: a runner ... ok
test_an_empty_object_is_a_job_that_decided_nothing (tests.job_manager.test_execution_limits.TheSettingsAreOwnedBeforeAnythingIsStored.test_an_empty_object_is_a_job_that_decided_nothing)
Admitted as itself: the member was opened and no setting made. It ... ok
test_an_unknown_setting_is_refused (tests.job_manager.test_execution_limits.TheSettingsAreOwnedBeforeAnythingIsStored.test_an_unknown_setting_is_refused) ... ok
test_each_field_alone_and_both_together (tests.job_manager.test_execution_limits.TheSettingsAreOwnedBeforeAnythingIsStored.test_each_field_alone_and_both_together) ... ok
test_one_verification_setting_reaches_all_three_boundaries (tests.job_manager.test_execution_limits.TheSettingsAreOwnedBeforeAnythingIsStored.test_one_verification_setting_reaches_all_three_boundaries)
Job-wide overrides, which is what the owner selected. A Job that ... ok
test_the_units_and_the_scope_travel_with_the_numbers (tests.job_manager.test_execution_limits.TheSettingsAreOwnedBeforeAnythingIsStored.test_the_units_and_the_scope_travel_with_the_numbers)
The requirement exists because a number alone was read as something ... ok
test_zero_and_negative_seconds_are_refused (tests.job_manager.test_execution_limits.TheSettingsAreOwnedBeforeAnythingIsStored.test_zero_and_negative_seconds_are_refused) ... ok
test_a_configured_job_stores_its_intent_and_an_absent_one_stores_none (tests.job_manager.test_execution_limits.TheStoreKeepsWhatTheJobAskedFor.test_a_configured_job_stores_its_intent_and_an_absent_one_stores_none) ... ok
test_a_version_one_job_resolves_to_every_preserved_default (tests.job_manager.test_execution_limits.TheStoreKeepsWhatTheJobAskedFor.test_a_version_one_job_resolves_to_every_preserved_default) ... ok
test_an_exact_replay_keeps_the_settings_and_writes_nothing_new (tests.job_manager.test_execution_limits.TheStoreKeepsWhatTheJobAskedFor.test_an_exact_replay_keeps_the_settings_and_writes_nothing_new) ... ok
test_repeated_read_only_status_changes_nothing (tests.job_manager.test_execution_limits.TheStoreKeepsWhatTheJobAskedFor.test_repeated_read_only_status_changes_nothing) ... ok
test_the_public_status_reports_requested_and_effective_values (tests.job_manager.test_execution_limits.TheStoreKeepsWhatTheJobAskedFor.test_the_public_status_reports_requested_and_effective_values) ... ok
test_the_same_submission_with_changed_settings_conflicts (tests.job_manager.test_execution_limits.TheStoreKeepsWhatTheJobAskedFor.test_the_same_submission_with_changed_settings_conflicts)
Defaults changing cannot reinterpret an existing Job, and neither ... ok
test_a_present_null_is_not_the_optional_object (tests.job_manager.test_execution_limits.TheSubmissionCarriesThemOnlyWhereItsVersionSaysSo.test_a_present_null_is_not_the_optional_object)
Review 2026-09-13T01:13:49Z R2: `execution_limits: null` was admitted ... ok
test_a_version_one_job_carrying_limits_is_refused (tests.job_manager.test_execution_limits.TheSubmissionCarriesThemOnlyWhereItsVersionSaysSo.test_a_version_one_job_carrying_limits_is_refused)
The member is admitted by the version that NAMES it. A /1 document ... ok
test_a_version_one_submission_is_still_accepted_unchanged (tests.job_manager.test_execution_limits.TheSubmissionCarriesThemOnlyWhereItsVersionSaysSo.test_a_version_one_submission_is_still_accepted_unchanged) ... ok
test_a_version_two_job_carries_its_settings (tests.job_manager.test_execution_limits.TheSubmissionCarriesThemOnlyWhereItsVersionSaysSo.test_a_version_two_job_carries_its_settings) ... ok
test_a_version_two_job_may_still_state_nothing (tests.job_manager.test_execution_limits.TheSubmissionCarriesThemOnlyWhereItsVersionSaysSo.test_a_version_two_job_may_still_state_nothing) ... ok
test_an_unknown_submission_version_is_refused (tests.job_manager.test_execution_limits.TheSubmissionCarriesThemOnlyWhereItsVersionSaysSo.test_an_unknown_submission_version_is_refused) ... ok
test_the_normalized_document_keeps_its_own_version (tests.job_manager.test_execution_limits.TheSubmissionCarriesThemOnlyWhereItsVersionSaysSo.test_the_normalized_document_keeps_its_own_version)
The canonical text is the durable identity a resubmission is ... ok
test_a_cross_job_dependency_resolves (tests.job_manager.test_documents.Dependencies.test_a_cross_job_dependency_resolves) ... ok
test_a_cycle_is_refused_at_submission_rather_than_at_a_dead_sweep (tests.job_manager.test_documents.Dependencies.test_a_cycle_is_refused_at_submission_rather_than_at_a_dead_sweep) ... ok
test_a_dependency_on_a_stage_outside_the_submission_is_refused (tests.job_manager.test_documents.Dependencies.test_a_dependency_on_a_stage_outside_the_submission_is_refused) ... ok
test_a_stage_may_not_gate_on_itself (tests.job_manager.test_documents.Dependencies.test_a_stage_may_not_gate_on_itself) ... ok
test_one_stage_may_not_name_a_dependency_twice (tests.job_manager.test_documents.Dependencies.test_one_stage_may_not_name_a_dependency_twice) ... ok
test_a_changed_operand_is_a_different_signature (tests.job_manager.test_documents.Identity.test_a_changed_operand_is_a_different_signature) ... ok
test_a_stage_is_named_by_its_job_and_its_kind (tests.job_manager.test_documents.Identity.test_a_stage_is_named_by_its_job_and_its_kind) ... ok
test_submission_text_is_owned_where_it_is_decoded (tests.job_manager.test_documents.Identity.test_submission_text_is_owned_where_it_is_decoded) ... ok
test_text_that_does_not_decode_refuses_rather_than_faults (tests.job_manager.test_documents.Identity.test_text_that_does_not_decode_refuses_rather_than_faults) ... ok
test_two_spellings_of_one_intent_have_one_signature (tests.job_manager.test_documents.Identity.test_two_spellings_of_one_intent_have_one_signature) ... ok
test_a_job_with_no_test_scope_is_ordinary (tests.job_manager.test_documents.SubmissionShape.test_a_job_with_no_test_scope_is_ordinary) ... ok
test_a_member_this_build_does_not_name_is_refused_not_ignored (tests.job_manager.test_documents.SubmissionShape.test_a_member_this_build_does_not_name_is_refused_not_ignored) ... ok
test_a_missing_member_is_named (tests.job_manager.test_documents.SubmissionShape.test_a_missing_member_is_named) ... ok
test_a_scope_that_is_not_a_list_is_refused (tests.job_manager.test_documents.SubmissionShape.test_a_scope_that_is_not_a_list_is_refused) ... ok
test_a_stage_kind_outside_the_vocabulary_is_refused (tests.job_manager.test_documents.SubmissionShape.test_a_stage_kind_outside_the_vocabulary_is_refused) ... ok
test_a_terminal_policy_outside_the_vocabulary_is_refused (tests.job_manager.test_documents.SubmissionShape.test_a_terminal_policy_outside_the_vocabulary_is_refused) ... ok
test_a_test_scope_entry_is_a_repository_path_not_prose (tests.job_manager.test_documents.SubmissionShape.test_a_test_scope_entry_is_a_repository_path_not_prose)
Review [P1]: each entry was owned as text alone. ... ok
test_a_test_scope_entry_that_is_not_text_is_refused (tests.job_manager.test_documents.SubmissionShape.test_a_test_scope_entry_that_is_not_text_is_refused) ... ok
test_an_empty_submission_carries_no_pipeline (tests.job_manager.test_documents.SubmissionShape.test_an_empty_submission_carries_no_pipeline) ... ok
test_an_unrecognised_schema_is_refused_rather_than_read_as_ours (tests.job_manager.test_documents.SubmissionShape.test_an_unrecognised_schema_is_refused_rather_than_read_as_ours) ... ok
test_every_stage_kind_is_admitted (tests.job_manager.test_documents.SubmissionShape.test_every_stage_kind_is_admitted) ... ok
test_one_job_may_not_carry_two_stages_of_one_kind (tests.job_manager.test_documents.SubmissionShape.test_one_job_may_not_carry_two_stages_of_one_kind) ... ok
test_one_scope_set_has_one_spelling_of_each_path (tests.job_manager.test_documents.SubmissionShape.test_one_scope_set_has_one_spelling_of_each_path) ... ok
test_the_bounded_test_scope_travels_with_the_job (tests.job_manager.test_documents.SubmissionShape.test_the_bounded_test_scope_travels_with_the_job) ... ok
test_the_default_submission_is_owned_whole (tests.job_manager.test_documents.SubmissionShape.test_the_default_submission_is_owned_whole) ... ok
test_two_jobs_may_not_share_one_identity (tests.job_manager.test_documents.SubmissionShape.test_two_jobs_may_not_share_one_identity) ... ok
test_every_replaceable_ending_belongs_to_one_of_the_two_vocabularies (tests.job_manager.test_documents.TheExclusionEndingIsItsOwnClosedVocabulary.test_every_replaceable_ending_belongs_to_one_of_the_two_vocabularies)
The rule `documents.py` asserts, stated where a reader looks for ... ok
test_it_is_one_closed_member_distinct_from_every_other_set (tests.job_manager.test_documents.TheExclusionEndingIsItsOwnClosedVocabulary.test_it_is_one_closed_member_distinct_from_every_other_set) ... ok
test_it_is_replaceable_and_distinct_from_the_restart_ending (tests.job_manager.test_documents.TheExclusionEndingIsItsOwnClosedVocabulary.test_it_is_replaceable_and_distinct_from_the_restart_ending)
`abandoned-after-restart` is an offer whose bearer could not be ... ok
test_the_manager_offer_vocabulary_is_unchanged_by_it (tests.job_manager.test_documents.TheExclusionEndingIsItsOwnClosedVocabulary.test_the_manager_offer_vocabulary_is_unchanged_by_it)
The assert this deviation exists to keep: every episode ending is a ... ok
test_the_restart_answer_is_a_closed_document (tests.job_manager.test_documents.TheExclusionEndingIsItsOwnClosedVocabulary.test_the_restart_answer_is_a_closed_document) ... ok
test_a_differently_spelled_document_is_the_same_submission (tests.job_manager.test_submission.Idempotence.test_a_differently_spelled_document_is_the_same_submission) ... ok
test_a_job_identity_already_recorded_refuses_durably (tests.job_manager.test_submission.Idempotence.test_a_job_identity_already_recorded_refuses_durably) ... ok
test_a_refused_submission_records_none_of_its_jobs (tests.job_manager.test_submission.Idempotence.test_a_refused_submission_records_none_of_its_jobs) ... ok
test_an_invalid_submission_is_refused_before_the_store_is_touched (tests.job_manager.test_submission.Idempotence.test_an_invalid_submission_is_refused_before_the_store_is_touched) ... ok
test_resubmitting_the_same_intent_replays_the_first_outcome (tests.job_manager.test_submission.Idempotence.test_resubmitting_the_same_intent_replays_the_first_outcome) ... ok
test_reusing_a_submission_id_for_another_intent_collides (tests.job_manager.test_submission.Idempotence.test_reusing_a_submission_id_for_another_intent_collides) ... ok
test_a_malformed_authority_refuses_the_derivation (tests.job_manager.test_submission.IdentitiesAreNamespacedByAuthority.test_a_malformed_authority_refuses_the_derivation) ... ok
test_the_namespace_is_not_a_deployment_local_surrogate (tests.job_manager.test_submission.IdentitiesAreNamespacedByAuthority.test_the_namespace_is_not_a_deployment_local_surrogate)
Nothing about the process, the path or the clock may enter it. ... ok
test_the_offer_and_attempt_still_share_one_digest (tests.job_manager.test_submission.IdentitiesAreNamespacedByAuthority.test_the_offer_and_attempt_still_share_one_digest) ... ok
test_the_same_authority_replays_byte_for_byte (tests.job_manager.test_submission.IdentitiesAreNamespacedByAuthority.test_the_same_authority_replays_byte_for_byte) ... ok
test_two_authorities_never_derive_one_identity (tests.job_manager.test_submission.IdentitiesAreNamespacedByAuthority.test_two_authorities_never_derive_one_identity)
The reproduction, as a case: same stage, same episode, two ... ok
test_a_second_incarnation_reads_the_same_submission (tests.job_manager.test_submission.Persistence.test_a_second_incarnation_reads_the_same_submission) ... ok
test_a_stage_row_whose_persisted_json_no_longer_decodes_refuses (tests.job_manager.test_submission.Persistence.test_a_stage_row_whose_persisted_json_no_longer_decodes_refuses) ... ok
test_the_stage_table_refuses_two_stages_of_one_kind (tests.job_manager.test_submission.Persistence.test_the_stage_table_refuses_two_stages_of_one_kind) ... ok
test_new_episode_identities_fit_the_worker_contract (tests.job_manager.test_submission.Recording.test_new_episode_identities_fit_the_worker_contract) ... ok
test_one_submission_records_two_jobs_and_their_stages (tests.job_manager.test_submission.Recording.test_one_submission_records_two_jobs_and_their_stages) ... ok
test_submission_rows_reads_every_submission (tests.job_manager.test_submission.Recording.test_submission_rows_reads_every_submission) ... ok
test_the_job_row_carries_the_immutable_input_identity (tests.job_manager.test_submission.Recording.test_the_job_row_carries_the_immutable_input_identity) ... ok
test_the_review_stage_records_its_gate (tests.job_manager.test_submission.Recording.test_the_review_stage_records_its_gate) ... ok
test_the_stage_row_carries_the_submitted_intent_and_nothing_else (tests.job_manager.test_submission.Recording.test_the_stage_row_carries_the_submitted_intent_and_nothing_else) ... ok
test_the_submission_opens_the_stages_first_episode (tests.job_manager.test_submission.Recording.test_the_submission_opens_the_stages_first_episode)
One act: a stage with no episode is one nothing could admit. ... ok
test_the_submitted_document_is_stored_normalized (tests.job_manager.test_submission.Recording.test_the_submitted_document_is_stored_normalized) ... ok
test_a_changed_check_constraint_refuses_and_changes_nothing (tests.job_manager.test_scheduling.TheMigrationProvesTheSchemaItMigratesFrom.test_a_changed_check_constraint_refuses_and_changes_nothing)
The other rule a pragma cannot see. ... ok
test_a_changed_column_refuses_and_changes_nothing (tests.job_manager.test_scheduling.TheMigrationProvesTheSchemaItMigratesFrom.test_a_changed_column_refuses_and_changes_nothing) ... ok
test_a_missing_index_refuses_and_changes_nothing (tests.job_manager.test_scheduling.TheMigrationProvesTheSchemaItMigratesFrom.test_a_missing_index_refuses_and_changes_nothing)
The reviewer's exact reproduction. ... ok
test_a_missing_table_refuses_and_changes_nothing (tests.job_manager.test_scheduling.TheMigrationProvesTheSchemaItMigratesFrom.test_a_missing_table_refuses_and_changes_nothing) ... ok
test_a_reversed_index_predicate_refuses_and_changes_nothing (tests.job_manager.test_scheduling.TheMigrationProvesTheSchemaItMigratesFrom.test_a_reversed_index_predicate_refuses_and_changes_nothing)
W71877's second correction review: the SAFETY RULE is the predicate. ... ok
test_a_whole_schema_three_store_migrates (tests.job_manager.test_scheduling.TheMigrationProvesTheSchemaItMigratesFrom.test_a_whole_schema_three_store_migrates)
The positive case, so the refusals below are about the spoiling. ... ok
test_an_extra_object_refuses_and_changes_nothing (tests.job_manager.test_scheduling.TheMigrationProvesTheSchemaItMigratesFrom.test_an_extra_object_refuses_and_changes_nothing) ... ok
test_the_two_legitimate_spellings_of_one_schema_both_migrate (tests.job_manager.test_scheduling.TheMigrationProvesTheSchemaItMigratesFrom.test_the_two_legitimate_spellings_of_one_schema_both_migrate)
The comparison is about CONTENT, and this is what protects that. ... ok
test_two_concurrent_migrations_leave_one_store (tests.job_manager.test_scheduling.TheMigrationProvesTheSchemaItMigratesFrom.test_two_concurrent_migrations_leave_one_store)
Both openers see schema 3; the lock decides and the loser adopts. ... ok

----------------------------------------------------------------------
Ran 94 tests in 0.071s

OK
