test_a_generation_this_build_does_not_hold_is_refused (tests.job_manager.test_execution_limits.ANewDefaultCannotReinterpretAnAdmittedJob.test_a_generation_this_build_does_not_hold_is_refused) ... ok
test_a_new_job_gets_the_new_default_and_the_old_one_does_not (tests.job_manager.test_execution_limits.ANewDefaultCannotReinterpretAnAdmittedJob.test_a_new_job_gets_the_new_default_and_the_old_one_does_not) ... ok
test_the_admitted_resolution_survives_a_restart (tests.job_manager.test_execution_limits.ANewDefaultCannotReinterpretAnAdmittedJob.test_the_admitted_resolution_survives_a_restart) ... ok
test_the_probe_that_found_this_now_answers_the_admitted_value (tests.job_manager.test_execution_limits.ANewDefaultCannotReinterpretAnAdmittedJob.test_the_probe_that_found_this_now_answers_the_admitted_value)
The reviewer's four steps, in order, with the outcome corrected. ... ok
test_the_public_status_reports_the_admitted_generation (tests.job_manager.test_execution_limits.ANewDefaultCannotReinterpretAnAdmittedJob.test_the_public_status_reports_the_admitted_generation) ... ok
test_a_legacy_job_composes_a_generation_zero_context (tests.job_manager.test_execution_limits.TheJobOwnerComposesItsOwnLaunchContext.test_a_legacy_job_composes_a_generation_zero_context) ... ok
test_the_context_carries_the_jobs_own_admitted_configuration (tests.job_manager.test_execution_limits.TheJobOwnerComposesItsOwnLaunchContext.test_the_context_carries_the_jobs_own_admitted_configuration) ... ok
test_the_context_the_owner_composes_is_the_one_the_carrier_accepts (tests.job_manager.test_execution_limits.TheJobOwnerComposesItsOwnLaunchContext.test_the_context_the_owner_composes_is_the_one_the_carrier_accepts)
The two halves meet: what this owner composes is exactly what the ... ok
test_the_job_and_runtime_identities_are_both_stated (tests.job_manager.test_execution_limits.TheJobOwnerComposesItsOwnLaunchContext.test_the_job_and_runtime_identities_are_both_stated)
They are different facts: a review or a derived judgment runs over a ... ok
test_the_owner_invents_no_runtime_identity (tests.job_manager.test_execution_limits.TheJobOwnerComposesItsOwnLaunchContext.test_the_owner_invents_no_runtime_identity) ... ok
test_a_migrated_store_then_accepts_a_configured_job (tests.job_manager.test_execution_limits.TheMigrationLeavesOldJobsMeaningExactlyWhatTheyMeant.test_a_migrated_store_then_accepts_a_configured_job) ... ok
test_a_populated_legacy_store_keeps_its_jobs_original_meaning (tests.job_manager.test_execution_limits.TheMigrationLeavesOldJobsMeaningExactlyWhatTheyMeant.test_a_populated_legacy_store_keeps_its_jobs_original_meaning)
R4: a Job and a signed submission that EXISTED before the migration. ... ok
test_an_empty_schema_four_store_migrates (tests.job_manager.test_execution_limits.TheMigrationLeavesOldJobsMeaningExactlyWhatTheyMeant.test_an_empty_schema_four_store_migrates)
The NARROWER evidence this case actually supplies: the migration ... ok
test_a_boolean_is_not_a_number_of_seconds (tests.job_manager.test_execution_limits.TheSettingsAreOwnedBeforeAnythingIsStored.test_a_boolean_is_not_a_number_of_seconds)
`True` is an `int` in Python and would otherwise persist as one ... ok
test_a_fraction_is_refused_rather_than_rounded (tests.job_manager.test_execution_limits.TheSettingsAreOwnedBeforeAnythingIsStored.test_a_fraction_is_refused_rather_than_rounded) ... ok
test_a_job_that_states_nothing_keeps_every_runner_default (tests.job_manager.test_execution_limits.TheSettingsAreOwnedBeforeAnythingIsStored.test_a_job_that_states_nothing_keeps_every_runner_default) ... ok
test_a_string_is_not_a_document (tests.job_manager.test_execution_limits.TheSettingsAreOwnedBeforeAnythingIsStored.test_a_string_is_not_a_document) ... ok
test_a_value_outside_the_supported_range_is_refused_not_clamped (tests.job_manager.test_execution_limits.TheSettingsAreOwnedBeforeAnythingIsStored.test_a_value_outside_the_supported_range_is_refused_not_clamped)
ONE range, shared by every reader, and no silent clamp: a runner ... ok
test_an_empty_object_is_a_job_that_decided_nothing (tests.job_manager.test_execution_limits.TheSettingsAreOwnedBeforeAnythingIsStored.test_an_empty_object_is_a_job_that_decided_nothing)
Admitted as itself: the member was opened and no setting made. It ... ok
test_an_unknown_setting_is_refused (tests.job_manager.test_execution_limits.TheSettingsAreOwnedBeforeAnythingIsStored.test_an_unknown_setting_is_refused) ... ok
test_each_field_alone_and_both_together (tests.job_manager.test_execution_limits.TheSettingsAreOwnedBeforeAnythingIsStored.test_each_field_alone_and_both_together) ... ok
test_one_verification_setting_reaches_all_three_boundaries (tests.job_manager.test_execution_limits.TheSettingsAreOwnedBeforeAnythingIsStored.test_one_verification_setting_reaches_all_three_boundaries)
Job-wide overrides, which is what the owner selected. A Job that ... ok
test_the_units_and_the_scope_travel_with_the_numbers (tests.job_manager.test_execution_limits.TheSettingsAreOwnedBeforeAnythingIsStored.test_the_units_and_the_scope_travel_with_the_numbers)
The requirement exists because a number alone was read as something ... ok
test_zero_and_negative_seconds_are_refused (tests.job_manager.test_execution_limits.TheSettingsAreOwnedBeforeAnythingIsStored.test_zero_and_negative_seconds_are_refused) ... ok
test_a_configured_job_stores_its_intent_and_an_absent_one_stores_none (tests.job_manager.test_execution_limits.TheStoreKeepsWhatTheJobAskedFor.test_a_configured_job_stores_its_intent_and_an_absent_one_stores_none) ... ok
test_a_version_one_job_resolves_to_every_preserved_default (tests.job_manager.test_execution_limits.TheStoreKeepsWhatTheJobAskedFor.test_a_version_one_job_resolves_to_every_preserved_default) ... ok
test_an_exact_replay_keeps_the_settings_and_writes_nothing_new (tests.job_manager.test_execution_limits.TheStoreKeepsWhatTheJobAskedFor.test_an_exact_replay_keeps_the_settings_and_writes_nothing_new) ... ok
test_repeated_read_only_status_changes_nothing (tests.job_manager.test_execution_limits.TheStoreKeepsWhatTheJobAskedFor.test_repeated_read_only_status_changes_nothing) ... ok
test_the_public_status_reports_requested_and_effective_values (tests.job_manager.test_execution_limits.TheStoreKeepsWhatTheJobAskedFor.test_the_public_status_reports_requested_and_effective_values) ... ok
test_the_same_submission_with_changed_settings_conflicts (tests.job_manager.test_execution_limits.TheStoreKeepsWhatTheJobAskedFor.test_the_same_submission_with_changed_settings_conflicts)
Defaults changing cannot reinterpret an existing Job, and neither ... ok
test_a_present_null_is_not_the_optional_object (tests.job_manager.test_execution_limits.TheSubmissionCarriesThemOnlyWhereItsVersionSaysSo.test_a_present_null_is_not_the_optional_object)
Review 2026-09-13T01:13:49Z R2: `execution_limits: null` was admitted ... ok
test_a_version_one_job_carrying_limits_is_refused (tests.job_manager.test_execution_limits.TheSubmissionCarriesThemOnlyWhereItsVersionSaysSo.test_a_version_one_job_carrying_limits_is_refused)
The member is admitted by the version that NAMES it. A /1 document ... ok
test_a_version_one_submission_is_still_accepted_unchanged (tests.job_manager.test_execution_limits.TheSubmissionCarriesThemOnlyWhereItsVersionSaysSo.test_a_version_one_submission_is_still_accepted_unchanged) ... ok
test_a_version_two_job_carries_its_settings (tests.job_manager.test_execution_limits.TheSubmissionCarriesThemOnlyWhereItsVersionSaysSo.test_a_version_two_job_carries_its_settings) ... ok
test_a_version_two_job_may_still_state_nothing (tests.job_manager.test_execution_limits.TheSubmissionCarriesThemOnlyWhereItsVersionSaysSo.test_a_version_two_job_may_still_state_nothing) ... ok
test_an_unknown_submission_version_is_refused (tests.job_manager.test_execution_limits.TheSubmissionCarriesThemOnlyWhereItsVersionSaysSo.test_an_unknown_submission_version_is_refused) ... ok
test_the_normalized_document_keeps_its_own_version (tests.job_manager.test_execution_limits.TheSubmissionCarriesThemOnlyWhereItsVersionSaysSo.test_the_normalized_document_keeps_its_own_version)
The canonical text is the durable identity a resubmission is ... ok
test_a_boolean_generation_is_refused (tests.manager.test_execution_limits.TheConfigurationIsHeldToTheJobOwnersOwnRules.test_a_boolean_generation_is_refused) ... ok
test_a_boolean_requested_setting_is_refused (tests.manager.test_execution_limits.TheConfigurationIsHeldToTheJobOwnersOwnRules.test_a_boolean_requested_setting_is_refused) ... ok
test_a_boolean_where_a_second_belongs_is_refused (tests.manager.test_execution_limits.TheConfigurationIsHeldToTheJobOwnersOwnRules.test_a_boolean_where_a_second_belongs_is_refused)
Review 2026-09-13T01:44:11Z: `True == 1` in Python, so replacing the ... ok
test_a_ceiling_outside_the_supported_range_is_refused (tests.manager.test_execution_limits.TheConfigurationIsHeldToTheJobOwnersOwnRules.test_a_ceiling_outside_the_supported_range_is_refused)
The Job owner's own range, reached rather than restated: a negative ... ok
test_a_correctly_sealed_empty_configuration_is_refused (tests.manager.test_execution_limits.TheConfigurationIsHeldToTheJobOwnersOwnRules.test_a_correctly_sealed_empty_configuration_is_refused) ... ok
test_a_forged_origin_is_refused (tests.manager.test_execution_limits.TheConfigurationIsHeldToTheJobOwnersOwnRules.test_a_forged_origin_is_refused) ... ok
test_a_generation_this_build_does_not_hold_is_refused (tests.manager.test_execution_limits.TheConfigurationIsHeldToTheJobOwnersOwnRules.test_a_generation_this_build_does_not_hold_is_refused) ... ok
test_an_effective_value_that_no_resolution_produces_is_refused (tests.manager.test_execution_limits.TheConfigurationIsHeldToTheJobOwnersOwnRules.test_an_effective_value_that_no_resolution_produces_is_refused)
The seconds and the requested settings must agree: a document whose ... ok
test_foreign_units_and_scope_are_refused (tests.manager.test_execution_limits.TheConfigurationIsHeldToTheJobOwnersOwnRules.test_foreign_units_and_scope_are_refused) ... ok
test_the_configuration_the_owner_resolves_is_accepted (tests.manager.test_execution_limits.TheConfigurationIsHeldToTheJobOwnersOwnRules.test_the_configuration_the_owner_resolves_is_accepted)
The positive, so the rule is a comparison rather than a refusal. ... ok
test_the_lower_bound_stays_a_valid_second (tests.manager.test_execution_limits.TheConfigurationIsHeldToTheJobOwnersOwnRules.test_the_lower_bound_stays_a_valid_second)
The companion, so the rule refuses a bool rather than the number 1. ... ok
test_a_delivery_carrying_a_job_context_is_adopted (tests.manager.test_execution_limits.TheDeliveryIsAdoptedByItsExactBytes.test_a_delivery_carrying_a_job_context_is_adopted) ... ok
test_a_job_delivery_is_not_adopted_as_a_legacy_one (tests.manager.test_execution_limits.TheDeliveryIsAdoptedByItsExactBytes.test_a_job_delivery_is_not_adopted_as_a_legacy_one)
A Job that configured a ceiling cannot fall back silently to a ... ok
test_a_legacy_delivery_is_not_adopted_as_a_job_one (tests.manager.test_execution_limits.TheDeliveryIsAdoptedByItsExactBytes.test_a_legacy_delivery_is_not_adopted_as_a_job_one) ... ok
test_another_attempt_is_not_this_delivery (tests.manager.test_execution_limits.TheDeliveryIsAdoptedByItsExactBytes.test_another_attempt_is_not_this_delivery) ... ok
test_another_jobs_ceiling_is_not_this_delivery (tests.manager.test_execution_limits.TheDeliveryIsAdoptedByItsExactBytes.test_another_jobs_ceiling_is_not_this_delivery) ... ok
test_adopting_a_foreign_attempt_context_is_refused (tests.manager.test_execution_limits.TheDeliveryNamesTheAttemptItIsFor.test_adopting_a_foreign_attempt_context_is_refused) ... ok
test_materializing_a_foreign_attempt_context_is_refused (tests.manager.test_execution_limits.TheDeliveryNamesTheAttemptItIsFor.test_materializing_a_foreign_attempt_context_is_refused) ... ok
test_a_changed_ceiling_under_the_old_seal_is_refused (tests.manager.test_execution_limits.TheJobContextIsOwnedBeforeItIsWritten.test_a_changed_ceiling_under_the_old_seal_is_refused)
The seal is over the configuration, so moving a number without ... ok
test_a_seal_that_does_not_match_its_configuration_is_refused (tests.manager.test_execution_limits.TheJobContextIsOwnedBeforeItIsWritten.test_a_seal_that_does_not_match_its_configuration_is_refused) ... ok
test_an_unknown_member_is_refused (tests.manager.test_execution_limits.TheJobContextIsOwnedBeforeItIsWritten.test_an_unknown_member_is_refused) ... ok
test_every_member_is_required (tests.manager.test_execution_limits.TheJobContextIsOwnedBeforeItIsWritten.test_every_member_is_required) ... ok
test_the_job_and_runtime_identities_are_both_stated (tests.manager.test_execution_limits.TheJobContextIsOwnedBeforeItIsWritten.test_the_job_and_runtime_identities_are_both_stated)
They are DIFFERENT facts and are not compared: a review or a derived ... ok
test_a_document_with_a_transport_alone_is_still_version_two (tests.manager.test_execution_limits.TheVersionMovesWithTheMember.test_a_document_with_a_transport_alone_is_still_version_two) ... ok
test_a_document_without_a_job_context_is_still_version_one (tests.manager.test_execution_limits.TheVersionMovesWithTheMember.test_a_document_without_a_job_context_is_still_version_one) ... ok
test_a_job_context_keeps_a_real_transport (tests.manager.test_execution_limits.TheVersionMovesWithTheMember.test_a_job_context_keeps_a_real_transport) ... ok
test_a_job_context_selects_version_three (tests.manager.test_execution_limits.TheVersionMovesWithTheMember.test_a_job_context_selects_version_three) ... ok
test_the_closed_member_set_follows_the_schema (tests.manager.test_execution_limits.TheVersionMovesWithTheMember.test_the_closed_member_set_follows_the_schema) ... ok

----------------------------------------------------------------------
Ran 65 tests in 0.034s

OK
