test_a_configured_provider_turn_is_the_one_handed_over (tests.tools.test_execution_limits.TheAdapterHandsTheCommandWhatWasConfigured.test_a_configured_provider_turn_is_the_one_handed_over) ... ok
test_a_configured_verification_reaches_the_ordinary_command (tests.tools.test_execution_limits.TheAdapterHandsTheCommandWhatWasConfigured.test_a_configured_verification_reaches_the_ordinary_command) ... ok
test_a_job_bound_delivery_never_falls_back_to_a_module_default (tests.tools.test_execution_limits.TheAdapterHandsTheCommandWhatWasConfigured.test_a_job_bound_delivery_never_falls_back_to_a_module_default)
[P1]: a resealed configuration missing a boundary was accepted and ... ok
test_a_job_that_configured_nothing_gets_its_runners_defaults (tests.tools.test_execution_limits.TheAdapterHandsTheCommandWhatWasConfigured.test_a_job_that_configured_nothing_gets_its_runners_defaults) ... ok
test_a_launch_with_no_job_behind_it_keeps_the_module_default (tests.tools.test_execution_limits.TheAdapterHandsTheCommandWhatWasConfigured.test_a_launch_with_no_job_behind_it_keeps_the_module_default)
The default is for a delivery carrying no Job context at all -- a ... ok
test_a_timed_out_turn_reports_the_configured_bound (tests.tools.test_execution_limits.TheAdapterHandsTheCommandWhatWasConfigured.test_a_timed_out_turn_reports_the_configured_bound)
The failure text an operator reads names the number they wrote. ... ok
test_the_configured_seconds_reach_the_real_provider_and_verifier (tests.tools.test_execution_limits.TheAdapterHandsTheCommandWhatWasConfigured.test_the_configured_seconds_reach_the_real_provider_and_verifier)
The end of the chain, through the adapter's own methods. ... ok
test_a_boolean_bound_is_refused_before_it_becomes_one_second (tests.tools.test_execution_limits.TheContainerEntryReadsTheThirdVersion.test_a_boolean_bound_is_refused_before_it_becomes_one_second) ... ok
test_a_bound_outside_the_supported_range_is_refused (tests.tools.test_execution_limits.TheContainerEntryReadsTheThirdVersion.test_a_bound_outside_the_supported_range_is_refused) ... ok
test_a_context_that_is_not_a_document_is_refused (tests.tools.test_execution_limits.TheContainerEntryReadsTheThirdVersion.test_a_context_that_is_not_a_document_is_refused) ... ok
test_a_missing_boundary_is_refused_rather_than_defaulted (tests.tools.test_execution_limits.TheContainerEntryReadsTheThirdVersion.test_a_missing_boundary_is_refused_rather_than_defaulted) ... ok
test_a_missing_context_member_is_refused (tests.tools.test_execution_limits.TheContainerEntryReadsTheThirdVersion.test_a_missing_context_member_is_refused) ... ok
test_a_non_text_job_identity_is_refused (tests.tools.test_execution_limits.TheContainerEntryReadsTheThirdVersion.test_a_non_text_job_identity_is_refused) ... ok
test_a_seal_that_does_not_cover_its_contents_is_refused (tests.tools.test_execution_limits.TheContainerEntryReadsTheThirdVersion.test_a_seal_that_does_not_cover_its_contents_is_refused)
The container cannot ask which Job resolved these numbers; what it ... ok
test_a_third_version_delivery_is_read (tests.tools.test_execution_limits.TheContainerEntryReadsTheThirdVersion.test_a_third_version_delivery_is_read) ... ok
test_a_third_version_document_missing_its_context_is_refused (tests.tools.test_execution_limits.TheContainerEntryReadsTheThirdVersion.test_a_third_version_document_missing_its_context_is_refused)
And a /3 that lost its Job context is refused as the version it ... ok
test_an_unknown_transport_is_refused (tests.tools.test_execution_limits.TheContainerEntryReadsTheThirdVersion.test_an_unknown_transport_is_refused)
[P2]: `transport='unknown/channel'` was accepted, and `main` then ... ok
test_an_unknown_version_is_still_refused (tests.tools.test_execution_limits.TheContainerEntryReadsTheThirdVersion.test_an_unknown_version_is_still_refused)
The module's own rule is unchanged: an unknown schema is held to ... ok
test_foreign_units_are_refused (tests.tools.test_execution_limits.TheContainerEntryReadsTheThirdVersion.test_foreign_units_are_refused)
A container that reads somebody else's units hands a command sixty ... ok
test_the_earlier_versions_are_read_exactly_as_before (tests.tools.test_execution_limits.TheContainerEntryReadsTheThirdVersion.test_the_earlier_versions_are_read_exactly_as_before) ... ok

----------------------------------------------------------------------
Ran 20 tests in 0.003s

OK
