$ env PYTHONPATH=src:tools:. python3 -m unittest tests.tools.test_execution_limits.TheAdmittedFailureMatrix
.F..E...
======================================================================
ERROR: test_a_post_import_answer_is_not_a_causal_one (tests.tools.test_execution_limits.TheAdmittedFailureMatrix.test_a_post_import_answer_is_not_a_causal_one)
RESULT AND PHASE ISOLATION across the two host boundaries.
----------------------------------------------------------------------
Traceback (most recent call last):
  File "/home/sl/src/baton/v12/python/tests/tools/test_execution_limits.py", line 2922, in test_a_post_import_answer_is_not_a_causal_one
    self._refused("combined", phase="post-import"))
    ~~~~~~~~~~~~~^^^^^^^^^^^^^^^^^^^^^^^^^^^^^^^^^
TypeError: TheAdmittedFailureMatrix._refused() got multiple values for argument 'phase'

======================================================================
FAIL: test_a_malformed_answer_is_refused_member_by_member (tests.tools.test_execution_limits.TheAdmittedFailureMatrix.test_a_malformed_answer_is_refused_member_by_member) (change=['phase'])
MALFORMED. A member missing, an unknown member, and a member of the
----------------------------------------------------------------------
Traceback (most recent call last):
  File "/home/sl/src/baton/v12/python/tests/tools/test_execution_limits.py", line 2886, in test_a_malformed_answer_is_refused_member_by_member
    self.assertIn(expected, str(caught.exception))
    ~~~~~~~~~~~~~^^^^^^^^^^^^^^^^^^^^^^^^^^^^^^^^^
AssertionError: 'names phase' not found in "TheAdmittedFailureMatrix.adopted() got multiple values for argument 'phase'"

----------------------------------------------------------------------
Ran 8 tests in 0.003s

FAILED (failures=1, errors=1)
