$ env PYTHONPATH=src:tools:. python3 /home/sl/src/baton/work/records/2026/09/finding-v12-per-job-budgets/probe-160172-recovery.py
{
  "target_state": "blocked",
  "blocked_reason": "post-import-verification-no-status",
  "account_members": [
    "attempt_id",
    "detail",
    "entry_id",
    "fence",
    "integrator_participant",
    "lease_id",
    "reason"
  ],
  "profile": "dict",
  "compose_assignment": {
    "category": "policy",
    "code": "denied",
    "message": "target 'target-a' is not open at fence 2; the grant this caller holds has been superseded or the target is blocked"
  },
  "target_state_after": "blocked",
  "entry_states_after": [
    "integrated",
    "held"
  ],
  "result_unchanged": true,
  "counts": [
    1,
    1
  ]
}
