$ env PYTHONPATH=src:tools:. python3 -m unittest tests.tools.test_execution_limits.TheComposedHostVerificationUsesTheJobsCeiling
EEE..E.E
======================================================================
ERROR: test_a_host_verification_that_exceeds_it_defers_and_repeats_nothing (tests.tools.test_execution_limits.TheComposedHostVerificationUsesTheJobsCeiling.test_a_host_verification_that_exceeds_it_defers_and_repeats_nothing)
THE BOUNDED FAILURE, through the composed owners, and its REPEAT.
----------------------------------------------------------------------
Traceback (most recent call last):
  File "/home/sl/src/baton/v12/python/tests/tools/test_execution_limits.py", line 1437, in test_a_host_verification_that_exceeds_it_defers_and_repeats_nothing
    report = self.case.tick(held)
  File "/home/sl/src/baton/v12/python/tests/tools/test_stage_execution.py", line 8009, in tick
    return sweep(held.job, held.composed, now=fixtures.NOW)
  File "/home/sl/src/baton/v12/python/src/baton_v12/job_manager/manager.py", line 160, in sweep
    started = _launch(store, operations, projection.stage_states(store,
                                                                 operations))
  File "/home/sl/src/baton/v12/python/src/baton_v12/job_manager/manager.py", line 340, in _launch
    answer = operations.launch(attempt, job)
  File "/home/sl/src/baton/v12/python/tools/stage_execution.py", line 3892, in launch
    return self.integrator.run(stage, job)
           ~~~~~~~~~~~~~~~~~~~^^^^^^^^^^^^
  File "/home/sl/src/baton/v12/python/tools/stage_execution.py", line 2285, in run
    answered = self._run(stage, job)
  File "/home/sl/src/baton/v12/python/tools/stage_execution.py", line 2362, in _run
    return self.reconciled(
           ~~~~~~~~~~~~~~~^
        stage, job, operands,
        ^^^^^^^^^^^^^^^^^^^^^
        review_cycles.line_of(control, line["line_id"]))
        ^^^^^^^^^^^^^^^^^^^^^^^^^^^^^^^^^^^^^^^^^^^^^^^^
  File "/home/sl/src/baton/v12/python/tools/stage_execution.py", line 2645, in reconciled
    held = reconciliation.record_causal_observations(
        deployment.integration, observer,
        result_id=held["result_id"])
  File "/home/sl/src/baton/v12/python/src/baton_v12/integration/reconciliation.py", line 1028, in record_causal_observations
    answer = boundaries.document(getattr(observer, _OBSERVE_VERB)(dict(basis)),
                                 ~~~~~~~~~~~~~~~~~~~~~~~~~~~~~~~~^^^^^^^^^^^^^
  File "/home/sl/src/baton/v12/python/tools/stage_execution.py", line 2050, in observe
    harness, combined = self._observation(self._workspace,
    ^^^^^^^^^^^^^^^^^
ValueError: too many values to unpack (expected 2)

======================================================================
ERROR: test_a_post_import_overrun_runs_once_and_defers (tests.tools.test_execution_limits.TheComposedHostVerificationUsesTheJobsCeiling.test_a_post_import_overrun_runs_once_and_defers)
The overrun at this boundary: ONE call across four ordinary ticks,
----------------------------------------------------------------------
Traceback (most recent call last):
  File "/home/sl/src/baton/v12/python/tests/tools/test_execution_limits.py", line 1549, in test_a_post_import_overrun_runs_once_and_defers
    held, deployment, _result_id, _before = self._post_import_failure(
                                            ~~~~~~~~~~~~~~~~~~~~~~~~~^
        failing=True)
        ^^^^^^^^^^^^^
  File "/home/sl/src/baton/v12/python/tests/tools/test_execution_limits.py", line 1528, in _post_import_failure
    self.case.tick(held)
    ~~~~~~~~~~~~~~^^^^^^
  File "/home/sl/src/baton/v12/python/tests/tools/test_stage_execution.py", line 8009, in tick
    return sweep(held.job, held.composed, now=fixtures.NOW)
  File "/home/sl/src/baton/v12/python/src/baton_v12/job_manager/manager.py", line 160, in sweep
    started = _launch(store, operations, projection.stage_states(store,
                                                                 operations))
  File "/home/sl/src/baton/v12/python/src/baton_v12/job_manager/manager.py", line 340, in _launch
    answer = operations.launch(attempt, job)
  File "/home/sl/src/baton/v12/python/tools/stage_execution.py", line 3892, in launch
    return self.integrator.run(stage, job)
           ~~~~~~~~~~~~~~~~~~~^^^^^^^^^^^^
  File "/home/sl/src/baton/v12/python/tools/stage_execution.py", line 2285, in run
    answered = self._run(stage, job)
  File "/home/sl/src/baton/v12/python/tools/stage_execution.py", line 2362, in _run
    return self.reconciled(
           ~~~~~~~~~~~~~~~^
        stage, job, operands,
        ^^^^^^^^^^^^^^^^^^^^^
        review_cycles.line_of(control, line["line_id"]))
        ^^^^^^^^^^^^^^^^^^^^^^^^^^^^^^^^^^^^^^^^^^^^^^^^
  File "/home/sl/src/baton/v12/python/tools/stage_execution.py", line 2689, in reconciled
    return admit_authorized_result(
        deployment.integration, profile, _git_run, deployment.control,
        deployment.jobs, deployment.authority,
        deployment.sessions["integrator"], verifier,
        result_id=held["result_id"], attempt_id=stage["attempt_id"])
  File "/home/sl/src/baton/v12/python/src/baton_v12/integration/driver.py", line 1301, in admit_authorized_result
    answer = execution.import_authorized_result(
        store, profile, runner, manager, jobs, authority, verifier,
        canonical_target_id=canonical_target_id, entry_id=entry_id,
        lease_id=lease_id, integrator_participant=participant,
        attempt_id=attempt_id, result_id=result_id)
  File "/home/sl/src/baton/v12/python/src/baton_v12/integration/execution.py", line 846, in import_authorized_result
    answered, actor = _post_import_execution(verifier, basis)
                      ~~~~~~~~~~~~~~~~~~~~~~^^^^^^^^^^^^^^^^^
  File "/home/sl/src/baton/v12/python/src/baton_v12/integration/execution.py", line 689, in _post_import_execution
    return getattr(verifier, POST_IMPORT_VERB)(dict(basis)), actor
           ~~~~~~~~~~~~~~~~~~~~~~~~~~~~~~~~~~~^^^^^^^^^^^^^
  File "/home/sl/src/baton/v12/python/tools/stage_execution.py", line 2088, in verify_imported
    "status": answered["status"], "output": answered["output"],
              ~~~~~~~~^^^^^^^^^^
KeyError: 'status'

======================================================================
ERROR: test_a_post_import_start_failure_is_the_same_shape (tests.tools.test_execution_limits.TheComposedHostVerificationUsesTheJobsCeiling.test_a_post_import_start_failure_is_the_same_shape)
The OTHER way a host command produces no exit status: the child
----------------------------------------------------------------------
Traceback (most recent call last):
  File "/home/sl/src/baton/v12/python/tests/tools/test_execution_limits.py", line 1561, in test_a_post_import_start_failure_is_the_same_shape
    held, _deployment, _result_id, _before = self._post_import_failure(
                                             ~~~~~~~~~~~~~~~~~~~~~~~~~^
        error=FileNotFoundError("no such required test"))
        ^^^^^^^^^^^^^^^^^^^^^^^^^^^^^^^^^^^^^^^^^^^^^^^^^
  File "/home/sl/src/baton/v12/python/tests/tools/test_execution_limits.py", line 1528, in _post_import_failure
    self.case.tick(held)
    ~~~~~~~~~~~~~~^^^^^^
  File "/home/sl/src/baton/v12/python/tests/tools/test_stage_execution.py", line 8009, in tick
    return sweep(held.job, held.composed, now=fixtures.NOW)
  File "/home/sl/src/baton/v12/python/src/baton_v12/job_manager/manager.py", line 160, in sweep
    started = _launch(store, operations, projection.stage_states(store,
                                                                 operations))
  File "/home/sl/src/baton/v12/python/src/baton_v12/job_manager/manager.py", line 340, in _launch
    answer = operations.launch(attempt, job)
  File "/home/sl/src/baton/v12/python/tools/stage_execution.py", line 3892, in launch
    return self.integrator.run(stage, job)
           ~~~~~~~~~~~~~~~~~~~^^^^^^^^^^^^
  File "/home/sl/src/baton/v12/python/tools/stage_execution.py", line 2285, in run
    answered = self._run(stage, job)
  File "/home/sl/src/baton/v12/python/tools/stage_execution.py", line 2362, in _run
    return self.reconciled(
           ~~~~~~~~~~~~~~~^
        stage, job, operands,
        ^^^^^^^^^^^^^^^^^^^^^
        review_cycles.line_of(control, line["line_id"]))
        ^^^^^^^^^^^^^^^^^^^^^^^^^^^^^^^^^^^^^^^^^^^^^^^^
  File "/home/sl/src/baton/v12/python/tools/stage_execution.py", line 2689, in reconciled
    return admit_authorized_result(
        deployment.integration, profile, _git_run, deployment.control,
        deployment.jobs, deployment.authority,
        deployment.sessions["integrator"], verifier,
        result_id=held["result_id"], attempt_id=stage["attempt_id"])
  File "/home/sl/src/baton/v12/python/src/baton_v12/integration/driver.py", line 1301, in admit_authorized_result
    answer = execution.import_authorized_result(
        store, profile, runner, manager, jobs, authority, verifier,
        canonical_target_id=canonical_target_id, entry_id=entry_id,
        lease_id=lease_id, integrator_participant=participant,
        attempt_id=attempt_id, result_id=result_id)
  File "/home/sl/src/baton/v12/python/src/baton_v12/integration/execution.py", line 846, in import_authorized_result
    answered, actor = _post_import_execution(verifier, basis)
                      ~~~~~~~~~~~~~~~~~~~~~~^^^^^^^^^^^^^^^^^
  File "/home/sl/src/baton/v12/python/src/baton_v12/integration/execution.py", line 689, in _post_import_execution
    return getattr(verifier, POST_IMPORT_VERB)(dict(basis)), actor
           ~~~~~~~~~~~~~~~~~~~~~~~~~~~~~~~~~~~^^^^^^^^^^^^^
  File "/home/sl/src/baton/v12/python/tools/stage_execution.py", line 2088, in verify_imported
    "status": answered["status"], "output": answered["output"],
              ~~~~~~~~^^^^^^^^^^
KeyError: 'status'

======================================================================
ERROR: test_the_failed_scratch_is_retained_and_this_is_a_limitation (tests.tools.test_execution_limits.TheComposedHostVerificationUsesTheJobsCeiling.test_the_failed_scratch_is_retained_and_this_is_a_limitation)
WHAT HAPPENS TO THE TREE THE FAILED ATTEMPT MATERIALIZED.
----------------------------------------------------------------------
Traceback (most recent call last):
  File "/home/sl/src/baton/v12/python/tests/tools/test_execution_limits.py", line 1589, in test_the_failed_scratch_is_retained_and_this_is_a_limitation
    held, _deployment, _result_id, before = self._post_import_failure(
                                            ~~~~~~~~~~~~~~~~~~~~~~~~~^
        failing=True)
        ^^^^^^^^^^^^^
  File "/home/sl/src/baton/v12/python/tests/tools/test_execution_limits.py", line 1528, in _post_import_failure
    self.case.tick(held)
    ~~~~~~~~~~~~~~^^^^^^
  File "/home/sl/src/baton/v12/python/tests/tools/test_stage_execution.py", line 8009, in tick
    return sweep(held.job, held.composed, now=fixtures.NOW)
  File "/home/sl/src/baton/v12/python/src/baton_v12/job_manager/manager.py", line 160, in sweep
    started = _launch(store, operations, projection.stage_states(store,
                                                                 operations))
  File "/home/sl/src/baton/v12/python/src/baton_v12/job_manager/manager.py", line 340, in _launch
    answer = operations.launch(attempt, job)
  File "/home/sl/src/baton/v12/python/tools/stage_execution.py", line 3892, in launch
    return self.integrator.run(stage, job)
           ~~~~~~~~~~~~~~~~~~~^^^^^^^^^^^^
  File "/home/sl/src/baton/v12/python/tools/stage_execution.py", line 2285, in run
    answered = self._run(stage, job)
  File "/home/sl/src/baton/v12/python/tools/stage_execution.py", line 2362, in _run
    return self.reconciled(
           ~~~~~~~~~~~~~~~^
        stage, job, operands,
        ^^^^^^^^^^^^^^^^^^^^^
        review_cycles.line_of(control, line["line_id"]))
        ^^^^^^^^^^^^^^^^^^^^^^^^^^^^^^^^^^^^^^^^^^^^^^^^
  File "/home/sl/src/baton/v12/python/tools/stage_execution.py", line 2689, in reconciled
    return admit_authorized_result(
        deployment.integration, profile, _git_run, deployment.control,
        deployment.jobs, deployment.authority,
        deployment.sessions["integrator"], verifier,
        result_id=held["result_id"], attempt_id=stage["attempt_id"])
  File "/home/sl/src/baton/v12/python/src/baton_v12/integration/driver.py", line 1301, in admit_authorized_result
    answer = execution.import_authorized_result(
        store, profile, runner, manager, jobs, authority, verifier,
        canonical_target_id=canonical_target_id, entry_id=entry_id,
        lease_id=lease_id, integrator_participant=participant,
        attempt_id=attempt_id, result_id=result_id)
  File "/home/sl/src/baton/v12/python/src/baton_v12/integration/execution.py", line 846, in import_authorized_result
    answered, actor = _post_import_execution(verifier, basis)
                      ~~~~~~~~~~~~~~~~~~~~~~^^^^^^^^^^^^^^^^^
  File "/home/sl/src/baton/v12/python/src/baton_v12/integration/execution.py", line 689, in _post_import_execution
    return getattr(verifier, POST_IMPORT_VERB)(dict(basis)), actor
           ~~~~~~~~~~~~~~~~~~~~~~~~~~~~~~~~~~~^^^^^^^^^^^^^
  File "/home/sl/src/baton/v12/python/tools/stage_execution.py", line 2088, in verify_imported
    "status": answered["status"], "output": answered["output"],
              ~~~~~~~~^^^^^^^^^^
KeyError: 'status'

======================================================================
ERROR: test_the_retained_failure_is_this_processs_and_says_so (tests.tools.test_execution_limits.TheComposedHostVerificationUsesTheJobsCeiling.test_the_retained_failure_is_this_processs_and_says_so)
The limitation, asserted rather than described. The retention lives
----------------------------------------------------------------------
Traceback (most recent call last):
  File "/home/sl/src/baton/v12/python/tests/tools/test_execution_limits.py", line 1474, in test_the_retained_failure_is_this_processs_and_says_so
    self.case.tick(held)
    ~~~~~~~~~~~~~~^^^^^^
  File "/home/sl/src/baton/v12/python/tests/tools/test_stage_execution.py", line 8009, in tick
    return sweep(held.job, held.composed, now=fixtures.NOW)
  File "/home/sl/src/baton/v12/python/src/baton_v12/job_manager/manager.py", line 160, in sweep
    started = _launch(store, operations, projection.stage_states(store,
                                                                 operations))
  File "/home/sl/src/baton/v12/python/src/baton_v12/job_manager/manager.py", line 340, in _launch
    answer = operations.launch(attempt, job)
  File "/home/sl/src/baton/v12/python/tools/stage_execution.py", line 3892, in launch
    return self.integrator.run(stage, job)
           ~~~~~~~~~~~~~~~~~~~^^^^^^^^^^^^
  File "/home/sl/src/baton/v12/python/tools/stage_execution.py", line 2285, in run
    answered = self._run(stage, job)
  File "/home/sl/src/baton/v12/python/tools/stage_execution.py", line 2362, in _run
    return self.reconciled(
           ~~~~~~~~~~~~~~~^
        stage, job, operands,
        ^^^^^^^^^^^^^^^^^^^^^
        review_cycles.line_of(control, line["line_id"]))
        ^^^^^^^^^^^^^^^^^^^^^^^^^^^^^^^^^^^^^^^^^^^^^^^^
  File "/home/sl/src/baton/v12/python/tools/stage_execution.py", line 2645, in reconciled
    held = reconciliation.record_causal_observations(
        deployment.integration, observer,
        result_id=held["result_id"])
  File "/home/sl/src/baton/v12/python/src/baton_v12/integration/reconciliation.py", line 1028, in record_causal_observations
    answer = boundaries.document(getattr(observer, _OBSERVE_VERB)(dict(basis)),
                                 ~~~~~~~~~~~~~~~~~~~~~~~~~~~~~~~~^^^^^^^^^^^^^
  File "/home/sl/src/baton/v12/python/tools/stage_execution.py", line 2050, in observe
    harness, combined = self._observation(self._workspace,
    ^^^^^^^^^^^^^^^^^
ValueError: too many values to unpack (expected 2)

----------------------------------------------------------------------
Ran 8 tests in 10.605s

FAILED (errors=5)
