$ env PYTHONPATH=src:tools:. python3 -m unittest tests.tools.test_execution_limits.TheComposedHostVerificationUsesTheJobsCeiling
.F..FF.
======================================================================
FAIL: test_a_post_import_overrun_repeats_neither_work_nor_scratch (tests.tools.test_execution_limits.TheComposedHostVerificationUsesTheJobsCeiling.test_a_post_import_overrun_repeats_neither_work_nor_scratch)
THE POST-IMPORT FAILURE, and both things it must not do.
----------------------------------------------------------------------
Traceback (most recent call last):
  File "/home/sl/src/baton/v12/python/tests/tools/test_execution_limits.py", line 1526, in test_a_post_import_overrun_repeats_neither_work_nor_scratch
    self.assertEqual([seconds for _argv, seconds in self.seen],
    ~~~~~~~~~~~~~~~~^^^^^^^^^^^^^^^^^^^^^^^^^^^^^^^^^^^^^^^^^^^
                     [self.CEILING],
                     ^^^^^^^^^^^^^^^
                     "the post-import command ran more than once")
                     ^^^^^^^^^^^^^^^^^^^^^^^^^^^^^^^^^^^^^^^^^^^^^
AssertionError: Lists differ: [] != [77]

Second list contains 1 additional elements.
First extra element 0:
77

- []
+ [77] : the post-import command ran more than once

======================================================================
FAIL: test_the_post_import_retention_is_its_own_phase (tests.tools.test_execution_limits.TheComposedHostVerificationUsesTheJobsCeiling.test_the_post_import_retention_is_its_own_phase)
The scope in the key is what keeps the two host boundaries apart: a
----------------------------------------------------------------------
Traceback (most recent call last):
  File "/home/sl/src/baton/v12/python/tests/tools/test_execution_limits.py", line 1546, in test_the_post_import_retention_is_its_own_phase
    self.assertTrue(retained)
    ~~~~~~~~~~~~~~~^^^^^^^^^^
AssertionError: {} is not true

======================================================================
FAIL: test_the_post_import_verification_uses_the_jobs_ceiling (tests.tools.test_execution_limits.TheComposedHostVerificationUsesTheJobsCeiling.test_the_post_import_verification_uses_the_jobs_ceiling)
THE SECOND HOST BOUNDARY, which no case of mine had driven.
----------------------------------------------------------------------
Traceback (most recent call last):
  File "/home/sl/src/baton/v12/python/tests/tools/test_execution_limits.py", line 1507, in test_the_post_import_verification_uses_the_jobs_ceiling
    self.assertTrue(self.seen,
    ~~~~~~~~~~~~~~~^^^^^^^^^^^
                    "the post-import verifier ran no command")
                    ^^^^^^^^^^^^^^^^^^^^^^^^^^^^^^^^^^^^^^^^^^
AssertionError: [] is not true : the post-import verifier ran no command

----------------------------------------------------------------------
Ran 7 tests in 10.653s

FAILED (failures=3)
