$ env PYTHONPATH=src:tools:. python3 -m unittest tests.tools.test_stage_execution
EEE.E........................................................................................................................................EEE.EEEEE........................................E...............................E...E....E.EEE................E...............
======================================================================
ERROR: test_a_fresh_port_prepares_that_delivery_and_then_starts_it (tests.tools.test_stage_execution.AFreshPortReentersANeverStartedDelivery.test_a_fresh_port_prepares_that_delivery_and_then_starts_it)
W103083 review 2026-09-08T12:41:47Z [P1], and the whole of W119113.
----------------------------------------------------------------------
Traceback (most recent call last):
  File "/home/sl/src/baton/v12/python/tests/tools/test_stage_execution.py", line 1577, in test_a_fresh_port_prepares_that_delivery_and_then_starts_it
    answer, admit, keep = self.tick(port)
                          ~~~~~~~~~^^^^^^
  File "/home/sl/src/baton/v12/python/tests/tools/test_stage_execution.py", line 1491, in tick
    answer = held.run(self.case.stage(), {"job_id": "job-1"})
  File "/home/sl/src/baton/v12/python/tools/stage_execution.py", line 2120, in run
    answered = self._run(stage, job)
  File "/home/sl/src/baton/v12/python/tools/stage_execution.py", line 2233, in _run
    if deployment.reconciles():
       ^^^^^^^^^^^^^^^^^^^^^
AttributeError: 'types.SimpleNamespace' object has no attribute 'reconciles'

======================================================================
ERROR: test_a_runtime_this_execution_did_not_start_is_still_held (tests.tools.test_stage_execution.AFreshPortReentersANeverStartedDelivery.test_a_runtime_this_execution_did_not_start_is_still_held)
The hold this correction must not spend: a started attempt is NOT
----------------------------------------------------------------------
Traceback (most recent call last):
  File "/home/sl/src/baton/v12/python/tests/tools/test_stage_execution.py", line 1597, in test_a_runtime_this_execution_did_not_start_is_still_held
    answer, admit, keep = self.tick(port)
                          ~~~~~~~~~^^^^^^
  File "/home/sl/src/baton/v12/python/tests/tools/test_stage_execution.py", line 1491, in tick
    answer = held.run(self.case.stage(), {"job_id": "job-1"})
  File "/home/sl/src/baton/v12/python/tools/stage_execution.py", line 2120, in run
    answered = self._run(stage, job)
  File "/home/sl/src/baton/v12/python/tools/stage_execution.py", line 2233, in _run
    if deployment.reconciles():
       ^^^^^^^^^^^^^^^^^^^^^
AttributeError: 'types.SimpleNamespace' object has no attribute 'reconciles'

======================================================================
ERROR: test_a_second_tick_in_the_same_execution_starts_nothing_again (tests.tools.test_stage_execution.AFreshPortReentersANeverStartedDelivery.test_a_second_tick_in_the_same_execution_starts_nothing_again)
The same-execution case: this port holds the marker it made, so the
----------------------------------------------------------------------
Traceback (most recent call last):
  File "/home/sl/src/baton/v12/python/tests/tools/test_stage_execution.py", line 1538, in test_a_second_tick_in_the_same_execution_starts_nothing_again
    self.tick(port)
    ~~~~~~~~~^^^^^^
  File "/home/sl/src/baton/v12/python/tests/tools/test_stage_execution.py", line 1491, in tick
    answer = held.run(self.case.stage(), {"job_id": "job-1"})
  File "/home/sl/src/baton/v12/python/tools/stage_execution.py", line 2120, in run
    answered = self._run(stage, job)
  File "/home/sl/src/baton/v12/python/tools/stage_execution.py", line 2233, in _run
    if deployment.reconciles():
       ^^^^^^^^^^^^^^^^^^^^^
AttributeError: 'types.SimpleNamespace' object has no attribute 'reconciles'

======================================================================
ERROR: test_an_ordinary_first_tick_prepares_and_starts_exactly_once (tests.tools.test_stage_execution.AFreshPortReentersANeverStartedDelivery.test_an_ordinary_first_tick_prepares_and_starts_exactly_once)
The valid initial case: nothing is published yet, so this is the
----------------------------------------------------------------------
Traceback (most recent call last):
  File "/home/sl/src/baton/v12/python/tests/tools/test_stage_execution.py", line 1524, in test_an_ordinary_first_tick_prepares_and_starts_exactly_once
    answer, admit, keep = self.tick(port)
                          ~~~~~~~~~^^^^^^
  File "/home/sl/src/baton/v12/python/tests/tools/test_stage_execution.py", line 1491, in tick
    answer = held.run(self.case.stage(), {"job_id": "job-1"})
  File "/home/sl/src/baton/v12/python/tools/stage_execution.py", line 2120, in run
    answered = self._run(stage, job)
  File "/home/sl/src/baton/v12/python/tools/stage_execution.py", line 2233, in _run
    if deployment.reconciles():
       ^^^^^^^^^^^^^^^^^^^^^
AttributeError: 'types.SimpleNamespace' object has no attribute 'reconciles'

======================================================================
ERROR: test_a_delivery_carrying_no_assignment_is_the_first_tick (tests.tools.test_stage_execution.TheIntegrationStageConsumesTheAcceptedPort.test_a_delivery_carrying_no_assignment_is_the_first_tick) (delivery=False)
Absent or unpublished: neither invents an assignment.
----------------------------------------------------------------------
Traceback (most recent call last):
  File "/home/sl/src/baton/v12/python/tests/tools/test_stage_execution.py", line 1396, in test_a_delivery_carrying_no_assignment_is_the_first_tick
    _, calls, admit, keep, _ = self.driven(delivery=delivery,
                               ~~~~~~~~~~~^^^^^^^^^^^^^^^^^^^
                                           assignment=None)
                                           ^^^^^^^^^^^^^^^^
  File "/home/sl/src/baton/v12/python/tests/tools/test_stage_execution.py", line 1240, in driven
    answer = stage_execution.Integration(held, taken).run(
        {"attempt_id": "attempt-1", "kind": "integration"},
        {"job_id": "job-1"})
  File "/home/sl/src/baton/v12/python/tools/stage_execution.py", line 2120, in run
    answered = self._run(stage, job)
  File "/home/sl/src/baton/v12/python/tools/stage_execution.py", line 2181, in _run
    published = _authority_read(
        "the producer's proposal",
        lambda: deployment.authority.proposal(operands["proposal_id"]))
  File "/home/sl/src/baton/v12/python/tools/stage_execution.py", line 848, in _authority_read
    return read()
  File "/home/sl/src/baton/v12/python/tools/stage_execution.py", line 2183, in <lambda>
    lambda: deployment.authority.proposal(operands["proposal_id"]))
            ^^^^^^^^^^^^^^^^^^^^^^^^^^^^^
AttributeError: 'object' object has no attribute 'proposal'

======================================================================
ERROR: test_a_delivery_carrying_no_assignment_is_the_first_tick (tests.tools.test_stage_execution.TheIntegrationStageConsumesTheAcceptedPort.test_a_delivery_carrying_no_assignment_is_the_first_tick) (delivery=True)
Absent or unpublished: neither invents an assignment.
----------------------------------------------------------------------
Traceback (most recent call last):
  File "/home/sl/src/baton/v12/python/tests/tools/test_stage_execution.py", line 1396, in test_a_delivery_carrying_no_assignment_is_the_first_tick
    _, calls, admit, keep, _ = self.driven(delivery=delivery,
                               ~~~~~~~~~~~^^^^^^^^^^^^^^^^^^^
                                           assignment=None)
                                           ^^^^^^^^^^^^^^^^
  File "/home/sl/src/baton/v12/python/tests/tools/test_stage_execution.py", line 1240, in driven
    answer = stage_execution.Integration(held, taken).run(
        {"attempt_id": "attempt-1", "kind": "integration"},
        {"job_id": "job-1"})
  File "/home/sl/src/baton/v12/python/tools/stage_execution.py", line 2120, in run
    answered = self._run(stage, job)
  File "/home/sl/src/baton/v12/python/tools/stage_execution.py", line 2181, in _run
    published = _authority_read(
        "the producer's proposal",
        lambda: deployment.authority.proposal(operands["proposal_id"]))
  File "/home/sl/src/baton/v12/python/tools/stage_execution.py", line 848, in _authority_read
    return read()
  File "/home/sl/src/baton/v12/python/tools/stage_execution.py", line 2183, in <lambda>
    lambda: deployment.authority.proposal(operands["proposal_id"]))
            ^^^^^^^^^^^^^^^^^^^^^^^^^^^^^
AttributeError: 'object' object has no attribute 'proposal'

======================================================================
ERROR: test_a_delivery_with_no_started_runtime_is_not_refreshed (tests.tools.test_stage_execution.TheIntegrationStageConsumesTheAcceptedPort.test_a_delivery_with_no_started_runtime_is_not_refreshed)
The namespaces are materialized before the container, so a delivery
----------------------------------------------------------------------
Traceback (most recent call last):
  File "/home/sl/src/baton/v12/python/tests/tools/test_stage_execution.py", line 1363, in test_a_delivery_with_no_started_runtime_is_not_refreshed
    _, calls, admit, keep, _ = self.driven(
                               ~~~~~~~~~~~^
        delivery=object(), assignment={"attempt_id": "attempt-1"},
        ^^^^^^^^^^^^^^^^^^^^^^^^^^^^^^^^^^^^^^^^^^^^^^^^^^^^^^^^^^
        port=self.port(runtime_state="not-started"))
        ^^^^^^^^^^^^^^^^^^^^^^^^^^^^^^^^^^^^^^^^^^^^
  File "/home/sl/src/baton/v12/python/tests/tools/test_stage_execution.py", line 1240, in driven
    answer = stage_execution.Integration(held, taken).run(
        {"attempt_id": "attempt-1", "kind": "integration"},
        {"job_id": "job-1"})
  File "/home/sl/src/baton/v12/python/tools/stage_execution.py", line 2120, in run
    answered = self._run(stage, job)
  File "/home/sl/src/baton/v12/python/tools/stage_execution.py", line 2181, in _run
    published = _authority_read(
        "the producer's proposal",
        lambda: deployment.authority.proposal(operands["proposal_id"]))
  File "/home/sl/src/baton/v12/python/tools/stage_execution.py", line 848, in _authority_read
    return read()
  File "/home/sl/src/baton/v12/python/tools/stage_execution.py", line 2183, in <lambda>
    lambda: deployment.authority.proposal(operands["proposal_id"]))
            ^^^^^^^^^^^^^^^^^^^^^^^^^^^^^
AttributeError: 'object' object has no attribute 'proposal'

======================================================================
ERROR: test_a_later_tick_refreshes_before_it_continues (tests.tools.test_stage_execution.TheIntegrationStageConsumesTheAcceptedPort.test_a_later_tick_refreshes_before_it_continues)
Owner ruling M115946: refresh FIRST, then the port's own marker.
----------------------------------------------------------------------
Traceback (most recent call last):
  File "/home/sl/src/baton/v12/python/tests/tools/test_stage_execution.py", line 1325, in test_a_later_tick_refreshes_before_it_continues
    _, calls, admit, keep, seen = self.driven(
                                  ~~~~~~~~~~~^
        delivery=object(), assignment={"attempt_id": "attempt-1"})
        ^^^^^^^^^^^^^^^^^^^^^^^^^^^^^^^^^^^^^^^^^^^^^^^^^^^^^^^^^^
  File "/home/sl/src/baton/v12/python/tests/tools/test_stage_execution.py", line 1240, in driven
    answer = stage_execution.Integration(held, taken).run(
        {"attempt_id": "attempt-1", "kind": "integration"},
        {"job_id": "job-1"})
  File "/home/sl/src/baton/v12/python/tools/stage_execution.py", line 2120, in run
    answered = self._run(stage, job)
  File "/home/sl/src/baton/v12/python/tools/stage_execution.py", line 2181, in _run
    published = _authority_read(
        "the producer's proposal",
        lambda: deployment.authority.proposal(operands["proposal_id"]))
  File "/home/sl/src/baton/v12/python/tools/stage_execution.py", line 848, in _authority_read
    return read()
  File "/home/sl/src/baton/v12/python/tools/stage_execution.py", line 2183, in <lambda>
    lambda: deployment.authority.proposal(operands["proposal_id"]))
            ^^^^^^^^^^^^^^^^^^^^^^^^^^^^^
AttributeError: 'object' object has no attribute 'proposal'

======================================================================
ERROR: test_a_lost_marker_falls_through_to_admission (tests.tools.test_stage_execution.TheIntegrationStageConsumesTheAcceptedPort.test_a_lost_marker_falls_through_to_admission)
A fresh serving incarnation holds no marker, so the driver's own
----------------------------------------------------------------------
Traceback (most recent call last):
  File "/home/sl/src/baton/v12/python/tests/tools/test_stage_execution.py", line 1340, in test_a_lost_marker_falls_through_to_admission
    _, calls, admit, keep, _ = self.driven(
                               ~~~~~~~~~~~^
        delivery=object(), assignment={"attempt_id": "attempt-1"},
        ^^^^^^^^^^^^^^^^^^^^^^^^^^^^^^^^^^^^^^^^^^^^^^^^^^^^^^^^^^
        port=self.port(continuable=False))
        ^^^^^^^^^^^^^^^^^^^^^^^^^^^^^^^^^^
  File "/home/sl/src/baton/v12/python/tests/tools/test_stage_execution.py", line 1240, in driven
    answer = stage_execution.Integration(held, taken).run(
        {"attempt_id": "attempt-1", "kind": "integration"},
        {"job_id": "job-1"})
  File "/home/sl/src/baton/v12/python/tools/stage_execution.py", line 2120, in run
    answered = self._run(stage, job)
  File "/home/sl/src/baton/v12/python/tools/stage_execution.py", line 2181, in _run
    published = _authority_read(
        "the producer's proposal",
        lambda: deployment.authority.proposal(operands["proposal_id"]))
  File "/home/sl/src/baton/v12/python/tools/stage_execution.py", line 848, in _authority_read
    return read()
  File "/home/sl/src/baton/v12/python/tools/stage_execution.py", line 2183, in <lambda>
    lambda: deployment.authority.proposal(operands["proposal_id"]))
            ^^^^^^^^^^^^^^^^^^^^^^^^^^^^^
AttributeError: 'object' object has no attribute 'proposal'

======================================================================
ERROR: test_a_started_or_uncertain_runtime_is_never_prepared_here (tests.tools.test_stage_execution.TheIntegrationStageConsumesTheAcceptedPort.test_a_started_or_uncertain_runtime_is_never_prepared_here) (runtime='running')
The other side of that branch, which is why it IS a branch.
----------------------------------------------------------------------
Traceback (most recent call last):
  File "/home/sl/src/baton/v12/python/tests/tools/test_stage_execution.py", line 1382, in test_a_started_or_uncertain_runtime_is_never_prepared_here
    _, calls, admit, keep, _ = self.driven(
                               ~~~~~~~~~~~^
        delivery=object(),
        ^^^^^^^^^^^^^^^^^^
        assignment={"attempt_id": "attempt-1"},
        ^^^^^^^^^^^^^^^^^^^^^^^^^^^^^^^^^^^^^^^
        port=self.port(runtime_state=state, continuable=False))
        ^^^^^^^^^^^^^^^^^^^^^^^^^^^^^^^^^^^^^^^^^^^^^^^^^^^^^^^
  File "/home/sl/src/baton/v12/python/tests/tools/test_stage_execution.py", line 1240, in driven
    answer = stage_execution.Integration(held, taken).run(
        {"attempt_id": "attempt-1", "kind": "integration"},
        {"job_id": "job-1"})
  File "/home/sl/src/baton/v12/python/tools/stage_execution.py", line 2120, in run
    answered = self._run(stage, job)
  File "/home/sl/src/baton/v12/python/tools/stage_execution.py", line 2181, in _run
    published = _authority_read(
        "the producer's proposal",
        lambda: deployment.authority.proposal(operands["proposal_id"]))
  File "/home/sl/src/baton/v12/python/tools/stage_execution.py", line 848, in _authority_read
    return read()
  File "/home/sl/src/baton/v12/python/tools/stage_execution.py", line 2183, in <lambda>
    lambda: deployment.authority.proposal(operands["proposal_id"]))
            ^^^^^^^^^^^^^^^^^^^^^^^^^^^^^
AttributeError: 'object' object has no attribute 'proposal'

======================================================================
ERROR: test_a_started_or_uncertain_runtime_is_never_prepared_here (tests.tools.test_stage_execution.TheIntegrationStageConsumesTheAcceptedPort.test_a_started_or_uncertain_runtime_is_never_prepared_here) (runtime='uncertain')
The other side of that branch, which is why it IS a branch.
----------------------------------------------------------------------
Traceback (most recent call last):
  File "/home/sl/src/baton/v12/python/tests/tools/test_stage_execution.py", line 1382, in test_a_started_or_uncertain_runtime_is_never_prepared_here
    _, calls, admit, keep, _ = self.driven(
                               ~~~~~~~~~~~^
        delivery=object(),
        ^^^^^^^^^^^^^^^^^^
        assignment={"attempt_id": "attempt-1"},
        ^^^^^^^^^^^^^^^^^^^^^^^^^^^^^^^^^^^^^^^
        port=self.port(runtime_state=state, continuable=False))
        ^^^^^^^^^^^^^^^^^^^^^^^^^^^^^^^^^^^^^^^^^^^^^^^^^^^^^^^
  File "/home/sl/src/baton/v12/python/tests/tools/test_stage_execution.py", line 1240, in driven
    answer = stage_execution.Integration(held, taken).run(
        {"attempt_id": "attempt-1", "kind": "integration"},
        {"job_id": "job-1"})
  File "/home/sl/src/baton/v12/python/tools/stage_execution.py", line 2120, in run
    answered = self._run(stage, job)
  File "/home/sl/src/baton/v12/python/tools/stage_execution.py", line 2181, in _run
    published = _authority_read(
        "the producer's proposal",
        lambda: deployment.authority.proposal(operands["proposal_id"]))
  File "/home/sl/src/baton/v12/python/tools/stage_execution.py", line 848, in _authority_read
    return read()
  File "/home/sl/src/baton/v12/python/tools/stage_execution.py", line 2183, in <lambda>
    lambda: deployment.authority.proposal(operands["proposal_id"]))
            ^^^^^^^^^^^^^^^^^^^^^^^^^^^^^
AttributeError: 'object' object has no attribute 'proposal'

======================================================================
ERROR: test_the_first_tick_prepares_and_then_admits (tests.tools.test_stage_execution.TheIntegrationStageConsumesTheAcceptedPort.test_the_first_tick_prepares_and_then_admits)
----------------------------------------------------------------------
Traceback (most recent call last):
  File "/home/sl/src/baton/v12/python/tests/tools/test_stage_execution.py", line 1313, in test_the_first_tick_prepares_and_then_admits
    _, calls, admit, keep, seen = self.driven()
                                  ~~~~~~~~~~~^^
  File "/home/sl/src/baton/v12/python/tests/tools/test_stage_execution.py", line 1240, in driven
    answer = stage_execution.Integration(held, taken).run(
        {"attempt_id": "attempt-1", "kind": "integration"},
        {"job_id": "job-1"})
  File "/home/sl/src/baton/v12/python/tools/stage_execution.py", line 2120, in run
    answered = self._run(stage, job)
  File "/home/sl/src/baton/v12/python/tools/stage_execution.py", line 2181, in _run
    published = _authority_read(
        "the producer's proposal",
        lambda: deployment.authority.proposal(operands["proposal_id"]))
  File "/home/sl/src/baton/v12/python/tools/stage_execution.py", line 848, in _authority_read
    return read()
  File "/home/sl/src/baton/v12/python/tools/stage_execution.py", line 2183, in <lambda>
    lambda: deployment.authority.proposal(operands["proposal_id"]))
            ^^^^^^^^^^^^^^^^^^^^^^^^^^^^^
AttributeError: 'object' object has no attribute 'proposal'

======================================================================
ERROR: test_an_integration_without_a_runtime_port_refuses_as_that (tests.tools.test_stage_execution.TheServingPathReachesTheAcceptedDrivers.test_an_integration_without_a_runtime_port_refuses_as_that)
The one capability this build does not have, reported rather than
----------------------------------------------------------------------
Traceback (most recent call last):
  File "/home/sl/src/baton/v12/python/tests/tools/test_stage_execution.py", line 1760, in test_an_integration_without_a_runtime_port_refuses_as_that
    composed.launch({"kind": "integration", "attempt_id": "attempt-i"},
    ~~~~~~~~~~~~~~~^^^^^^^^^^^^^^^^^^^^^^^^^^^^^^^^^^^^^^^^^^^^^^^^^^^^
                    {})
                    ^^^
  File "/home/sl/src/baton/v12/python/tools/stage_execution.py", line 3723, in launch
    return self.integrator.run(stage, job)
           ~~~~~~~~~~~~~~~~~~~^^^^^^^^^^^^
  File "/home/sl/src/baton/v12/python/tools/stage_execution.py", line 2120, in run
    answered = self._run(stage, job)
  File "/home/sl/src/baton/v12/python/tools/stage_execution.py", line 2145, in _run
    line = (deployment.line() if job_id is None
            ~~~~~~~~~~~~~~~^^
  File "/home/sl/src/baton/v12/python/tools/stage_execution.py", line 3102, in line
    return self.line_for(held[0]["job_id"])
           ~~~~~~~~~~~~~^^^^^^^^^^^^^^^^^^^
  File "/home/sl/src/baton/v12/python/tools/stage_execution.py", line 3011, in line_for
    created = review_cycles.create_line(
        self.control, source=self.source_for(job_id),
        declared_base=binding["line_declared_base"],
        profile=self.profile, authority_uuid=self.given["authority_uuid"],
        work_id=binding["job_work_id"])
  File "/home/sl/src/baton/v12/python/src/baton_v12/worker_manager/review_cycles.py", line 991, in create_line
    materialized = profile.materialize(source.place, path, declared_base)
  File "/home/sl/src/baton/v12/python/src/baton_v12/checkpoint_profiles.py", line 257, in materialize
    self._run(clone_vector(source, repository), "line materialization")
    ~~~~~~~~~^^^^^^^^^^^^^^^^^^^^^^^^^^^^^^^^^^^^^^^^^^^^^^^^^^^^^^^^^^
  File "/home/sl/src/baton/v12/python/src/baton_v12/checkpoint_profiles.py", line 238, in _run
    raise ProfileRefusal(f"Git {what} failed" +
                         (f": {detail}" if detail else ""))
baton_v12.source_profiles.checkout.ProfileRefusal: Git line materialization failed: fatal: repository '/home/sl/src/baton/v12/python/v12-w71917-ak0n1fug/source' does not exist

======================================================================
ERROR: test_derived_judges_reconstruct_after_dispatch_without_second_launch (tests.tools.test_stage_execution.TwoBoundJobsTraverseServingAndCorrection.test_derived_judges_reconstruct_after_dispatch_without_second_launch)
----------------------------------------------------------------------
Traceback (most recent call last):
  File "/home/sl/src/baton/v12/python/tests/tools/test_stage_execution.py", line 7306, in test_derived_judges_reconstruct_after_dispatch_without_second_launch
    self.judgment_turn(held, execution)
    ~~~~~~~~~~~~~~~~~~^^^^^^^^^^^^^^^^^
  File "/home/sl/src/baton/v12/python/tests/tools/test_stage_execution.py", line 7177, in judgment_turn
    self.assertEqual(self.turn(held.control, "review", attempt_id, roots,
                     ~~~~~~~~~^^^^^^^^^^^^^^^^^^^^^^^^^^^^^^^^^^^^^^^^^^^
                              edits={"review-report.json": json.dumps(report)}), 0)
                              ^^^^^^^^^^^^^^^^^^^^^^^^^^^^^^^^^^^^^^^^^^^^^^^^^
  File "/home/sl/src/baton/v12/python/tests/tools/test_stage_execution.py", line 2699, in turn
    delivered = launch.adopt(
        self.config["launch_home"], attempt_id=attempt_id,
    ...<7 lines>...
        job_execution=self.job_execution_for(role, attempt_id),
        workspace_group=single_worker.configured_workspace_group(control))
  File "/home/sl/src/baton/v12/python/src/baton_v12/worker_manager/launch.py", line 747, in adopt
    _denied(f"attempt {name_value(attempt)}'s launch document is not the "
    ~~~~~~~^^^^^^^^^^^^^^^^^^^^^^^^^^^^^^^^^^^^^^^^^^^^^^^^^^^^^^^^^^^^^^^
            f"one this manager would have written for it; a document that "
            ^^^^^^^^^^^^^^^^^^^^^^^^^^^^^^^^^^^^^^^^^^^^^^^^^^^^^^^^^^^^^^^
            f"is merely well formed proves which KIND of thing it is and "
            ^^^^^^^^^^^^^^^^^^^^^^^^^^^^^^^^^^^^^^^^^^^^^^^^^^^^^^^^^^^^^^
            f"not which delivery")
            ^^^^^^^^^^^^^^^^^^^^^^
  File "/home/sl/src/baton/v12/python/src/baton_v12/worker_manager/launch.py", line 223, in _denied
    raise ContractRefusal("policy", "denied", message)
baton_v12.contracts.errors.ContractRefusal: attempt 'judgment-e59946ee4a73621a10fd49ab3c3d7ea62b53012ddcedf24bc5…'s launch document is not the one this manager would have written for it; a document that is merely well formed proves which KIND of thing it is and not which delivery

======================================================================
ERROR: test_foreign_frozen_candidate_cannot_authorize_derived_receipts (tests.tools.test_stage_execution.TwoBoundJobsTraverseServingAndCorrection.test_foreign_frozen_candidate_cannot_authorize_derived_receipts)
----------------------------------------------------------------------
Traceback (most recent call last):
  File "/home/sl/src/baton/v12/python/tests/tools/test_stage_execution.py", line 7277, in test_foreign_frozen_candidate_cannot_authorize_derived_receipts
    self.judgment_turn(held, execution)
    ~~~~~~~~~~~~~~~~~~^^^^^^^^^^^^^^^^^
  File "/home/sl/src/baton/v12/python/tests/tools/test_stage_execution.py", line 7177, in judgment_turn
    self.assertEqual(self.turn(held.control, "review", attempt_id, roots,
                     ~~~~~~~~~^^^^^^^^^^^^^^^^^^^^^^^^^^^^^^^^^^^^^^^^^^^
                              edits={"review-report.json": json.dumps(report)}), 0)
                              ^^^^^^^^^^^^^^^^^^^^^^^^^^^^^^^^^^^^^^^^^^^^^^^^^
  File "/home/sl/src/baton/v12/python/tests/tools/test_stage_execution.py", line 2699, in turn
    delivered = launch.adopt(
        self.config["launch_home"], attempt_id=attempt_id,
    ...<7 lines>...
        job_execution=self.job_execution_for(role, attempt_id),
        workspace_group=single_worker.configured_workspace_group(control))
  File "/home/sl/src/baton/v12/python/src/baton_v12/worker_manager/launch.py", line 747, in adopt
    _denied(f"attempt {name_value(attempt)}'s launch document is not the "
    ~~~~~~~^^^^^^^^^^^^^^^^^^^^^^^^^^^^^^^^^^^^^^^^^^^^^^^^^^^^^^^^^^^^^^^
            f"one this manager would have written for it; a document that "
            ^^^^^^^^^^^^^^^^^^^^^^^^^^^^^^^^^^^^^^^^^^^^^^^^^^^^^^^^^^^^^^^
            f"is merely well formed proves which KIND of thing it is and "
            ^^^^^^^^^^^^^^^^^^^^^^^^^^^^^^^^^^^^^^^^^^^^^^^^^^^^^^^^^^^^^^
            f"not which delivery")
            ^^^^^^^^^^^^^^^^^^^^^^
  File "/home/sl/src/baton/v12/python/src/baton_v12/worker_manager/launch.py", line 223, in _denied
    raise ContractRefusal("policy", "denied", message)
baton_v12.contracts.errors.ContractRefusal: attempt 'judgment-488dd9f2efcded95683c811923487ba69022b2eb80a2d6339a…'s launch document is not the one this manager would have written for it; a document that is merely well formed proves which KIND of thing it is and not which delivery

======================================================================
ERROR: test_policy_drift_cannot_reuse_or_redispatch_derived_judgments (tests.tools.test_stage_execution.TwoBoundJobsTraverseServingAndCorrection.test_policy_drift_cannot_reuse_or_redispatch_derived_judgments)
----------------------------------------------------------------------
Traceback (most recent call last):
  File "/home/sl/src/baton/v12/python/tests/tools/test_stage_execution.py", line 7265, in test_policy_drift_cannot_reuse_or_redispatch_derived_judgments
    self.judgment_turn(held, execution)
    ~~~~~~~~~~~~~~~~~~^^^^^^^^^^^^^^^^^
  File "/home/sl/src/baton/v12/python/tests/tools/test_stage_execution.py", line 7177, in judgment_turn
    self.assertEqual(self.turn(held.control, "review", attempt_id, roots,
                     ~~~~~~~~~^^^^^^^^^^^^^^^^^^^^^^^^^^^^^^^^^^^^^^^^^^^
                              edits={"review-report.json": json.dumps(report)}), 0)
                              ^^^^^^^^^^^^^^^^^^^^^^^^^^^^^^^^^^^^^^^^^^^^^^^^^
  File "/home/sl/src/baton/v12/python/tests/tools/test_stage_execution.py", line 2699, in turn
    delivered = launch.adopt(
        self.config["launch_home"], attempt_id=attempt_id,
    ...<7 lines>...
        job_execution=self.job_execution_for(role, attempt_id),
        workspace_group=single_worker.configured_workspace_group(control))
  File "/home/sl/src/baton/v12/python/src/baton_v12/worker_manager/launch.py", line 747, in adopt
    _denied(f"attempt {name_value(attempt)}'s launch document is not the "
    ~~~~~~~^^^^^^^^^^^^^^^^^^^^^^^^^^^^^^^^^^^^^^^^^^^^^^^^^^^^^^^^^^^^^^^
            f"one this manager would have written for it; a document that "
            ^^^^^^^^^^^^^^^^^^^^^^^^^^^^^^^^^^^^^^^^^^^^^^^^^^^^^^^^^^^^^^^
            f"is merely well formed proves which KIND of thing it is and "
            ^^^^^^^^^^^^^^^^^^^^^^^^^^^^^^^^^^^^^^^^^^^^^^^^^^^^^^^^^^^^^^
            f"not which delivery")
            ^^^^^^^^^^^^^^^^^^^^^^
  File "/home/sl/src/baton/v12/python/src/baton_v12/worker_manager/launch.py", line 223, in _denied
    raise ContractRefusal("policy", "denied", message)
baton_v12.contracts.errors.ContractRefusal: attempt 'judgment-fd142f68207ac38bd755864c3958d4a98f7e19701555c0c5d0…'s launch document is not the one this manager would have written for it; a document that is merely well formed proves which KIND of thing it is and not which delivery

======================================================================
ERROR: test_readonly_reconciled_completion_without_runtime_reaches_outer_observer (tests.tools.test_stage_execution.TwoBoundJobsTraverseServingAndCorrection.test_readonly_reconciled_completion_without_runtime_reaches_outer_observer)
A model-free import reaches status through the public read-only owner.
----------------------------------------------------------------------
Traceback (most recent call last):
  File "/home/sl/src/baton/v12/python/tests/tools/test_stage_execution.py", line 8227, in test_readonly_reconciled_completion_without_runtime_reaches_outer_observer
    self.judgment_turn(held, execution)
    ~~~~~~~~~~~~~~~~~~^^^^^^^^^^^^^^^^^
  File "/home/sl/src/baton/v12/python/tests/tools/test_stage_execution.py", line 7177, in judgment_turn
    self.assertEqual(self.turn(held.control, "review", attempt_id, roots,
                     ~~~~~~~~~^^^^^^^^^^^^^^^^^^^^^^^^^^^^^^^^^^^^^^^^^^^
                              edits={"review-report.json": json.dumps(report)}), 0)
                              ^^^^^^^^^^^^^^^^^^^^^^^^^^^^^^^^^^^^^^^^^^^^^^^^^
  File "/home/sl/src/baton/v12/python/tests/tools/test_stage_execution.py", line 2699, in turn
    delivered = launch.adopt(
        self.config["launch_home"], attempt_id=attempt_id,
    ...<7 lines>...
        job_execution=self.job_execution_for(role, attempt_id),
        workspace_group=single_worker.configured_workspace_group(control))
  File "/home/sl/src/baton/v12/python/src/baton_v12/worker_manager/launch.py", line 747, in adopt
    _denied(f"attempt {name_value(attempt)}'s launch document is not the "
    ~~~~~~~^^^^^^^^^^^^^^^^^^^^^^^^^^^^^^^^^^^^^^^^^^^^^^^^^^^^^^^^^^^^^^^
            f"one this manager would have written for it; a document that "
            ^^^^^^^^^^^^^^^^^^^^^^^^^^^^^^^^^^^^^^^^^^^^^^^^^^^^^^^^^^^^^^^
            f"is merely well formed proves which KIND of thing it is and "
            ^^^^^^^^^^^^^^^^^^^^^^^^^^^^^^^^^^^^^^^^^^^^^^^^^^^^^^^^^^^^^^
            f"not which delivery")
            ^^^^^^^^^^^^^^^^^^^^^^
  File "/home/sl/src/baton/v12/python/src/baton_v12/worker_manager/launch.py", line 223, in _denied
    raise ContractRefusal("policy", "denied", message)
baton_v12.contracts.errors.ContractRefusal: attempt 'judgment-7e69f08a2cc7912ae8b139c5d440df7101a6b999ddd78576c5…'s launch document is not the one this manager would have written for it; a document that is merely well formed proves which KIND of thing it is and not which delivery

======================================================================
ERROR: test_real_B_consumer_judges_frozen_reports_and_completes_both_jobs (tests.tools.test_stage_execution.TwoBoundJobsTraverseServingAndCorrection.test_real_B_consumer_judges_frozen_reports_and_completes_both_jobs)
----------------------------------------------------------------------
Traceback (most recent call last):
  File "/home/sl/src/baton/v12/python/tests/tools/test_stage_execution.py", line 7215, in test_real_B_consumer_judges_frozen_reports_and_completes_both_jobs
    self.judgment_turn(held, execution)
    ~~~~~~~~~~~~~~~~~~^^^^^^^^^^^^^^^^^
  File "/home/sl/src/baton/v12/python/tests/tools/test_stage_execution.py", line 7177, in judgment_turn
    self.assertEqual(self.turn(held.control, "review", attempt_id, roots,
                     ~~~~~~~~~^^^^^^^^^^^^^^^^^^^^^^^^^^^^^^^^^^^^^^^^^^^
                              edits={"review-report.json": json.dumps(report)}), 0)
                              ^^^^^^^^^^^^^^^^^^^^^^^^^^^^^^^^^^^^^^^^^^^^^^^^^
  File "/home/sl/src/baton/v12/python/tests/tools/test_stage_execution.py", line 2699, in turn
    delivered = launch.adopt(
        self.config["launch_home"], attempt_id=attempt_id,
    ...<7 lines>...
        job_execution=self.job_execution_for(role, attempt_id),
        workspace_group=single_worker.configured_workspace_group(control))
  File "/home/sl/src/baton/v12/python/src/baton_v12/worker_manager/launch.py", line 747, in adopt
    _denied(f"attempt {name_value(attempt)}'s launch document is not the "
    ~~~~~~~^^^^^^^^^^^^^^^^^^^^^^^^^^^^^^^^^^^^^^^^^^^^^^^^^^^^^^^^^^^^^^^
            f"one this manager would have written for it; a document that "
            ^^^^^^^^^^^^^^^^^^^^^^^^^^^^^^^^^^^^^^^^^^^^^^^^^^^^^^^^^^^^^^^
            f"is merely well formed proves which KIND of thing it is and "
            ^^^^^^^^^^^^^^^^^^^^^^^^^^^^^^^^^^^^^^^^^^^^^^^^^^^^^^^^^^^^^^
            f"not which delivery")
            ^^^^^^^^^^^^^^^^^^^^^^
  File "/home/sl/src/baton/v12/python/src/baton_v12/worker_manager/launch.py", line 223, in _denied
    raise ContractRefusal("policy", "denied", message)
baton_v12.contracts.errors.ContractRefusal: attempt 'judgment-15091d6220df5a6a1063279c1b561157700584d665d98d1976…'s launch document is not the one this manager would have written for it; a document that is merely well formed proves which KIND of thing it is and not which delivery

======================================================================
ERROR: test_rejected_derived_judgment_cannot_authorize_import (tests.tools.test_stage_execution.TwoBoundJobsTraverseServingAndCorrection.test_rejected_derived_judgment_cannot_authorize_import)
----------------------------------------------------------------------
Traceback (most recent call last):
  File "/home/sl/src/baton/v12/python/tests/tools/test_stage_execution.py", line 7246, in test_rejected_derived_judgment_cannot_authorize_import
    self.judgment_turn(held, execution, verdict="rejected" if kind == "review" else "accepted")
    ~~~~~~~~~~~~~~~~~~^^^^^^^^^^^^^^^^^^^^^^^^^^^^^^^^^^^^^^^^^^^^^^^^^^^^^^^^^^^^^^^^^^^^^^^^^
  File "/home/sl/src/baton/v12/python/tests/tools/test_stage_execution.py", line 7177, in judgment_turn
    self.assertEqual(self.turn(held.control, "review", attempt_id, roots,
                     ~~~~~~~~~^^^^^^^^^^^^^^^^^^^^^^^^^^^^^^^^^^^^^^^^^^^
                              edits={"review-report.json": json.dumps(report)}), 0)
                              ^^^^^^^^^^^^^^^^^^^^^^^^^^^^^^^^^^^^^^^^^^^^^^^^^
  File "/home/sl/src/baton/v12/python/tests/tools/test_stage_execution.py", line 2699, in turn
    delivered = launch.adopt(
        self.config["launch_home"], attempt_id=attempt_id,
    ...<7 lines>...
        job_execution=self.job_execution_for(role, attempt_id),
        workspace_group=single_worker.configured_workspace_group(control))
  File "/home/sl/src/baton/v12/python/src/baton_v12/worker_manager/launch.py", line 747, in adopt
    _denied(f"attempt {name_value(attempt)}'s launch document is not the "
    ~~~~~~~^^^^^^^^^^^^^^^^^^^^^^^^^^^^^^^^^^^^^^^^^^^^^^^^^^^^^^^^^^^^^^^
            f"one this manager would have written for it; a document that "
            ^^^^^^^^^^^^^^^^^^^^^^^^^^^^^^^^^^^^^^^^^^^^^^^^^^^^^^^^^^^^^^^
            f"is merely well formed proves which KIND of thing it is and "
            ^^^^^^^^^^^^^^^^^^^^^^^^^^^^^^^^^^^^^^^^^^^^^^^^^^^^^^^^^^^^^^
            f"not which delivery")
            ^^^^^^^^^^^^^^^^^^^^^^
  File "/home/sl/src/baton/v12/python/src/baton_v12/worker_manager/launch.py", line 223, in _denied
    raise ContractRefusal("policy", "denied", message)
baton_v12.contracts.errors.ContractRefusal: attempt 'judgment-48e5799d598441706be1a794cdd749ad5fbf17e16994500309…'s launch document is not the one this manager would have written for it; a document that is merely well formed proves which KIND of thing it is and not which delivery

======================================================================
ERROR: test_unusable_judge_report_cannot_authorize_derived_receipts (tests.tools.test_stage_execution.TwoBoundJobsTraverseServingAndCorrection.test_unusable_judge_report_cannot_authorize_derived_receipts)
----------------------------------------------------------------------
Traceback (most recent call last):
  File "/home/sl/src/baton/v12/python/tests/tools/test_stage_execution.py", line 7256, in test_unusable_judge_report_cannot_authorize_derived_receipts
    self.judgment_turn(held, execution, verdict="not-a-verdict")
    ~~~~~~~~~~~~~~~~~~^^^^^^^^^^^^^^^^^^^^^^^^^^^^^^^^^^^^^^^^^^
  File "/home/sl/src/baton/v12/python/tests/tools/test_stage_execution.py", line 7177, in judgment_turn
    self.assertEqual(self.turn(held.control, "review", attempt_id, roots,
                     ~~~~~~~~~^^^^^^^^^^^^^^^^^^^^^^^^^^^^^^^^^^^^^^^^^^^
                              edits={"review-report.json": json.dumps(report)}), 0)
                              ^^^^^^^^^^^^^^^^^^^^^^^^^^^^^^^^^^^^^^^^^^^^^^^^^
  File "/home/sl/src/baton/v12/python/tests/tools/test_stage_execution.py", line 2699, in turn
    delivered = launch.adopt(
        self.config["launch_home"], attempt_id=attempt_id,
    ...<7 lines>...
        job_execution=self.job_execution_for(role, attempt_id),
        workspace_group=single_worker.configured_workspace_group(control))
  File "/home/sl/src/baton/v12/python/src/baton_v12/worker_manager/launch.py", line 747, in adopt
    _denied(f"attempt {name_value(attempt)}'s launch document is not the "
    ~~~~~~~^^^^^^^^^^^^^^^^^^^^^^^^^^^^^^^^^^^^^^^^^^^^^^^^^^^^^^^^^^^^^^^
            f"one this manager would have written for it; a document that "
            ^^^^^^^^^^^^^^^^^^^^^^^^^^^^^^^^^^^^^^^^^^^^^^^^^^^^^^^^^^^^^^^
            f"is merely well formed proves which KIND of thing it is and "
            ^^^^^^^^^^^^^^^^^^^^^^^^^^^^^^^^^^^^^^^^^^^^^^^^^^^^^^^^^^^^^^
            f"not which delivery")
            ^^^^^^^^^^^^^^^^^^^^^^
  File "/home/sl/src/baton/v12/python/src/baton_v12/worker_manager/launch.py", line 223, in _denied
    raise ContractRefusal("policy", "denied", message)
baton_v12.contracts.errors.ContractRefusal: attempt 'judgment-1b2ff61372da40c8ebd3684d434f66513a5151f9dd60edd688…'s launch document is not the one this manager would have written for it; a document that is merely well formed proves which KIND of thing it is and not which delivery

----------------------------------------------------------------------
Ran 266 tests in 50.210s

FAILED (errors=20)
