$ env PYTHONPATH=src:tools:. python3 -m unittest tests.tools.test_execution_limits.TheComposedHostVerificationUsesTheJobsCeiling
E..
======================================================================
ERROR: test_a_host_verification_that_exceeds_it_is_held_not_published (tests.tools.test_execution_limits.TheComposedHostVerificationUsesTheJobsCeiling.test_a_host_verification_that_exceeds_it_is_held_not_published)
The bounded failure, through the composed owners.
----------------------------------------------------------------------
Traceback (most recent call last):
  File "/home/sl/src/baton/v12/python/tests/tools/test_execution_limits.py", line 1292, in test_a_host_verification_that_exceeds_it_is_held_not_published
    self.case.pending_judgments()
    ~~~~~~~~~~~~~~~~~~~~~~~~~~~^^
  File "/home/sl/src/baton/v12/python/tests/tools/test_stage_execution.py", line 7208, in pending_judgments
    reports.append(self.tick(held))
                   ~~~~~~~~~^^^^^^
  File "/home/sl/src/baton/v12/python/tests/tools/test_stage_execution.py", line 8009, in tick
    return sweep(held.job, held.composed, now=fixtures.NOW)
  File "/home/sl/src/baton/v12/python/src/baton_v12/job_manager/manager.py", line 160, in sweep
    started = _launch(store, operations, projection.stage_states(store,
                                                                 operations))
  File "/home/sl/src/baton/v12/python/src/baton_v12/job_manager/manager.py", line 340, in _launch
    answer = operations.launch(attempt, job)
  File "/home/sl/src/baton/v12/python/tools/stage_execution.py", line 3723, in launch
    return self.integrator.run(stage, job)
           ~~~~~~~~~~~~~~~~~~~^^^^^^^^^^^^
  File "/home/sl/src/baton/v12/python/tools/stage_execution.py", line 2120, in run
    answered = self._run(stage, job)
  File "/home/sl/src/baton/v12/python/tools/stage_execution.py", line 2197, in _run
    return self.reconciled(
           ~~~~~~~~~~~~~~~^
        stage, job, operands,
        ^^^^^^^^^^^^^^^^^^^^^
        review_cycles.line_of(control, line["line_id"]))
        ^^^^^^^^^^^^^^^^^^^^^^^^^^^^^^^^^^^^^^^^^^^^^^^^
  File "/home/sl/src/baton/v12/python/tools/stage_execution.py", line 2478, in reconciled
    held = reconciliation.record_causal_observations(
        deployment.integration, observer,
        result_id=held["result_id"])
  File "/home/sl/src/baton/v12/python/src/baton_v12/integration/reconciliation.py", line 902, in record_causal_observations
    answer = boundaries.document(getattr(observer, _OBSERVE_VERB)(dict(basis)),
                                 ~~~~~~~~~~~~~~~~~~~~~~~~~~~~~~~~^^^^^^^^^^^^^
  File "/home/sl/src/baton/v12/python/tools/stage_execution.py", line 1886, in observe
    harness, combined = self._observation(self._workspace,
                        ~~~~~~~~~~~~~~~~~^^^^^^^^^^^^^^^^^
                                          basis["candidate"])
                                          ^^^^^^^^^^^^^^^^^^^
  File "/home/sl/src/baton/v12/python/tools/stage_execution.py", line 1860, in _observation
    answered = self._run(repository, revision, adding=adding)
  File "/home/sl/src/baton/v12/python/tools/stage_execution.py", line 1809, in _run
    answered = subprocess.run(self._argv, cwd=where, capture_output=True,
                              text=True, timeout=self._seconds)
  File "/home/sl/src/baton/v12/python/tests/tools/test_execution_limits.py", line 1239, in run
    raise subprocess.TimeoutExpired(argv, options.get("timeout"))
subprocess.TimeoutExpired: Command '['python3', 'feature_check.py']' timed out after 77 seconds

----------------------------------------------------------------------
Ran 3 tests in 3.719s

FAILED (errors=1)
