$ env PYTHONPATH=src:tools:. python3 -m unittest tests.tools.test_execution_limits.TheComposedHostVerificationUsesTheJobsCeiling.test_the_supported_recovery_over_a_host_hold_keeps_the_hold tests.tools.test_execution_limits.TheComposedHostVerificationUsesTheJobsCeiling.test_a_blocked_target_offers_no_fresh_grant_to_recover_with
FF
======================================================================
FAIL: test_the_supported_recovery_over_a_host_hold_keeps_the_hold (tests.tools.test_execution_limits.TheComposedHostVerificationUsesTheJobsCeiling.test_the_supported_recovery_over_a_host_hold_keeps_the_hold)
EXPLICIT RECOVERY, as the owners actually support it.
----------------------------------------------------------------------
Traceback (most recent call last):
  File "/home/sl/src/baton/v12/python/tests/tools/test_execution_limits.py", line 2294, in test_the_supported_recovery_over_a_host_hold_keeps_the_hold
    held, deployment, result_id, assignment = self._held_assignment(
                                              ~~~~~~~~~~~~~~~~~~~~~^
        failing=True)
        ^^^^^^^^^^^^^
  File "/home/sl/src/baton/v12/python/tests/tools/test_execution_limits.py", line 2279, in _held_assignment
    self.assertEqual(len(composed), 1, composed)
    ~~~~~~~~~~~~~~~~^^^^^^^^^^^^^^^^^^^^^^^^^^^^
AssertionError: 4 != 1 : [{'schema': 'baton.v12.integration-assignment/1', 'canonical_target_id': 'target-a', 'entry_id': 'integration-driver.entry:93ef53562469d0182646fa377a9d08036755c84b51c0000f3f4af0c281744f0d', 'lease_id': 'integration-driver.lease:7d68763d6675a7460fef5a46df8388261728c737b21842eb6ce6dd51a89c67dc', 'fence': 1, 'attempt_id': 'attempt-01128b4b2c5d1932bb6a1bcaf698a441d732b8323acd3b006b69d171f56d87a0', 'integrator_participant': 'baton.integrator', 'profile_kind': 'git', 'profile_version': 1, 'instructions_digest': 'sha256:97477292475144259f11d76c95b73311ac6e8d55d16cf527ccbbe158c996313b', 'target_access': 'writable'}, {'schema': 'baton.v12.integration-assignment/1', 'canonical_target_id': 'target-a', 'entry_id': 'integration-driver.entry:93ef53562469d0182646fa377a9d08036755c84b51c0000f3f4af0c281744f0d', 'lease_id': 'integration-driver.lease:7d68763d6675a7460fef5a46df8388261728c737b21842eb6ce6dd51a89c67dc', 'fence': 1, 'attempt_id': 'attempt-01128b4b2c5d1932bb6a1bcaf698a441d732b8323acd3b006b69d171f56d87a0', 'integrator_participant': 'baton.integrator', 'profile_kind': 'git', 'profile_version': 1, 'instructions_digest': 'sha256:97477292475144259f11d76c95b73311ac6e8d55d16cf527ccbbe158c996313b', 'target_access': 'writable'}, {'schema': 'baton.v12.integration-assignment/1', 'canonical_target_id': 'target-a', 'entry_id': 'integration-driver.entry:93ef53562469d0182646fa377a9d08036755c84b51c0000f3f4af0c281744f0d', 'lease_id': 'integration-driver.lease:7d68763d6675a7460fef5a46df8388261728c737b21842eb6ce6dd51a89c67dc', 'fence': 1, 'attempt_id': 'attempt-01128b4b2c5d1932bb6a1bcaf698a441d732b8323acd3b006b69d171f56d87a0', 'integrator_participant': 'baton.integrator', 'profile_kind': 'git', 'profile_version': 1, 'instructions_digest': 'sha256:97477292475144259f11d76c95b73311ac6e8d55d16cf527ccbbe158c996313b', 'target_access': 'writable'}, {'schema': 'baton.v12.integration-assignment/1', 'canonical_target_id': 'target-a', 'entry_id': 'integration-driver.entry:93ef53562469d0182646fa377a9d08036755c84b51c0000f3f4af0c281744f0d', 'lease_id': 'integration-driver.lease:7d68763d6675a7460fef5a46df8388261728c737b21842eb6ce6dd51a89c67dc', 'fence': 1, 'attempt_id': 'attempt-01128b4b2c5d1932bb6a1bcaf698a441d732b8323acd3b006b69d171f56d87a0', 'integrator_participant': 'baton.integrator', 'profile_kind': 'git', 'profile_version': 1, 'instructions_digest': 'sha256:97477292475144259f11d76c95b73311ac6e8d55d16cf527ccbbe158c996313b', 'target_access': 'writable'}]

======================================================================
FAIL: test_a_blocked_target_offers_no_fresh_grant_to_recover_with (tests.tools.test_execution_limits.TheComposedHostVerificationUsesTheJobsCeiling.test_a_blocked_target_offers_no_fresh_grant_to_recover_with)
THE SEAM, NAMED EXACTLY, because it is what an operator meets.
----------------------------------------------------------------------
Traceback (most recent call last):
  File "/home/sl/src/baton/v12/python/tests/tools/test_execution_limits.py", line 2352, in test_a_blocked_target_offers_no_fresh_grant_to_recover_with
    held, deployment, result_id, _assignment = self._held_assignment(
                                               ~~~~~~~~~~~~~~~~~~~~~^
        failing=True)
        ^^^^^^^^^^^^^
  File "/home/sl/src/baton/v12/python/tests/tools/test_execution_limits.py", line 2279, in _held_assignment
    self.assertEqual(len(composed), 1, composed)
    ~~~~~~~~~~~~~~~~^^^^^^^^^^^^^^^^^^^^^^^^^^^^
AssertionError: 4 != 1 : [{'schema': 'baton.v12.integration-assignment/1', 'canonical_target_id': 'target-a', 'entry_id': 'integration-driver.entry:b332edfba86f0d38ea57d3c655639a7992a108549347fa738517b71b4b54dd3b', 'lease_id': 'integration-driver.lease:3229e2c261e7a2ebced45169440359082b119a408e27f1e2457efa3be4acdb94', 'fence': 1, 'attempt_id': 'attempt-01128b4b2c5d1932bb6a1bcaf698a441d732b8323acd3b006b69d171f56d87a0', 'integrator_participant': 'baton.integrator', 'profile_kind': 'git', 'profile_version': 1, 'instructions_digest': 'sha256:97477292475144259f11d76c95b73311ac6e8d55d16cf527ccbbe158c996313b', 'target_access': 'writable'}, {'schema': 'baton.v12.integration-assignment/1', 'canonical_target_id': 'target-a', 'entry_id': 'integration-driver.entry:b332edfba86f0d38ea57d3c655639a7992a108549347fa738517b71b4b54dd3b', 'lease_id': 'integration-driver.lease:3229e2c261e7a2ebced45169440359082b119a408e27f1e2457efa3be4acdb94', 'fence': 1, 'attempt_id': 'attempt-01128b4b2c5d1932bb6a1bcaf698a441d732b8323acd3b006b69d171f56d87a0', 'integrator_participant': 'baton.integrator', 'profile_kind': 'git', 'profile_version': 1, 'instructions_digest': 'sha256:97477292475144259f11d76c95b73311ac6e8d55d16cf527ccbbe158c996313b', 'target_access': 'writable'}, {'schema': 'baton.v12.integration-assignment/1', 'canonical_target_id': 'target-a', 'entry_id': 'integration-driver.entry:b332edfba86f0d38ea57d3c655639a7992a108549347fa738517b71b4b54dd3b', 'lease_id': 'integration-driver.lease:3229e2c261e7a2ebced45169440359082b119a408e27f1e2457efa3be4acdb94', 'fence': 1, 'attempt_id': 'attempt-01128b4b2c5d1932bb6a1bcaf698a441d732b8323acd3b006b69d171f56d87a0', 'integrator_participant': 'baton.integrator', 'profile_kind': 'git', 'profile_version': 1, 'instructions_digest': 'sha256:97477292475144259f11d76c95b73311ac6e8d55d16cf527ccbbe158c996313b', 'target_access': 'writable'}, {'schema': 'baton.v12.integration-assignment/1', 'canonical_target_id': 'target-a', 'entry_id': 'integration-driver.entry:b332edfba86f0d38ea57d3c655639a7992a108549347fa738517b71b4b54dd3b', 'lease_id': 'integration-driver.lease:3229e2c261e7a2ebced45169440359082b119a408e27f1e2457efa3be4acdb94', 'fence': 1, 'attempt_id': 'attempt-01128b4b2c5d1932bb6a1bcaf698a441d732b8323acd3b006b69d171f56d87a0', 'integrator_participant': 'baton.integrator', 'profile_kind': 'git', 'profile_version': 1, 'instructions_digest': 'sha256:97477292475144259f11d76c95b73311ac6e8d55d16cf527ccbbe158c996313b', 'target_access': 'writable'}]

----------------------------------------------------------------------
Ran 2 tests in 3.559s

FAILED (failures=2)
