$ env PYTHONPATH=src:tools:. python3 -m unittest tests.tools.test_execution_limits
..................................E.EE.......
======================================================================
ERROR: test_a_port_with_no_job_owner_composes_exactly_what_it_always_did (tests.tools.test_execution_limits.TheDirectIntegrationCarriesItsJobsOwnCeiling.test_a_port_with_no_job_owner_composes_exactly_what_it_always_did)
The unchanged deployment. A port composed without the reader is not
----------------------------------------------------------------------
Traceback (most recent call last):
  File "/home/sl/src/baton/v12/python/tests/tools/test_execution_limits.py", line 639, in test_a_port_with_no_job_owner_composes_exactly_what_it_always_did
    launch.adopt(self.fixture.place("launch-home"),
    ~~~~~~~~~~~~^^^^^^^^^^^^^^^^^^^^^^^^^^^^^^^^^^^
                 attempt_id=self.attempt,
                 ^^^^^^^^^^^^^^^^^^^^^^^^
                 session="integration-session",
                 ^^^^^^^^^^^^^^^^^^^^^^^^^^^^^^
                 contract="baton.worker-control/1",
                 ^^^^^^^^^^^^^^^^^^^^^^^^^^^^^^^^^^
                 role="integration")["schema"],
                 ^^^^^^^^^^^^^^^^^^^
  File "/home/sl/src/baton/v12/python/src/baton_v12/worker_manager/launch.py", line 738, in adopt
    _denied(f"attempt {name_value(attempt)}'s launch document is not the "
    ~~~~~~~^^^^^^^^^^^^^^^^^^^^^^^^^^^^^^^^^^^^^^^^^^^^^^^^^^^^^^^^^^^^^^^
            f"one this manager would have written for it; a document that "
            ^^^^^^^^^^^^^^^^^^^^^^^^^^^^^^^^^^^^^^^^^^^^^^^^^^^^^^^^^^^^^^^
            f"is merely well formed proves which KIND of thing it is and "
            ^^^^^^^^^^^^^^^^^^^^^^^^^^^^^^^^^^^^^^^^^^^^^^^^^^^^^^^^^^^^^^
            f"not which delivery")
            ^^^^^^^^^^^^^^^^^^^^^^
  File "/home/sl/src/baton/v12/python/src/baton_v12/worker_manager/launch.py", line 214, in _denied
    raise ContractRefusal("policy", "denied", message)
baton_v12.contracts.errors.ContractRefusal: attempt 'integrator-attempt''s launch document is not the one this manager would have written for it; a document that is merely well formed proves which KIND of thing it is and not which delivery

======================================================================
ERROR: test_the_configured_ceiling_decides_a_real_verification (tests.tools.test_execution_limits.TheDirectIntegrationCarriesItsJobsOwnCeiling.test_the_configured_ceiling_decides_a_real_verification)
THE WHOLE CHAIN, and no injected runner in it.
----------------------------------------------------------------------
Traceback (most recent call last):
  File "/home/sl/src/baton/v12/python/tests/tools/test_execution_limits.py", line 664, in test_the_configured_ceiling_decides_a_real_verification
    self._started()
    ~~~~~~~~~~~~~^^
  File "/home/sl/src/baton/v12/python/tests/tools/test_execution_limits.py", line 608, in _started
    return held, self.fixture.admit(held)
                 ~~~~~~~~~~~~~~~~~~^^^^^^
  File "/home/sl/src/baton/v12/python/tests/tools/test_integration_worker.py", line 613, in admit
    return driver.admit_accepted(
           ~~~~~~~~~~~~~~~~~~~~~^
        self.world.coordinator, self.world.manager, self.world.jobs,
        ^^^^^^^^^^^^^^^^^^^^^^^^^^^^^^^^^^^^^^^^^^^^^^^^^^^^^^^^^^^^
    ...<7 lines>...
        launch_root=self.launch_root, workspace_group=self.owner.group,
        ^^^^^^^^^^^^^^^^^^^^^^^^^^^^^^^^^^^^^^^^^^^^^^^^^^^^^^^^^^^^^^^
        required_tests=self.world.required)
        ^^^^^^^^^^^^^^^^^^^^^^^^^^^^^^^^^^^
  File "/home/sl/src/baton/v12/python/src/baton_v12/integration/driver.py", line 1589, in admit_accepted
    answer = execution.integrate_next(
        store, manager, jobs, authority, port,
    ...<2 lines>...
        lease_id=lease_id, attempt_id=attempt_id,
        launch_root=launch_root, workspace_group=workspace_group)
  File "/home/sl/src/baton/v12/python/src/baton_v12/integration/execution.py", line 391, in integrate_next
    port.run(delivery, assignment)
    ~~~~~~~~^^^^^^^^^^^^^^^^^^^^^^
  File "/home/sl/src/baton/v12/python/tools/integration_worker.py", line 542, in run
    published = integration_bundle.compose_bundle(
        os.path.join(self._bundle_home, attempt_id),
    ...<4 lines>...
        line_id=self.line_id, proposal_id=self.proposal_id,
        runner=self.object_runner)
  File "/home/sl/src/baton/v12/python/tools/integration_bundle.py", line 1133, in compose_bundle
    operands = _checked_operands(integration_profile=integration_profile,
                                 assignment=assignment, launch=launch,
                                 instructions=instructions)
  File "/home/sl/src/baton/v12/python/tools/integration_bundle.py", line 969, in _checked_operands
    _refuse("the expected worker launch declares another schema")
    ~~~~~~~^^^^^^^^^^^^^^^^^^^^^^^^^^^^^^^^^^^^^^^^^^^^^^^^^^^^^^
  File "/home/sl/src/baton/v12/python/tools/integration_bundle.py", line 180, in _refuse
    raise ContractRefusal(category, code, message)
baton_v12.contracts.errors.ContractRefusal: the expected worker launch declares another schema

======================================================================
ERROR: test_the_port_materializes_a_third_version_carrying_the_job (tests.tools.test_execution_limits.TheDirectIntegrationCarriesItsJobsOwnCeiling.test_the_port_materializes_a_third_version_carrying_the_job)
----------------------------------------------------------------------
Traceback (most recent call last):
  File "/home/sl/src/baton/v12/python/tests/tools/test_execution_limits.py", line 619, in test_the_port_materializes_a_third_version_carrying_the_job
    _, answer = self._started()
                ~~~~~~~~~~~~~^^
  File "/home/sl/src/baton/v12/python/tests/tools/test_execution_limits.py", line 608, in _started
    return held, self.fixture.admit(held)
                 ~~~~~~~~~~~~~~~~~~^^^^^^
  File "/home/sl/src/baton/v12/python/tests/tools/test_integration_worker.py", line 613, in admit
    return driver.admit_accepted(
           ~~~~~~~~~~~~~~~~~~~~~^
        self.world.coordinator, self.world.manager, self.world.jobs,
        ^^^^^^^^^^^^^^^^^^^^^^^^^^^^^^^^^^^^^^^^^^^^^^^^^^^^^^^^^^^^
    ...<7 lines>...
        launch_root=self.launch_root, workspace_group=self.owner.group,
        ^^^^^^^^^^^^^^^^^^^^^^^^^^^^^^^^^^^^^^^^^^^^^^^^^^^^^^^^^^^^^^^
        required_tests=self.world.required)
        ^^^^^^^^^^^^^^^^^^^^^^^^^^^^^^^^^^^
  File "/home/sl/src/baton/v12/python/src/baton_v12/integration/driver.py", line 1589, in admit_accepted
    answer = execution.integrate_next(
        store, manager, jobs, authority, port,
    ...<2 lines>...
        lease_id=lease_id, attempt_id=attempt_id,
        launch_root=launch_root, workspace_group=workspace_group)
  File "/home/sl/src/baton/v12/python/src/baton_v12/integration/execution.py", line 391, in integrate_next
    port.run(delivery, assignment)
    ~~~~~~~~^^^^^^^^^^^^^^^^^^^^^^
  File "/home/sl/src/baton/v12/python/tools/integration_worker.py", line 542, in run
    published = integration_bundle.compose_bundle(
        os.path.join(self._bundle_home, attempt_id),
    ...<4 lines>...
        line_id=self.line_id, proposal_id=self.proposal_id,
        runner=self.object_runner)
  File "/home/sl/src/baton/v12/python/tools/integration_bundle.py", line 1133, in compose_bundle
    operands = _checked_operands(integration_profile=integration_profile,
                                 assignment=assignment, launch=launch,
                                 instructions=instructions)
  File "/home/sl/src/baton/v12/python/tools/integration_bundle.py", line 969, in _checked_operands
    _refuse("the expected worker launch declares another schema")
    ~~~~~~~^^^^^^^^^^^^^^^^^^^^^^^^^^^^^^^^^^^^^^^^^^^^^^^^^^^^^^
  File "/home/sl/src/baton/v12/python/tools/integration_bundle.py", line 180, in _refuse
    raise ContractRefusal(category, code, message)
baton_v12.contracts.errors.ContractRefusal: the expected worker launch declares another schema

----------------------------------------------------------------------
Ran 45 tests in 0.804s

FAILED (errors=3)
