$ env PYTHONPATH=src:tools:. python3 -m unittest tests.tools.test_stage_execution
W103068 genuine consumer evidence {"derived_proposal": "proposal-result-0bbb3a4466376489ab937b2c9017b369e2fe7e7417a6b5827dff38957c440662", "derived_result": "result-0bbb3a4466376489ab937b2c9017b369e2fe7e7417a6b5827dff38957c440662", "jobs": {"job-a": {"implementation": "completed", "integration": "completed", "review": "completed"}, "job-b": {"implementation": "completed", "integration": "completed", "review": "completed"}}, "judgments": [{"assignment": {"authority_uuid": "0000000a000000000000000000000000", "effective_scope": "scope:deployment", "generation": 1, "participant": "baton.verifier", "principal": "principal:baton.verifier", "runtime_attempt_id": "judgment-6dfd388c18eb43a160538d7b36ab0977fad73e592ed963a3ab618af2a72089fa", "work_id": "0000000a-W3"}, "attempt_id": "judgment-6dfd388c18eb43a160538d7b36ab0977fad73e592ed963a3ab618af2a72089fa", "receipt_digest": "sha256:44cd6626d74c1480d7ec18e60c4cea723e2291ee72ecc0b8a04934a618c4800b", "result_digest": "sha256:33df1a13654abafd35d93efdc72f0ecde008cc8733b79194790252a0f4aec368", "result_id": "result-judgment-6dfd388c18eb43a160538d7b36ab0977fad73e592ed963a3ab618af2a72089fa", "subject": {"candidate": "29922c083e743c19c5c3ebc2dc539d8819901ff8", "canonical_target_id": "target-a", "causal_observations": {"base": {"command": ["python3", "feature_check.py"], "environment": "configured-required-test", "execution": "baton.result-observer", "harness_added": true, "input_commit": "71a80ef285a51000a94efbc7abef8d4b86f66504", "input_tree": "5b5d30b7ec542892d883931a154e12ef651d44eb", "output": "ModuleNotFoundError: No module named 'feature'", "status": 1, "test_digest": "sha256:38deeee1e89b9d04e866235c17091d320f60ebe00bdb8f7b039719437ab89e40", "test_identity": "w130224-second-line-of-one-target"}, "combined": {"command": ["python3", "feature_check.py"], "environment": "configured-required-test", "execution": "baton.result-observer", "harness_added": false, "input_commit": "29922c083e743c19c5c3ebc2dc539d8819901ff8", "input_tree": "8eefe71a6a543504cf363f4456c7ce98366aaa2f", "output": "the second job feature check passed", "status": 0, "test_digest": "sha256:38deeee1e89b9d04e866235c17091d320f60ebe00bdb8f7b039719437ab89e40", "test_identity": "w130224-second-line-of-one-target"}, "isolated": {"command": ["python3", "feature_check.py"], "environment": "configured-required-test", "execution": "baton.result-observer", "harness_added": false, "input_commit": "845ee37cd123888eded8cdd6a9c07808a491098d", "input_tree": "1a89022e1694cc0bcec87c5d4c5cd8a85f662384", "output": "the second job feature check passed", "status": 0, "test_digest": "sha256:38deeee1e89b9d04e866235c17091d320f60ebe00bdb8f7b039719437ab89e40", "test_identity": "w130224-second-line-of-one-target"}}, "content_digest": "sha256:dbd5fc06696dc50da92f4c5707584461e6055556d44294f379fd556e6980f457", "derived_proposal_id": "proposal-result-0bbb3a4466376489ab937b2c9017b369e2fe7e7417a6b5827dff38957c440662", "derived_result_digest": "sha256:d36d8fdf67a54f90d4119a401b1ba8972c9b5ab9811666a77a3a9a6f0e302901", "derived_result_id": "derived-result-0bbb3a4466376489ab937b2c9017b369e2fe7e7417a6b5827dff38957c440662", "job_id": "job-b", "kind": "verification", "observed_by": "baton.result-observer", "policy_generation": 15, "result_id": "result-0bbb3a4466376489ab937b2c9017b369e2fe7e7417a6b5827dff38957c440662", "source_base": "71a80ef285a51000a94efbc7abef8d4b86f66504", "source_candidate": "845ee37cd123888eded8cdd6a9c07808a491098d", "source_proposal_id": "integration-driver.proposal:3652ffb8d4fa60c9664050740f46b200e9d25ff8cc1d0cfe06362e3d0d370612", "target_revision": "c60c3fe46c2532507e7847bf0fad9b834c721885", "tree": "8eefe71a6a543504cf363f4456c7ce98366aaa2f"}, "verdict": "accepted"}, {"assignment": {"authority_uuid": "0000000a000000000000000000000000", "effective_scope": "scope:deployment", "generation": 1, "participant": "baton.approver-review", "principal": "principal:baton.approver-review", "runtime_attempt_id": "judgment-7d281afe274ac7b2fa504691efe2357c044d7182e32561cf1f0d8bdca993c219", "work_id": "0000000a-W4"}, "attempt_id": "judgment-7d281afe274ac7b2fa504691efe2357c044d7182e32561cf1f0d8bdca993c219", "receipt_digest": "sha256:5c5de0e18d2ea4c362375636db174d51f1fa133795bb04a0ef0eeb1b079be147", "result_digest": "sha256:44f02e0008af062e78072184dd3ed0e510fea09c245d2bcafeeba8d69e3afaca", "result_id": "result-judgment-7d281afe274ac7b2fa504691efe2357c044d7182e32561cf1f0d8bdca993c219", "subject": {"candidate": "29922c083e743c19c5c3ebc2dc539d8819901ff8", "canonical_target_id": "target-a", "causal_observations": {"base": {"command": ["python3", "feature_check.py"], "environment": "configured-required-test", "execution": "baton.result-observer", "harness_added": true, "input_commit": "71a80ef285a51000a94efbc7abef8d4b86f66504", "input_tree": "5b5d30b7ec542892d883931a154e12ef651d44eb", "output": "ModuleNotFoundError: No module named 'feature'", "status": 1, "test_digest": "sha256:38deeee1e89b9d04e866235c17091d320f60ebe00bdb8f7b039719437ab89e40", "test_identity": "w130224-second-line-of-one-target"}, "combined": {"command": ["python3", "feature_check.py"], "environment": "configured-required-test", "execution": "baton.result-observer", "harness_added": false, "input_commit": "29922c083e743c19c5c3ebc2dc539d8819901ff8", "input_tree": "8eefe71a6a543504cf363f4456c7ce98366aaa2f", "output": "the second job feature check passed", "status": 0, "test_digest": "sha256:38deeee1e89b9d04e866235c17091d320f60ebe00bdb8f7b039719437ab89e40", "test_identity": "w130224-second-line-of-one-target"}, "isolated": {"command": ["python3", "feature_check.py"], "environment": "configured-required-test", "execution": "baton.result-observer", "harness_added": false, "input_commit": "845ee37cd123888eded8cdd6a9c07808a491098d", "input_tree": "1a89022e1694cc0bcec87c5d4c5cd8a85f662384", "output": "the second job feature check passed", "status": 0, "test_digest": "sha256:38deeee1e89b9d04e866235c17091d320f60ebe00bdb8f7b039719437ab89e40", "test_identity": "w130224-second-line-of-one-target"}}, "content_digest": "sha256:dbd5fc06696dc50da92f4c5707584461e6055556d44294f379fd556e6980f457", "derived_proposal_id": "proposal-result-0bbb3a4466376489ab937b2c9017b369e2fe7e7417a6b5827dff38957c440662", "derived_result_digest": "sha256:d36d8fdf67a54f90d4119a401b1ba8972c9b5ab9811666a77a3a9a6f0e302901", "derived_result_id": "derived-result-0bbb3a4466376489ab937b2c9017b369e2fe7e7417a6b5827dff38957c440662", "job_id": "job-b", "kind": "review", "observed_by": "baton.result-observer", "policy_generation": 15, "result_id": "result-0bbb3a4466376489ab937b2c9017b369e2fe7e7417a6b5827dff38957c440662", "source_base": "71a80ef285a51000a94efbc7abef8d4b86f66504", "source_candidate": "845ee37cd123888eded8cdd6a9c07808a491098d", "source_proposal_id": "integration-driver.proposal:3652ffb8d4fa60c9664050740f46b200e9d25ff8cc1d0cfe06362e3d0d370612", "target_revision": "c60c3fe46c2532507e7847bf0fad9b834c721885", "tree": "8eefe71a6a543504cf363f4456c7ce98366aaa2f"}, "verdict": "accepted"}, {"assignment": {"authority_uuid": "0000000a000000000000000000000000", "effective_scope": "scope:deployment", "generation": 1, "participant": "baton.approver", "principal": "principal:baton.approver", "runtime_attempt_id": "judgment-07a3336d5dab8dbef4631a0c9da72664ac0abfef2ee4fc643fa02af92c16c11c", "work_id": "0000000a-W5"}, "attempt_id": "judgment-07a3336d5dab8dbef4631a0c9da72664ac0abfef2ee4fc643fa02af92c16c11c", "receipt_digest": "sha256:1c7bc9e91315335fb2159234a03da1551b7bd4f4582ffb10debfc8a70a86f9df", "result_digest": "sha256:850d4a36b26365fe6a43b93215aeb762536a95f884fc22385c4fa3c6e58cef0e", "result_id": "result-judgment-07a3336d5dab8dbef4631a0c9da72664ac0abfef2ee4fc643fa02af92c16c11c", "subject": {"candidate": "29922c083e743c19c5c3ebc2dc539d8819901ff8", "canonical_target_id": "target-a", "causal_observations": {"base": {"command": ["python3", "feature_check.py"], "environment": "configured-required-test", "execution": "baton.result-observer", "harness_added": true, "input_commit": "71a80ef285a51000a94efbc7abef8d4b86f66504", "input_tree": "5b5d30b7ec542892d883931a154e12ef651d44eb", "output": "ModuleNotFoundError: No module named 'feature'", "status": 1, "test_digest": "sha256:38deeee1e89b9d04e866235c17091d320f60ebe00bdb8f7b039719437ab89e40", "test_identity": "w130224-second-line-of-one-target"}, "combined": {"command": ["python3", "feature_check.py"], "environment": "configured-required-test", "execution": "baton.result-observer", "harness_added": false, "input_commit": "29922c083e743c19c5c3ebc2dc539d8819901ff8", "input_tree": "8eefe71a6a543504cf363f4456c7ce98366aaa2f", "output": "the second job feature check passed", "status": 0, "test_digest": "sha256:38deeee1e89b9d04e866235c17091d320f60ebe00bdb8f7b039719437ab89e40", "test_identity": "w130224-second-line-of-one-target"}, "isolated": {"command": ["python3", "feature_check.py"], "environment": "configured-required-test", "execution": "baton.result-observer", "harness_added": false, "input_commit": "845ee37cd123888eded8cdd6a9c07808a491098d", "input_tree": "1a89022e1694cc0bcec87c5d4c5cd8a85f662384", "output": "the second job feature check passed", "status": 0, "test_digest": "sha256:38deeee1e89b9d04e866235c17091d320f60ebe00bdb8f7b039719437ab89e40", "test_identity": "w130224-second-line-of-one-target"}}, "content_digest": "sha256:dbd5fc06696dc50da92f4c5707584461e6055556d44294f379fd556e6980f457", "derived_proposal_id": "proposal-result-0bbb3a4466376489ab937b2c9017b369e2fe7e7417a6b5827dff38957c440662", "derived_result_digest": "sha256:d36d8fdf67a54f90d4119a401b1ba8972c9b5ab9811666a77a3a9a6f0e302901", "derived_result_id": "derived-result-0bbb3a4466376489ab937b2c9017b369e2fe7e7417a6b5827dff38957c440662", "job_id": "job-b", "kind": "approval", "observed_by": "baton.result-observer", "policy_generation": 15, "result_id": "result-0bbb3a4466376489ab937b2c9017b369e2fe7e7417a6b5827dff38957c440662", "source_base": "71a80ef285a51000a94efbc7abef8d4b86f66504", "source_candidate": "845ee37cd123888eded8cdd6a9c07808a491098d", "source_proposal_id": "integration-driver.proposal:3652ffb8d4fa60c9664050740f46b200e9d25ff8cc1d0cfe06362e3d0d370612", "target_revision": "c60c3fe46c2532507e7847bf0fad9b834c721885", "tree": "8eefe71a6a543504cf363f4456c7ce98366aaa2f"}, "verdict": "accepted"}], "receipts": [{"actor": "baton.verifier", "candidate_digest": "29922c083e743c19c5c3ebc2dc539d8819901ff8", "decision": {"effective_scope": "scope:deployment", "endpoint": "baton.verifier", "grant": "direct", "policy_generation": 15, "principal": "principal:baton.verifier", "role": "verify"}, "disposition": "passed", "kind": "verification", "policy_generation": null, "proposal_id": "proposal-result-0bbb3a4466376489ab937b2c9017b369e2fe7e7417a6b5827dff38957c440662", "receipt_id": "judgment-058cdc6e38e886d9f8d45e97ffb79cc5b792f76e3735734e602b000403c9ccd0", "recorded_at": "2026-09-13T02:35:12.804Z", "target": "c60c3fe46c2532507e7847bf0fad9b834c721885"}, {"actor": "baton.approver-review", "candidate_digest": "29922c083e743c19c5c3ebc2dc539d8819901ff8", "decision": {"effective_scope": "scope:deployment", "endpoint": "baton.approver-review", "grant": "direct", "policy_generation": 15, "principal": "principal:baton.approver-review", "role": "review"}, "disposition": "accepted", "kind": "review", "policy_generation": null, "proposal_id": "proposal-result-0bbb3a4466376489ab937b2c9017b369e2fe7e7417a6b5827dff38957c440662", "receipt_id": "judgment-3d41364d2ad25c25910fa4d41f0b2a06d89ac4f855d1e075a5f7abc430fbdf27", "recorded_at": "2026-09-13T02:35:12.805Z", "target": "c60c3fe46c2532507e7847bf0fad9b834c721885"}, {"actor": "baton.approver", "candidate_digest": "29922c083e743c19c5c3ebc2dc539d8819901ff8", "decision": {"effective_scope": "scope:deployment", "endpoint": "baton.approver", "grant": "direct", "policy_generation": 15, "principal": "principal:baton.approver", "role": "approve"}, "disposition": "approved", "kind": "approval", "policy_generation": 15, "proposal_id": "proposal-result-0bbb3a4466376489ab937b2c9017b369e2fe7e7417a6b5827dff38957c440662", "receipt_id": "judgment-290f121fa71afb27241a5bdbd8e0ef867a60332ad1c203e12be6700564c38e31", "recorded_at": "2026-09-13T02:35:12.806Z", "target": "c60c3fe46c2532507e7847bf0fad9b834c721885"}, {"actor": "baton.integrator", "candidate_digest": "29922c083e743c19c5c3ebc2dc539d8819901ff8", "decision": {"effective_scope": "scope:deployment", "endpoint": "baton.integrator", "grant": "direct", "policy_generation": 15, "principal": "principal:baton.integrator", "role": "integrate"}, "disposition": "integrated", "kind": "integration", "policy_generation": null, "proposal_id": "proposal-result-0bbb3a4466376489ab937b2c9017b369e2fe7e7417a6b5827dff38957c440662", "receipt_id": "integration-driver.integration-receipt:53d77e61b687305998e0998a2503084cfeab3ed30b2fad5d9be0e20bbeb8dd41", "recorded_at": "2026-09-13T02:35:12.877Z", "target": "c60c3fe46c2532507e7847bf0fad9b834c721885"}], "target": "29922c083e743c19c5c3ebc2dc539d8819901ff8"}
EEE.E........................................................................................................................................EEE.EEEEE........................................E.............................................................................
======================================================================
ERROR: test_a_fresh_port_prepares_that_delivery_and_then_starts_it (tests.tools.test_stage_execution.AFreshPortReentersANeverStartedDelivery.test_a_fresh_port_prepares_that_delivery_and_then_starts_it)
W103083 review 2026-09-08T12:41:47Z [P1], and the whole of W119113.
----------------------------------------------------------------------
Traceback (most recent call last):
  File "/home/sl/src/baton/v12/python/tests/tools/test_stage_execution.py", line 1577, in test_a_fresh_port_prepares_that_delivery_and_then_starts_it
    answer, admit, keep = self.tick(port)
                          ~~~~~~~~~^^^^^^
  File "/home/sl/src/baton/v12/python/tests/tools/test_stage_execution.py", line 1491, in tick
    answer = held.run(self.case.stage(), {"job_id": "job-1"})
  File "/home/sl/src/baton/v12/python/tools/stage_execution.py", line 2090, in run
    answered = self._run(stage, job)
  File "/home/sl/src/baton/v12/python/tools/stage_execution.py", line 2203, in _run
    if deployment.reconciles():
       ^^^^^^^^^^^^^^^^^^^^^
AttributeError: 'types.SimpleNamespace' object has no attribute 'reconciles'

======================================================================
ERROR: test_a_runtime_this_execution_did_not_start_is_still_held (tests.tools.test_stage_execution.AFreshPortReentersANeverStartedDelivery.test_a_runtime_this_execution_did_not_start_is_still_held)
The hold this correction must not spend: a started attempt is NOT
----------------------------------------------------------------------
Traceback (most recent call last):
  File "/home/sl/src/baton/v12/python/tests/tools/test_stage_execution.py", line 1597, in test_a_runtime_this_execution_did_not_start_is_still_held
    answer, admit, keep = self.tick(port)
                          ~~~~~~~~~^^^^^^
  File "/home/sl/src/baton/v12/python/tests/tools/test_stage_execution.py", line 1491, in tick
    answer = held.run(self.case.stage(), {"job_id": "job-1"})
  File "/home/sl/src/baton/v12/python/tools/stage_execution.py", line 2090, in run
    answered = self._run(stage, job)
  File "/home/sl/src/baton/v12/python/tools/stage_execution.py", line 2203, in _run
    if deployment.reconciles():
       ^^^^^^^^^^^^^^^^^^^^^
AttributeError: 'types.SimpleNamespace' object has no attribute 'reconciles'

======================================================================
ERROR: test_a_second_tick_in_the_same_execution_starts_nothing_again (tests.tools.test_stage_execution.AFreshPortReentersANeverStartedDelivery.test_a_second_tick_in_the_same_execution_starts_nothing_again)
The same-execution case: this port holds the marker it made, so the
----------------------------------------------------------------------
Traceback (most recent call last):
  File "/home/sl/src/baton/v12/python/tests/tools/test_stage_execution.py", line 1538, in test_a_second_tick_in_the_same_execution_starts_nothing_again
    self.tick(port)
    ~~~~~~~~~^^^^^^
  File "/home/sl/src/baton/v12/python/tests/tools/test_stage_execution.py", line 1491, in tick
    answer = held.run(self.case.stage(), {"job_id": "job-1"})
  File "/home/sl/src/baton/v12/python/tools/stage_execution.py", line 2090, in run
    answered = self._run(stage, job)
  File "/home/sl/src/baton/v12/python/tools/stage_execution.py", line 2203, in _run
    if deployment.reconciles():
       ^^^^^^^^^^^^^^^^^^^^^
AttributeError: 'types.SimpleNamespace' object has no attribute 'reconciles'

======================================================================
ERROR: test_an_ordinary_first_tick_prepares_and_starts_exactly_once (tests.tools.test_stage_execution.AFreshPortReentersANeverStartedDelivery.test_an_ordinary_first_tick_prepares_and_starts_exactly_once)
The valid initial case: nothing is published yet, so this is the
----------------------------------------------------------------------
Traceback (most recent call last):
  File "/home/sl/src/baton/v12/python/tests/tools/test_stage_execution.py", line 1524, in test_an_ordinary_first_tick_prepares_and_starts_exactly_once
    answer, admit, keep = self.tick(port)
                          ~~~~~~~~~^^^^^^
  File "/home/sl/src/baton/v12/python/tests/tools/test_stage_execution.py", line 1491, in tick
    answer = held.run(self.case.stage(), {"job_id": "job-1"})
  File "/home/sl/src/baton/v12/python/tools/stage_execution.py", line 2090, in run
    answered = self._run(stage, job)
  File "/home/sl/src/baton/v12/python/tools/stage_execution.py", line 2203, in _run
    if deployment.reconciles():
       ^^^^^^^^^^^^^^^^^^^^^
AttributeError: 'types.SimpleNamespace' object has no attribute 'reconciles'

======================================================================
ERROR: test_a_delivery_carrying_no_assignment_is_the_first_tick (tests.tools.test_stage_execution.TheIntegrationStageConsumesTheAcceptedPort.test_a_delivery_carrying_no_assignment_is_the_first_tick) (delivery=False)
Absent or unpublished: neither invents an assignment.
----------------------------------------------------------------------
Traceback (most recent call last):
  File "/home/sl/src/baton/v12/python/tests/tools/test_stage_execution.py", line 1396, in test_a_delivery_carrying_no_assignment_is_the_first_tick
    _, calls, admit, keep, _ = self.driven(delivery=delivery,
                               ~~~~~~~~~~~^^^^^^^^^^^^^^^^^^^
                                           assignment=None)
                                           ^^^^^^^^^^^^^^^^
  File "/home/sl/src/baton/v12/python/tests/tools/test_stage_execution.py", line 1240, in driven
    answer = stage_execution.Integration(held, taken).run(
        {"attempt_id": "attempt-1", "kind": "integration"},
        {"job_id": "job-1"})
  File "/home/sl/src/baton/v12/python/tools/stage_execution.py", line 2090, in run
    answered = self._run(stage, job)
  File "/home/sl/src/baton/v12/python/tools/stage_execution.py", line 2151, in _run
    published = _authority_read(
        "the producer's proposal",
        lambda: deployment.authority.proposal(operands["proposal_id"]))
  File "/home/sl/src/baton/v12/python/tools/stage_execution.py", line 847, in _authority_read
    return read()
  File "/home/sl/src/baton/v12/python/tools/stage_execution.py", line 2153, in <lambda>
    lambda: deployment.authority.proposal(operands["proposal_id"]))
            ^^^^^^^^^^^^^^^^^^^^^^^^^^^^^
AttributeError: 'object' object has no attribute 'proposal'

======================================================================
ERROR: test_a_delivery_carrying_no_assignment_is_the_first_tick (tests.tools.test_stage_execution.TheIntegrationStageConsumesTheAcceptedPort.test_a_delivery_carrying_no_assignment_is_the_first_tick) (delivery=True)
Absent or unpublished: neither invents an assignment.
----------------------------------------------------------------------
Traceback (most recent call last):
  File "/home/sl/src/baton/v12/python/tests/tools/test_stage_execution.py", line 1396, in test_a_delivery_carrying_no_assignment_is_the_first_tick
    _, calls, admit, keep, _ = self.driven(delivery=delivery,
                               ~~~~~~~~~~~^^^^^^^^^^^^^^^^^^^
                                           assignment=None)
                                           ^^^^^^^^^^^^^^^^
  File "/home/sl/src/baton/v12/python/tests/tools/test_stage_execution.py", line 1240, in driven
    answer = stage_execution.Integration(held, taken).run(
        {"attempt_id": "attempt-1", "kind": "integration"},
        {"job_id": "job-1"})
  File "/home/sl/src/baton/v12/python/tools/stage_execution.py", line 2090, in run
    answered = self._run(stage, job)
  File "/home/sl/src/baton/v12/python/tools/stage_execution.py", line 2151, in _run
    published = _authority_read(
        "the producer's proposal",
        lambda: deployment.authority.proposal(operands["proposal_id"]))
  File "/home/sl/src/baton/v12/python/tools/stage_execution.py", line 847, in _authority_read
    return read()
  File "/home/sl/src/baton/v12/python/tools/stage_execution.py", line 2153, in <lambda>
    lambda: deployment.authority.proposal(operands["proposal_id"]))
            ^^^^^^^^^^^^^^^^^^^^^^^^^^^^^
AttributeError: 'object' object has no attribute 'proposal'

======================================================================
ERROR: test_a_delivery_with_no_started_runtime_is_not_refreshed (tests.tools.test_stage_execution.TheIntegrationStageConsumesTheAcceptedPort.test_a_delivery_with_no_started_runtime_is_not_refreshed)
The namespaces are materialized before the container, so a delivery
----------------------------------------------------------------------
Traceback (most recent call last):
  File "/home/sl/src/baton/v12/python/tests/tools/test_stage_execution.py", line 1363, in test_a_delivery_with_no_started_runtime_is_not_refreshed
    _, calls, admit, keep, _ = self.driven(
                               ~~~~~~~~~~~^
        delivery=object(), assignment={"attempt_id": "attempt-1"},
        ^^^^^^^^^^^^^^^^^^^^^^^^^^^^^^^^^^^^^^^^^^^^^^^^^^^^^^^^^^
        port=self.port(runtime_state="not-started"))
        ^^^^^^^^^^^^^^^^^^^^^^^^^^^^^^^^^^^^^^^^^^^^
  File "/home/sl/src/baton/v12/python/tests/tools/test_stage_execution.py", line 1240, in driven
    answer = stage_execution.Integration(held, taken).run(
        {"attempt_id": "attempt-1", "kind": "integration"},
        {"job_id": "job-1"})
  File "/home/sl/src/baton/v12/python/tools/stage_execution.py", line 2090, in run
    answered = self._run(stage, job)
  File "/home/sl/src/baton/v12/python/tools/stage_execution.py", line 2151, in _run
    published = _authority_read(
        "the producer's proposal",
        lambda: deployment.authority.proposal(operands["proposal_id"]))
  File "/home/sl/src/baton/v12/python/tools/stage_execution.py", line 847, in _authority_read
    return read()
  File "/home/sl/src/baton/v12/python/tools/stage_execution.py", line 2153, in <lambda>
    lambda: deployment.authority.proposal(operands["proposal_id"]))
            ^^^^^^^^^^^^^^^^^^^^^^^^^^^^^
AttributeError: 'object' object has no attribute 'proposal'

======================================================================
ERROR: test_a_later_tick_refreshes_before_it_continues (tests.tools.test_stage_execution.TheIntegrationStageConsumesTheAcceptedPort.test_a_later_tick_refreshes_before_it_continues)
Owner ruling M115946: refresh FIRST, then the port's own marker.
----------------------------------------------------------------------
Traceback (most recent call last):
  File "/home/sl/src/baton/v12/python/tests/tools/test_stage_execution.py", line 1325, in test_a_later_tick_refreshes_before_it_continues
    _, calls, admit, keep, seen = self.driven(
                                  ~~~~~~~~~~~^
        delivery=object(), assignment={"attempt_id": "attempt-1"})
        ^^^^^^^^^^^^^^^^^^^^^^^^^^^^^^^^^^^^^^^^^^^^^^^^^^^^^^^^^^
  File "/home/sl/src/baton/v12/python/tests/tools/test_stage_execution.py", line 1240, in driven
    answer = stage_execution.Integration(held, taken).run(
        {"attempt_id": "attempt-1", "kind": "integration"},
        {"job_id": "job-1"})
  File "/home/sl/src/baton/v12/python/tools/stage_execution.py", line 2090, in run
    answered = self._run(stage, job)
  File "/home/sl/src/baton/v12/python/tools/stage_execution.py", line 2151, in _run
    published = _authority_read(
        "the producer's proposal",
        lambda: deployment.authority.proposal(operands["proposal_id"]))
  File "/home/sl/src/baton/v12/python/tools/stage_execution.py", line 847, in _authority_read
    return read()
  File "/home/sl/src/baton/v12/python/tools/stage_execution.py", line 2153, in <lambda>
    lambda: deployment.authority.proposal(operands["proposal_id"]))
            ^^^^^^^^^^^^^^^^^^^^^^^^^^^^^
AttributeError: 'object' object has no attribute 'proposal'

======================================================================
ERROR: test_a_lost_marker_falls_through_to_admission (tests.tools.test_stage_execution.TheIntegrationStageConsumesTheAcceptedPort.test_a_lost_marker_falls_through_to_admission)
A fresh serving incarnation holds no marker, so the driver's own
----------------------------------------------------------------------
Traceback (most recent call last):
  File "/home/sl/src/baton/v12/python/tests/tools/test_stage_execution.py", line 1340, in test_a_lost_marker_falls_through_to_admission
    _, calls, admit, keep, _ = self.driven(
                               ~~~~~~~~~~~^
        delivery=object(), assignment={"attempt_id": "attempt-1"},
        ^^^^^^^^^^^^^^^^^^^^^^^^^^^^^^^^^^^^^^^^^^^^^^^^^^^^^^^^^^
        port=self.port(continuable=False))
        ^^^^^^^^^^^^^^^^^^^^^^^^^^^^^^^^^^
  File "/home/sl/src/baton/v12/python/tests/tools/test_stage_execution.py", line 1240, in driven
    answer = stage_execution.Integration(held, taken).run(
        {"attempt_id": "attempt-1", "kind": "integration"},
        {"job_id": "job-1"})
  File "/home/sl/src/baton/v12/python/tools/stage_execution.py", line 2090, in run
    answered = self._run(stage, job)
  File "/home/sl/src/baton/v12/python/tools/stage_execution.py", line 2151, in _run
    published = _authority_read(
        "the producer's proposal",
        lambda: deployment.authority.proposal(operands["proposal_id"]))
  File "/home/sl/src/baton/v12/python/tools/stage_execution.py", line 847, in _authority_read
    return read()
  File "/home/sl/src/baton/v12/python/tools/stage_execution.py", line 2153, in <lambda>
    lambda: deployment.authority.proposal(operands["proposal_id"]))
            ^^^^^^^^^^^^^^^^^^^^^^^^^^^^^
AttributeError: 'object' object has no attribute 'proposal'

======================================================================
ERROR: test_a_started_or_uncertain_runtime_is_never_prepared_here (tests.tools.test_stage_execution.TheIntegrationStageConsumesTheAcceptedPort.test_a_started_or_uncertain_runtime_is_never_prepared_here) (runtime='running')
The other side of that branch, which is why it IS a branch.
----------------------------------------------------------------------
Traceback (most recent call last):
  File "/home/sl/src/baton/v12/python/tests/tools/test_stage_execution.py", line 1382, in test_a_started_or_uncertain_runtime_is_never_prepared_here
    _, calls, admit, keep, _ = self.driven(
                               ~~~~~~~~~~~^
        delivery=object(),
        ^^^^^^^^^^^^^^^^^^
        assignment={"attempt_id": "attempt-1"},
        ^^^^^^^^^^^^^^^^^^^^^^^^^^^^^^^^^^^^^^^
        port=self.port(runtime_state=state, continuable=False))
        ^^^^^^^^^^^^^^^^^^^^^^^^^^^^^^^^^^^^^^^^^^^^^^^^^^^^^^^
  File "/home/sl/src/baton/v12/python/tests/tools/test_stage_execution.py", line 1240, in driven
    answer = stage_execution.Integration(held, taken).run(
        {"attempt_id": "attempt-1", "kind": "integration"},
        {"job_id": "job-1"})
  File "/home/sl/src/baton/v12/python/tools/stage_execution.py", line 2090, in run
    answered = self._run(stage, job)
  File "/home/sl/src/baton/v12/python/tools/stage_execution.py", line 2151, in _run
    published = _authority_read(
        "the producer's proposal",
        lambda: deployment.authority.proposal(operands["proposal_id"]))
  File "/home/sl/src/baton/v12/python/tools/stage_execution.py", line 847, in _authority_read
    return read()
  File "/home/sl/src/baton/v12/python/tools/stage_execution.py", line 2153, in <lambda>
    lambda: deployment.authority.proposal(operands["proposal_id"]))
            ^^^^^^^^^^^^^^^^^^^^^^^^^^^^^
AttributeError: 'object' object has no attribute 'proposal'

======================================================================
ERROR: test_a_started_or_uncertain_runtime_is_never_prepared_here (tests.tools.test_stage_execution.TheIntegrationStageConsumesTheAcceptedPort.test_a_started_or_uncertain_runtime_is_never_prepared_here) (runtime='uncertain')
The other side of that branch, which is why it IS a branch.
----------------------------------------------------------------------
Traceback (most recent call last):
  File "/home/sl/src/baton/v12/python/tests/tools/test_stage_execution.py", line 1382, in test_a_started_or_uncertain_runtime_is_never_prepared_here
    _, calls, admit, keep, _ = self.driven(
                               ~~~~~~~~~~~^
        delivery=object(),
        ^^^^^^^^^^^^^^^^^^
        assignment={"attempt_id": "attempt-1"},
        ^^^^^^^^^^^^^^^^^^^^^^^^^^^^^^^^^^^^^^^
        port=self.port(runtime_state=state, continuable=False))
        ^^^^^^^^^^^^^^^^^^^^^^^^^^^^^^^^^^^^^^^^^^^^^^^^^^^^^^^
  File "/home/sl/src/baton/v12/python/tests/tools/test_stage_execution.py", line 1240, in driven
    answer = stage_execution.Integration(held, taken).run(
        {"attempt_id": "attempt-1", "kind": "integration"},
        {"job_id": "job-1"})
  File "/home/sl/src/baton/v12/python/tools/stage_execution.py", line 2090, in run
    answered = self._run(stage, job)
  File "/home/sl/src/baton/v12/python/tools/stage_execution.py", line 2151, in _run
    published = _authority_read(
        "the producer's proposal",
        lambda: deployment.authority.proposal(operands["proposal_id"]))
  File "/home/sl/src/baton/v12/python/tools/stage_execution.py", line 847, in _authority_read
    return read()
  File "/home/sl/src/baton/v12/python/tools/stage_execution.py", line 2153, in <lambda>
    lambda: deployment.authority.proposal(operands["proposal_id"]))
            ^^^^^^^^^^^^^^^^^^^^^^^^^^^^^
AttributeError: 'object' object has no attribute 'proposal'

======================================================================
ERROR: test_the_first_tick_prepares_and_then_admits (tests.tools.test_stage_execution.TheIntegrationStageConsumesTheAcceptedPort.test_the_first_tick_prepares_and_then_admits)
----------------------------------------------------------------------
Traceback (most recent call last):
  File "/home/sl/src/baton/v12/python/tests/tools/test_stage_execution.py", line 1313, in test_the_first_tick_prepares_and_then_admits
    _, calls, admit, keep, seen = self.driven()
                                  ~~~~~~~~~~~^^
  File "/home/sl/src/baton/v12/python/tests/tools/test_stage_execution.py", line 1240, in driven
    answer = stage_execution.Integration(held, taken).run(
        {"attempt_id": "attempt-1", "kind": "integration"},
        {"job_id": "job-1"})
  File "/home/sl/src/baton/v12/python/tools/stage_execution.py", line 2090, in run
    answered = self._run(stage, job)
  File "/home/sl/src/baton/v12/python/tools/stage_execution.py", line 2151, in _run
    published = _authority_read(
        "the producer's proposal",
        lambda: deployment.authority.proposal(operands["proposal_id"]))
  File "/home/sl/src/baton/v12/python/tools/stage_execution.py", line 847, in _authority_read
    return read()
  File "/home/sl/src/baton/v12/python/tools/stage_execution.py", line 2153, in <lambda>
    lambda: deployment.authority.proposal(operands["proposal_id"]))
            ^^^^^^^^^^^^^^^^^^^^^^^^^^^^^
AttributeError: 'object' object has no attribute 'proposal'

======================================================================
ERROR: test_an_integration_without_a_runtime_port_refuses_as_that (tests.tools.test_stage_execution.TheServingPathReachesTheAcceptedDrivers.test_an_integration_without_a_runtime_port_refuses_as_that)
The one capability this build does not have, reported rather than
----------------------------------------------------------------------
Traceback (most recent call last):
  File "/home/sl/src/baton/v12/python/tests/tools/test_stage_execution.py", line 1760, in test_an_integration_without_a_runtime_port_refuses_as_that
    composed.launch({"kind": "integration", "attempt_id": "attempt-i"},
    ~~~~~~~~~~~~~~~^^^^^^^^^^^^^^^^^^^^^^^^^^^^^^^^^^^^^^^^^^^^^^^^^^^^
                    {})
                    ^^^
  File "/home/sl/src/baton/v12/python/tools/stage_execution.py", line 3679, in launch
    return self.integrator.run(stage, job)
           ~~~~~~~~~~~~~~~~~~~^^^^^^^^^^^^
  File "/home/sl/src/baton/v12/python/tools/stage_execution.py", line 2090, in run
    answered = self._run(stage, job)
  File "/home/sl/src/baton/v12/python/tools/stage_execution.py", line 2115, in _run
    line = (deployment.line() if job_id is None
            ~~~~~~~~~~~~~~~^^
  File "/home/sl/src/baton/v12/python/tools/stage_execution.py", line 3070, in line
    return self.line_for(held[0]["job_id"])
           ~~~~~~~~~~~~~^^^^^^^^^^^^^^^^^^^
  File "/home/sl/src/baton/v12/python/tools/stage_execution.py", line 2979, in line_for
    created = review_cycles.create_line(
        self.control, source=self.source_for(job_id),
        declared_base=binding["line_declared_base"],
        profile=self.profile, authority_uuid=self.given["authority_uuid"],
        work_id=binding["job_work_id"])
  File "/home/sl/src/baton/v12/python/src/baton_v12/worker_manager/review_cycles.py", line 991, in create_line
    materialized = profile.materialize(source.place, path, declared_base)
  File "/home/sl/src/baton/v12/python/src/baton_v12/checkpoint_profiles.py", line 257, in materialize
    self._run(clone_vector(source, repository), "line materialization")
    ~~~~~~~~~^^^^^^^^^^^^^^^^^^^^^^^^^^^^^^^^^^^^^^^^^^^^^^^^^^^^^^^^^^
  File "/home/sl/src/baton/v12/python/src/baton_v12/checkpoint_profiles.py", line 238, in _run
    raise ProfileRefusal(f"Git {what} failed" +
                         (f": {detail}" if detail else ""))
baton_v12.source_profiles.checkout.ProfileRefusal: Git line materialization failed: fatal: repository '/home/sl/src/baton/v12/python/v12-w71917-ihe2c43n/source' does not exist

----------------------------------------------------------------------
Ran 266 tests in 51.792s

FAILED (errors=13)
