$ env PYTHONPATH=src:tools:. python3 /home/sl/src/baton/work/records/2026/09/finding-v12-per-job-budgets/provenance-160261.py
{
 "paths": 29,
 "untracked_at_head": [
  "v12/python/src/baton_v12/job_manager/execution_limits.py",
  "v12/python/tests/job_manager/execution_limits_fixtures/PROVENANCE.md",
  "v12/python/tests/job_manager/execution_limits_fixtures/golden-schema4.sqlite3",
  "v12/python/tests/job_manager/test_execution_limits.py",
  "v12/python/tests/manager/test_execution_limits.py",
  "v12/python/tests/tools/test_execution_limits.py"
 ],
 "missing_from_worktree": [],
 "candidate_changed_since_159612": [
  "v12/python/DEPLOYMENT.md",
  "v12/python/tests/tools/test_execution_limits.py",
  "v12/python/tools/stage_execution.py"
 ],
 "base_changed_since_159612": [],
 "total_added": 2548,
 "total_removed": 132,
 "total_hunks": 156
}
