### label: attribute-errors-single-class
### cwd: /home/sl/src/baton/v12/python
### argv: ["env", "PYTHONPATH=src:tools", "python3", "-m", "unittest", "tests.tools.test_stage_execution.AFreshPortReentersANeverStartedDelivery", "tests.tools.test_stage_execution.TheServingPathReachesTheAcceptedDrivers"]
### exit: 1
### elapsed_seconds: 1.238390
### STDOUT

### STDERR
EEE.E..E...
======================================================================
ERROR: test_a_fresh_port_prepares_that_delivery_and_then_starts_it (tests.tools.test_stage_execution.AFreshPortReentersANeverStartedDelivery.test_a_fresh_port_prepares_that_delivery_and_then_starts_it)
W103083 review 2026-09-08T12:41:47Z [P1], and the whole of W119113.
----------------------------------------------------------------------
Traceback (most recent call last):
  File "/home/sl/src/baton/v12/python/tests/tools/test_stage_execution.py", line 1577, in test_a_fresh_port_prepares_that_delivery_and_then_starts_it
    answer, admit, keep = self.tick(port)
                          ~~~~~~~~~^^^^^^
  File "/home/sl/src/baton/v12/python/tests/tools/test_stage_execution.py", line 1491, in tick
    answer = held.run(self.case.stage(), {"job_id": "job-1"})
  File "/home/sl/src/baton/v12/python/tools/stage_execution.py", line 1973, in run
    answered = self._run(stage, job)
  File "/home/sl/src/baton/v12/python/tools/stage_execution.py", line 2086, in _run
    if deployment.reconciles():
       ^^^^^^^^^^^^^^^^^^^^^
AttributeError: 'types.SimpleNamespace' object has no attribute 'reconciles'

======================================================================
ERROR: test_a_runtime_this_execution_did_not_start_is_still_held (tests.tools.test_stage_execution.AFreshPortReentersANeverStartedDelivery.test_a_runtime_this_execution_did_not_start_is_still_held)
The hold this correction must not spend: a started attempt is NOT
----------------------------------------------------------------------
Traceback (most recent call last):
  File "/home/sl/src/baton/v12/python/tests/tools/test_stage_execution.py", line 1597, in test_a_runtime_this_execution_did_not_start_is_still_held
    answer, admit, keep = self.tick(port)
                          ~~~~~~~~~^^^^^^
  File "/home/sl/src/baton/v12/python/tests/tools/test_stage_execution.py", line 1491, in tick
    answer = held.run(self.case.stage(), {"job_id": "job-1"})
  File "/home/sl/src/baton/v12/python/tools/stage_execution.py", line 1973, in run
    answered = self._run(stage, job)
  File "/home/sl/src/baton/v12/python/tools/stage_execution.py", line 2086, in _run
    if deployment.reconciles():
       ^^^^^^^^^^^^^^^^^^^^^
AttributeError: 'types.SimpleNamespace' object has no attribute 'reconciles'

======================================================================
ERROR: test_a_second_tick_in_the_same_execution_starts_nothing_again (tests.tools.test_stage_execution.AFreshPortReentersANeverStartedDelivery.test_a_second_tick_in_the_same_execution_starts_nothing_again)
The same-execution case: this port holds the marker it made, so the
----------------------------------------------------------------------
Traceback (most recent call last):
  File "/home/sl/src/baton/v12/python/tests/tools/test_stage_execution.py", line 1538, in test_a_second_tick_in_the_same_execution_starts_nothing_again
    self.tick(port)
    ~~~~~~~~~^^^^^^
  File "/home/sl/src/baton/v12/python/tests/tools/test_stage_execution.py", line 1491, in tick
    answer = held.run(self.case.stage(), {"job_id": "job-1"})
  File "/home/sl/src/baton/v12/python/tools/stage_execution.py", line 1973, in run
    answered = self._run(stage, job)
  File "/home/sl/src/baton/v12/python/tools/stage_execution.py", line 2086, in _run
    if deployment.reconciles():
       ^^^^^^^^^^^^^^^^^^^^^
AttributeError: 'types.SimpleNamespace' object has no attribute 'reconciles'

======================================================================
ERROR: test_an_ordinary_first_tick_prepares_and_starts_exactly_once (tests.tools.test_stage_execution.AFreshPortReentersANeverStartedDelivery.test_an_ordinary_first_tick_prepares_and_starts_exactly_once)
The valid initial case: nothing is published yet, so this is the
----------------------------------------------------------------------
Traceback (most recent call last):
  File "/home/sl/src/baton/v12/python/tests/tools/test_stage_execution.py", line 1524, in test_an_ordinary_first_tick_prepares_and_starts_exactly_once
    answer, admit, keep = self.tick(port)
                          ~~~~~~~~~^^^^^^
  File "/home/sl/src/baton/v12/python/tests/tools/test_stage_execution.py", line 1491, in tick
    answer = held.run(self.case.stage(), {"job_id": "job-1"})
  File "/home/sl/src/baton/v12/python/tools/stage_execution.py", line 1973, in run
    answered = self._run(stage, job)
  File "/home/sl/src/baton/v12/python/tools/stage_execution.py", line 2086, in _run
    if deployment.reconciles():
       ^^^^^^^^^^^^^^^^^^^^^
AttributeError: 'types.SimpleNamespace' object has no attribute 'reconciles'

======================================================================
ERROR: test_an_integration_without_a_runtime_port_refuses_as_that (tests.tools.test_stage_execution.TheServingPathReachesTheAcceptedDrivers.test_an_integration_without_a_runtime_port_refuses_as_that)
The one capability this build does not have, reported rather than
----------------------------------------------------------------------
Traceback (most recent call last):
  File "/home/sl/src/baton/v12/python/tests/tools/test_stage_execution.py", line 1760, in test_an_integration_without_a_runtime_port_refuses_as_that
    composed.launch({"kind": "integration", "attempt_id": "attempt-i"},
    ~~~~~~~~~~~~~~~^^^^^^^^^^^^^^^^^^^^^^^^^^^^^^^^^^^^^^^^^^^^^^^^^^^^
                    {})
                    ^^^
  File "/home/sl/src/baton/v12/python/tools/stage_execution.py", line 3421, in launch
    return self.integrator.run(stage, job)
           ~~~~~~~~~~~~~~~~~~~^^^^^^^^^^^^
  File "/home/sl/src/baton/v12/python/tools/stage_execution.py", line 1973, in run
    answered = self._run(stage, job)
  File "/home/sl/src/baton/v12/python/tools/stage_execution.py", line 1998, in _run
    line = (deployment.line() if job_id is None
            ~~~~~~~~~~~~~~~^^
  File "/home/sl/src/baton/v12/python/tools/stage_execution.py", line 2949, in line
    return self.line_for(held[0]["job_id"])
           ~~~~~~~~~~~~~^^^^^^^^^^^^^^^^^^^
  File "/home/sl/src/baton/v12/python/tools/stage_execution.py", line 2858, in line_for
    created = review_cycles.create_line(
        self.control, source=self.source_for(job_id),
        declared_base=binding["line_declared_base"],
        profile=self.profile, authority_uuid=self.given["authority_uuid"],
        work_id=binding["job_work_id"])
  File "/home/sl/src/baton/v12/python/src/baton_v12/worker_manager/review_cycles.py", line 991, in create_line
    materialized = profile.materialize(source.place, path, declared_base)
  File "/home/sl/src/baton/v12/python/src/baton_v12/checkpoint_profiles.py", line 257, in materialize
    self._run(clone_vector(source, repository), "line materialization")
    ~~~~~~~~~^^^^^^^^^^^^^^^^^^^^^^^^^^^^^^^^^^^^^^^^^^^^^^^^^^^^^^^^^^
  File "/home/sl/src/baton/v12/python/src/baton_v12/checkpoint_profiles.py", line 238, in _run
    raise ProfileRefusal(f"Git {what} failed" +
                         (f": {detail}" if detail else ""))
baton_v12.source_profiles.checkout.ProfileRefusal: Git line materialization failed: fatal: repository '/home/sl/src/baton/v12/python/v12-w71917-6cnus55c/source' does not exist

----------------------------------------------------------------------
Ran 11 tests in 1.063s

FAILED (errors=5)
