### label: production-port-construction-witness-2
### cwd: /home/sl/src/baton/v12/python
### argv: ["env", "PYTHONPATH=src:tools", "python3", "-m", "unittest", "tests.tools.test_stage_execution.TwoBoundJobsTraverseServingAndCorrection.test_THE_CONFIGURED_DEPLOYMENT_CONSTRUCTS_ITS_OWN_INTEGRATION_PORT"]
### exit: 1
### elapsed_seconds: 0.873998
### STDOUT

### STDERR
F
======================================================================
FAIL: test_THE_CONFIGURED_DEPLOYMENT_CONSTRUCTS_ITS_OWN_INTEGRATION_PORT (tests.tools.test_stage_execution.TwoBoundJobsTraverseServingAndCorrection.test_THE_CONFIGURED_DEPLOYMENT_CONSTRUCTS_ITS_OWN_INTEGRATION_PORT)
W103068's P1: the production composition supplies its own port.
----------------------------------------------------------------------
Traceback (most recent call last):
  File "/home/sl/src/baton/v12/python/tests/tools/test_stage_execution.py", line 6961, in test_THE_CONFIGURED_DEPLOYMENT_CONSTRUCTS_ITS_OWN_INTEGRATION_PORT
    self.assertEqual(started["outcome"], "started", started)
    ~~~~~~~~~~~~~~~~^^^^^^^^^^^^^^^^^^^^^^^^^^^^^^^^^^^^^^^^
AssertionError: 'deferred' != 'started'
- deferred
+ started
 : {'stage_id': 'job-a/integration', 'episode': 1, 'attempt_id': 'attempt-01128b4b2c5d1932bb6a1bcaf698a441d732b8323acd3b006b69d171f56d87a0', 'outcome': 'deferred', 'detail': {'category': 'refused', 'code': 'precondition', 'message': 'the integration delivery home is not a directory this deployment provisioned'}}

----------------------------------------------------------------------
Ran 1 test in 0.689s

FAILED (failures=1)
