### label: production-port-construction-witness-5
### cwd: /home/sl/src/baton/v12/python
### argv: ["env", "PYTHONPATH=src:tools", "python3", "-m", "unittest", "tests.tools.test_stage_execution.TwoBoundJobsTraverseServingAndCorrection.test_THE_CONFIGURED_DEPLOYMENT_CONSTRUCTS_ITS_OWN_INTEGRATION_PORT"]
### exit: 1
### elapsed_seconds: 1.312770
### STDOUT

### STDERR
F
======================================================================
FAIL: test_THE_CONFIGURED_DEPLOYMENT_CONSTRUCTS_ITS_OWN_INTEGRATION_PORT (tests.tools.test_stage_execution.TwoBoundJobsTraverseServingAndCorrection.test_THE_CONFIGURED_DEPLOYMENT_CONSTRUCTS_ITS_OWN_INTEGRATION_PORT)
W103068's P1: the production composition supplies its own port.
----------------------------------------------------------------------
Traceback (most recent call last):
  File "/home/sl/src/baton/v12/python/tests/tools/test_stage_execution.py", line 6970, in test_THE_CONFIGURED_DEPLOYMENT_CONSTRUCTS_ITS_OWN_INTEGRATION_PORT
    self.drive_job(held.job, held.composed, "job-a", "integration",
    ~~~~~~~~~~~~~~^^^^^^^^^^^^^^^^^^^^^^^^^^^^^^^^^^^^^^^^^^^^^^^^^
                   "claimed")
                   ^^^^^^^^^^
  File "/home/sl/src/baton/v12/python/tests/tools/test_stage_execution.py", line 6791, in drive_job
    self.fail(f"{job_id}'s {kind} stage never reached {want!r}: "
    ~~~~~~~~~^^^^^^^^^^^^^^^^^^^^^^^^^^^^^^^^^^^^^^^^^^^^^^^^^^^^
              f"{self.states_for(job, composed, job_id)}")
              ^^^^^^^^^^^^^^^^^^^^^^^^^^^^^^^^^^^^^^^^^^^^
AssertionError: job-a's integration stage never reached 'claimed': {'implementation': 'completed', 'review': 'completed', 'integration': 'integrating'}

----------------------------------------------------------------------
Ran 1 test in 1.128s

FAILED (failures=1)
