### label: corrected-import-group-first-run
### cwd: /home/sl/src/baton/v12/python
### argv: ["env", "PYTHONPATH=src", "python3", "-m", "unittest", "tests.integration.test_execution.TheAuthorizedResultIsImportedAndSettled"]
### exit: 1
### elapsed_seconds: 1.554520
### STDOUT

### STDERR
E.......E.
======================================================================
ERROR: test_a_FAILED_post_import_test_holds_and_never_advances (tests.integration.test_execution.TheAuthorizedResultIsImportedAndSettled.test_a_FAILED_post_import_test_holds_and_never_advances)
The deployment's own check really fails on the imported bytes. The
----------------------------------------------------------------------
Traceback (most recent call last):
  File "/home/sl/src/baton/v12/python/tests/integration/test_execution.py", line 1244, in test_a_FAILED_post_import_test_holds_and_never_advances
    answer = self.tick(held, verifier=PostImportVerifier(
        self, script=DEPLOYMENT_CHECK, identity="deployment/post-import"))
  File "/home/sl/src/baton/v12/python/tests/integration/test_execution.py", line 1059, in tick
    return driver.admit_authorized_result(
           ~~~~~~~~~~~~~~~~~~~~~~~~~~~~~~^
        self.store, self.profile, runner, self.manager, self.jobs,
        ^^^^^^^^^^^^^^^^^^^^^^^^^^^^^^^^^^^^^^^^^^^^^^^^^^^^^^^^^^
        self.authority, self.session, verifier or self.verifier,
        ^^^^^^^^^^^^^^^^^^^^^^^^^^^^^^^^^^^^^^^^^^^^^^^^^^^^^^^^
        **operands)
        ^^^^^^^^^^^
  File "/home/sl/src/baton/v12/python/src/baton_v12/integration/driver.py", line 1301, in admit_authorized_result
    answer = execution.import_authorized_result(
        store, profile, runner, manager, jobs, authority, verifier,
        canonical_target_id=canonical_target_id, entry_id=entry_id,
        lease_id=lease_id, integrator_participant=participant,
        attempt_id=attempt_id, result_id=result_id)
  File "/home/sl/src/baton/v12/python/src/baton_v12/integration/execution.py", line 848, in import_authorized_result
    held_account = runtime.hold_account(
        reason="post-import-tests-failed",
    ...<2 lines>...
        detail={"result_id": result_id, "candidate": candidate,
                "verification": executed})
  File "/home/sl/src/baton/v12/python/src/baton_v12/integration/runtime.py", line 468, in hold_account
    _refuse(f"an integration hold is one of {', '.join(HOLD_REASONS)}; "
    ~~~~~~~^^^^^^^^^^^^^^^^^^^^^^^^^^^^^^^^^^^^^^^^^^^^^^^^^^^^^^^^^^^^^
            f"this is {name_value(reason)}")
            ^^^^^^^^^^^^^^^^^^^^^^^^^^^^^^^^
  File "/home/sl/src/baton/v12/python/src/baton_v12/integration/runtime.py", line 180, in _refuse
    raise ContractRefusal(category, code, message)
baton_v12.contracts.errors.ContractRefusal: an integration hold is one of runtime-interrupted, runtime-ambiguous, result-unreadable, result-foreign; this is 'post-import-tests-failed'

======================================================================
ERROR: test_the_required_post_import_tests_ACTUALLY_RUN (tests.integration.test_execution.TheAuthorizedResultIsImportedAndSettled.test_the_required_post_import_tests_ACTUALLY_RUN)
REVIEW 2026-09-10T14:20:24Z [R1]. The settlement retains an
----------------------------------------------------------------------
Traceback (most recent call last):
  File "/home/sl/src/baton/v12/python/tests/integration/test_execution.py", line 1227, in test_the_required_post_import_tests_ACTUALLY_RUN
    executed = answer["verification"]
               ~~~~~~^^^^^^^^^^^^^^^^
KeyError: 'verification'

----------------------------------------------------------------------
Ran 10 tests in 1.376s

FAILED (errors=2)
