### label: final-verification-all-focused-class-selectors
### cwd: /home/sl/src/baton/v12/python
### argv: ["env", "PYTHONPATH=src", "python3", "-m", "unittest", "-v", "tests.integration.test_reconciliation.OriginalSubmissionIsImmutable", "tests.integration.test_reconciliation.TheSubmissionIsResolvedFromItsOwners", "tests.integration.test_reconciliation.CausalEvidenceSurvivesComposition", "tests.integration.test_reconciliation.TheEvidenceIsItsOwnersAndBindsTheseBytes", "tests.integration.test_reconciliation.PreparedResultReplaysItsIntent", "tests.integration.test_reconciliation.ResultReadersRejectTampering", "tests.integration.test_reconciliation.DerivedPublicationUsesItsOwnAssignment", "tests.integration.test_reconciliation.TheLiveAssignmentAndPolicyAreProved", "tests.integration.test_reconciliation.TheNominatedStorageIsProved", "tests.integration.test_reconciliation.TheImportedStateIsUnproved", "tests.integration.test_reconciliation.TheTerminalImportIsRecordedAndProved", "tests.integration.test_reconciliation.ConflictsAndForeignSourcesHold", "tests.integration.test_execution.TheAuthorizedResultIsImportedAndSettled", "tests.integration.test_execution.TheSmallestEligibleEntryIsTheONEThatRuns", "tests.integration.test_execution.OneCleanImportChangesExactlyTheDeclaredPath", "tests.integration.test_execution.StaleEvidenceEarnsTheRULEDVerb", "tests.integration.test_execution.TheGrantIsProvedAgainRIGHTBeforeTheModelWrites", "tests.integration.test_execution.TheModelSCLAIMEarnsExactlyOneVerb", "tests.integration.test_execution.OnlyANOTSTARTEDAttemptIsAskedToRun", "tests.integration.test_execution.AnUnansweredAttemptIsReportedAndLeftAlone", "tests.integration.test_execution.AGrantThatEndedWhileTheModelRanCannotSettle", "tests.integration.test_execution.UnreadableOrForeignMaterialHoldsTheTarget", "tests.integration.test_execution.ThePortIsInjectedAndTyped", "tests.integration.test_coordinator.TheJournalIsTheDurableHistory", "tests.integration.test_coordinator.EveryRecordedActIsProvedWhole", "tests.integration.test_coordinator.EveryRetryIsPROVEDBeforeItIsAnswered", "tests.integration.test_coordinator.TheORDERIsTheWitnessForWhatWasGENERATED", "tests.integration.test_coordinator.RefusedActsAreEvidenceToo", "tests.integration.test_coordinator.OneProofObservesOneSnapshot", "tests.integration.test_coordinator.TheWholeLifecycleIsProved", "tests.integration.test_coordinator.EveryMemberOfTheAccountHasAProducer", "tests.integration.test_coordinator.RankIsAllocatedInTheEnqueueTransaction", "tests.integration.test_coordinator.TheStoreIsAdoptedByOwnershipRatherThanResemblance", "tests.integration.test_driver.DriverCase", "tests.integration.test_driver.ContinuationCase", "tests.integration.test_driver.TerminalReleaseReplayCase", "tests.integration.test_recovery.RestartAlwaysHolds", "tests.integration.test_recovery.StatusAndExplicitRecovery", "tests.integration.test_runtime.WritableAccessNeedsTheLiveGrant", "tests.integration.test_runtime.ThePriorRuntimeIsPROVEDUnableToMutate", "tests.integration.test_runtime.TheRuntimeSCLAIMIsNotASettlement", "tests.integration.test_runtime.TheGrantDecidesEveryIdentityInTheAssignment", "tests.integration.test_admission.AcceptedAccount", "tests.integration.test_admission.RefusalBeforeMutation", "tests.integration.test_admission.SourceEligibilityIsNotResultFreshness"]
### exit: 0
### elapsed_seconds: 11.599878
### STDOUT

### STDERR
test_preparing_publishing_and_admitting_touch_no_producer_byte (tests.integration.test_reconciliation.OriginalSubmissionIsImmutable.test_preparing_publishing_and_admitting_touch_no_producer_byte) ... ok
test_the_old_base_is_the_point_and_is_not_relaxed_away (tests.integration.test_reconciliation.OriginalSubmissionIsImmutable.test_the_old_base_is_the_point_and_is_not_relaxed_away)
An old submission base is ALLOWED at this boundary. What stays ... ok
test_the_prepared_result_carries_both_jobs_changes (tests.integration.test_reconciliation.OriginalSubmissionIsImmutable.test_the_prepared_result_carries_both_jobs_changes) ... ok
test_the_producers_line_is_never_an_operand_of_the_merge (tests.integration.test_reconciliation.OriginalSubmissionIsImmutable.test_the_producers_line_is_never_an_operand_of_the_merge)
The profile writes in the nominated workspace and in the dedicated ... ok
test_a_producer_that_stops_agreeing_refuses (tests.integration.test_reconciliation.TheSubmissionIsResolvedFromItsOwners.test_a_producer_that_stops_agreeing_refuses)
Each of these is a cross-binding admission already owns; what is ... ok
test_a_proposal_the_authority_never_published_refuses (tests.integration.test_reconciliation.TheSubmissionIsResolvedFromItsOwners.test_a_proposal_the_authority_never_published_refuses) ... ok
test_an_unaccepted_checkpoint_refuses (tests.integration.test_reconciliation.TheSubmissionIsResolvedFromItsOwners.test_an_unaccepted_checkpoint_refuses) ... ok
test_the_import_account_rereads_the_producers (tests.integration.test_reconciliation.TheSubmissionIsResolvedFromItsOwners.test_the_import_account_rereads_the_producers) ... ok
test_the_resolved_submission_is_the_producers_own_answer (tests.integration.test_reconciliation.TheSubmissionIsResolvedFromItsOwners.test_the_resolved_submission_is_the_producers_own_answer) ... ok
test_a_COMBINED_FAILURE_IS_RETAINED_and_blocks (tests.integration.test_reconciliation.CausalEvidenceSurvivesComposition.test_a_COMBINED_FAILURE_IS_RETAINED_and_blocks)
REVIEW 2026-09-10T05:41:11Z [R1], the correction that matters. ... ok
test_a_blocked_result_is_not_re_observed_into_success (tests.integration.test_reconciliation.CausalEvidenceSurvivesComposition.test_a_blocked_result_is_not_re_observed_into_success)
The retained failure is not overwritten by asking again with an ... ok
test_an_absent_observation_owner_refuses (tests.integration.test_reconciliation.CausalEvidenceSurvivesComposition.test_an_absent_observation_owner_refuses) ... ok
test_an_attestation_about_another_result_refuses (tests.integration.test_reconciliation.CausalEvidenceSurvivesComposition.test_an_attestation_about_another_result_refuses) ... ok
test_an_attestation_that_disowns_its_own_runs_refuses (tests.integration.test_reconciliation.CausalEvidenceSurvivesComposition.test_an_attestation_that_disowns_its_own_runs_refuses)
The attested execution and the executions in the observations are ... ok
test_an_exact_re_observation_replays (tests.integration.test_reconciliation.CausalEvidenceSurvivesComposition.test_an_exact_re_observation_replays) ... ok
test_an_unrelated_setup_failure_is_not_the_defects_baseline (tests.integration.test_reconciliation.CausalEvidenceSurvivesComposition.test_an_unrelated_setup_failure_is_not_the_defects_baseline)
Section 4 rules that these are not the same observation, so the ... ok
test_evidence_cannot_precede_the_observations_or_the_publication (tests.integration.test_reconciliation.CausalEvidenceSurvivesComposition.test_evidence_cannot_precede_the_observations_or_the_publication)
Both halves of the accepted order, refused from the front. ... ok
test_it_fails_on_the_base_passes_isolated_and_passes_combined (tests.integration.test_reconciliation.CausalEvidenceSurvivesComposition.test_it_fails_on_the_base_passes_isolated_and_passes_combined) ... ok
test_observations_about_other_content_refuse (tests.integration.test_reconciliation.CausalEvidenceSurvivesComposition.test_observations_about_other_content_refuse) ... ok
test_the_observation_owner_is_asked_and_answers_for_itself (tests.integration.test_reconciliation.CausalEvidenceSurvivesComposition.test_the_observation_owner_is_asked_and_answers_for_itself) ... ok
test_the_observations_are_retained_by_their_own_act (tests.integration.test_reconciliation.CausalEvidenceSurvivesComposition.test_the_observations_are_retained_by_their_own_act) ... ok
test_the_preparer_cannot_witness_its_own_composition (tests.integration.test_reconciliation.CausalEvidenceSurvivesComposition.test_the_preparer_cannot_witness_its_own_composition) ... ok
test_a_published_result_with_no_receipts_authorizes_nothing (tests.integration.test_reconciliation.TheEvidenceIsItsOwnersAndBindsTheseBytes.test_a_published_result_with_no_receipts_authorizes_nothing)
PUBLICATION-WITHOUT-IMPORT, the amendment's scheduled replacement ... ok
test_a_receipt_by_another_actor_is_not_this_owners (tests.integration.test_reconciliation.TheEvidenceIsItsOwnersAndBindsTheseBytes.test_a_receipt_by_another_actor_is_not_this_owners)
The record adopts the receipt of the participant it was given, and ... ok
test_a_receipt_on_the_producers_proposal_is_not_this_results (tests.integration.test_reconciliation.TheEvidenceIsItsOwnersAndBindsTheseBytes.test_a_receipt_on_the_producers_proposal_is_not_this_results)
The submission's own three receipts are real, accepting and on the ... ok
test_a_refusing_owner_does_not_authorize (tests.integration.test_reconciliation.TheEvidenceIsItsOwnersAndBindsTheseBytes.test_a_refusing_owner_does_not_authorize)
A NONACCEPTING DECISION IS RETAINED BY ITS OWNER and is not an ... ok
test_an_absent_or_unconfigured_owner_refuses (tests.integration.test_reconciliation.TheEvidenceIsItsOwnersAndBindsTheseBytes.test_an_absent_or_unconfigured_owner_refuses) ... ok
test_an_approval_under_a_superseded_policy_is_not_adopted (tests.integration.test_reconciliation.TheEvidenceIsItsOwnersAndBindsTheseBytes.test_an_approval_under_a_superseded_policy_is_not_adopted) ... ok
test_evidence_for_one_result_cannot_authorize_another (tests.integration.test_reconciliation.TheEvidenceIsItsOwnersAndBindsTheseBytes.test_evidence_for_one_result_cannot_authorize_another)
THE REPRODUCED COUNTEREXAMPLE, now closed twice over. ... ok
test_one_actor_may_not_give_two_judgements (tests.integration.test_reconciliation.TheEvidenceIsItsOwnersAndBindsTheseBytes.test_one_actor_may_not_give_two_judgements) ... ok
test_the_derived_digest_binds_the_bytes_the_runs_and_the_observer (tests.integration.test_reconciliation.TheEvidenceIsItsOwnersAndBindsTheseBytes.test_the_derived_digest_binds_the_bytes_the_runs_and_the_observer)
WHAT A RECEIPT IS ABOUT, given that a receipt has no field for it. ... ok
test_the_evidence_is_the_authoritys_receipts_and_the_record_writes_none (tests.integration.test_reconciliation.TheEvidenceIsItsOwnersAndBindsTheseBytes.test_the_evidence_is_the_authoritys_receipts_and_the_record_writes_none)
THE AMENDMENT'S CENTRAL CLAIM, asked of a real Authority. ... ok
test_the_owner_that_ran_the_harness_may_not_judge_it (tests.integration.test_reconciliation.TheEvidenceIsItsOwnersAndBindsTheseBytes.test_the_owner_that_ran_the_harness_may_not_judge_it) ... ok
test_the_policy_generation_is_the_approval_receipts_own (tests.integration.test_reconciliation.TheEvidenceIsItsOwnersAndBindsTheseBytes.test_the_policy_generation_is_the_approval_receipts_own) ... ok
test_the_preparer_cannot_review_its_own_composition (tests.integration.test_reconciliation.TheEvidenceIsItsOwnersAndBindsTheseBytes.test_the_preparer_cannot_review_its_own_composition) ... ok
test_a_changed_operand_still_refuses_rather_than_replaying (tests.integration.test_reconciliation.PreparedResultReplaysItsIntent.test_a_changed_operand_still_refuses_rather_than_replaying)
An adoption naming a DIFFERENT owner is not this settled act, so it ... ok
test_a_committed_intent_with_no_outcome_RESUMES_on_its_own_target (tests.integration.test_reconciliation.PreparedResultReplaysItsIntent.test_a_committed_intent_with_no_outcome_RESUMES_on_its_own_target)
The superseded slice answered "already done" and asked the profile ... ok
test_a_moved_target_is_a_NEW_result_and_the_old_one_is_untouched (tests.integration.test_reconciliation.PreparedResultReplaysItsIntent.test_a_moved_target_is_a_NEW_result_and_the_old_one_is_untouched) ... ok
test_an_exact_retry_is_the_same_record_and_merges_once (tests.integration.test_reconciliation.PreparedResultReplaysItsIntent.test_an_exact_retry_is_the_same_record_and_merges_once) ... ok
test_exact_retries_replay_AFTER_the_record_has_moved_on (tests.integration.test_reconciliation.PreparedResultReplaysItsIntent.test_exact_retries_replay_AFTER_the_record_has_moved_on)
Review [P2]: both of these used to refuse an identical call once ... ok
test_the_identity_is_derived_from_the_operands_and_only_from_those (tests.integration.test_reconciliation.PreparedResultReplaysItsIntent.test_the_identity_is_derived_from_the_operands_and_only_from_those) ... ok
test_a_published_row_cannot_be_quietly_demoted (tests.integration.test_reconciliation.ResultReadersRejectTampering.test_a_published_row_cannot_be_quietly_demoted)
The state and the evidence that earned it commit together, so a ... ok
test_a_row_pointed_at_another_committed_act_is_caught (tests.integration.test_reconciliation.ResultReadersRejectTampering.test_a_row_pointed_at_another_committed_act_is_caught) ... ok
test_a_row_whose_act_is_not_in_the_journal_at_all_is_caught (tests.integration.test_reconciliation.ResultReadersRejectTampering.test_a_row_whose_act_is_not_in_the_journal_at_all_is_caught) ... ok
test_a_source_identity_the_prepared_evidence_never_saw_is_caught (tests.integration.test_reconciliation.ResultReadersRejectTampering.test_a_source_identity_the_prepared_evidence_never_saw_is_caught) ... ok
test_an_invented_imported_state_with_no_entry_is_caught (tests.integration.test_reconciliation.ResultReadersRejectTampering.test_an_invented_imported_state_with_no_entry_is_caught)
The reviewer's third counterexample. It is refused twice now: the ... ok
test_causal_observations_edited_after_the_fact_are_caught (tests.integration.test_reconciliation.ResultReadersRejectTampering.test_causal_observations_edited_after_the_fact_are_caught) ... ok
test_evidence_emptied_UNDER_a_published_result_is_caught (tests.integration.test_reconciliation.ResultReadersRejectTampering.test_evidence_emptied_UNDER_a_published_result_is_caught)
The reviewer's second counterexample: a published row whose ... ok
test_prepared_content_edited_UNDER_an_authorized_result_is_caught (tests.integration.test_reconciliation.ResultReadersRejectTampering.test_prepared_content_edited_UNDER_an_authorized_result_is_caught)
The reviewer's exact counterexample: replacing the prepared head ... ok
test_prepared_content_that_no_longer_digests_to_its_set_is_caught (tests.integration.test_reconciliation.ResultReadersRejectTampering.test_prepared_content_that_no_longer_digests_to_its_set_is_caught) ... ok
test_a_session_that_is_not_this_results_assignment_refuses (tests.integration.test_reconciliation.DerivedPublicationUsesItsOwnAssignment.test_a_session_that_is_not_this_results_assignment_refuses) ... ok
test_an_unobserved_result_does_not_publish (tests.integration.test_reconciliation.DerivedPublicationUsesItsOwnAssignment.test_an_unobserved_result_does_not_publish)
Publication confers a candidate identity, and content nobody has ... ok
test_the_derived_proposal_names_this_role_this_snapshot_these_bytes (tests.integration.test_reconciliation.DerivedPublicationUsesItsOwnAssignment.test_the_derived_proposal_names_this_role_this_snapshot_these_bytes) ... ok
test_the_import_account_keeps_both_identities_and_refuses_a_stale_one (tests.integration.test_reconciliation.DerivedPublicationUsesItsOwnAssignment.test_the_import_account_keeps_both_identities_and_refuses_a_stale_one) ... ok
test_the_publish_retry_replays_and_borrowing_the_producer_refuses (tests.integration.test_reconciliation.DerivedPublicationUsesItsOwnAssignment.test_the_publish_retry_replays_and_borrowing_the_producer_refuses) ... ok
test_a_live_assignment_prepares (tests.integration.test_reconciliation.TheLiveAssignmentAndPolicyAreProved.test_a_live_assignment_prepares)
The positive beside the refusal above. ... ok
test_an_import_account_refuses_after_the_assignment_is_released (tests.integration.test_reconciliation.TheLiveAssignmentAndPolicyAreProved.test_an_import_account_refuses_after_the_assignment_is_released) ... ok
test_an_import_account_refuses_after_the_policy_advances (tests.integration.test_reconciliation.TheLiveAssignmentAndPolicyAreProved.test_an_import_account_refuses_after_the_policy_advances) ... ok
test_preparation_under_a_released_assignment_writes_nothing (tests.integration.test_reconciliation.TheLiveAssignmentAndPolicyAreProved.test_preparation_under_a_released_assignment_writes_nothing) ... ok
test_the_derived_proposal_is_read_back_at_admission (tests.integration.test_reconciliation.TheLiveAssignmentAndPolicyAreProved.test_the_derived_proposal_is_read_back_at_admission) ... ok
test_REPLACED_storage_refuses_at_import_admission (tests.integration.test_reconciliation.TheNominatedStorageIsProved.test_REPLACED_storage_refuses_at_import_admission)
The point of recording an inode: the directory is swapped for a ... ok
test_a_false_target_source_inode_prepares_nothing (tests.integration.test_reconciliation.TheNominatedStorageIsProved.test_a_false_target_source_inode_prepares_nothing) ... ok
test_a_false_workspace_inode_prepares_nothing (tests.integration.test_reconciliation.TheNominatedStorageIsProved.test_a_false_workspace_inode_prepares_nothing) ... ok
test_a_linked_worktree_shares_the_producers_repository (tests.integration.test_reconciliation.TheNominatedStorageIsProved.test_a_linked_worktree_shares_the_producers_repository)
Its own Git directory, its own path, ONE common directory -- and a ... ok
test_a_separate_workspace_is_accepted_and_is_where_it_writes (tests.integration.test_reconciliation.TheNominatedStorageIsProved.test_a_separate_workspace_is_accepted_and_is_where_it_writes)
The positive beside the four refusals: an integration-owned ... ok
test_a_symlink_to_the_producers_line_is_the_same_storage (tests.integration.test_reconciliation.TheNominatedStorageIsProved.test_a_symlink_to_the_producers_line_is_the_same_storage)
A canonical path comparison sees two different paths here. ... ok
test_isolation_is_proved_again_at_import_admission (tests.integration.test_reconciliation.TheNominatedStorageIsProved.test_isolation_is_proved_again_at_import_admission)
The Manager's answer can move after preparation, so admission asks ... ok
test_storage_that_is_not_a_directory_refuses (tests.integration.test_reconciliation.TheNominatedStorageIsProved.test_storage_that_is_not_a_directory_refuses) ... ok
test_storage_that_is_not_there_refuses (tests.integration.test_reconciliation.TheNominatedStorageIsProved.test_storage_that_is_not_there_refuses) ... ok
test_the_dedicated_target_may_not_be_the_workspace (tests.integration.test_reconciliation.TheNominatedStorageIsProved.test_the_dedicated_target_may_not_be_the_workspace) ... ok
test_the_producers_own_line_may_not_be_the_workspace (tests.integration.test_reconciliation.TheNominatedStorageIsProved.test_the_producers_own_line_may_not_be_the_workspace) ... ok
test_a_null_entry_is_refused_by_the_store_itself (tests.integration.test_reconciliation.TheImportedStateIsUnproved.test_a_null_entry_is_refused_by_the_store_itself) ... ok
test_an_invented_entry_does_not_supply_import_authority (tests.integration.test_reconciliation.TheImportedStateIsUnproved.test_an_invented_entry_does_not_supply_import_authority)
The reviewer's exact row: `entry-never-created`, which no ... ok
test_naming_the_terminal_act_does_not_conjure_it (tests.integration.test_reconciliation.TheImportedStateIsUnproved.test_naming_the_terminal_act_does_not_conjure_it)
And a row that also points at the import act refuses because the ... ok
test_the_authorized_row_still_reads (tests.integration.test_reconciliation.TheImportedStateIsUnproved.test_the_authorized_row_still_reads)
The positive: nothing above broke the state that IS proved. ... ok
test_a_real_entry_and_a_real_receipt_settle_the_result (tests.integration.test_reconciliation.TheTerminalImportIsRecordedAndProved.test_a_real_entry_and_a_real_receipt_settle_the_result) ... ok
test_a_receipt_on_the_producers_proposal_is_not_this_results (tests.integration.test_reconciliation.TheTerminalImportIsRecordedAndProved.test_a_receipt_on_the_producers_proposal_is_not_this_results)
The SUBMISSION's proposal is a real proposal with real receipts. ... ok
test_a_result_imported_through_ANOTHER_entry_collides (tests.integration.test_reconciliation.TheTerminalImportIsRecordedAndProved.test_a_result_imported_through_ANOTHER_entry_collides) ... ok
test_an_entry_admitted_for_another_candidate_refuses (tests.integration.test_reconciliation.TheTerminalImportIsRecordedAndProved.test_an_entry_admitted_for_another_candidate_refuses)
A real integrated entry on this target, for a DIFFERENT result. ... ok
test_an_entry_that_is_not_integrated_supplies_no_authority (tests.integration.test_reconciliation.TheTerminalImportIsRecordedAndProved.test_an_entry_that_is_not_integrated_supplies_no_authority) ... ok
test_an_exact_retry_replays_the_terminal_act (tests.integration.test_reconciliation.TheTerminalImportIsRecordedAndProved.test_an_exact_retry_replays_the_terminal_act) ... ok
test_an_unauthorized_result_records_no_terminal_import (tests.integration.test_reconciliation.TheTerminalImportIsRecordedAndProved.test_an_unauthorized_result_records_no_terminal_import) ... ok
test_no_receipt_means_no_terminal_import (tests.integration.test_reconciliation.TheTerminalImportIsRecordedAndProved.test_no_receipt_means_no_terminal_import)
The coordinator settled it; the Authority never said so. ... ok
test_the_terminal_act_is_bound_to_the_entry_it_named (tests.integration.test_reconciliation.TheTerminalImportIsRecordedAndProved.test_the_terminal_act_is_bound_to_the_entry_it_named)
Relabelling which entry a settled import went through breaks the ... ok
test_a_foreign_object_this_workspace_cannot_reach_refuses (tests.integration.test_reconciliation.ConflictsAndForeignSourcesHold.test_a_foreign_object_this_workspace_cannot_reach_refuses) ... ok
test_a_held_result_neither_authorizes_nor_publishes (tests.integration.test_reconciliation.ConflictsAndForeignSourcesHold.test_a_held_result_neither_authorizes_nor_publishes) ... ok
test_a_held_result_replays_as_the_same_hold (tests.integration.test_reconciliation.ConflictsAndForeignSourcesHold.test_a_held_result_replays_as_the_same_hold) ... ok
test_a_real_conflict_holds_with_its_reason_and_retains_no_result (tests.integration.test_reconciliation.ConflictsAndForeignSourcesHold.test_a_real_conflict_holds_with_its_reason_and_retains_no_result) ... ok
test_a_submission_already_based_on_the_target_refuses (tests.integration.test_reconciliation.ConflictsAndForeignSourcesHold.test_a_submission_already_based_on_the_target_refuses)
The producer's checkpoint says it was written on the revision the ... ok
test_an_assignment_naming_another_Work_refuses (tests.integration.test_reconciliation.ConflictsAndForeignSourcesHold.test_an_assignment_naming_another_Work_refuses) ... ok
test_an_uncertified_profile_composes_nothing (tests.integration.test_reconciliation.ConflictsAndForeignSourcesHold.test_an_uncertified_profile_composes_nothing) ... ok
test_a_blocked_combination_never_reaches_the_target (tests.integration.test_execution.TheAuthorizedResultIsImportedAndSettled.test_a_blocked_combination_never_reaches_the_target)
The combined run FAILED, so there is no candidate at all. ... ok
test_a_reconciled_entry_is_never_handed_to_a_runtime (tests.integration.test_execution.TheAuthorizedResultIsImportedAndSettled.test_a_reconciled_entry_is_never_handed_to_a_runtime)
Its bytes were composed, observed and approved already; there is ... ok
test_a_target_that_moved_AGAIN_takes_no_rank_and_no_byte (tests.integration.test_execution.TheAuthorizedResultIsImportedAndSettled.test_a_target_that_moved_AGAIN_takes_no_rank_and_no_byte)
A third Job advanced the dedicated reference before this tick. The ... ok
test_a_target_that_moves_UNDER_THE_GRANT_refuses_the_entry (tests.integration.test_execution.TheAuthorizedResultIsImportedAndSettled.test_a_target_that_moves_UNDER_THE_GRANT_refuses_the_entry)
THE RACE THE PRE-WRITE PROOF EXISTS FOR. The entry took its rank ... ok
test_an_unapproved_result_imports_nothing (tests.integration.test_execution.TheAuthorizedResultIsImportedAndSettled.test_an_unapproved_result_imports_nothing)
PUBLICATION IS NOT AUTHORIZATION, and this is where that matters ... ok
test_both_jobs_changes_land_on_the_target_and_it_settles (tests.integration.test_execution.TheAuthorizedResultIsImportedAndSettled.test_both_jobs_changes_land_on_the_target_and_it_settles) ... ok
test_the_tick_replays_after_the_import_completed (tests.integration.test_execution.TheAuthorizedResultIsImportedAndSettled.test_the_tick_replays_after_the_import_completed)
The target and the Authority cursor have both moved, so nothing can ... ok
test_a_later_exact_entry_is_a_retryable_no_act_until_it_is_head (tests.integration.test_execution.TheSmallestEligibleEntryIsTheONEThatRuns.test_a_later_exact_entry_is_a_retryable_no_act_until_it_is_head) ... ok
test_a_second_attempt_cannot_run_while_one_is_live (tests.integration.test_execution.TheSmallestEligibleEntryIsTheONEThatRuns.test_a_second_attempt_cannot_run_while_one_is_live)
The whole point of the lock: the model is never even asked. ... ok
test_an_empty_queue_grants_nothing_and_starts_nothing (tests.integration.test_execution.TheSmallestEligibleEntryIsTheONEThatRuns.test_an_empty_queue_grants_nothing_and_starts_nothing) ... ok
test_the_first_integration_takes_rank_one (tests.integration.test_execution.TheSmallestEligibleEntryIsTheONEThatRuns.test_the_first_integration_takes_rank_one) ... ok
test_the_model_is_asked_for_the_entry_the_grant_named (tests.integration.test_execution.TheSmallestEligibleEntryIsTheONEThatRuns.test_the_model_is_asked_for_the_entry_the_grant_named) ... ok
test_the_next_integration_takes_the_next_rank (tests.integration.test_execution.TheSmallestEligibleEntryIsTheONEThatRuns.test_the_next_integration_takes_the_next_rank) ... ok
test_a_clean_import_writes_the_declared_path_and_nothing_else (tests.integration.test_execution.OneCleanImportChangesExactlyTheDeclaredPath.test_a_clean_import_writes_the_declared_path_and_nothing_else) ... ok
test_a_model_that_claims_an_import_it_did_not_make_still_settles (tests.integration.test_execution.OneCleanImportChangesExactlyTheDeclaredPath.test_a_model_that_claims_an_import_it_did_not_make_still_settles)
Recorded rather than asserted away: this seam CANNOT tell. The ... ok
test_a_model_that_wrote_before_answering_badly_still_holds (tests.integration.test_execution.OneCleanImportChangesExactlyTheDeclaredPath.test_a_model_that_wrote_before_answering_badly_still_holds)
And the other order, which is why a hold keeps the lease: the ... ok
test_an_ordinary_refusal_changes_no_target_byte_or_mode (tests.integration.test_execution.OneCleanImportChangesExactlyTheDeclaredPath.test_an_ordinary_refusal_changes_no_target_byte_or_mode) ... ok
test_every_imported_path_carries_the_mode_the_importer_set (tests.integration.test_execution.OneCleanImportChangesExactlyTheDeclaredPath.test_every_imported_path_carries_the_mode_the_importer_set)
`open(..., "wb")` takes whatever the umask leaves, so a mode ... ok
test_malformed_output_changes_no_target_byte_or_mode (tests.integration.test_execution.OneCleanImportChangesExactlyTheDeclaredPath.test_malformed_output_changes_no_target_byte_or_mode)
A model that answers with garbage BEFORE touching the target: the ... ok
test_the_verification_is_derived_from_the_bytes_and_mode_imported (tests.integration.test_execution.OneCleanImportChangesExactlyTheDeclaredPath.test_the_verification_is_derived_from_the_bytes_and_mode_imported)
Second review [P1]: the verification was a constant, so the case ... ok
test_a_member_the_producers_still_agree_on_is_compared_here (tests.integration.test_execution.StaleEvidenceEarnsTheRULEDVerb.test_a_member_the_producers_still_agree_on_is_compared_here)
The half `resolved_account` cannot catch: every producer agrees ... ok
test_a_sound_entry_re_resolves_and_runs (tests.integration.test_execution.StaleEvidenceEarnsTheRULEDVerb.test_a_sound_entry_re_resolves_and_runs)
The matrix above would pass if everything refused. ... ok
test_an_advanced_canonical_target_refuses_the_entry (tests.integration.test_execution.StaleEvidenceEarnsTheRULEDVerb.test_an_advanced_canonical_target_refuses_the_entry) ... ok
test_an_integrity_account_blocks_the_target_instead (tests.integration.test_execution.StaleEvidenceEarnsTheRULEDVerb.test_an_integrity_account_blocks_the_target_instead)
The other branch of the ruled split, driven: persisted evidence ... ok
test_the_refusal_records_what_the_producers_said (tests.integration.test_execution.StaleEvidenceEarnsTheRULEDVerb.test_the_refusal_records_what_the_producers_said) ... ok
test_the_refused_entry_frees_the_target_for_the_next_rank (tests.integration.test_execution.StaleEvidenceEarnsTheRULEDVerb.test_the_refused_entry_frees_the_target_for_the_next_rank)
The whole point of the ordinary disposition: rank two proceeds. ... ok
test_the_selectors_come_from_the_entry_and_not_a_caller (tests.integration.test_execution.StaleEvidenceEarnsTheRULEDVerb.test_the_selectors_come_from_the_entry_and_not_a_caller) ... ok
test_a_grant_that_ended_during_revalidation_never_reaches_the_port (tests.integration.test_execution.TheGrantIsProvedAgainRIGHTBeforeTheModelWrites.test_a_grant_that_ended_during_revalidation_never_reaches_the_port) ... ok
test_the_delivery_exists_but_nothing_was_asked_to_use_it (tests.integration.test_execution.TheGrantIsProvedAgainRIGHTBeforeTheModelWrites.test_the_delivery_exists_but_nothing_was_asked_to_use_it)
The namespaces are made before the runtime starts, so they exist -- ... ok
test_the_post_run_cutpoint_still_answers_its_own_race (tests.integration.test_execution.TheGrantIsProvedAgainRIGHTBeforeTheModelWrites.test_the_post_run_cutpoint_still_answers_its_own_race)
A grant that ends WHILE the model runs is the other race, and the ... ok
test_a_blocked_target_offers_nothing_to_the_next_attempt (tests.integration.test_execution.TheModelSCLAIMEarnsExactlyOneVerb.test_a_blocked_target_offers_nothing_to_the_next_attempt) ... ok
test_a_held_claim_blocks_the_target_and_keeps_the_lease (tests.integration.test_execution.TheModelSCLAIMEarnsExactlyOneVerb.test_a_held_claim_blocks_the_target_and_keeps_the_lease) ... ok
test_a_refused_claim_refuses_the_entry_and_frees_the_target (tests.integration.test_execution.TheModelSCLAIMEarnsExactlyOneVerb.test_a_refused_claim_refuses_the_entry_and_frees_the_target) ... ok
test_an_integrated_claim_keeps_the_lease_until_completion (tests.integration.test_execution.TheModelSCLAIMEarnsExactlyOneVerb.test_an_integrated_claim_keeps_the_lease_until_completion) ... ok
test_an_integrated_claim_settles_and_releases (tests.integration.test_execution.TheModelSCLAIMEarnsExactlyOneVerb.test_an_integrated_claim_settles_and_releases) ... ok
test_a_settlement_waits_for_the_manager_s_own_observation (tests.integration.test_execution.OnlyANOTSTARTEDAttemptIsAskedToRun.test_a_settlement_waits_for_the_manager_s_own_observation)
The model finishes and the manager has NOT seen the runtime stop. ... ok
test_every_state_but_not_started_refuses_before_the_port (tests.integration.test_execution.OnlyANOTSTARTEDAttemptIsAskedToRun.test_every_state_but_not_started_refuses_before_the_port) ... ok
test_the_delivery_exists_before_the_runtime_starts (tests.integration.test_execution.OnlyANOTSTARTEDAttemptIsAskedToRun.test_the_delivery_exists_before_the_runtime_starts)
`materialize_delivery`'s own contract, and what requiring ... ok
test_the_observation_is_the_one_made_after_the_model_wrote (tests.integration.test_execution.OnlyANOTSTARTEDAttemptIsAskedToRun.test_the_observation_is_the_one_made_after_the_model_wrote) ... ok
test_the_port_drives_the_attempt_through_its_legal_lifecycle (tests.integration.test_execution.OnlyANOTSTARTEDAttemptIsAskedToRun.test_the_port_drives_the_attempt_through_its_legal_lifecycle)
Recorded `not-started`, started by the port, stopped by the port, ... ok
test_the_refused_settlement_moved_nothing_in_the_coordinator (tests.integration.test_execution.OnlyANOTSTARTEDAttemptIsAskedToRun.test_the_refused_settlement_moved_nothing_in_the_coordinator) ... ok
test_uncertain_is_named_because_it_is_the_tempting_one (tests.integration.test_execution.OnlyANOTSTARTEDAttemptIsAskedToRun.test_uncertain_is_named_because_it_is_the_tempting_one) ... ok
test_a_restart_reads_the_result_without_settling_it (tests.integration.test_execution.AnUnansweredAttemptIsReportedAndLeftAlone.test_a_restart_reads_the_result_without_settling_it) ... ok
test_a_running_attempt_keeps_its_grant_and_its_entry (tests.integration.test_execution.AnUnansweredAttemptIsReportedAndLeftAlone.test_a_running_attempt_keeps_its_grant_and_its_entry) ... ok
test_a_silent_model_is_running_rather_than_failed (tests.integration.test_execution.AnUnansweredAttemptIsReportedAndLeftAlone.test_a_silent_model_is_running_rather_than_failed) ... ok
test_reading_a_running_attempt_again_changes_nothing (tests.integration.test_execution.AnUnansweredAttemptIsReportedAndLeftAlone.test_reading_a_running_attempt_again_changes_nothing) ... ok
test_a_grant_ended_between_the_run_and_the_settlement_refuses (tests.integration.test_execution.AGrantThatEndedWhileTheModelRanCannotSettle.test_a_grant_ended_between_the_run_and_the_settlement_refuses) ... ok
test_the_entry_keeps_the_state_the_third_party_left_it_in (tests.integration.test_execution.AGrantThatEndedWhileTheModelRanCannotSettle.test_the_entry_keeps_the_state_the_third_party_left_it_in) ... ok
test_a_refused_settlement_of_the_wrong_shape_holds_too (tests.integration.test_execution.UnreadableOrForeignMaterialHoldsTheTarget.test_a_refused_settlement_of_the_wrong_shape_holds_too) ... ok
test_a_result_answering_another_integration_holds_the_target (tests.integration.test_execution.UnreadableOrForeignMaterialHoldsTheTarget.test_a_result_answering_another_integration_holds_the_target) ... ok
test_a_settlement_the_coordinator_cannot_record_holds_the_target (tests.integration.test_execution.UnreadableOrForeignMaterialHoldsTheTarget.test_a_settlement_the_coordinator_cannot_record_holds_the_target) ... ok
test_material_that_does_not_decode_holds_the_target (tests.integration.test_execution.UnreadableOrForeignMaterialHoldsTheTarget.test_material_that_does_not_decode_holds_the_target) ... ok
test_the_settlement_shape_is_the_coordinator_s_own_rule (tests.integration.test_execution.UnreadableOrForeignMaterialHoldsTheTarget.test_the_settlement_shape_is_the_coordinator_s_own_rule) ... ok
test_a_port_without_its_one_verb_is_refused (tests.integration.test_execution.ThePortIsInjectedAndTyped.test_a_port_without_its_one_verb_is_refused) ... ok
test_the_port_is_asked_after_the_assignment_is_published (tests.integration.test_execution.ThePortIsInjectedAndTyped.test_the_port_is_asked_after_the_assignment_is_published) ... ok
test_this_module_runs_no_version_control_system (tests.integration.test_execution.ThePortIsInjectedAndTyped.test_this_module_runs_no_version_control_system) ... ok
test_a_deleted_integration_is_refused_at_every_door (tests.integration.test_coordinator.TheJournalIsTheDurableHistory.test_a_deleted_integration_is_refused_at_every_door)
The review's exact scenario: rows gone, journal intact. ... ok
test_a_deleted_live_lease_is_refused (tests.integration.test_coordinator.TheJournalIsTheDurableHistory.test_a_deleted_live_lease_is_refused) ... ok
test_a_deleted_queued_entry_is_refused (tests.integration.test_coordinator.TheJournalIsTheDurableHistory.test_a_deleted_queued_entry_is_refused) ... ok
test_a_deleted_target_row_is_refused (tests.integration.test_coordinator.TheJournalIsTheDurableHistory.test_a_deleted_target_row_is_refused) ... ok
test_a_fence_below_its_durable_history_is_refused (tests.integration.test_coordinator.TheJournalIsTheDurableHistory.test_a_fence_below_its_durable_history_is_refused)
Where the fence rule earns its keep: the rows are sound and only ... ok
test_a_pending_act_excuses_only_itself (tests.integration.test_coordinator.TheJournalIsTheDurableHistory.test_a_pending_act_excuses_only_itself)
The window is keyed to one operation identity, not to "some act is ... ok
test_a_reassigned_rank_is_refused (tests.integration.test_coordinator.TheJournalIsTheDurableHistory.test_a_reassigned_rank_is_refused) ... ok
test_a_record_of_a_kind_this_build_does_not_own_is_refused (tests.integration.test_coordinator.TheJournalIsTheDurableHistory.test_a_record_of_a_kind_this_build_does_not_own_is_refused) ... ok
test_a_record_signed_as_another_kind_is_refused (tests.integration.test_coordinator.TheJournalIsTheDurableHistory.test_a_record_signed_as_another_kind_is_refused) ... ok
test_a_record_whose_operands_are_short_is_refused (tests.integration.test_coordinator.TheJournalIsTheDurableHistory.test_a_record_whose_operands_are_short_is_refused) ... ok
test_a_record_whose_result_lost_a_member_is_refused (tests.integration.test_coordinator.TheJournalIsTheDurableHistory.test_a_record_whose_result_lost_a_member_is_refused) ... ok
test_a_reopened_store_proves_the_same_history (tests.integration.test_coordinator.TheJournalIsTheDurableHistory.test_a_reopened_store_proves_the_same_history) ... ok
test_a_signature_that_does_not_decode_is_refused (tests.integration.test_coordinator.TheJournalIsTheDurableHistory.test_a_signature_that_does_not_decode_is_refused) ... ok
test_an_entry_moved_to_another_target_is_refused (tests.integration.test_coordinator.TheJournalIsTheDurableHistory.test_an_entry_moved_to_another_target_is_refused) ... ok
test_every_operand_of_the_account_is_immutable (tests.integration.test_coordinator.TheJournalIsTheDurableHistory.test_every_operand_of_the_account_is_immutable)
The whole account, member by member, not the two the review named. ... ok
test_no_act_is_pending_outside_a_transaction (tests.integration.test_coordinator.TheJournalIsTheDurableHistory.test_no_act_is_pending_outside_a_transaction) ... ok
test_the_ordinary_history_reads_and_replays (tests.integration.test_coordinator.TheJournalIsTheDurableHistory.test_the_ordinary_history_reads_and_replays) ... ok
test_the_original_checkpoint_is_not_admitted_a_second_time (tests.integration.test_coordinator.TheJournalIsTheDurableHistory.test_the_original_checkpoint_is_not_admitted_a_second_time) ... ok
test_a_blocked_history_reads_and_reopens (tests.integration.test_coordinator.EveryRecordedActIsProvedWhole.test_a_blocked_history_reads_and_reopens) ... ok
test_a_committed_act_with_a_sql_null_result_is_refused (tests.integration.test_coordinator.EveryRecordedActIsProvedWhole.test_a_committed_act_with_a_sql_null_result_is_refused) ... ok
test_a_complete_history_reads_replays_and_reopens (tests.integration.test_coordinator.EveryRecordedActIsProvedWhole.test_a_complete_history_reads_replays_and_reopens) ... ok
test_a_grant_over_an_empty_queue_records_a_typed_empty_result (tests.integration.test_coordinator.EveryRecordedActIsProvedWhole.test_a_grant_over_an_empty_queue_records_a_typed_empty_result)
The one kind whose result may legitimately be absent. ... ok
test_a_noncanonical_operation_id_is_refused (tests.integration.test_coordinator.EveryRecordedActIsProvedWhole.test_a_noncanonical_operation_id_is_refused) ... ok
test_a_pending_act_must_have_asked_for_the_row_it_wrote (tests.integration.test_coordinator.EveryRecordedActIsProvedWhole.test_a_pending_act_must_have_asked_for_the_row_it_wrote)
Its identity is provenance a caller chooses; its operands are not. ... ok
test_a_result_of_the_wrong_variant_is_refused (tests.integration.test_coordinator.EveryRecordedActIsProvedWhole.test_a_result_of_the_wrong_variant_is_refused) ... ok
test_a_result_that_is_not_its_request_s_is_refused (tests.integration.test_coordinator.EveryRecordedActIsProvedWhole.test_a_result_that_is_not_its_request_s_is_refused)
`target.activate` is absent on purpose: its identity is derived ... ok
test_an_ill_typed_signed_operand_is_refused_for_every_kind (tests.integration.test_coordinator.EveryRecordedActIsProvedWhole.test_an_ill_typed_signed_operand_is_refused_for_every_kind) ... ok
test_the_row_and_the_result_together_do_not_outvote_the_request (tests.integration.test_coordinator.EveryRecordedActIsProvedWhole.test_the_row_and_the_result_together_do_not_outvote_the_request)
The review's [P0]: both redundant surfaces rewritten to agree. ... ok
test_two_activations_of_one_target_are_refused (tests.integration.test_coordinator.EveryRecordedActIsProvedWhole.test_two_activations_of_one_target_are_refused) ... ok
test_a_committed_retry_with_a_sql_null_result_is_refused (tests.integration.test_coordinator.EveryRetryIsPROVEDBeforeItIsAnswered.test_a_committed_retry_with_a_sql_null_result_is_refused) ... ok
test_a_corrupted_result_is_refused_on_retry_for_every_kind (tests.integration.test_coordinator.EveryRetryIsPROVEDBeforeItIsAnswered.test_a_corrupted_result_is_refused_on_retry_for_every_kind)
Every operation family, because a retry is every verb's first act. ... ok
test_a_fabricated_settlement_does_not_replay_as_success (tests.integration.test_coordinator.EveryRetryIsPROVEDBeforeItIsAnswered.test_a_fabricated_settlement_does_not_replay_as_success)
The review's second reproduction, and the one that crosses the ... ok
test_a_malformed_sealed_refusal_is_refused_rather_than_revived (tests.integration.test_coordinator.EveryRetryIsPROVEDBeforeItIsAnswered.test_a_malformed_sealed_refusal_is_refused_rather_than_revived)
A refused act replays as the refusal it was; a refusal this build ... ok
test_a_retry_meets_a_row_that_no_longer_matches_its_result (tests.integration.test_coordinator.EveryRetryIsPROVEDBeforeItIsAnswered.test_a_retry_meets_a_row_that_no_longer_matches_its_result)
The mismatch is between the row and the first outcome, so only the ... ok
test_a_sound_retry_returns_the_first_outcome_for_every_kind (tests.integration.test_coordinator.EveryRetryIsPROVEDBeforeItIsAnswered.test_a_sound_retry_returns_the_first_outcome_for_every_kind)
Which is what makes it a replay, and what a proof must not cost. ... ok
test_a_well_formed_refusal_still_replays_as_itself (tests.integration.test_coordinator.EveryRetryIsPROVEDBeforeItIsAnswered.test_a_well_formed_refusal_still_replays_as_itself)
The other half: adopting the refusal is not refusing it. ... ok
test_the_reviewer_s_rewritten_candidate_does_not_replay (tests.integration.test_coordinator.EveryRetryIsPROVEDBeforeItIsAnswered.test_the_reviewer_s_rewritten_candidate_does_not_replay)
The review's first reproduction, at the door it entered by. ... ok
test_a_coordinated_fence_rewrite_is_refused (tests.integration.test_coordinator.TheORDERIsTheWitnessForWhatWasGENERATED.test_a_coordinated_fence_rewrite_is_refused)
Result, lease row and target counter all moved together. ... ok
test_a_coordinated_rank_rewrite_reverses_nothing (tests.integration.test_coordinator.TheORDERIsTheWitnessForWhatWasGENERATED.test_a_coordinated_rank_rewrite_reverses_nothing)
Both surfaces rewritten, exactly as the review drove it. ... ok
test_a_duplicate_or_missing_rank_is_unrepresentable (tests.integration.test_coordinator.TheORDERIsTheWitnessForWhatWasGENERATED.test_a_duplicate_or_missing_rank_is_unrepresentable)
Not caught -- excluded, by `UNIQUE (canonical_target_id, rank)` and ... ok
test_a_grant_retargeted_past_a_lower_queued_rank_is_refused (tests.integration.test_coordinator.TheORDERIsTheWitnessForWhatWasGENERATED.test_a_grant_retargeted_past_a_lower_queued_rank_is_refused)
The same rewrite one level up: the lease row and the grant result ... ok
test_a_grant_that_recorded_nothing_while_work_was_queued_is_refused (tests.integration.test_coordinator.TheORDERIsTheWitnessForWhatWasGENERATED.test_a_grant_that_recorded_nothing_while_work_was_queued_is_refused)
The typed empty result is a CLAIM about the queue, not a shrug. ... ok
test_a_journal_position_that_leaves_a_hole_is_refused (tests.integration.test_coordinator.TheORDERIsTheWitnessForWhatWasGENERATED.test_a_journal_position_that_leaves_a_hole_is_refused) ... ok
test_a_long_mixed_history_still_reads_and_still_orders (tests.integration.test_coordinator.TheORDERIsTheWitnessForWhatWasGENERATED.test_a_long_mixed_history_still_reads_and_still_orders)
The matrix above would pass if everything refused. ... ok
test_a_reopened_store_derives_the_same_order (tests.integration.test_coordinator.TheORDERIsTheWitnessForWhatWasGENERATED.test_a_reopened_store_derives_the_same_order) ... ok
test_reordering_the_journal_contradicts_the_results_it_reorders (tests.integration.test_coordinator.TheORDERIsTheWitnessForWhatWasGENERATED.test_reordering_the_journal_contradicts_the_results_it_reorders)
The honest limit, driven rather than asserted: rewriting the third ... ok
test_the_reversed_queue_is_named_in_the_refusal (tests.integration.test_coordinator.TheORDERIsTheWitnessForWhatWasGENERATED.test_the_reversed_queue_is_named_in_the_refusal) ... ok
test_a_corrupted_committed_act_is_found_under_a_refused_retry (tests.integration.test_coordinator.RefusedActsAreEvidenceToo.test_a_corrupted_committed_act_is_found_under_a_refused_retry)
The refused act itself is sound; what it must not do is answer over ... ok
test_a_journal_hole_is_found_before_the_refusal_is_replayed (tests.integration.test_coordinator.RefusedActsAreEvidenceToo.test_a_journal_hole_is_found_before_the_refusal_is_replayed)
The review's exact reproduction: the refused retry answered its ... ok
test_a_kind_this_build_does_not_own_refuses_both_doors (tests.integration.test_coordinator.RefusedActsAreEvidenceToo.test_a_kind_this_build_does_not_own_refuses_both_doors) ... ok
test_a_noncanonical_refused_identity_is_refused_on_read (tests.integration.test_coordinator.RefusedActsAreEvidenceToo.test_a_noncanonical_refused_identity_is_refused_on_read)
Not reachable from a retry -- a caller derives the id it presents, ... ok
test_a_refused_act_moves_nothing_when_it_is_refused (tests.integration.test_coordinator.RefusedActsAreEvidenceToo.test_a_refused_act_moves_nothing_when_it_is_refused) ... ok
test_a_refused_act_over_a_sound_journal_replays_as_its_refusal (tests.integration.test_coordinator.RefusedActsAreEvidenceToo.test_a_refused_act_over_a_sound_journal_replays_as_its_refusal) ... ok
test_an_ill_typed_signed_operand_refuses_both_doors (tests.integration.test_coordinator.RefusedActsAreEvidenceToo.test_an_ill_typed_signed_operand_refuses_both_doors) ... ok
test_a_refusal_inside_a_snapshot_does_not_strand_the_connection (tests.integration.test_coordinator.OneProofObservesOneSnapshot.test_a_refusal_inside_a_snapshot_does_not_strand_the_connection) ... ok
test_a_sound_retry_across_a_concurrent_grant_returns_its_first_outcome (tests.integration.test_coordinator.OneProofObservesOneSnapshot.test_a_sound_retry_across_a_concurrent_grant_returns_its_first_outcome) ... ok
test_an_ordinary_read_across_a_concurrent_grant_is_coherent_too (tests.integration.test_coordinator.OneProofObservesOneSnapshot.test_an_ordinary_read_across_a_concurrent_grant_is_coherent_too)
The same defect at the other door: a read is a proof as well. ... ok
test_the_interleaved_grant_really_committed (tests.integration.test_coordinator.OneProofObservesOneSnapshot.test_the_interleaved_grant_really_committed)
Otherwise this class would prove coherence by proving nothing ... ok
test_the_snapshot_yields_to_a_transaction_already_held (tests.integration.test_coordinator.OneProofObservesOneSnapshot.test_the_snapshot_yields_to_a_transaction_already_held)
Inside `transact` the write transaction IS the observation, and ... ok
test_the_store_asks_for_wal_so_a_reader_does_not_block_a_writer (tests.integration.test_coordinator.OneProofObservesOneSnapshot.test_the_store_asks_for_wal_so_a_reader_does_not_block_a_writer)
Stated as its own case so an exotic filesystem is DIAGNOSED here. ... ok
test_the_wal_switch_is_a_request_and_a_busy_answer_is_not_one (tests.integration.test_coordinator.OneProofObservesOneSnapshot.test_the_wal_switch_is_a_request_and_a_busy_answer_is_not_one)
The claim that WAL is requested and not required, driven. ... ok
test_a_held_entry_reset_to_queued_refuses (tests.integration.test_coordinator.TheWholeLifecycleIsProved.test_a_held_entry_reset_to_queued_refuses)
The third terminal state, which needs a blocked base. ... ok
test_every_corrupted_relationship_refuses_at_every_door (tests.integration.test_coordinator.TheWholeLifecycleIsProved.test_every_corrupted_relationship_refuses_at_every_door) ... ok
test_the_ordinary_lifecycle_still_reads (tests.integration.test_coordinator.TheWholeLifecycleIsProved.test_the_ordinary_lifecycle_still_reads)
The matrix would pass if everything refused, so this is the half ... ok
test_every_member_is_claimed_by_exactly_one_producer (tests.integration.test_coordinator.EveryMemberOfTheAccountHasAProducer.test_every_member_is_claimed_by_exactly_one_producer) ... ok
test_every_producer_actually_offers_the_member (tests.integration.test_coordinator.EveryMemberOfTheAccountHasAProducer.test_every_producer_actually_offers_the_member)
The check that would have caught all three. Each surface is asked ... ok
test_the_accepted_evidence_carries_the_member_this_one_renames (tests.integration.test_coordinator.EveryMemberOfTheAccountHasAProducer.test_the_accepted_evidence_carries_the_member_this_one_renames)
The non-vacuity the second review asked for. ... ok
test_the_account_carries_the_exact_value_the_producer_writes (tests.integration.test_coordinator.EveryMemberOfTheAccountHasAProducer.test_the_account_carries_the_exact_value_the_producer_writes)
`checkpoint_profiles.GitCheckpointProfile.freeze` puts ... ok
test_the_account_the_store_returns_is_the_account_that_was_admitted (tests.integration.test_coordinator.EveryMemberOfTheAccountHasAProducer.test_the_account_the_store_returns_is_the_account_that_was_admitted) ... ok
test_the_computed_digests_are_computed_the_producer_s_way (tests.integration.test_coordinator.EveryMemberOfTheAccountHasAProducer.test_the_computed_digests_are_computed_the_producer_s_way)
`path_set_digest` is `digest(paths)` -- `checkpoint_profiles` and ... ok
test_the_profile_kind_is_one_the_producer_can_emit (tests.integration.test_coordinator.EveryMemberOfTheAccountHasAProducer.test_the_profile_kind_is_one_the_producer_can_emit)
W101714's first review: the fixture asserted `repository`, and the ... ok
test_the_three_removed_members_have_no_producer_anywhere (tests.integration.test_coordinator.EveryMemberOfTheAccountHasAProducer.test_the_three_removed_members_have_no_producer_anywhere)
Why they are gone, driven rather than remembered. ... ok
test_a_generation_that_looks_like_a_number_is_not_one (tests.integration.test_coordinator.RankIsAllocatedInTheEnqueueTransaction.test_a_generation_that_looks_like_a_number_is_not_one)
§4 compares a generation as part of an identity, and text reaching ... ok
test_an_account_missing_an_operand_never_reaches_the_queue (tests.integration.test_coordinator.RankIsAllocatedInTheEnqueueTransaction.test_an_account_missing_an_operand_never_reaches_the_queue) ... ok
test_an_authority_namespace_is_an_authority_identity (tests.integration.test_coordinator.RankIsAllocatedInTheEnqueueTransaction.test_an_authority_namespace_is_an_authority_identity)
Review of 2026-09-06 [P1]: `not-an-authority` was accepted and ... ok
test_an_exact_replay_returns_the_same_entry_and_the_same_rank (tests.integration.test_coordinator.RankIsAllocatedInTheEnqueueTransaction.test_an_exact_replay_returns_the_same_entry_and_the_same_rank) ... ok
test_both_digest_families_are_retained_and_neither_is_derived (tests.integration.test_coordinator.RankIsAllocatedInTheEnqueueTransaction.test_both_digest_families_are_retained_and_neither_is_derived) ... ok
test_one_candidate_does_not_take_a_second_place_in_the_queue (tests.integration.test_coordinator.RankIsAllocatedInTheEnqueueTransaction.test_one_candidate_does_not_take_a_second_place_in_the_queue)
A second entry id for one candidate, which the index would answer ... ok
test_rank_counts_from_one_in_arrival_order (tests.integration.test_coordinator.RankIsAllocatedInTheEnqueueTransaction.test_rank_counts_from_one_in_arrival_order) ... ok
test_the_same_entry_id_with_other_operands_collides (tests.integration.test_coordinator.RankIsAllocatedInTheEnqueueTransaction.test_the_same_entry_id_with_other_operands_collides) ... ok
test_a_foreign_database_is_refused_untouched (tests.integration.test_coordinator.TheStoreIsAdoptedByOwnershipRatherThanResemblance.test_a_foreign_database_is_refused_untouched) ... ok
test_a_fresh_store_carries_this_build_s_kind_and_version (tests.integration.test_coordinator.TheStoreIsAdoptedByOwnershipRatherThanResemblance.test_a_fresh_store_carries_this_build_s_kind_and_version) ... ok
test_an_index_whose_predicate_changed_is_not_adopted (tests.integration.test_coordinator.TheStoreIsAdoptedByOwnershipRatherThanResemblance.test_an_index_whose_predicate_changed_is_not_adopted) ... ok
test_an_object_this_build_does_not_own_is_not_adopted (tests.integration.test_coordinator.TheStoreIsAdoptedByOwnershipRatherThanResemblance.test_an_object_this_build_does_not_own_is_not_adopted) ... ok
test_another_version_is_refused_rather_than_guessed_across (tests.integration.test_coordinator.TheStoreIsAdoptedByOwnershipRatherThanResemblance.test_another_version_is_refused_rather_than_guessed_across) ... ok
test_metadata_this_build_does_not_own_is_not_adopted (tests.integration.test_coordinator.TheStoreIsAdoptedByOwnershipRatherThanResemblance.test_metadata_this_build_does_not_own_is_not_adopted) ... ok
test_the_expectation_is_measured_from_the_schema_it_checks (tests.integration.test_coordinator.TheStoreIsAdoptedByOwnershipRatherThanResemblance.test_the_expectation_is_measured_from_the_schema_it_checks)
A hand-written expectation would be a second owner of the shape. ... ok
test_the_missing_safety_index_is_not_adopted (tests.integration.test_coordinator.TheStoreIsAdoptedByOwnershipRatherThanResemblance.test_the_missing_safety_index_is_not_adopted)
Review of 2026-09-06 [P1]: this reopened without complaint. ... ok
test_authority_refusal_holds_before_coordinator_completion (tests.integration.test_driver.DriverCase.test_authority_refusal_holds_before_coordinator_completion) ... ok
test_fresh_admission_drives_the_existing_fenced_executor (tests.integration.test_driver.DriverCase.test_fresh_admission_drives_the_existing_fenced_executor) ... ok
test_integrated_entry_without_its_exact_lease_fails_closed (tests.integration.test_driver.DriverCase.test_integrated_entry_without_its_exact_lease_fails_closed) ... ok
test_replayed_integrated_entry_only_reads_an_existing_receipt (tests.integration.test_driver.DriverCase.test_replayed_integrated_entry_only_reads_an_existing_receipt) ... ok
test_restart_after_run_holds_and_never_starts_a_second_writer (tests.integration.test_driver.DriverCase.test_restart_after_run_holds_and_never_starts_a_second_writer) ... ok
test_restart_before_run_adopts_then_uses_the_final_live_cutpoint (tests.integration.test_driver.DriverCase.test_restart_before_run_adopts_then_uses_the_final_live_cutpoint) ... ok
test_a_blocked_target_reports_its_hold_and_advances_nothing (tests.integration.test_driver.ContinuationCase.test_a_blocked_target_reports_its_hold_and_advances_nothing) ... ok
test_a_continuation_without_a_lease_or_a_delivery_refuses (tests.integration.test_driver.ContinuationCase.test_a_continuation_without_a_lease_or_a_delivery_refuses) ... ok
test_a_running_writer_is_pending_and_settles_nothing (tests.integration.test_driver.ContinuationCase.test_a_running_writer_is_pending_and_settles_nothing)
A RESULT WHILE THE WRITER CAN STILL WRITE IS NOT AN ENDING. The ... ok
test_a_settled_entry_replays_its_terminal_path_and_nothing_else (tests.integration.test_driver.ContinuationCase.test_a_settled_entry_replays_its_terminal_path_and_nothing_else)
Repeated ticks after completion cannot duplicate a receipt, a ... ok
test_a_stopped_runtime_completes_through_the_receipt_then_the_store (tests.integration.test_driver.ContinuationCase.test_a_stopped_runtime_completes_through_the_receipt_then_the_store)
The ordinary ending, in the order the coordinator requires: the ... ok
test_an_authority_refusal_holds_before_coordinator_completion (tests.integration.test_driver.ContinuationCase.test_an_authority_refusal_holds_before_coordinator_completion)
The same ending admission composes, through the same owner: a ... ok
test_an_unaccountable_runtime_takes_the_accepted_interrupted_hold (tests.integration.test_driver.ContinuationCase.test_an_unaccountable_runtime_takes_the_accepted_interrupted_hold) ... ok
test_an_unstarted_attempt_is_an_inconsistency_and_not_a_start (tests.integration.test_driver.ContinuationCase.test_an_unstarted_attempt_is_an_inconsistency_and_not_a_start) ... ok
test_the_operation_has_no_operand_that_could_start_a_runtime (tests.integration.test_driver.ContinuationCase.test_the_operation_has_no_operand_that_could_start_a_runtime)
THE STRONGEST FORM OF `it never starts a worker`: there is no port ... ok
test_the_published_assignment_must_be_the_one_the_grant_composes (tests.integration.test_driver.ContinuationCase.test_the_published_assignment_must_be_the_one_the_grant_composes) ... ok
test_released_terminal_restart_is_read_only (tests.integration.test_driver.TerminalReleaseReplayCase.test_released_terminal_restart_is_read_only) ... ok
test_restart_replays_the_settled_live_lease_tail (tests.integration.test_driver.TerminalReleaseReplayCase.test_restart_replays_the_settled_live_lease_tail) ... ok
test_a_completed_looking_result_is_evidence_not_acceptance (tests.integration.test_recovery.RestartAlwaysHolds.test_a_completed_looking_result_is_evidence_not_acceptance) ... ok
test_interruption_before_delivery_is_still_a_durable_hold (tests.integration.test_recovery.RestartAlwaysHolds.test_interruption_before_delivery_is_still_a_durable_hold) ... ok
test_mixed_or_untrusted_material_is_retained_behind_the_hold (tests.integration.test_recovery.RestartAlwaysHolds.test_mixed_or_untrusted_material_is_retained_behind_the_hold) ... ok
test_unknown_runtime_is_held_and_cannot_be_recovered (tests.integration.test_recovery.RestartAlwaysHolds.test_unknown_runtime_is_held_and_cannot_be_recovered) ... ok
test_untouched_target_is_held_without_an_automatic_action (tests.integration.test_recovery.RestartAlwaysHolds.test_untouched_target_is_held_without_an_automatic_action) ... ok
test_an_existing_untrusted_block_reason_is_not_projected (tests.integration.test_recovery.StatusAndExplicitRecovery.test_an_existing_untrusted_block_reason_is_not_projected) ... ok
test_an_invalid_delivery_refuses_before_abandonment (tests.integration.test_recovery.StatusAndExplicitRecovery.test_an_invalid_delivery_refuses_before_abandonment) ... ok
test_explicit_abandonment_requires_quiescence_and_keeps_the_hold (tests.integration.test_recovery.StatusAndExplicitRecovery.test_explicit_abandonment_requires_quiescence_and_keeps_the_hold) ... ok
test_status_exposes_identities_and_locators_but_not_payload_detail (tests.integration.test_recovery.StatusAndExplicitRecovery.test_status_exposes_identities_and_locators_but_not_payload_detail) ... ok
test_status_is_read_only (tests.integration.test_recovery.StatusAndExplicitRecovery.test_status_is_read_only) ... ok
test_status_preflight_precedes_the_last_runtime_observation (tests.integration.test_recovery.StatusAndExplicitRecovery.test_status_preflight_precedes_the_last_runtime_observation) ... ok
test_successful_abandonment_replays_after_the_runtime_advances (tests.integration.test_recovery.StatusAndExplicitRecovery.test_successful_abandonment_replays_after_the_runtime_advances) ... ok
test_a_blocked_target_composes_nothing_even_for_its_holder (tests.integration.test_runtime.WritableAccessNeedsTheLiveGrant.test_a_blocked_target_composes_nothing_even_for_its_holder) ... ok
test_a_held_grant_composes_a_writable_assignment (tests.integration.test_runtime.WritableAccessNeedsTheLiveGrant.test_a_held_grant_composes_a_writable_assignment) ... ok
test_a_lease_that_never_existed_composes_nothing (tests.integration.test_runtime.WritableAccessNeedsTheLiveGrant.test_a_lease_that_never_existed_composes_nothing) ... ok
test_a_refused_composition_starts_nothing_and_moves_nothing (tests.integration.test_runtime.WritableAccessNeedsTheLiveGrant.test_a_refused_composition_starts_nothing_and_moves_nothing) ... ok
test_a_stale_fence_composes_nothing (tests.integration.test_runtime.WritableAccessNeedsTheLiveGrant.test_a_stale_fence_composes_nothing) ... ok
test_an_ended_grant_composes_nothing (tests.integration.test_runtime.WritableAccessNeedsTheLiveGrant.test_an_ended_grant_composes_nothing) ... ok
test_another_entry_under_this_lease_composes_nothing (tests.integration.test_runtime.WritableAccessNeedsTheLiveGrant.test_another_entry_under_this_lease_composes_nothing) ... ok
test_the_holder_of_the_grant_is_the_participant_that_runs_under_it (tests.integration.test_runtime.WritableAccessNeedsTheLiveGrant.test_the_holder_of_the_grant_is_the_participant_that_runs_under_it) ... ok
test_the_one_access_composed_is_the_one_that_can_do_the_work (tests.integration.test_runtime.WritableAccessNeedsTheLiveGrant.test_the_one_access_composed_is_the_one_that_can_do_the_work)
A one-member vocabulary, because the alternatives are refusals. A ... ok
test_the_stored_grant_fills_the_document_and_not_the_caller (tests.integration.test_runtime.WritableAccessNeedsTheLiveGrant.test_the_stored_grant_fills_the_document_and_not_the_caller)
Two values are the same only when the proof passed, and using the ... ok
test_a_first_grant_has_no_predecessor_to_prove (tests.integration.test_runtime.ThePriorRuntimeIsPROVEDUnableToMutate.test_a_first_grant_has_no_predecessor_to_prove)
Durable state again rather than an assertion: the coordinator's own ... ok
test_a_predecessor_observed_stopped_or_absent_lets_a_writer_start (tests.integration.test_runtime.ThePriorRuntimeIsPROVEDUnableToMutate.test_a_predecessor_observed_stopped_or_absent_lets_a_writer_start) ... ok
test_a_predecessor_the_manager_cannot_account_for_is_refused (tests.integration.test_runtime.ThePriorRuntimeIsPROVEDUnableToMutate.test_a_predecessor_the_manager_cannot_account_for_is_refused)
Absence of a record is not absence of a runtime. ... ok
test_a_reopened_store_gives_the_same_durable_answer (tests.integration.test_runtime.ThePriorRuntimeIsPROVEDUnableToMutate.test_a_reopened_store_gives_the_same_durable_answer)
It was never in a process's memory, so a restart reads the same ... ok
test_an_unrelated_quiescent_attempt_authorizes_nothing (tests.integration.test_runtime.ThePriorRuntimeIsPROVEDUnableToMutate.test_an_unrelated_quiescent_attempt_authorizes_nothing)
The reproduction the review drove: a quiet attempt somewhere else is ... ok
test_no_other_state_lets_a_writer_start (tests.integration.test_runtime.ThePriorRuntimeIsPROVEDUnableToMutate.test_no_other_state_lets_a_writer_start) ... ok
test_the_refusal_names_the_predecessor_the_coordinator_chose (tests.integration.test_runtime.ThePriorRuntimeIsPROVEDUnableToMutate.test_the_refusal_names_the_predecessor_the_coordinator_chose)
A caller never supplies it, so the refusal has to say which runtime ... ok
test_the_vocabulary_is_the_manager_s_own (tests.integration.test_runtime.ThePriorRuntimeIsPROVEDUnableToMutate.test_the_vocabulary_is_the_manager_s_own) ... ok
test_there_is_no_prior_operand_to_supply (tests.integration.test_runtime.ThePriorRuntimeIsPROVEDUnableToMutate.test_there_is_no_prior_operand_to_supply) ... ok
test_uncertain_is_refused_by_name (tests.integration.test_runtime.ThePriorRuntimeIsPROVEDUnableToMutate.test_uncertain_is_refused_by_name)
The one the asymmetry is about: the manager's own table refuses to ... ok
test_a_foreign_or_short_result_is_refused (tests.integration.test_runtime.TheRuntimeSCLAIMIsNotASettlement.test_a_foreign_or_short_result_is_refused) ... ok
test_a_result_answers_the_integration_it_was_composed_for (tests.integration.test_runtime.TheRuntimeSCLAIMIsNotASettlement.test_a_result_answers_the_integration_it_was_composed_for) ... ok
test_a_result_is_adopted_in_the_coordinator_s_own_vocabulary (tests.integration.test_runtime.TheRuntimeSCLAIMIsNotASettlement.test_a_result_is_adopted_in_the_coordinator_s_own_vocabulary) ... ok
test_adopting_a_result_settles_nothing (tests.integration.test_runtime.TheRuntimeSCLAIMIsNotASettlement.test_adopting_a_result_settles_nothing) ... ok
test_an_assignment_digest_is_taken_over_an_owned_document (tests.integration.test_runtime.TheRuntimeSCLAIMIsNotASettlement.test_an_assignment_digest_is_taken_over_an_owned_document) ... ok
test_an_outcome_this_build_does_not_own_is_refused (tests.integration.test_runtime.TheRuntimeSCLAIMIsNotASettlement.test_an_outcome_this_build_does_not_own_is_refused) ... ok
test_the_assignment_a_result_answers_is_owned_too (tests.integration.test_runtime.TheRuntimeSCLAIMIsNotASettlement.test_the_assignment_a_result_answers_is_owned_too) ... ok
test_the_outcomes_are_the_entry_states_a_settlement_uses (tests.integration.test_runtime.TheRuntimeSCLAIMIsNotASettlement.test_the_outcomes_are_the_entry_states_a_settlement_uses) ... ok
test_a_differing_profile_kind_refuses_against_stored_evidence (tests.integration.test_runtime.TheGrantDecidesEveryIdentityInTheAssignment.test_a_differing_profile_kind_refuses_against_stored_evidence) ... ok
test_a_refused_attempt_composes_no_delivery_either (tests.integration.test_runtime.TheGrantDecidesEveryIdentityInTheAssignment.test_a_refused_attempt_composes_no_delivery_either)
The delivery is keyed by the attempt, so an assignment for the wrong ... ok
test_every_operand_current_and_the_attempt_differing_refuses (tests.integration.test_runtime.TheGrantDecidesEveryIdentityInTheAssignment.test_every_operand_current_and_the_attempt_differing_refuses) ... ok
test_the_admitted_profile_kind_is_what_runs (tests.integration.test_runtime.TheGrantDecidesEveryIdentityInTheAssignment.test_the_admitted_profile_kind_is_what_runs) ... ok
test_the_assignment_carries_the_grant_s_attempt (tests.integration.test_runtime.TheGrantDecidesEveryIdentityInTheAssignment.test_the_assignment_carries_the_grant_s_attempt) ... ok
test_the_entry_comes_from_the_same_snapshot_as_the_grant (tests.integration.test_runtime.TheGrantDecidesEveryIdentityInTheAssignment.test_the_entry_comes_from_the_same_snapshot_as_the_grant)
A separate unsynchronised read would give away the one-snapshot ... ok
test_complete_evidence_enqueues_the_exact_producer_account (tests.integration.test_admission.AcceptedAccount.test_complete_evidence_enqueues_the_exact_producer_account) ... ok
test_concurrent_exact_admission_returns_one_entry_and_rank (tests.integration.test_admission.AcceptedAccount.test_concurrent_exact_admission_returns_one_entry_and_rank) ... ok
test_exact_replay_returns_the_same_entry_and_rank (tests.integration.test_admission.AcceptedAccount.test_exact_replay_returns_the_same_entry_and_rank) ... ok
test_two_authorities_share_one_target_order (tests.integration.test_admission.AcceptedAccount.test_two_authorities_share_one_target_order) ... ok
test_ambiguous_job_scope_refuses (tests.integration.test_admission.RefusalBeforeMutation.test_ambiguous_job_scope_refuses) ... ok
test_assignment_identity_cross_wiring_refuses (tests.integration.test_admission.RefusalBeforeMutation.test_assignment_identity_cross_wiring_refuses) ... ok
test_checkpoint_identity_digest_profile_and_path_cross_wiring_refuses (tests.integration.test_admission.RefusalBeforeMutation.test_checkpoint_identity_digest_profile_and_path_cross_wiring_refuses) ... ok
test_each_required_policy_receipt_must_be_present_and_accepted (tests.integration.test_admission.RefusalBeforeMutation.test_each_required_policy_receipt_must_be_present_and_accepted) ... ok
test_frozen_result_identity_digest_and_disposition_must_match (tests.integration.test_admission.RefusalBeforeMutation.test_frozen_result_identity_digest_and_disposition_must_match) ... ok
test_job_input_policy_scope_and_work_are_not_caller_claims (tests.integration.test_admission.RefusalBeforeMutation.test_job_input_policy_scope_and_work_are_not_caller_claims) ... ok
test_malformed_scope_refuses (tests.integration.test_admission.RefusalBeforeMutation.test_malformed_scope_refuses) ... ok
test_receipt_candidate_and_target_cross_wiring_refuses (tests.integration.test_admission.RefusalBeforeMutation.test_receipt_candidate_and_target_cross_wiring_refuses) ... ok
test_stale_target_refuses (tests.integration.test_admission.RefusalBeforeMutation.test_stale_target_refuses) ... ok
test_the_checkpoint_must_be_accepted (tests.integration.test_admission.RefusalBeforeMutation.test_the_checkpoint_must_be_accepted) ... ok
test_the_job_store_must_share_the_candidate_authority (tests.integration.test_admission.RefusalBeforeMutation.test_the_job_store_must_share_the_candidate_authority) ... ok
test_a_moved_target_refuses_the_import_account_and_not_eligibility (tests.integration.test_admission.SourceEligibilityIsNotResultFreshness.test_a_moved_target_refuses_the_import_account_and_not_eligibility) ... ok
test_eligibility_still_proves_every_producer_it_ever_did (tests.integration.test_admission.SourceEligibilityIsNotResultFreshness.test_eligibility_still_proves_every_producer_it_ever_did)
The separation is not a weaker proof. Each of these refuses the ... ok
test_neither_source_answer_touches_the_coordinator (tests.integration.test_admission.SourceEligibilityIsNotResultFreshness.test_neither_source_answer_touches_the_coordinator) ... ok
test_the_submission_operand_carries_the_objects_the_account_cannot (tests.integration.test_admission.SourceEligibilityIsNotResultFreshness.test_the_submission_operand_carries_the_objects_the_account_cannot)
`prepare_result` reconciles Git OBJECTS. The account carries ... ok

----------------------------------------------------------------------
Ran 318 tests in 11.418s

OK
