test_all_three_identities_shared (test_attachment.AProducerCannotReviewItself.test_all_three_identities_shared) ... ok
test_one_shared_identity_is_enough_to_refuse (test_attachment.AProducerCannotReviewItself.test_one_shared_identity_is_enough_to_refuse) ... ok
test_a_correction_round_closes_the_line_to_review (test_attachment.AReviewCannotAttachWhileTheLineIsBeingCorrected.test_a_correction_round_closes_the_line_to_review) ... ok
test_a_different_v12_work_reaches_a_different_line (test_attachment.ASecondJobRecoversTheSameLineRatherThanCreatingOne.test_a_different_v12_work_reaches_a_different_line) ... ok
test_the_preflight_says_so_before_anything_is_opened (test_attachment.ASecondJobRecoversTheSameLineRatherThanCreatingOne.test_the_preflight_says_so_before_anything_is_opened) ... ok
test_the_same_authority_and_work_answer_the_producers_line (test_attachment.ASecondJobRecoversTheSameLineRatherThanCreatingOne.test_the_same_authority_and_work_answer_the_producers_line) ... ok
test_the_current_revision_is_still_attachable (test_attachment.AStaleCheckpointIsRefusedByBothAccounts.test_the_current_revision_is_still_attachable) ... ok
test_the_superseded_revision_is_named_as_stale (test_attachment.AStaleCheckpointIsRefusedByBothAccounts.test_the_superseded_revision_is_named_as_stale) ... ok
test_a_checkpoint_belonging_to_another_line (test_attachment.AWrongCheckpointIsRefusedByBothAccounts.test_a_checkpoint_belonging_to_another_line)
A REAL frozen checkpoint, produced the ordinary way, on a line the ... ok
test_a_checkpoint_this_line_never_held (test_attachment.AWrongCheckpointIsRefusedByBothAccounts.test_a_checkpoint_this_line_never_held) ... ok
test_the_preflight_and_the_manager_both_accept (test_attachment.TheAcceptedProposalIsAttachableByAnIndependentReviewer.test_the_preflight_and_the_manager_both_accept) ... ok
test_the_subject_names_the_producer_and_the_exact_bytes (test_attachment.TheAcceptedProposalIsAttachableByAnIndependentReviewer.test_the_subject_names_the_producer_and_the_exact_bytes) ... ok
test_a_line_this_store_does_not_hold_is_named_with_what_it_does (test_attachment.TheSurveyDoesNotChangeTheStoreItReads.test_a_line_this_store_does_not_hold_is_named_with_what_it_does) ... ok
test_a_missing_store_is_an_operational_finding (test_attachment.TheSurveyDoesNotChangeTheStoreItReads.test_a_missing_store_is_an_operational_finding) ... ok
test_the_connection_itself_refuses_a_write (test_attachment.TheSurveyDoesNotChangeTheStoreItReads.test_the_connection_itself_refuses_a_write) ... ok
test_the_stores_own_bytes_and_rows_do_not_change (test_attachment.TheSurveyDoesNotChangeTheStoreItReads.test_the_stores_own_bytes_and_rows_do_not_change) ... ok
test_a_foreign_v12_work_refuses_with_what_the_store_holds (test_review_bindings.AnUnattachableProposalIsNotComposedAtAll.test_a_foreign_v12_work_refuses_with_what_the_store_holds)
And it is `attachment`'s refusal, not the composer's. ... ok
test_a_reviewer_that_is_the_producer_refuses (test_review_bindings.AnUnattachableProposalIsNotComposedAtAll.test_a_reviewer_that_is_the_producer_refuses) ... ok
test_a_wrong_checkpoint_refuses_before_any_document_exists (test_review_bindings.AnUnattachableProposalIsNotComposedAtAll.test_a_wrong_checkpoint_refuses_before_any_document_exists) ... ok
test_a_second_review_invocation_is_refused (test_review_bindings.TheCompositionCarriesOnlyThisJobsWorkload.test_a_second_review_invocation_is_refused) ... ok
test_an_implementation_worker_is_configured_and_never_submitted (test_review_bindings.TheCompositionCarriesOnlyThisJobsWorkload.test_an_implementation_worker_is_configured_and_never_submitted) ... ok
test_implementation_and_correction_bounds_are_refused_by_name (test_review_bindings.TheCompositionCarriesOnlyThisJobsWorkload.test_implementation_and_correction_bounds_are_refused_by_name) ... ok
test_one_review_stage_and_no_dependency (test_review_bindings.TheCompositionCarriesOnlyThisJobsWorkload.test_one_review_stage_and_no_dependency) ... ok
test_the_manifest_requires_findings_and_logs_and_no_proposal (test_review_bindings.TheCompositionCarriesOnlyThisJobsWorkload.test_the_manifest_requires_findings_and_logs_and_no_proposal) ... ok
test_the_two_roles_share_no_participant_or_principal (test_review_bindings.TheCompositionCarriesOnlyThisJobsWorkload.test_the_two_roles_share_no_participant_or_principal) ... ok
test_all_three_verdicts_are_offered_as_valid_results (test_review_bindings.TheCriteriaAskForAJudgmentRatherThanSupplyingOne.test_all_three_verdicts_are_offered_as_valid_results) ... ok
test_the_criteria_are_sealed_at_their_own_byte_length (test_review_bindings.TheCriteriaAskForAJudgmentRatherThanSupplyingOne.test_the_criteria_are_sealed_at_their_own_byte_length) ... ok
test_the_criteria_name_no_verdict_for_this_change (test_review_bindings.TheCriteriaAskForAJudgmentRatherThanSupplyingOne.test_the_criteria_name_no_verdict_for_this_change) ... ok
test_the_reviewer_is_told_it_has_no_correction_stage (test_review_bindings.TheCriteriaAskForAJudgmentRatherThanSupplyingOne.test_the_reviewer_is_told_it_has_no_correction_stage) ... ok
test_the_command_refuses_a_wrong_checkpoint_with_its_own_words (test_review_bindings.TheDocumentedEntrypointComposesFromASelectionsDocument.test_the_command_refuses_a_wrong_checkpoint_with_its_own_words) ... ok
test_the_command_takes_no_base_operand (test_review_bindings.TheDocumentedEntrypointComposesFromASelectionsDocument.test_the_command_takes_no_base_operand) ... ok
test_the_declared_base_comes_from_the_checkpoint_not_an_operand (test_review_bindings.TheSubjectIsReadFromTheProducersOwnRecords.test_the_declared_base_comes_from_the_checkpoint_not_an_operand) ... ok
test_the_packet_carries_the_exact_subject_it_composed_against (test_review_bindings.TheSubjectIsReadFromTheProducersOwnRecords.test_the_packet_carries_the_exact_subject_it_composed_against) ... ok
test_the_source_and_workspace_storage_are_the_producers (test_review_bindings.TheSubjectIsReadFromTheProducersOwnRecords.test_the_source_and_workspace_storage_are_the_producers) ... ok
test_the_v12_work_is_the_producers_so_the_line_is_recovered (test_review_bindings.TheSubjectIsReadFromTheProducersOwnRecords.test_the_v12_work_is_the_producers_so_the_line_is_recovered) ... ok

----------------------------------------------------------------------
Ran 35 tests in 0.433s

OK
