test_all_three_identities_shared (test_attachment.AProducerCannotReviewItself.test_all_three_identities_shared) ... ok
test_one_shared_identity_is_enough_to_refuse (test_attachment.AProducerCannotReviewItself.test_one_shared_identity_is_enough_to_refuse) ... ok
test_a_correction_round_closes_the_line_to_review (test_attachment.AReviewCannotAttachWhileTheLineIsBeingCorrected.test_a_correction_round_closes_the_line_to_review) ... ok
test_a_different_v12_work_reaches_a_different_line (test_attachment.ASecondJobRecoversTheSameLineRatherThanCreatingOne.test_a_different_v12_work_reaches_a_different_line) ... ok
test_the_named_line_is_proved_against_the_named_work (test_attachment.ASecondJobRecoversTheSameLineRatherThanCreatingOne.test_the_named_line_is_proved_against_the_named_work)
No public reader finds a line from an Authority and Work, so the ... ok
test_the_same_authority_and_work_answer_the_producers_line (test_attachment.ASecondJobRecoversTheSameLineRatherThanCreatingOne.test_the_same_authority_and_work_answer_the_producers_line) ... ok
test_the_current_revision_is_still_attachable (test_attachment.AStaleCheckpointIsRefusedByBothAccounts.test_the_current_revision_is_still_attachable) ... ok
test_the_superseded_revision_is_named_as_stale (test_attachment.AStaleCheckpointIsRefusedByBothAccounts.test_the_superseded_revision_is_named_as_stale) ... ok
test_a_checkpoint_belonging_to_another_line (test_attachment.AWrongCheckpointIsRefusedByBothAccounts.test_a_checkpoint_belonging_to_another_line)
A REAL frozen checkpoint on a line the reviewer's Work does not ... ok
test_a_checkpoint_this_line_never_held (test_attachment.AWrongCheckpointIsRefusedByBothAccounts.test_a_checkpoint_this_line_never_held) ... ok
test_the_preflight_and_the_manager_both_accept (test_attachment.TheAcceptedProposalIsAttachableByAnIndependentReviewer.test_the_preflight_and_the_manager_both_accept) ... ok
test_the_subject_names_the_producer_and_the_exact_bytes (test_attachment.TheAcceptedProposalIsAttachableByAnIndependentReviewer.test_the_subject_names_the_producer_and_the_exact_bytes) ... ok
test_a_store_that_is_not_a_manager_is_refused_not_initialized (test_attachment.TheSurveyReadsThroughTheSupportedOpener.test_a_store_that_is_not_a_manager_is_refused_not_initialized)
`open_readonly`'s own promise, exercised: an empty file is refused ... ok
test_a_supported_mutator_refuses_on_the_readonly_handle (test_attachment.TheSurveyReadsThroughTheSupportedOpener.test_a_supported_mutator_refuses_on_the_readonly_handle)
The boundary the module promises, measured through a real act. ... ok
test_an_absent_store_is_an_operational_finding (test_attachment.TheSurveyReadsThroughTheSupportedOpener.test_an_absent_store_is_an_operational_finding) ... ok
test_it_opens_through_control_store_open_readonly (test_attachment.TheSurveyReadsThroughTheSupportedOpener.test_it_opens_through_control_store_open_readonly) ... ok
test_the_documented_clock_is_one_the_opener_accepts (test_attachment.TheSurveyReadsThroughTheSupportedOpener.test_the_documented_clock_is_one_the_opener_accepts)
The operator page's own step 1, run. ... ok
test_the_line_checkpoint_and_writer_are_one_coherent_read (test_attachment.TheSurveyReadsThroughTheSupportedOpener.test_the_line_checkpoint_and_writer_are_one_coherent_read)
One `snapshot()` spans all three, so they cannot be three moments. ... ok
test_the_missing_public_lookups_are_recorded_rather_than_bypassed (test_attachment.TheSurveyReadsThroughTheSupportedOpener.test_the_missing_public_lookups_are_recorded_rather_than_bypassed) ... ok
test_the_operator_page_names_that_clock_rather_than_a_string (test_attachment.TheSurveyReadsThroughTheSupportedOpener.test_the_operator_page_names_that_clock_rather_than_a_string) ... ok
test_the_stores_own_bytes_and_rows_do_not_change (test_attachment.TheSurveyReadsThroughTheSupportedOpener.test_the_stores_own_bytes_and_rows_do_not_change) ... ok
test_a_foreign_v12_work_refuses_with_what_the_line_carries (test_review_bindings.AnUnattachableProposalIsNotComposedAtAll.test_a_foreign_v12_work_refuses_with_what_the_line_carries)
And it is `attachment`'s refusal, not the composer's. ... ok
test_a_reviewer_that_is_the_producer_refuses (test_review_bindings.AnUnattachableProposalIsNotComposedAtAll.test_a_reviewer_that_is_the_producer_refuses) ... ok
test_a_wrong_checkpoint_refuses_before_any_document_exists (test_review_bindings.AnUnattachableProposalIsNotComposedAtAll.test_a_wrong_checkpoint_refuses_before_any_document_exists) ... ok
test_an_unknown_substantive_member_is_refused_by_name (test_review_bindings.TheACTUALShippedTemplateComposesAndStarts.test_an_unknown_substantive_member_is_refused_by_name)
Stripping prose must not also swallow a typo. ... ok
test_both_defects_are_still_defects_without_the_normalization (test_review_bindings.TheACTUALShippedTemplateComposesAndStarts.test_both_defects_are_still_defects_without_the_normalization)
The fix is load-bearing, and it is in the right two places. ... ok
test_the_documented_command_runs_the_shipped_template (test_review_bindings.TheACTUALShippedTemplateComposesAndStarts.test_the_documented_command_runs_the_shipped_template) ... ok
test_the_shipped_template_still_carries_the_notes_under_test (test_review_bindings.TheACTUALShippedTemplateComposesAndStarts.test_the_shipped_template_still_carries_the_notes_under_test)
Otherwise this whole class would pass by proving nothing. ... ok
test_the_startup_reader_accepts_the_packet_it_composed (test_review_bindings.TheACTUALShippedTemplateComposesAndStarts.test_the_startup_reader_accepts_the_packet_it_composed)
`held_packet` -- the exact check that refused on the live run. ... ok
test_the_written_packet_carries_no_documentation_member (test_review_bindings.TheACTUALShippedTemplateComposesAndStarts.test_the_written_packet_carries_no_documentation_member) ... ok
test_a_second_review_invocation_is_refused (test_review_bindings.TheCompositionCarriesOnlyThisJobsWorkload.test_a_second_review_invocation_is_refused) ... ok
test_an_implementation_worker_is_configured_and_never_submitted (test_review_bindings.TheCompositionCarriesOnlyThisJobsWorkload.test_an_implementation_worker_is_configured_and_never_submitted) ... ok
test_implementation_and_correction_bounds_are_refused_by_name (test_review_bindings.TheCompositionCarriesOnlyThisJobsWorkload.test_implementation_and_correction_bounds_are_refused_by_name) ... ok
test_one_review_stage_and_no_dependency (test_review_bindings.TheCompositionCarriesOnlyThisJobsWorkload.test_one_review_stage_and_no_dependency) ... ok
test_the_manifest_requires_findings_and_logs_and_no_proposal (test_review_bindings.TheCompositionCarriesOnlyThisJobsWorkload.test_the_manifest_requires_findings_and_logs_and_no_proposal) ... ok
test_the_two_roles_share_no_participant_or_principal (test_review_bindings.TheCompositionCarriesOnlyThisJobsWorkload.test_the_two_roles_share_no_participant_or_principal) ... ok
test_all_three_verdicts_are_offered_as_valid_results (test_review_bindings.TheCriteriaAskForAJudgmentRatherThanSupplyingOne.test_all_three_verdicts_are_offered_as_valid_results) ... ok
test_the_criteria_are_sealed_at_their_own_byte_length (test_review_bindings.TheCriteriaAskForAJudgmentRatherThanSupplyingOne.test_the_criteria_are_sealed_at_their_own_byte_length) ... ok
test_the_criteria_name_no_verdict_for_this_change (test_review_bindings.TheCriteriaAskForAJudgmentRatherThanSupplyingOne.test_the_criteria_name_no_verdict_for_this_change) ... ok
test_the_reviewer_is_told_it_has_no_correction_stage (test_review_bindings.TheCriteriaAskForAJudgmentRatherThanSupplyingOne.test_the_reviewer_is_told_it_has_no_correction_stage) ... ok
test_a_malformed_correction_policy_is_refused_by_the_validator (test_review_bindings.TheDocumentedCommandProducesAnAcceptedPacket.test_a_malformed_correction_policy_is_refused_by_the_validator)
Owned where every other deployment member is owned. ... ok
test_a_refused_composition_writes_no_packet_at_all (test_review_bindings.TheDocumentedCommandProducesAnAcceptedPacket.test_a_refused_composition_writes_no_packet_at_all)
The refusal path leaves nothing half-written for an operator. ... ok
test_the_command_writes_a_packet_the_supervisor_accepts (test_review_bindings.TheDocumentedCommandProducesAnAcceptedPacket.test_the_command_writes_a_packet_the_supervisor_accepts) ... ok
test_the_composed_deployment_declines_the_correction_round (test_review_bindings.TheDocumentedCommandProducesAnAcceptedPacket.test_the_composed_deployment_declines_the_correction_round) ... ok
test_the_deployment_it_wrote_passes_the_managers_own_validator (test_review_bindings.TheDocumentedCommandProducesAnAcceptedPacket.test_the_deployment_it_wrote_passes_the_managers_own_validator)
Not a second opinion -- the same function, over the written bytes. ... ok
test_the_documented_composition_runs_on_the_successor_bytes (test_review_bindings.TheDocumentedCommandsRunAgainstTheSUCCESSORSource.test_the_documented_composition_runs_on_the_successor_bytes) ... ok
test_the_documented_startup_runs_review_supervisor_MAIN (test_review_bindings.TheDocumentedCommandsRunAgainstTheSUCCESSORSource.test_the_documented_startup_runs_review_supervisor_MAIN)
`review_supervisor.main`, ACTUALLY INVOKED. ... ok
test_the_command_refuses_a_wrong_checkpoint_with_its_own_words (test_review_bindings.TheDocumentedEntrypointComposesFromASelectionsDocument.test_the_command_refuses_a_wrong_checkpoint_with_its_own_words) ... ok
test_the_command_takes_no_base_operand (test_review_bindings.TheDocumentedEntrypointComposesFromASelectionsDocument.test_the_command_takes_no_base_operand)
A review reads the base its subject was produced against. ... ok
test_the_declared_base_comes_from_the_checkpoint_not_an_operand (test_review_bindings.TheSubjectIsReadFromTheProducersOwnRecords.test_the_declared_base_comes_from_the_checkpoint_not_an_operand) ... ok
test_the_packet_carries_the_exact_subject_it_composed_against (test_review_bindings.TheSubjectIsReadFromTheProducersOwnRecords.test_the_packet_carries_the_exact_subject_it_composed_against) ... ok
test_the_source_and_workspace_storage_are_the_producers (test_review_bindings.TheSubjectIsReadFromTheProducersOwnRecords.test_the_source_and_workspace_storage_are_the_producers) ... ok
test_the_v12_work_is_the_producers_so_the_line_is_recovered (test_review_bindings.TheSubjectIsReadFromTheProducersOwnRecords.test_the_v12_work_is_the_producers_so_the_line_is_recovered) ... ok
test_a_closed_gate_admits_claims_and_launches_nothing (test_review_supervisor.AdmissionIsBoundedAtTheGate.test_a_closed_gate_admits_claims_and_launches_nothing) ... ok
test_an_implementation_stage_is_refused_by_kind (test_review_supervisor.AdmissionIsBoundedAtTheGate.test_an_implementation_stage_is_refused_by_kind) ... ok
test_another_jobs_stage_is_foreign_and_not_a_refusal (test_review_supervisor.AdmissionIsBoundedAtTheGate.test_another_jobs_stage_is_foreign_and_not_a_refusal) ... ok
test_one_review_is_admitted_and_the_second_is_refused (test_review_supervisor.AdmissionIsBoundedAtTheGate.test_one_review_is_admitted_and_the_second_is_refused) ... ok
test_a_drifted_baseline_refuses_before_anything_opens (test_review_supervisor.TheImportedMachineryIsBoundAndUnmodified.test_a_drifted_baseline_refuses_before_anything_opens)
Reuse that cannot say WHICH bytes it reused is a dependency. ... ok
test_it_monkeypatches_nothing_in_baseline (test_review_supervisor.TheImportedMachineryIsBoundAndUnmodified.test_it_monkeypatches_nothing_in_baseline)
Asked of the parsed module, not of its prose. ... ok
test_its_own_kinds_are_closed_over_review (test_review_supervisor.TheImportedMachineryIsBoundAndUnmodified.test_its_own_kinds_are_closed_over_review) ... ok
test_the_imported_baseline_is_the_accepted_bytes (test_review_supervisor.TheImportedMachineryIsBoundAndUnmodified.test_the_imported_baseline_is_the_accepted_bytes) ... ok
test_a_run_that_starts_nothing_stops_at_its_serving_bound (test_review_supervisor.TheOrchestrationIsDrivenEndToEnd.test_a_run_that_starts_nothing_stops_at_its_serving_bound)
And `no-progress` deliberately does NOT fire here. ... ok
test_a_serving_failure_still_publishes_an_outcome (test_review_supervisor.TheOrchestrationIsDrivenEndToEnd.test_a_serving_failure_still_publishes_an_outcome) ... ok
test_a_submission_that_refuses_still_publishes_an_outcome (test_review_supervisor.TheOrchestrationIsDrivenEndToEnd.test_a_submission_that_refuses_still_publishes_an_outcome)
The path R3 named: the owner acts sat outside the publishing region. ... ok
test_an_interrupt_during_the_first_owner_act_still_publishes (test_review_supervisor.TheOrchestrationIsDrivenEndToEnd.test_an_interrupt_during_the_first_owner_act_still_publishes)
R3a, reproduced the way the reviewer reproduced it. ... ok
test_an_interruption_publishes_the_outcome_and_still_raises (test_review_supervisor.TheOrchestrationIsDrivenEndToEnd.test_an_interruption_publishes_the_outcome_and_still_raises) ... ok
test_an_outcome_is_published_on_every_path (test_review_supervisor.TheOrchestrationIsDrivenEndToEnd.test_an_outcome_is_published_on_every_path)
The one invariant that holds across all of the above. ... ok
test_exactly_one_review_is_admitted_over_a_whole_drive (test_review_supervisor.TheOrchestrationIsDrivenEndToEnd.test_exactly_one_review_is_admitted_over_a_whole_drive)
The cap, measured over the real serving loop rather than the gate. ... ok
test_the_cleanup_reserve_stays_inside_the_overall_bound (test_review_supervisor.TheOrchestrationIsDrivenEndToEnd.test_the_cleanup_reserve_stays_inside_the_overall_bound)
300 total with 60 reserved must not spend 360. ... ok
test_a_control_store_other_than_the_subjects_is_refused (test_review_supervisor.ThePacketIsHeldBeforeAnythingOpens.test_a_control_store_other_than_the_subjects_is_refused)
The line being reviewed lives in ONE store. ... ok
test_a_declared_base_that_is_not_the_checkpoints_is_refused (test_review_supervisor.ThePacketIsHeldBeforeAnythingOpens.test_a_declared_base_that_is_not_the_checkpoints_is_refused) ... ok
test_a_deployment_that_opens_corrections_is_refused (test_review_supervisor.ThePacketIsHeldBeforeAnythingOpens.test_a_deployment_that_opens_corrections_is_refused)
The packet is not runnable until the boundary is configured. ... ok
test_a_second_review_invocation_is_refused (test_review_supervisor.ThePacketIsHeldBeforeAnythingOpens.test_a_second_review_invocation_is_refused) ... ok
test_a_subject_whose_head_is_its_base_has_nothing_to_review (test_review_supervisor.ThePacketIsHeldBeforeAnythingOpens.test_a_subject_whose_head_is_its_base_has_nothing_to_review) ... ok
test_a_well_formed_packet_is_accepted (test_review_supervisor.ThePacketIsHeldBeforeAnythingOpens.test_a_well_formed_packet_is_accepted) ... ok
test_another_supervisors_packet_is_refused_by_schema (test_review_supervisor.ThePacketIsHeldBeforeAnythingOpens.test_another_supervisors_packet_is_refused_by_schema) ... ok
test_criteria_bytes_that_do_not_hash_to_the_sealed_digest (test_review_supervisor.ThePacketIsHeldBeforeAnythingOpens.test_criteria_bytes_that_do_not_hash_to_the_sealed_digest) ... ok
test_implementation_bounds_have_no_member_to_land_in (test_review_supervisor.ThePacketIsHeldBeforeAnythingOpens.test_implementation_bounds_have_no_member_to_land_in)
`_BOUNDS` is closed, so W239528's own bounds are refused here. ... ok
test_no_review_invocation_is_refused (test_review_supervisor.ThePacketIsHeldBeforeAnythingOpens.test_no_review_invocation_is_refused) ... ok
test_retry_is_refused (test_review_supervisor.ThePacketIsHeldBeforeAnythingOpens.test_retry_is_refused) ... ok
test_the_cleanup_reserve_must_be_inside_the_overall_bound (test_review_supervisor.ThePacketIsHeldBeforeAnythingOpens.test_the_cleanup_reserve_must_be_inside_the_overall_bound) ... ok
test_the_required_policy_is_the_products_own_word (test_review_supervisor.ThePacketIsHeldBeforeAnythingOpens.test_the_required_policy_is_the_products_own_word)
Mirrored, so the two have to be held together. ... ok
test_a_declining_deployment_never_reaches_open_correction (test_review_supervisor.TheProductBoundaryDeclinesTheRoundItself.test_a_declining_deployment_never_reaches_open_correction) ... ok
test_a_malformed_policy_is_refused_by_the_validator (test_review_supervisor.TheProductBoundaryDeclinesTheRoundItself.test_a_malformed_policy_is_refused_by_the_validator)
Owned where every other member is owned, not at `routed`. ... ok
test_a_verdict_that_is_not_a_correction_is_returned_as_it_arrived (test_review_supervisor.TheProductBoundaryDeclinesTheRoundItself.test_a_verdict_that_is_not_a_correction_is_returned_as_it_arrived) ... ok
test_every_other_deployment_is_unchanged (test_review_supervisor.TheProductBoundaryDeclinesTheRoundItself.test_every_other_deployment_is_unchanged)
Absent and `open` both mean exactly what they meant before. ... ok
test_an_implementation_stage_in_this_job_holds_the_run (test_review_supervisor.TheRunReportsWhatItCouldNotPrevent.test_an_implementation_stage_in_this_job_holds_the_run) ... ok
test_the_limitation_names_the_boundary_that_now_closes_it (test_review_supervisor.TheRunReportsWhatItCouldNotPrevent.test_the_limitation_names_the_boundary_that_now_closes_it)
The limitation text moved when the product change closed it. ... ok
test_a_head_other_than_the_checkpoints_is_named (test_review_supervisor.TheVerdictEvidenceReadsTheFrozenOutput.test_a_head_other_than_the_checkpoints_is_named) ... ok
test_a_verdict_outside_the_contract_is_a_shortfall (test_review_supervisor.TheVerdictEvidenceReadsTheFrozenOutput.test_a_verdict_outside_the_contract_is_a_shortfall) ... ok
test_an_attached_review_with_no_frozen_verdict_is_a_shortfall (test_review_supervisor.TheVerdictEvidenceReadsTheFrozenOutput.test_an_attached_review_with_no_frozen_verdict_is_a_shortfall)
A turn that produced no attributed report is not a result. ... ok
test_an_attachment_to_another_checkpoint_is_named (test_review_supervisor.TheVerdictEvidenceReadsTheFrozenOutput.test_an_attachment_to_another_checkpoint_is_named) ... ok
test_an_implementation_attempt_here_is_a_shortfall (test_review_supervisor.TheVerdictEvidenceReadsTheFrozenOutput.test_an_implementation_attempt_here_is_a_shortfall) ... ok
test_every_supported_verdict_is_a_result_and_not_a_shortfall (test_review_supervisor.TheVerdictEvidenceReadsTheFrozenOutput.test_every_supported_verdict_is_a_result_and_not_a_shortfall) ... ok
test_no_review_attempt_at_all_is_a_shortfall (test_review_supervisor.TheVerdictEvidenceReadsTheFrozenOutput.test_no_review_attempt_at_all_is_a_shortfall) ... ok
test_the_attachment_generation_is_the_one_the_row_records (test_review_supervisor.TheVerdictEvidenceReadsTheFrozenOutput.test_the_attachment_generation_is_the_one_the_row_records) ... ok
test_it_settles_with_zero_correction_rounds_and_no_implementation (test_review_lifecycle.AChangesRequestedReviewIsAValidOutcome.test_it_settles_with_zero_correction_rounds_and_no_implementation) ... ok
test_the_declining_deployment_is_what_the_run_actually_used (test_review_lifecycle.AChangesRequestedReviewIsAValidOutcome.test_the_declining_deployment_is_what_the_run_actually_used) ... ok
test_a_GENUINELY_outstanding_runtime_is_never_dropped (test_review_lifecycle.ARunThatStopsMovingSaysSoRatherThanWaitingItsBoundOut.test_a_GENUINELY_outstanding_runtime_is_never_dropped)
The fail-closed half, and the reason the fix is not just a filter. ... ok
test_it_stops_on_no_progress_with_an_admitted_attempt (test_review_lifecycle.ARunThatStopsMovingSaysSoRatherThanWaitingItsBoundOut.test_it_stops_on_no_progress_with_an_admitted_attempt) ... ok
test_the_excluded_identity_is_named_as_unallocated (test_review_lifecycle.ARunThatStopsMovingSaysSoRatherThanWaitingItsBoundOut.test_the_excluded_identity_is_named_as_unallocated)
Excluded, not ignored: the outcome says which and why. ... ok
test_a_composition_failure_mid_review_holds_with_the_attempt_named (test_review_lifecycle.AnAdmittedAttemptIsAccountedForWhenTheRunDoesNotFinish.test_a_composition_failure_mid_review_holds_with_the_attempt_named) ... ok
test_admission_closes_before_cancellation_and_nothing_is_admitted_after (test_review_lifecycle.AnAdmittedAttemptIsAccountedForWhenTheRunDoesNotFinish.test_admission_closes_before_cancellation_and_nothing_is_admitted_after) ... ok
test_an_interruption_mid_review_still_publishes_and_accounts (test_review_lifecycle.AnAdmittedAttemptIsAccountedForWhenTheRunDoesNotFinish.test_an_interruption_mid_review_still_publishes_and_accounts) ... ok
test_a_failure_before_the_ending_leaves_that_attempt_outstanding (test_review_lifecycle.AnOutstandingAdmittedAttemptIsNamedExactly.test_a_failure_before_the_ending_leaves_that_attempt_outstanding) ... ok
test_an_interruption_INSIDE_THE_SHUTDOWN_is_observed_not_inferred (test_review_lifecycle.AnOutstandingAdmittedAttemptIsNamedExactly.test_an_interruption_INSIDE_THE_SHUTDOWN_is_observed_not_inferred)
The injected point is asserted to have been reached. ... ok
test_an_interruption_with_that_attempt_outstanding_still_accounts (test_review_lifecycle.AnOutstandingAdmittedAttemptIsNamedExactly.test_an_interruption_with_that_attempt_outstanding_still_accounts)
And the cleanup WINDOW is not where it lands, which is worth ... ok
test_it_settles_with_one_attributed_verdict_and_positive_cleanup (test_review_lifecycle.OneReviewerIsAdmittedAndEnded.test_it_settles_with_one_attributed_verdict_and_positive_cleanup) ... ok
test_the_reviewer_is_independent_of_the_producer (test_review_lifecycle.OneReviewerIsAdmittedAndEnded.test_the_reviewer_is_independent_of_the_producer)
`attach_review` decides this, and the outcome carries both sides. ... ok
test_the_runtime_is_stopped_and_its_cleanup_is_positive (test_review_lifecycle.OneReviewerIsAdmittedAndEnded.test_the_runtime_is_stopped_and_its_cleanup_is_positive) ... ok
test_a_closed_gate_refuses_an_admission_it_is_offered (test_review_lifecycle.TheGateIsClosedBeforeAnythingIsCancelled.test_a_closed_gate_refuses_an_admission_it_is_offered)
Not just "none arrived" -- one is offered and refused. ... ok
test_cancellation_is_asked_for_only_after_the_gate_closed (test_review_lifecycle.TheGateIsClosedBeforeAnythingIsCancelled.test_cancellation_is_asked_for_only_after_the_gate_closed) ... ok
test_every_admitting_act_happened_while_the_gate_was_open (test_review_lifecycle.TheGateIsClosedBeforeAnythingIsCancelled.test_every_admitting_act_happened_while_the_gate_was_open) ... ok
test_an_interrupt_in_the_origin_read_stops_and_publishes (test_review_lifecycle.TheSERVINGOriginReadDoesNotSwallowAnInterrupt.test_an_interrupt_in_the_origin_read_stops_and_publishes) ... ok
test_an_ordinary_failure_in_the_origin_read_keeps_it_accountable (test_review_lifecycle.TheSERVINGOriginReadDoesNotSwallowAnInterrupt.test_an_ordinary_failure_in_the_origin_read_keeps_it_accountable)
Fail closed: `FOREIGN` is not excluded, so nothing leaves the set. ... ok
test_it_stops_at_the_serving_deadline_rather_than_completing (test_review_lifecycle.TheTotalBoundHoldsWhenTheRunCannotFinish.test_it_stops_at_the_serving_deadline_rather_than_completing) ... ok
test_no_cleanup_action_starts_after_the_total_deadline (test_review_lifecycle.TheTotalBoundHoldsWhenTheRunCannotFinish.test_no_cleanup_action_starts_after_the_total_deadline)
The whole run, on the controlled clock -- not `served_seconds`. ... ok
test_removing_the_deadline_check_would_change_this_answer (test_review_lifecycle.TheTotalBoundHoldsWhenTheRunCannotFinish.test_removing_the_deadline_check_would_change_this_answer)
The case is sensitive to the thing it claims to test. ... ok
test_serving_stops_at_total_minus_cleanup (test_review_lifecycle.TheTotalBoundHoldsWhenTheRunCannotFinish.test_serving_stops_at_total_minus_cleanup) ... ok
test_the_composition_command_matches_review_bindings (test_packet.TheCommandsAreTheOnesTheProgramsAccept.test_the_composition_command_matches_review_bindings) ... ok
test_the_regeneration_command_matches_packet (test_packet.TheCommandsAreTheOnesTheProgramsAccept.test_the_regeneration_command_matches_packet) ... ok
test_the_run_command_matches_review_supervisor (test_packet.TheCommandsAreTheOnesTheProgramsAccept.test_the_run_command_matches_review_supervisor) ... ok
test_the_snapshot_verify_command_matches_the_builder (test_packet.TheCommandsAreTheOnesTheProgramsAccept.test_the_snapshot_verify_command_matches_the_builder) ... ok
test_every_named_receipt_exists (test_packet.TheEvidenceDocumentDescribesTheFilesItShips.test_every_named_receipt_exists) ... ok
test_every_reused_digest_is_the_file_on_disk (test_packet.TheEvidenceDocumentDescribesTheFilesItShips.test_every_reused_digest_is_the_file_on_disk)
The accepted bytes this dossier imports rather than copies. ... ok
test_every_shipped_digest_is_the_file_on_disk (test_packet.TheEvidenceDocumentDescribesTheFilesItShips.test_every_shipped_digest_is_the_file_on_disk) ... ok
test_the_execution_state_is_the_one_that_happened (test_packet.TheEvidenceDocumentDescribesTheFilesItShips.test_the_execution_state_is_the_one_that_happened)
It WAS run, once, by the owner -- and it still authorizes nothing. ... ok
test_the_reviewers_measurements_are_kept_separate_from_mine (test_packet.TheEvidenceDocumentDescribesTheFilesItShips.test_the_reviewers_measurements_are_kept_separate_from_mine)
Their numbers are theirs; folding them into mine would inflate it. ... ok
test_every_established_claim_names_where_it_is_proved (test_packet.TheLimitationsComeBeforeTheClaims.test_every_established_claim_names_where_it_is_proved) ... ok
test_the_page_sends_a_reader_to_not_established_first (test_packet.TheLimitationsComeBeforeTheClaims.test_the_page_sends_a_reader_to_not_established_first) ... ok
test_the_provider_question_asks_rather_than_asserts (test_packet.TheLimitationsComeBeforeTheClaims.test_the_provider_question_asks_rather_than_asserts) ... ok
test_the_unknown_spending_is_named_as_unknown (test_packet.TheLimitationsComeBeforeTheClaims.test_the_unknown_spending_is_named_as_unknown) ... ok
test_independence_was_compared_and_not_assumed (test_packet.TheLiveRunIsRecordedAsWhatItWas.test_independence_was_compared_and_not_assumed)
All three identities, with values on both sides. ... ok
test_one_run_is_not_claimed_as_a_rate (test_packet.TheLiveRunIsRecordedAsWhatItWas.test_one_run_is_not_claimed_as_a_rate) ... ok
test_the_hashes_agree_with_the_reviewers_retained_manifest (test_packet.TheLiveRunIsRecordedAsWhatItWas.test_the_hashes_agree_with_the_reviewers_retained_manifest)
Their manifest and my export must name the same bytes. ... ok
test_the_packet_difference_is_named_exactly (test_packet.TheLiveRunIsRecordedAsWhatItWas.test_the_packet_difference_is_named_exactly) ... ok
test_the_reader_refusal_keeps_its_cause_unknown (test_packet.TheLiveRunIsRecordedAsWhatItWas.test_the_reader_refusal_keeps_its_cause_unknown)
A hypothesis that reads as a diagnosis is worse than no answer. ... ok
test_the_retained_files_still_hash_to_what_the_manifest_says (test_packet.TheLiveRunIsRecordedAsWhatItWas.test_the_retained_files_still_hash_to_what_the_manifest_says) ... ok
test_the_verdict_was_derived_and_not_copied (test_packet.TheLiveRunIsRecordedAsWhatItWas.test_the_verdict_was_derived_and_not_copied) ... ok
test_the_count_the_page_states_is_the_count_that_is_open (test_packet.TheOpenChoicesAreListedExactly.test_the_count_the_page_states_is_the_count_that_is_open) ... ok
test_the_evidence_lists_exactly_what_the_selections_still_ask (test_packet.TheOpenChoicesAreListedExactly.test_the_evidence_lists_exactly_what_the_selections_still_ask) ... ok
test_the_page_names_every_one_of_them (test_packet.TheOpenChoicesAreListedExactly.test_the_page_names_every_one_of_them) ... ok
test_the_three_that_carry_a_refusal_are_called_out (test_packet.TheOpenChoicesAreListedExactly.test_the_three_that_carry_a_refusal_are_called_out)
A choice that fails the run deserves a warning before it is made. ... ok
test_every_digest_on_the_page_is_one_the_evidence_knows (test_packet.TheOperatorPageCarriesNoStaleClaim.test_every_digest_on_the_page_is_one_the_evidence_knows)
No hash survives on the page after the file behind it moves. ... ok
test_it_names_the_evidence_document_and_how_to_regenerate_it (test_packet.TheOperatorPageCarriesNoStaleClaim.test_it_names_the_evidence_document_and_how_to_regenerate_it) ... ok
test_it_quotes_no_receipt_or_check_count_of_its_own (test_packet.TheOperatorPageCarriesNoStaleClaim.test_it_quotes_no_receipt_or_check_count_of_its_own)
The page defers to the derived document, on purpose. ... ok
test_the_baseline_digest_it_quotes_is_the_one_bound_at_startup (test_packet.TheOperatorPageCarriesNoStaleClaim.test_the_baseline_digest_it_quotes_is_the_one_bound_at_startup) ... ok
test_the_gap_between_them_is_stated_in_both_documents (test_packet.TheTwoProofsAreDistinguished.test_the_gap_between_them_is_stated_in_both_documents)
Scoped to the DETERMINISTIC suite, because the live run closed it. ... ok
test_the_implementer_still_claims_no_provider_of_its_own (test_packet.TheTwoProofsAreDistinguished.test_the_implementer_still_claims_no_provider_of_its_own)
The distinction that matters now: who ran it. ... ok
test_the_lifecycle_proof_is_recorded_as_not_entering_main (test_packet.TheTwoProofsAreDistinguished.test_the_lifecycle_proof_is_recorded_as_not_entering_main) ... ok
test_the_startup_proof_is_recorded_as_held (test_packet.TheTwoProofsAreDistinguished.test_the_startup_proof_is_recorded_as_held) ... ok

----------------------------------------------------------------------
Ran 151 tests in 37.431s

OK
