test_managed_correction_and_independent_acceptance_without_model_label (tests.manager.test_claude_context.ManagedSessionResume.test_managed_correction_and_independent_acceptance_without_model_label) ... ok
test_restore_changed_model_keeps_requested_binding (tests.manager.test_claude_context.ManagedSessionResume.test_restore_changed_model_keeps_requested_binding) ... ok
test_measured_receipt_rejects_substituted_terminal_even_same_session (tests.manager.test_claude_context.ManagedSessionResume.test_measured_receipt_rejects_substituted_terminal_even_same_session) ... ok
test_failed_runtime_removal_keeps_context_and_ending_unsettled (tests.manager.test_claude_context.ManagedSessionResume.test_failed_runtime_removal_keeps_context_and_ending_unsettled) ... ok
test_wrong_session_on_restore_cannot_finalize_or_repeat (tests.manager.test_claude_context.ManagedSessionResume.test_wrong_session_on_restore_cannot_finalize_or_repeat) ... ok
test_changed_reported_model_also_certifies_as_diagnostics (tests.manager.test_claude_context.ManagedSessionResume.test_changed_reported_model_also_certifies_as_diagnostics) ... ok
test_missing_conversation_file_cannot_be_replaced_by_another_session (tests.manager.test_claude_context.ManagedSessionResume.test_missing_conversation_file_cannot_be_replaced_by_another_session) ... ok
test_real_worker_retains_measured_receipt_and_finalizes_before_settlement (tests.manager.test_claude_context.WorkerInvocation.test_real_worker_retains_measured_receipt_and_finalizes_before_settlement) ... ok
test_duplicate_exchange_cannot_call_the_provider_again (tests.manager.test_claude_context.WorkerInvocation.test_duplicate_exchange_cannot_call_the_provider_again) ... ok
test_status_zero_with_wrong_uuid_is_unhealthy (tests.manager.test_claude_context.WorkerInvocation.test_status_zero_with_wrong_uuid_is_unhealthy) ... ok
test_nonzero_with_success_terminal_is_unhealthy (tests.manager.test_claude_context.WorkerInvocation.test_nonzero_with_success_terminal_is_unhealthy) ... ok
test_status_zero_with_changed_model_is_healthy_and_truthful (tests.manager.test_claude_context.WorkerInvocation.test_status_zero_with_changed_model_is_healthy_and_truthful) ... ok
test_status_zero_without_model_is_healthy_and_diagnostics_are_bound (tests.manager.test_claude_context.WorkerInvocation.test_status_zero_without_model_is_healthy_and_diagnostics_are_bound) ... ok
test_status_zero_with_error_is_unhealthy (tests.manager.test_claude_context.WorkerInvocation.test_status_zero_with_error_is_unhealthy) ... ok
test_missing_terminal_is_unhealthy (tests.manager.test_claude_context.WorkerInvocation.test_missing_terminal_is_unhealthy) ... ok
test_partial_terminal_is_unhealthy (tests.manager.test_claude_context.WorkerInvocation.test_partial_terminal_is_unhealthy) ... ok
test_duplicate_terminal_keys_are_unhealthy (tests.manager.test_claude_context.WorkerInvocation.test_duplicate_terminal_keys_are_unhealthy) ... ok
test_oversized_terminal_is_unhealthy (tests.manager.test_claude_context.WorkerInvocation.test_oversized_terminal_is_unhealthy) ... ok
test_nonfinite_terminal_numbers_are_unhealthy (tests.manager.test_claude_context.WorkerInvocation.test_nonfinite_terminal_numbers_are_unhealthy) ... ok
test_historical_v2_receipt_still_validates_its_original_model_contract (tests.manager.test_claude_context.WorkerInvocation.test_historical_v2_receipt_still_validates_its_original_model_contract) ... ok
test_intent_before_child_loss_never_reinvokes_the_use (tests.manager.test_claude_context.WorkerInvocation.test_intent_before_child_loss_never_reinvokes_the_use) ... ok
test_the_flow_opens_and_restores_on_one_grant (tests.manager.test_claude_context.CandidateQualificationFlow.test_the_flow_opens_and_restores_on_one_grant) ... ok
test_a_third_generation_refuses_the_grant_cap (tests.manager.test_claude_context.CandidateQualificationFlow.test_a_third_generation_refuses_the_grant_cap) ... ok
test_without_a_grant_the_opening_admission_refuses (tests.manager.test_claude_context.CandidateQualificationFlow.test_without_a_grant_the_opening_admission_refuses) ... ok
test_a_fresh_run_id_is_a_new_grant_and_a_retry_replays (tests.manager.test_claude_context.CandidateQualificationFlow.test_a_fresh_run_id_is_a_new_grant_and_a_retry_replays) ... ok
test_certification_demands_retirement_and_retained_independent_evidence (tests.manager.test_claude_context.CandidateQualificationFlow.test_certification_demands_retirement_and_retained_independent_evidence) ... ok
test_certification_rejects_damaged_generation_receipt_report_and_provider_result (tests.manager.test_claude_context.CandidateQualificationFlow.test_certification_rejects_damaged_generation_receipt_report_and_provider_result) ... ok
test_the_launch_boundary_mints_and_demands_the_grant (tests.manager.test_claude_context.CandidateQualificationFlow.test_the_launch_boundary_mints_and_demands_the_grant) ... ok
test_production_qualification_cannot_be_asserted_by_a_profile_label (tests.manager.test_provider_context.Profiles.test_production_qualification_cannot_be_asserted_by_a_profile_label) ... ok
test_closed_profile_rejects_wrong_types_and_unsafe_paths (tests.manager.test_provider_context.Profiles.test_closed_profile_rejects_wrong_types_and_unsafe_paths) ... ok
test_only_admitted_uuid_expands_the_exact_filename (tests.manager.test_provider_context.ConversationStatePaths.test_only_admitted_uuid_expands_the_exact_filename) ... ok
test_historical_profile_keeps_marker_filename_literal (tests.manager.test_provider_context.ConversationStatePaths.test_historical_profile_keeps_marker_filename_literal) ... ok
test_terminal_reader_refuses_duplicates_partial_nonfinite_and_nonobject (tests.manager.test_provider_context.ConversationStatePaths.test_terminal_reader_refuses_duplicates_partial_nonfinite_and_nonobject) ... ok
test_templates_do_not_expand_directories_or_arbitrary_placeholders (tests.manager.test_provider_context.ConversationStatePaths.test_templates_do_not_expand_directories_or_arbitrary_placeholders) ... ok

----------------------------------------------------------------------
Ran 34 tests in 16.467s

OK
