test_current_authority_change_between_preparation_and_start_refuses (tests.manager.test_claude_context.ServingBinding.test_current_authority_change_between_preparation_and_start_refuses) ... ok
test_real_composition_binds_exact_task_prompt_argv_and_adoption (tests.manager.test_claude_context.ServingBinding.test_real_composition_binds_exact_task_prompt_argv_and_adoption) ... ok
test_real_worker_retains_measured_receipt_and_finalizes_before_settlement (tests.manager.test_claude_context.WorkerInvocation.test_real_worker_retains_measured_receipt_and_finalizes_before_settlement) ... ok
test_duplicate_exchange_cannot_call_the_provider_again (tests.manager.test_claude_context.WorkerInvocation.test_duplicate_exchange_cannot_call_the_provider_again) ... ok
test_status_zero_with_wrong_uuid_is_unhealthy (tests.manager.test_claude_context.WorkerInvocation.test_status_zero_with_wrong_uuid_is_unhealthy) ... ok
test_nonzero_with_success_terminal_is_unhealthy (tests.manager.test_claude_context.WorkerInvocation.test_nonzero_with_success_terminal_is_unhealthy) ... ok
test_status_zero_with_changed_model_is_healthy_and_truthful (tests.manager.test_claude_context.WorkerInvocation.test_status_zero_with_changed_model_is_healthy_and_truthful) ... ok
test_status_zero_without_model_is_healthy_and_diagnostics_are_bound (tests.manager.test_claude_context.WorkerInvocation.test_status_zero_without_model_is_healthy_and_diagnostics_are_bound) ... ok
test_status_zero_with_error_is_unhealthy (tests.manager.test_claude_context.WorkerInvocation.test_status_zero_with_error_is_unhealthy) ... ok
test_missing_terminal_is_unhealthy (tests.manager.test_claude_context.WorkerInvocation.test_missing_terminal_is_unhealthy) ... ok
test_partial_terminal_is_unhealthy (tests.manager.test_claude_context.WorkerInvocation.test_partial_terminal_is_unhealthy) ... ok
test_duplicate_terminal_keys_are_unhealthy (tests.manager.test_claude_context.WorkerInvocation.test_duplicate_terminal_keys_are_unhealthy) ... ok
test_oversized_terminal_is_unhealthy (tests.manager.test_claude_context.WorkerInvocation.test_oversized_terminal_is_unhealthy) ... ok
test_nonfinite_terminal_numbers_are_unhealthy (tests.manager.test_claude_context.WorkerInvocation.test_nonfinite_terminal_numbers_are_unhealthy) ... ok
test_historical_v2_receipt_still_validates_its_original_model_contract (tests.manager.test_claude_context.WorkerInvocation.test_historical_v2_receipt_still_validates_its_original_model_contract) ... ok
test_intent_before_child_loss_never_reinvokes_the_use (tests.manager.test_claude_context.WorkerInvocation.test_intent_before_child_loss_never_reinvokes_the_use) ... ok
test_failed_runtime_removal_keeps_context_and_ending_unsettled (tests.manager.test_claude_context.ServingEnding.test_failed_runtime_removal_keeps_context_and_ending_unsettled) ... ok
test_sealed_malformed_json_is_not_context_evidence (tests.manager.test_claude_context.ServingEnding.test_sealed_malformed_json_is_not_context_evidence) ... ok
test_sealed_excessive_json_depth_is_not_context_evidence (tests.manager.test_claude_context.ServingEnding.test_sealed_excessive_json_depth_is_not_context_evidence) ... ok
test_sealed_wrong_argv_binding_is_not_context_evidence (tests.manager.test_claude_context.ServingEnding.test_sealed_wrong_argv_binding_is_not_context_evidence) ... ok
test_sealed_duplicate_json_is_not_context_evidence (tests.manager.test_claude_context.ServingEnding.test_sealed_duplicate_json_is_not_context_evidence) ... ok
test_sealed_foreign_receipt_is_not_context_evidence (tests.manager.test_claude_context.ServingEnding.test_sealed_foreign_receipt_is_not_context_evidence) ... ok
test_sealed_legacy_receipt_cannot_downgrade_serving_evidence (tests.manager.test_claude_context.ServingEnding.test_sealed_legacy_receipt_cannot_downgrade_serving_evidence) ... ok
test_sealed_wrong_filename_is_not_context_evidence (tests.manager.test_claude_context.ServingEnding.test_sealed_wrong_filename_is_not_context_evidence) ... ok
test_worker_extra_entries_cannot_pass_collection (tests.manager.test_claude_context.ServingEnding.test_worker_extra_entries_cannot_pass_collection) ... ok
test_worker_oversized_receipt_cannot_pass_collection (tests.manager.test_claude_context.ServingEnding.test_worker_oversized_receipt_cannot_pass_collection) ... ok
test_worker_link_cannot_pass_collection (tests.manager.test_claude_context.ServingEnding.test_worker_link_cannot_pass_collection) ... ok
test_missing_optional_answer_cannot_finalize_implementation (tests.manager.test_claude_context.ServingEnding.test_missing_optional_answer_cannot_finalize_implementation) ... ok
test_reopen_before_generation_publication (tests.manager.test_claude_context.ServingEnding.test_reopen_before_generation_publication) ... ok
test_reopen_after_publication_before_context_commit (tests.manager.test_claude_context.ServingEnding.test_reopen_after_publication_before_context_commit) ... ok
test_reopen_after_context_commit_before_settlement (tests.manager.test_claude_context.ServingEnding.test_reopen_after_context_commit_before_settlement) ... ok
test_retained_changed_bytes_block_reopened_ending (tests.manager.test_claude_context.ServingEnding.test_retained_changed_bytes_block_reopened_ending) ... ok
test_retained_missing_file_blocks_reopened_ending (tests.manager.test_claude_context.ServingEnding.test_retained_missing_file_blocks_reopened_ending) ... ok
test_retained_extra_entry_blocks_reopened_ending (tests.manager.test_claude_context.ServingEnding.test_retained_extra_entry_blocks_reopened_ending) ... ok
test_retained_link_blocks_reopened_ending (tests.manager.test_claude_context.ServingEnding.test_retained_link_blocks_reopened_ending) ... ok
test_committed_context_does_not_bypass_missing_retained_receipt (tests.manager.test_claude_context.ServingEnding.test_committed_context_does_not_bypass_missing_retained_receipt) ... ok
test_actual_changes_requested_review_restores_only_fresh_implementation_use (tests.manager.test_claude_context.RestoredCorrectionBoundary.test_actual_changes_requested_review_restores_only_fresh_implementation_use) ... ok
test_the_feedback_prompt_twins_agree (tests.manager.test_claude_context.RestoredCorrectionBoundary.test_the_feedback_prompt_twins_agree) ... ok
test_an_oversized_feedback_refuses_on_both_sides (tests.manager.test_claude_context.RestoredCorrectionBoundary.test_an_oversized_feedback_refuses_on_both_sides) ... ok
test_a_tampered_feedback_file_refuses_before_the_provider (tests.manager.test_claude_context.RestoredCorrectionBoundary.test_a_tampered_feedback_file_refuses_before_the_provider) ... ok
test_a_missing_feedback_file_refuses_by_name (tests.manager.test_claude_context.RestoredCorrectionBoundary.test_a_missing_feedback_file_refuses_by_name) ... ok
test_a_stray_feedback_file_on_an_open_turn_refuses (tests.manager.test_claude_context.RestoredCorrectionBoundary.test_a_stray_feedback_file_on_an_open_turn_refuses) ... ok
test_a_fifo_at_the_feedback_name_refuses_without_blocking (tests.manager.test_claude_context.RestoredCorrectionBoundary.test_a_fifo_at_the_feedback_name_refuses_without_blocking)
Review231132 [R1]: a blocking open ran before every gate. The ... ok
test_a_fifo_replacing_the_delivered_feedback_refuses_the_turn (tests.manager.test_claude_context.RestoredCorrectionBoundary.test_a_fifo_replacing_the_delivered_feedback_refuses_the_turn)
The composed half of the same regression: the correction turn ... ok
test_a_wrong_or_stale_verdict_refuses_the_feedback_resolution (tests.manager.test_claude_context.RestoredCorrectionBoundary.test_a_wrong_or_stale_verdict_refuses_the_feedback_resolution) ... ok
test_replay_never_overwrites_the_delivered_feedback (tests.manager.test_claude_context.RestoredCorrectionBoundary.test_replay_never_overwrites_the_delivered_feedback) ... ok
test_the_flow_opens_and_restores_on_one_grant (tests.manager.test_claude_context.CandidateQualificationFlow.test_the_flow_opens_and_restores_on_one_grant) ... ok
test_a_third_generation_refuses_the_grant_cap (tests.manager.test_claude_context.CandidateQualificationFlow.test_a_third_generation_refuses_the_grant_cap) ... ok
test_without_a_grant_the_opening_admission_refuses (tests.manager.test_claude_context.CandidateQualificationFlow.test_without_a_grant_the_opening_admission_refuses) ... ok
test_a_fresh_run_id_is_a_new_grant_and_a_retry_replays (tests.manager.test_claude_context.CandidateQualificationFlow.test_a_fresh_run_id_is_a_new_grant_and_a_retry_replays) ... ok
test_certification_demands_retirement_and_retained_independent_evidence (tests.manager.test_claude_context.CandidateQualificationFlow.test_certification_demands_retirement_and_retained_independent_evidence) ... ok
test_certification_rejects_damaged_generation_receipt_report_and_provider_result (tests.manager.test_claude_context.CandidateQualificationFlow.test_certification_rejects_damaged_generation_receipt_report_and_provider_result) ... ok
test_the_launch_boundary_mints_and_demands_the_grant (tests.manager.test_claude_context.CandidateQualificationFlow.test_the_launch_boundary_mints_and_demands_the_grant) ... ok
test_prove_context_execution_refuses_deterministic (tests.manager.test_claude_context.DeterministicProfilesNeverExecuteForReal.test_prove_context_execution_refuses_deterministic) ... ok
test_managed_correction_and_independent_acceptance_without_model_label (tests.manager.test_claude_context.ManagedSessionResume.test_managed_correction_and_independent_acceptance_without_model_label) ... ok
test_restore_changed_model_keeps_requested_binding (tests.manager.test_claude_context.ManagedSessionResume.test_restore_changed_model_keeps_requested_binding) ... ok
test_measured_receipt_rejects_substituted_terminal_even_same_session (tests.manager.test_claude_context.ManagedSessionResume.test_measured_receipt_rejects_substituted_terminal_even_same_session) ... ok
test_failed_runtime_removal_keeps_context_and_ending_unsettled (tests.manager.test_claude_context.ManagedSessionResume.test_failed_runtime_removal_keeps_context_and_ending_unsettled) ... ok
test_wrong_session_on_restore_cannot_finalize_or_repeat (tests.manager.test_claude_context.ManagedSessionResume.test_wrong_session_on_restore_cannot_finalize_or_repeat) ... ok
test_admission_is_replayed_after_reopen_without_another_authority_read (tests.manager.test_provider_context.Admission.test_admission_is_replayed_after_reopen_without_another_authority_read) ... ok
test_missing_live_assignment_refuses_before_any_context_transition (tests.manager.test_provider_context.Admission.test_missing_live_assignment_refuses_before_any_context_transition) ... ok
test_changed_profile_cannot_reinterpret_an_admitted_use (tests.manager.test_provider_context.Admission.test_changed_profile_cannot_reinterpret_an_admitted_use) ... ok
test_wrong_writer_refuses (tests.manager.test_provider_context.Admission.test_wrong_writer_refuses) ... ok
test_replaced_repository_refuses_before_admission (tests.manager.test_provider_context.Admission.test_replaced_repository_refuses_before_admission) ... ok
test_two_connections_commit_one_admission (tests.manager.test_provider_context.Admission.test_two_connections_commit_one_admission) ... ok
test_observation_is_pure_and_contains_no_private_locator (tests.manager.test_provider_context.Admission.test_observation_is_pure_and_contains_no_private_locator) ... ok
test_unknown_use_stays_held (tests.manager.test_provider_context.Admission.test_unknown_use_stays_held) ... ok
test_missing_owner_cleanup_never_reads_the_receipt (tests.manager.test_provider_context.Admission.test_missing_owner_cleanup_never_reads_the_receipt) ... ok
test_production_qualification_cannot_be_asserted_by_a_profile_label (tests.manager.test_provider_context.Profiles.test_production_qualification_cannot_be_asserted_by_a_profile_label) ... ok
test_closed_profile_rejects_wrong_types_and_unsafe_paths (tests.manager.test_provider_context.Profiles.test_closed_profile_rejects_wrong_types_and_unsafe_paths) ... ok
test_only_admitted_uuid_expands_the_exact_filename (tests.manager.test_provider_context.ConversationStatePaths.test_only_admitted_uuid_expands_the_exact_filename) ... ok
test_terminal_reader_refuses_duplicates_partial_nonfinite_and_nonobject (tests.manager.test_provider_context.ConversationStatePaths.test_terminal_reader_refuses_duplicates_partial_nonfinite_and_nonobject) ... ok
test_templates_do_not_expand_directories_or_arbitrary_placeholders (tests.manager.test_provider_context.ConversationStatePaths.test_templates_do_not_expand_directories_or_arbitrary_placeholders) ... ok
test_positive_generation_is_published_and_replayed_after_fence (tests.manager.test_provider_context.Finalization.test_positive_generation_is_published_and_replayed_after_fence) ... ok
test_wrong_actual_model_receipt_cannot_publish_a_generation (tests.manager.test_provider_context.Finalization.test_wrong_actual_model_receipt_cannot_publish_a_generation) ... ok
test_crash_after_publication_before_journal_replays_only_custody (tests.manager.test_provider_context.Finalization.test_crash_after_publication_before_journal_replays_only_custody) ... ok
test_crash_during_staging_reuses_only_matching_private_bytes (tests.manager.test_provider_context.Finalization.test_crash_during_staging_reuses_only_matching_private_bytes) ... ok
test_damaged_committed_generation_is_refused (tests.manager.test_provider_context.Finalization.test_damaged_committed_generation_is_refused) ... ok
test_disposal_preserves_generation_and_invocation_evidence (tests.manager.test_provider_context.Finalization.test_disposal_preserves_generation_and_invocation_evidence) ... ok
test_actual_correction_admits_a_fresh_copy_with_the_same_conversation (tests.manager.test_provider_context.Restoration.test_actual_correction_admits_a_fresh_copy_with_the_same_conversation) ... ok
test_competing_restore_refusal_does_not_consume_incumbent_finalization (tests.manager.test_provider_context.Restoration.test_competing_restore_refusal_does_not_consume_incumbent_finalization) ... ok
test_actual_principal_change_cannot_inherit_the_existing_context (tests.manager.test_provider_context.RemainingBoundaries.test_actual_principal_change_cannot_inherit_the_existing_context) ... ok
test_another_jobs_store_cannot_supply_this_episode (tests.manager.test_provider_context.RemainingBoundaries.test_another_jobs_store_cannot_supply_this_episode) ... ok
test_a_foreign_live_actor_is_refused (tests.manager.test_provider_context.RemainingBoundaries.test_a_foreign_live_actor_is_refused) ... ok
test_original_context_survives_removal_of_generic_execution_roots (tests.manager.test_provider_context.RemainingBoundaries.test_original_context_survives_removal_of_generic_execution_roots) ... ok
test_damage_is_observed_as_a_hold_without_mutating_the_store (tests.manager.test_provider_context.RemainingBoundaries.test_damage_is_observed_as_a_hold_without_mutating_the_store) ... ok
test_unknown_file_in_staging_cannot_enter_a_generation (tests.manager.test_provider_context.RemainingBoundaries.test_unknown_file_in_staging_cannot_enter_a_generation) ... ok
test_a_replaced_generation_with_identical_bytes_is_still_not_the_original (tests.manager.test_provider_context.RemainingBoundaries.test_a_replaced_generation_with_identical_bytes_is_still_not_the_original) ... ok
test_retirement_cannot_release_an_unknown_writer (tests.manager.test_provider_context.RemainingBoundaries.test_retirement_cannot_release_an_unknown_writer) ... ok
test_unproven_receipt_bytes_cannot_replace_a_frozen_healthy_receipt (tests.manager.test_provider_context.RemainingBoundaries.test_unproven_receipt_bytes_cannot_replace_a_frozen_healthy_receipt) ... ok
test_actual_image_drift_refuses_before_admission (tests.manager.test_provider_context.RemainingBoundaries.test_actual_image_drift_refuses_before_admission) ... ok
test_zero_state_write_recovers (tests.manager.test_provider_context.StagingRecovery.test_zero_state_write_recovers) ... ok
test_partial_state_write_recovers (tests.manager.test_provider_context.StagingRecovery.test_partial_state_write_recovers) ... ok
test_zero_identity_write_recovers (tests.manager.test_provider_context.StagingRecovery.test_zero_identity_write_recovers) ... ok
test_partial_identity_write_recovers (tests.manager.test_provider_context.StagingRecovery.test_partial_identity_write_recovers) ... ok
test_zero_manifest_write_recovers (tests.manager.test_provider_context.StagingRecovery.test_zero_manifest_write_recovers) ... ok
test_partial_manifest_write_recovers (tests.manager.test_provider_context.StagingRecovery.test_partial_manifest_write_recovers) ... ok
test_mismatching_staging_bytes_are_preserved_and_refused (tests.manager.test_provider_context.StagingRecovery.test_mismatching_staging_bytes_are_preserved_and_refused) ... ok
test_replaced_staging_objects_are_refused (tests.manager.test_provider_context.StagingRecovery.test_replaced_staging_objects_are_refused) ... ok
test_source_changes_after_interruption_are_refused (tests.manager.test_provider_context.StagingRecovery.test_source_changes_after_interruption_are_refused) ... ok
test_complete_write_before_freeze_recovers (tests.manager.test_provider_context.StagingRecovery.test_complete_write_before_freeze_recovers) ... ok
test_empty_staging_before_registration_can_recover (tests.manager.test_provider_context.StagingRecovery.test_empty_staging_before_registration_can_recover) ... ok
test_unregistered_nonempty_staging_is_preserved_and_refused (tests.manager.test_provider_context.StagingRecovery.test_unregistered_nonempty_staging_is_preserved_and_refused) ... ok
test_wrong_use_is_not_ready (tests.manager.test_provider_context.GenerationIdentity.test_wrong_use_is_not_ready) ... ok
test_wrong_exclusion_is_not_ready (tests.manager.test_provider_context.GenerationIdentity.test_wrong_exclusion_is_not_ready) ... ok
test_missing_identity_is_not_ready (tests.manager.test_provider_context.GenerationIdentity.test_missing_identity_is_not_ready) ... ok
test_writable_identity_is_not_ready (tests.manager.test_provider_context.GenerationIdentity.test_writable_identity_is_not_ready) ... ok
test_symlink_identity_is_not_ready (tests.manager.test_provider_context.GenerationIdentity.test_symlink_identity_is_not_ready) ... ok
test_directory_identity_is_not_ready (tests.manager.test_provider_context.GenerationIdentity.test_directory_identity_is_not_ready) ... ok
test_hardlink_identity_is_not_ready (tests.manager.test_provider_context.GenerationIdentity.test_hardlink_identity_is_not_ready) ... ok
test_oversized_identity_is_not_ready (tests.manager.test_provider_context.GenerationIdentity.test_oversized_identity_is_not_ready) ... ok
test_publication_replay_refuses_wrong_identity (tests.manager.test_provider_context.GenerationIdentity.test_publication_replay_refuses_wrong_identity) ... ok
test_publication_replay_refuses_wrong_exclusion (tests.manager.test_provider_context.GenerationIdentity.test_publication_replay_refuses_wrong_exclusion) ... ok
test_publication_replay_refuses_missing_identity (tests.manager.test_provider_context.GenerationIdentity.test_publication_replay_refuses_missing_identity) ... ok
test_publication_replay_refuses_writable_identity (tests.manager.test_provider_context.GenerationIdentity.test_publication_replay_refuses_writable_identity) ... ok
test_restore_admission_refuses_damaged_prior_identity (tests.manager.test_provider_context.GenerationIdentity.test_restore_admission_refuses_damaged_prior_identity) ... ok
test_publication_replay_preserves_mismatching_state (tests.manager.test_provider_context.GenerationIdentity.test_publication_replay_preserves_mismatching_state) ... ok
test_restore_materialization_rechecks_original_generation_identity (tests.manager.test_provider_context.GenerationIdentity.test_restore_materialization_rechecks_original_generation_identity) ... ok
test_historical_admission_survives_restart_without_rewriting (tests.manager.test_provider_context.QualificationAdmissionRegression.test_historical_admission_survives_restart_without_rewriting) ... ok
test_grant_is_rechecked_inside_commit_and_request_restart (tests.manager.test_provider_context.QualificationAdmissionRegression.test_grant_is_rechecked_inside_commit_and_request_restart) ... ok
test_authority_and_workspace_object_are_bound (tests.manager.test_provider_context.QualificationAdmissionRegression.test_authority_and_workspace_object_are_bound) ... ok
test_wrong_authority_grant_cannot_be_spent (tests.manager.test_provider_context.QualificationAdmissionRegression.test_wrong_authority_grant_cannot_be_spent) ... ok
test_competing_context_consumes_between_selection_and_commit (tests.manager.test_provider_context.QualificationAdmissionRegression.test_competing_context_consumes_between_selection_and_commit) ... ok

----------------------------------------------------------------------
Ran 123 tests in 29.973s

OK
