test_it_settles_after_one_correction_and_proves_every_cleanup (test_supervisor.TheSupervisorDrivesOneBoundedCorrection.test_it_settles_after_one_correction_and_proves_every_cleanup) ... ok
test_one_grant_carried_both_generations (test_supervisor.TheSupervisorDrivesOneBoundedCorrection.test_one_grant_carried_both_generations) ... ok
test_the_correction_reached_the_provider_as_a_restore (test_supervisor.TheSupervisorDrivesOneBoundedCorrection.test_the_correction_reached_the_provider_as_a_restore)
The supervised run really drove the resume path, not two opens. ... ok
test_the_declared_per_turn_ceiling_is_the_jobs_own (test_supervisor.TheSupervisorDrivesOneBoundedCorrection.test_the_declared_per_turn_ceiling_is_the_jobs_own)
R1: the number the packet declares is the number the Job carries. ... ok
test_the_gate_counted_exactly_the_declared_invocations (test_supervisor.TheSupervisorDrivesOneBoundedCorrection.test_the_gate_counted_exactly_the_declared_invocations) ... ok
test_the_mirrored_claim_namespace_matches_the_worker (test_supervisor.TheSupervisorDrivesOneBoundedCorrection.test_the_mirrored_claim_namespace_matches_the_worker)
`single_worker`'s rule: mirrored names are kept honest by a test. ... ok
test_the_outcome_is_retained_where_the_packet_says (test_supervisor.TheSupervisorDrivesOneBoundedCorrection.test_the_outcome_is_retained_where_the_packet_says) ... ok
test_the_workload_evidence_is_the_selected_sequence (test_supervisor.TheSupervisorDrivesOneBoundedCorrection.test_the_workload_evidence_is_the_selected_sequence)
R1: settled now means the correction really happened. ... ok
test_a_job_without_the_declared_ceiling_refuses_before_serving (test_supervisor.TheSupervisorEnforcesTheSelectedWorkload.test_a_job_without_the_declared_ceiling_refuses_before_serving)
A bound this run did not request is not a bound it has. ... ok
test_a_packet_whose_corrections_and_invocations_disagree_refuses (test_supervisor.TheSupervisorEnforcesTheSelectedWorkload.test_a_packet_whose_corrections_and_invocations_disagree_refuses) ... ok
test_a_second_changes_requested_exhausts_the_cap_and_holds (test_supervisor.TheSupervisorEnforcesTheSelectedWorkload.test_a_second_changes_requested_exhausts_the_cap_and_holds)
No third implementer invocation, and no fabricated acceptance. ... ok
test_an_accepted_first_review_is_held_rather_than_settled (test_supervisor.TheSupervisorEnforcesTheSelectedWorkload.test_an_accepted_first_review_is_held_rather_than_settled)
The reviewer's second counterexample, now held. ... ok
test_one_declared_invocation_refuses_the_second_admission (test_supervisor.TheSupervisorEnforcesTheSelectedWorkload.test_one_declared_invocation_refuses_the_second_admission)
The reviewer's first counterexample, now refused at the gate. ... ok
test_a_closed_gate_refuses_admit_claim_and_launch (test_supervisor.TheSupervisorStopsAdmissionAndAccountsForEveryRuntime.test_a_closed_gate_refuses_admit_claim_and_launch) ... ok
test_a_closed_gate_still_forwards_the_settling_acts (test_supervisor.TheSupervisorStopsAdmissionAndAccountsForEveryRuntime.test_a_closed_gate_still_forwards_the_settling_acts)
The cleanup window drives endings; it just cannot start anything. ... ok
test_a_fault_after_a_launch_still_accounts_for_that_runtime (test_supervisor.TheSupervisorStopsAdmissionAndAccountsForEveryRuntime.test_a_fault_after_a_launch_still_accounts_for_that_runtime)
The reviewer's fourth counterexample. ... ok
test_a_launch_that_faults_is_still_a_runtime_this_run_started (test_supervisor.TheSupervisorStopsAdmissionAndAccountsForEveryRuntime.test_a_launch_that_faults_is_still_a_runtime_this_run_started)
R2: the identity is taken at the call, before delegating. ... ok
test_a_runtime_started_during_cleanup_is_accounted_not_just_noted (test_supervisor.TheSupervisorStopsAdmissionAndAccountsForEveryRuntime.test_a_runtime_started_during_cleanup_is_accounted_not_just_noted)
The reviewer's third counterexample. ... ok
test_an_unknown_stage_kind_is_refused_by_name (test_supervisor.TheSupervisorStopsAdmissionAndAccountsForEveryRuntime.test_an_unknown_stage_kind_is_refused_by_name) ... ok
test_the_cap_refuses_before_the_inner_admit_is_reached (test_supervisor.TheSupervisorStopsAdmissionAndAccountsForEveryRuntime.test_the_cap_refuses_before_the_inner_admit_is_reached) ... ok
test_a_composition_without_the_capability_is_held_and_says_so (test_supervisor.TheSupervisorShutsDownWhatItStarted.test_a_composition_without_the_capability_is_held_and_says_so)
Honest reporting when a deployment composes no stop at all. ... ok
test_a_deferred_signal_during_shutdown_is_recorded_not_raised (test_supervisor.TheSupervisorShutsDownWhatItStarted.test_a_deferred_signal_during_shutdown_is_recorded_not_raised)
The mode, asserted directly: raise while serving, defer after. ... ok
test_a_refused_cancellation_is_held_rather_than_absorbed (test_supervisor.TheSupervisorShutsDownWhatItStarted.test_a_refused_cancellation_is_held_rather_than_absorbed) ... ok
test_a_timeout_with_a_waiting_runtime_orders_the_stop (test_supervisor.TheSupervisorShutsDownWhatItStarted.test_a_timeout_with_a_waiting_runtime_orders_the_stop)
The reviewer's counterexample, with a composition that can stop. ... ok
test_an_attempt_this_manager_cannot_describe_is_still_ordered (test_supervisor.TheSupervisorShutsDownWhatItStarted.test_an_attempt_this_manager_cannot_describe_is_still_ordered)
R2a: unknown state is not absence. ... ok
test_an_interrupt_at_a_runtime_read_still_stops_and_retains (test_supervisor.TheSupervisorShutsDownWhatItStarted.test_an_interrupt_at_a_runtime_read_still_stops_and_retains)
The reviewer's strengthened counterexample. R2a. ... ok
test_an_interrupt_during_cancellation_still_retains_the_outcome (test_supervisor.TheSupervisorShutsDownWhatItStarted.test_an_interrupt_during_cancellation_still_retains_the_outcome)
R2a: the shutdown boundary holds across cancellation too. ... ok
test_an_interrupt_retains_the_outcome_and_is_not_swallowed (test_supervisor.TheSupervisorShutsDownWhatItStarted.test_an_interrupt_retains_the_outcome_and_is_not_swallowed)
Ctrl-C and SIGTERM are shutdowns, not escapes. ... ok
test_an_unreadable_history_after_the_stop_is_never_settled (test_supervisor.TheSupervisorShutsDownWhatItStarted.test_an_unreadable_history_after_the_stop_is_never_settled)
The reviewer's R2b counterexample. ... ok
test_the_real_composition_orders_the_engine_stop (test_supervisor.TheSupervisorShutsDownWhatItStarted.test_the_real_composition_orders_the_engine_stop)
R2a's acceptance: the ORDINARY composition, and a real engine stop. ... ok
test_the_stop_is_ordered_and_is_not_proof_of_absence (test_supervisor.TheSupervisorShutsDownWhatItStarted.test_the_stop_is_ordered_and_is_not_proof_of_absence)
A stop that was ORDERED is not a runtime this manager saw gone. ... ok
test_a_changed_imported_manager_source_refuses (test_supervisor.ThePacketIsProvedBeforeAnythingOpens.test_a_changed_imported_manager_source_refuses)
R3's entrypoint check: change the code that RUNS, not a stub. ... ok
test_a_cleanup_reserve_inside_the_overall_bound_refuses (test_supervisor.ThePacketIsProvedBeforeAnythingOpens.test_a_cleanup_reserve_inside_the_overall_bound_refuses) ... ok
test_a_grant_and_a_submission_naming_two_Jobs_refuse (test_supervisor.ThePacketIsProvedBeforeAnythingOpens.test_a_grant_and_a_submission_naming_two_Jobs_refuse) ... ok
test_a_manager_source_whose_count_disagrees_refuses (test_supervisor.ThePacketIsProvedBeforeAnythingOpens.test_a_manager_source_whose_count_disagrees_refuses) ... ok
test_a_moved_deployment_configuration_refuses_by_name (test_supervisor.ThePacketIsProvedBeforeAnythingOpens.test_a_moved_deployment_configuration_refuses_by_name) ... ok
test_a_moved_fixture_byte_refuses_by_name (test_supervisor.ThePacketIsProvedBeforeAnythingOpens.test_a_moved_fixture_byte_refuses_by_name) ... ok
test_a_moved_image_configuration_digest_refuses (test_supervisor.ThePacketIsProvedBeforeAnythingOpens.test_a_moved_image_configuration_digest_refuses) ... ok
test_a_moved_manager_runtime_refuses_by_name (test_supervisor.ThePacketIsProvedBeforeAnythingOpens.test_a_moved_manager_runtime_refuses_by_name) ... ok
test_a_moved_supervisor_program_refuses_by_name (test_supervisor.ThePacketIsProvedBeforeAnythingOpens.test_a_moved_supervisor_program_refuses_by_name) ... ok
test_a_package_resolved_outside_the_bound_source_refuses (test_supervisor.ThePacketIsProvedBeforeAnythingOpens.test_a_package_resolved_outside_the_bound_source_refuses)
The defect R3 names: pinned bytes, different code executing. ... ok
test_a_packet_that_permits_a_retry_refuses (test_supervisor.ThePacketIsProvedBeforeAnythingOpens.test_a_packet_that_permits_a_retry_refuses) ... ok
test_a_production_profile_is_refused_rather_than_certified (test_supervisor.ThePacketIsProvedBeforeAnythingOpens.test_a_production_profile_is_refused_rather_than_certified)
This program drives ONE candidate run and certifies nothing. ... ok
test_a_supervisor_running_from_elsewhere_refuses (test_supervisor.ThePacketIsProvedBeforeAnythingOpens.test_a_supervisor_running_from_elsewhere_refuses) ... ok
test_an_absent_image_refuses_before_a_store_is_opened (test_supervisor.ThePacketIsProvedBeforeAnythingOpens.test_an_absent_image_refuses_before_a_store_is_opened) ... ok
test_an_unknown_member_refuses_rather_than_being_dropped (test_supervisor.ThePacketIsProvedBeforeAnythingOpens.test_an_unknown_member_refuses_rather_than_being_dropped) ... ok
test_the_bound_source_is_where_the_imported_package_resolves (test_supervisor.ThePacketIsProvedBeforeAnythingOpens.test_the_bound_source_is_where_the_imported_package_resolves)
R3: accepted only because the module really comes from there. ... ok
test_the_reviewed_packet_is_accepted_whole (test_supervisor.ThePacketIsProvedBeforeAnythingOpens.test_the_reviewed_packet_is_accepted_whole) ... ok
test_a_network_none_provider_deployment_is_refused (test_packet_bindings.TheProposedBindingsAreHeldBeforeTheyAreWritten.test_a_network_none_provider_deployment_is_refused)
R4: the image-inspection posture is not the live provider's. ... ok
test_a_sentinel_evidence_digest_is_refused (test_packet_bindings.TheProposedBindingsAreHeldBeforeTheyAreWritten.test_a_sentinel_evidence_digest_is_refused)
R4: an all-zero digest said `bound` and named nothing. ... ok
test_an_unresolved_declared_base_refuses_rather_than_placeholding (test_packet_bindings.TheProposedBindingsAreHeldBeforeTheyAreWritten.test_an_unresolved_declared_base_refuses_rather_than_placeholding) ... ok
test_the_context_profile_is_the_candidate_session_profile (test_packet_bindings.TheProposedBindingsAreHeldBeforeTheyAreWritten.test_the_context_profile_is_the_candidate_session_profile) ... ok
test_the_deployment_is_accepted_by_the_managers_own_validator (test_packet_bindings.TheProposedBindingsAreHeldBeforeTheyAreWritten.test_the_deployment_is_accepted_by_the_managers_own_validator) ... ok
test_the_implementation_worker_is_the_contextual_schema (test_packet_bindings.TheProposedBindingsAreHeldBeforeTheyAreWritten.test_the_implementation_worker_is_the_contextual_schema) ... ok
test_the_manifest_declares_the_reserved_receipt_output (test_packet_bindings.TheProposedBindingsAreHeldBeforeTheyAreWritten.test_the_manifest_declares_the_reserved_receipt_output) ... ok
test_the_preflight_names_every_missing_authority_preparation (test_packet_bindings.TheProposedBindingsAreHeldBeforeTheyAreWritten.test_the_preflight_names_every_missing_authority_preparation)
R4: a participant string is not a registered participant. ... ok
test_the_preflight_reports_what_it_cannot_prove (test_packet_bindings.TheProposedBindingsAreHeldBeforeTheyAreWritten.test_the_preflight_reports_what_it_cannot_prove) ... ok
test_the_selected_network_reaches_every_deployment_byte (test_packet_bindings.TheProposedBindingsAreHeldBeforeTheyAreWritten.test_the_selected_network_reaches_every_deployment_byte) ... ok
test_the_submission_carries_the_declared_provider_turn_ceiling (test_packet_bindings.TheProposedBindingsAreHeldBeforeTheyAreWritten.test_the_submission_carries_the_declared_provider_turn_ceiling) ... ok
test_the_task_carries_the_review_and_acceptance_criteria (test_packet_bindings.TheProposedBindingsAreHeldBeforeTheyAreWritten.test_the_task_carries_the_review_and_acceptance_criteria)
R4: the reviewer has to be told what it is judging against. ... ok
test_the_three_identities_are_digests_of_readable_documents (test_packet_bindings.TheProposedBindingsAreHeldBeforeTheyAreWritten.test_the_three_identities_are_digests_of_readable_documents)
An owner can read what was proposed instead of approving a hash. ... ok
test_the_written_packet_binds_the_bytes_that_were_written (test_packet_bindings.TheProposedBindingsAreHeldBeforeTheyAreWritten.test_the_written_packet_binds_the_bytes_that_were_written) ... ok
test_the_written_packet_is_accepted_by_held_packet (test_packet_bindings.TheProposedBindingsAreHeldBeforeTheyAreWritten.test_the_written_packet_is_accepted_by_held_packet) ... ok
test_two_roles_sharing_a_principal_are_refused_before_writing (test_packet_bindings.TheProposedBindingsAreHeldBeforeTheyAreWritten.test_two_roles_sharing_a_principal_are_refused_before_writing) ... ok
test_a_timeout_over_generated_bytes_stops_and_accounts (test_generated_packet.TheGeneratedPacketDrivesTheRealEntrypoint.test_a_timeout_over_generated_bytes_stops_and_accounts)
The failure path of the same composition, in the same run shape. ... ok
test_completed_attempts_are_not_ordered_stopped (test_generated_packet.TheGeneratedPacketDrivesTheRealEntrypoint.test_completed_attempts_are_not_ordered_stopped)
A historical generation is not cancelled for its stage's sake. ... ok
test_the_generated_deployment_completes_the_correction (test_generated_packet.TheGeneratedPacketDrivesTheRealEntrypoint.test_the_generated_deployment_completes_the_correction)
Initial proposal, real changes-requested feedback, restoration, ... ok
test_the_generated_deployment_passes_the_managers_own_validator (test_generated_packet.TheGeneratedPacketDrivesTheRealEntrypoint.test_the_generated_deployment_passes_the_managers_own_validator) ... ok
test_the_generated_packet_is_the_one_held_packet_accepts (test_generated_packet.TheGeneratedPacketDrivesTheRealEntrypoint.test_the_generated_packet_is_the_one_held_packet_accepts) ... ok
test_main_completes_the_correction_and_exits_zero (test_generated_packet.TheGeneratedPacketRunsThroughMain.test_main_completes_the_correction_and_exits_zero) ... ok
test_main_holds_and_exits_one_when_the_bound_elapses (test_generated_packet.TheGeneratedPacketRunsThroughMain.test_main_holds_and_exits_one_when_the_bound_elapses) ... ok
test_main_prepares_the_workspace_store_from_the_deployment (test_generated_packet.TheGeneratedPacketRunsThroughMain.test_main_prepares_the_workspace_store_from_the_deployment)
R4: the prerequisite the fixture used to supply, supplied by main. ... ok
test_main_refuses_a_packet_whose_imported_source_is_not_bound (test_generated_packet.TheGeneratedPacketRunsThroughMain.test_main_refuses_a_packet_whose_imported_source_is_not_bound)
R3's check, proved at the entrypoint rather than described. ... ok
test_workers_naming_two_workspace_stores_refuse (test_generated_packet.TheGeneratedPacketRunsThroughMain.test_workers_naming_two_workspace_stores_refuse)
Choosing between them is not this program's decision. ... ok

----------------------------------------------------------------------
Ran 74 tests in 26.854s

OK
