test_it_settles_after_one_correction_and_proves_every_cleanup (test_supervisor.TheSupervisorDrivesOneBoundedCorrection.test_it_settles_after_one_correction_and_proves_every_cleanup) ... ok
test_one_grant_carried_both_generations (test_supervisor.TheSupervisorDrivesOneBoundedCorrection.test_one_grant_carried_both_generations) ... ok
test_the_correction_reached_the_provider_as_a_restore (test_supervisor.TheSupervisorDrivesOneBoundedCorrection.test_the_correction_reached_the_provider_as_a_restore)
The supervised run really drove the resume path, not two opens. ... ok
test_the_declared_per_turn_ceiling_is_the_jobs_own (test_supervisor.TheSupervisorDrivesOneBoundedCorrection.test_the_declared_per_turn_ceiling_is_the_jobs_own)
R1: the number the packet declares is the number the Job carries. ... ok
test_the_gate_counted_exactly_the_declared_invocations (test_supervisor.TheSupervisorDrivesOneBoundedCorrection.test_the_gate_counted_exactly_the_declared_invocations) ... ok
test_the_mirrored_claim_namespace_matches_the_worker (test_supervisor.TheSupervisorDrivesOneBoundedCorrection.test_the_mirrored_claim_namespace_matches_the_worker)
`single_worker`'s rule: mirrored names are kept honest by a test. ... ok
test_the_outcome_is_retained_where_the_packet_says (test_supervisor.TheSupervisorDrivesOneBoundedCorrection.test_the_outcome_is_retained_where_the_packet_says) ... ok
test_the_workload_evidence_is_the_selected_sequence (test_supervisor.TheSupervisorDrivesOneBoundedCorrection.test_the_workload_evidence_is_the_selected_sequence)
R1: settled now means the correction really happened. ... ok
test_a_job_without_the_declared_ceiling_refuses_before_serving (test_supervisor.TheSupervisorEnforcesTheSelectedWorkload.test_a_job_without_the_declared_ceiling_refuses_before_serving)
A bound this run did not request is not a bound it has. ... ok
test_a_packet_whose_corrections_and_invocations_disagree_refuses (test_supervisor.TheSupervisorEnforcesTheSelectedWorkload.test_a_packet_whose_corrections_and_invocations_disagree_refuses) ... ok
test_a_second_changes_requested_exhausts_the_cap_and_holds (test_supervisor.TheSupervisorEnforcesTheSelectedWorkload.test_a_second_changes_requested_exhausts_the_cap_and_holds)
No third implementer invocation, and no fabricated acceptance. ... ok
test_an_accepted_first_review_is_held_rather_than_settled (test_supervisor.TheSupervisorEnforcesTheSelectedWorkload.test_an_accepted_first_review_is_held_rather_than_settled)
The reviewer's second counterexample, now held. ... ok
test_one_declared_invocation_refuses_the_second_admission (test_supervisor.TheSupervisorEnforcesTheSelectedWorkload.test_one_declared_invocation_refuses_the_second_admission)
The reviewer's first counterexample, now refused at the gate. ... ok
test_a_closed_gate_refuses_admit_claim_and_launch (test_supervisor.TheSupervisorStopsAdmissionAndAccountsForEveryRuntime.test_a_closed_gate_refuses_admit_claim_and_launch) ... ok
test_a_closed_gate_still_forwards_the_settling_acts (test_supervisor.TheSupervisorStopsAdmissionAndAccountsForEveryRuntime.test_a_closed_gate_still_forwards_the_settling_acts)
The cleanup window drives endings; it just cannot start anything. ... ok
test_a_fault_after_a_launch_still_accounts_for_that_runtime (test_supervisor.TheSupervisorStopsAdmissionAndAccountsForEveryRuntime.test_a_fault_after_a_launch_still_accounts_for_that_runtime)
The reviewer's fourth counterexample. ... ok
test_a_launch_that_faults_is_still_a_runtime_this_run_started (test_supervisor.TheSupervisorStopsAdmissionAndAccountsForEveryRuntime.test_a_launch_that_faults_is_still_a_runtime_this_run_started)
R2: the identity is taken at the call, before delegating. ... ok
test_a_runtime_started_during_cleanup_is_accounted_not_just_noted (test_supervisor.TheSupervisorStopsAdmissionAndAccountsForEveryRuntime.test_a_runtime_started_during_cleanup_is_accounted_not_just_noted)
The reviewer's third counterexample. ... ok
test_an_unknown_stage_kind_is_refused_by_name (test_supervisor.TheSupervisorStopsAdmissionAndAccountsForEveryRuntime.test_an_unknown_stage_kind_is_refused_by_name) ... ok
test_the_cap_refuses_before_the_inner_admit_is_reached (test_supervisor.TheSupervisorStopsAdmissionAndAccountsForEveryRuntime.test_the_cap_refuses_before_the_inner_admit_is_reached) ... ok
test_a_changed_imported_manager_source_refuses (test_supervisor.ThePacketIsProvedBeforeAnythingOpens.test_a_changed_imported_manager_source_refuses)
R3's entrypoint check: change the code that RUNS, not a stub. ... ok
test_a_cleanup_reserve_inside_the_overall_bound_refuses (test_supervisor.ThePacketIsProvedBeforeAnythingOpens.test_a_cleanup_reserve_inside_the_overall_bound_refuses) ... ok
test_a_grant_and_a_submission_naming_two_Jobs_refuse (test_supervisor.ThePacketIsProvedBeforeAnythingOpens.test_a_grant_and_a_submission_naming_two_Jobs_refuse) ... ok
test_a_manager_source_whose_count_disagrees_refuses (test_supervisor.ThePacketIsProvedBeforeAnythingOpens.test_a_manager_source_whose_count_disagrees_refuses) ... ok
test_a_moved_deployment_configuration_refuses_by_name (test_supervisor.ThePacketIsProvedBeforeAnythingOpens.test_a_moved_deployment_configuration_refuses_by_name) ... ok
test_a_moved_fixture_byte_refuses_by_name (test_supervisor.ThePacketIsProvedBeforeAnythingOpens.test_a_moved_fixture_byte_refuses_by_name) ... ok
test_a_moved_image_configuration_digest_refuses (test_supervisor.ThePacketIsProvedBeforeAnythingOpens.test_a_moved_image_configuration_digest_refuses) ... ok
test_a_moved_manager_runtime_refuses_by_name (test_supervisor.ThePacketIsProvedBeforeAnythingOpens.test_a_moved_manager_runtime_refuses_by_name) ... ok
test_a_moved_supervisor_program_refuses_by_name (test_supervisor.ThePacketIsProvedBeforeAnythingOpens.test_a_moved_supervisor_program_refuses_by_name) ... ok
test_a_package_resolved_outside_the_bound_source_refuses (test_supervisor.ThePacketIsProvedBeforeAnythingOpens.test_a_package_resolved_outside_the_bound_source_refuses)
The defect R3 names: pinned bytes, different code executing. ... ok
test_a_packet_that_permits_a_retry_refuses (test_supervisor.ThePacketIsProvedBeforeAnythingOpens.test_a_packet_that_permits_a_retry_refuses) ... ok
test_a_production_profile_is_refused_rather_than_certified (test_supervisor.ThePacketIsProvedBeforeAnythingOpens.test_a_production_profile_is_refused_rather_than_certified)
This program drives ONE candidate run and certifies nothing. ... ok
test_a_supervisor_running_from_elsewhere_refuses (test_supervisor.ThePacketIsProvedBeforeAnythingOpens.test_a_supervisor_running_from_elsewhere_refuses) ... ok
test_an_absent_image_refuses_before_a_store_is_opened (test_supervisor.ThePacketIsProvedBeforeAnythingOpens.test_an_absent_image_refuses_before_a_store_is_opened) ... ok
test_an_unknown_member_refuses_rather_than_being_dropped (test_supervisor.ThePacketIsProvedBeforeAnythingOpens.test_an_unknown_member_refuses_rather_than_being_dropped) ... ok
test_the_bound_source_is_where_the_imported_package_resolves (test_supervisor.ThePacketIsProvedBeforeAnythingOpens.test_the_bound_source_is_where_the_imported_package_resolves)
R3: accepted only because the module really comes from there. ... ok
test_the_reviewed_packet_is_accepted_whole (test_supervisor.ThePacketIsProvedBeforeAnythingOpens.test_the_reviewed_packet_is_accepted_whole) ... ok

----------------------------------------------------------------------
Ran 37 tests in 13.317s

OK
