test_changed_reported_model_also_certifies_as_diagnostics (tests.manager.test_claude_context.ManagedSessionResume.test_changed_reported_model_also_certifies_as_diagnostics) ... ok
test_failed_runtime_removal_keeps_context_and_ending_unsettled (tests.manager.test_claude_context.ManagedSessionResume.test_failed_runtime_removal_keeps_context_and_ending_unsettled) ... ok
test_managed_correction_and_independent_acceptance_without_model_label (tests.manager.test_claude_context.ManagedSessionResume.test_managed_correction_and_independent_acceptance_without_model_label) ... ok
test_measured_receipt_rejects_substituted_terminal_even_same_session (tests.manager.test_claude_context.ManagedSessionResume.test_measured_receipt_rejects_substituted_terminal_even_same_session) ... ok
test_missing_conversation_file_cannot_be_replaced_by_another_session (tests.manager.test_claude_context.ManagedSessionResume.test_missing_conversation_file_cannot_be_replaced_by_another_session) ... ok
test_restore_changed_model_keeps_requested_binding (tests.manager.test_claude_context.ManagedSessionResume.test_restore_changed_model_keeps_requested_binding) ... ok
test_wrong_session_on_restore_cannot_finalize_or_repeat (tests.manager.test_claude_context.ManagedSessionResume.test_wrong_session_on_restore_cannot_finalize_or_repeat) ... ok
test_a_fifo_at_the_feedback_name_refuses_without_blocking (tests.manager.test_claude_context.CandidateQualificationFlow.test_a_fifo_at_the_feedback_name_refuses_without_blocking)
Review231132 [R1]: a blocking open ran before every gate. The ... ok
test_a_fifo_replacing_the_delivered_feedback_refuses_the_turn (tests.manager.test_claude_context.CandidateQualificationFlow.test_a_fifo_replacing_the_delivered_feedback_refuses_the_turn)
The composed half of the same regression: the correction turn ... ok
test_a_fresh_run_id_is_a_new_grant_and_a_retry_replays (tests.manager.test_claude_context.CandidateQualificationFlow.test_a_fresh_run_id_is_a_new_grant_and_a_retry_replays) ... ok
test_a_missing_feedback_file_refuses_by_name (tests.manager.test_claude_context.CandidateQualificationFlow.test_a_missing_feedback_file_refuses_by_name) ... ok
test_a_stray_feedback_file_on_an_open_turn_refuses (tests.manager.test_claude_context.CandidateQualificationFlow.test_a_stray_feedback_file_on_an_open_turn_refuses) ... ok
test_a_tampered_feedback_file_refuses_before_the_provider (tests.manager.test_claude_context.CandidateQualificationFlow.test_a_tampered_feedback_file_refuses_before_the_provider) ... ok
test_a_third_generation_refuses_the_grant_cap (tests.manager.test_claude_context.CandidateQualificationFlow.test_a_third_generation_refuses_the_grant_cap) ... ok
test_a_wrong_or_stale_verdict_refuses_the_feedback_resolution (tests.manager.test_claude_context.CandidateQualificationFlow.test_a_wrong_or_stale_verdict_refuses_the_feedback_resolution) ... ok
test_actual_changes_requested_review_restores_only_fresh_implementation_use (tests.manager.test_claude_context.CandidateQualificationFlow.test_actual_changes_requested_review_restores_only_fresh_implementation_use) ... ok
test_an_oversized_feedback_refuses_on_both_sides (tests.manager.test_claude_context.CandidateQualificationFlow.test_an_oversized_feedback_refuses_on_both_sides) ... ok
test_certification_demands_retirement_and_retained_independent_evidence (tests.manager.test_claude_context.CandidateQualificationFlow.test_certification_demands_retirement_and_retained_independent_evidence) ... ok
test_certification_rejects_damaged_generation_receipt_report_and_provider_result (tests.manager.test_claude_context.CandidateQualificationFlow.test_certification_rejects_damaged_generation_receipt_report_and_provider_result) ... ok
test_replay_never_overwrites_the_delivered_feedback (tests.manager.test_claude_context.CandidateQualificationFlow.test_replay_never_overwrites_the_delivered_feedback) ... ok
test_the_feedback_prompt_twins_agree (tests.manager.test_claude_context.CandidateQualificationFlow.test_the_feedback_prompt_twins_agree) ... ok
test_the_flow_opens_and_restores_on_one_grant (tests.manager.test_claude_context.CandidateQualificationFlow.test_the_flow_opens_and_restores_on_one_grant) ... ok
test_the_launch_boundary_mints_and_demands_the_grant (tests.manager.test_claude_context.CandidateQualificationFlow.test_the_launch_boundary_mints_and_demands_the_grant) ... ok
test_without_a_grant_the_opening_admission_refuses (tests.manager.test_claude_context.CandidateQualificationFlow.test_without_a_grant_the_opening_admission_refuses) ... ok
test_closed_profile_rejects_wrong_types_and_unsafe_paths (tests.manager.test_provider_context.Profiles.test_closed_profile_rejects_wrong_types_and_unsafe_paths) ... ok
test_production_qualification_cannot_be_asserted_by_a_profile_label (tests.manager.test_provider_context.Profiles.test_production_qualification_cannot_be_asserted_by_a_profile_label) ... ok
test_historical_profile_keeps_marker_filename_literal (tests.manager.test_provider_context.ConversationStatePaths.test_historical_profile_keeps_marker_filename_literal) ... ok
test_only_admitted_uuid_expands_the_exact_filename (tests.manager.test_provider_context.ConversationStatePaths.test_only_admitted_uuid_expands_the_exact_filename) ... ok
test_templates_do_not_expand_directories_or_arbitrary_placeholders (tests.manager.test_provider_context.ConversationStatePaths.test_templates_do_not_expand_directories_or_arbitrary_placeholders) ... ok
test_terminal_reader_refuses_duplicates_partial_nonfinite_and_nonobject (tests.manager.test_provider_context.ConversationStatePaths.test_terminal_reader_refuses_duplicates_partial_nonfinite_and_nonobject) ... ok

----------------------------------------------------------------------
Ran 30 tests in 16.538s

OK
