DEPRECATED: The legacy builder is deprecated and will be removed in a future release.
            Install the buildx component to build images with BuildKit:
            https://docs.docker.com/go/buildx/

Sending build context to Docker daemon  270.8kB
Step 1/8 : FROM sha256:0697b6595aff0af2a39a81d492223bf33cf69877426ec859fe1abb90abd617e4
 ---> 0697b6595aff
Step 2/8 : COPY worker/baton_worker.py /opt/baton/baton_worker.py
 ---> af3b5be504c6
Step 3/8 : COPY worker/attempt_log_format.py /opt/baton/attempt_log_format.py
 ---> 55b1d214835a
Step 4/8 : COPY worker/scripted_agent.py /opt/baton/scripted_agent.py
 ---> 924e882e79e3
Step 5/8 : COPY worker/worker-control-1.0.schema.json /opt/baton/worker-control-1.0.schema.json
 ---> 1f840145fd9b
Step 6/8 : COPY python/src/baton_v12/source_profiles /opt/baton/source_profiles
 ---> a399c62224eb
Step 7/8 : USER 65532:65532
 ---> Running in 8d691fc57f60
 ---> Removed intermediate container 8d691fc57f60
 ---> 91bcfbb622be
Step 8/8 : ENTRYPOINT ["python3", "/opt/baton/baton_worker.py"]
 ---> Running in a35acf197b74
 ---> Removed intermediate container a35acf197b74
 ---> d1a9021c99b8
Successfully built d1a9021c99b8
