.....E...........F.....................................
======================================================================
ERROR: test_an_exact_re_observation_replays (tests.integration.test_reconciliation.CausalEvidenceSurvivesComposition.test_an_exact_re_observation_replays)
----------------------------------------------------------------------
Traceback (most recent call last):
  File "/home/sl/src/baton/v12/python/tests/integration/test_reconciliation.py", line 791, in test_an_exact_re_observation_replays
    self.assertEqual(self.observe_result(held), held)
                     ~~~~~~~~~~~~~~~~~~~^^^^^^
  File "/home/sl/src/baton/v12/python/tests/integration/test_reconciliation.py", line 497, in observe_result
    return reconciliation.record_causal_observations(
           ~~~~~~~~~~~~~~~~~~~~~~~~~~~~~~~~~~~~~~~~~^
        self.store, observer or self.observer, result_id=held["result_id"])
        ^^^^^^^^^^^^^^^^^^^^^^^^^^^^^^^^^^^^^^^^^^^^^^^^^^^^^^^^^^^^^^^^^^^
  File "/home/sl/src/baton/v12/python/src/baton_v12/integration/reconciliation.py", line 716, in record_causal_observations
    replayed, _held = store.replay(operation_id, signature,
                      ~~~~~~~~~~~~^^^^^^^^^^^^^^^^^^^^^^^^^
                                   kind=OBSERVATION_KIND,
                                   ^^^^^^^^^^^^^^^^^^^^^^
                                   witness=_witness)
                                   ^^^^^^^^^^^^^^^^^
  File "/home/sl/src/baton/v12/python/src/baton_v12/integration/store.py", line 679, in replay
    return (True, witness(self, row))
                  ~~~~~~~^^^^^^^^^^^
  File "/home/sl/src/baton/v12/python/src/baton_v12/integration/reconciliation.py", line 1373, in _witness
    _refuse(f"this owner does not witness {name_value(kind)} acts",
    ~~~~~~~^^^^^^^^^^^^^^^^^^^^^^^^^^^^^^^^^^^^^^^^^^^^^^^^^^^^^^^^
            category="integrity", code="schema")
            ^^^^^^^^^^^^^^^^^^^^^^^^^^^^^^^^^^^^
  File "/home/sl/src/baton/v12/python/src/baton_v12/integration/reconciliation.py", line 124, in _refuse
    raise ContractRefusal(category, code, message)
baton_v12.contracts.errors.ContractRefusal: this owner does not witness 'result.observed' acts

======================================================================
FAIL: test_evidence_for_one_result_cannot_authorize_another (tests.integration.test_reconciliation.TheEvidenceIsItsOwnersAndBindsTheseBytes.test_evidence_for_one_result_cannot_authorize_another)
THE REPRODUCED COUNTEREXAMPLE. Two combined trees over the same
----------------------------------------------------------------------
Traceback (most recent call last):
  File "/home/sl/src/baton/v12/python/tests/integration/test_reconciliation.py", line 908, in test_evidence_for_one_result_cannot_authorize_another
    self.assertEqual(third["state"], "awaiting-evidence")
    ~~~~~~~~~~~~~~~~^^^^^^^^^^^^^^^^^^^^^^^^^^^^^^^^^^^^^
AssertionError: 'blocked' != 'awaiting-evidence'
- blocked
+ awaiting-evidence


----------------------------------------------------------------------
Ran 55 tests in 5.177s

FAILED (failures=1, errors=1)
