### label: baseline-revalidation-candidate134000-and-ruling-documents
### argv: ["python3", "/tmp/baseline.py"]
### exit: 0
### elapsed_seconds: 0.010674
### STDOUT
{
 "candidate": {
  "v12/python/src/baton_v12/integration/reconciliation.py": {
   "expected": {
    "sha256": "e99ee5e17bd7dc1b8c7d256ca6fadfa09b920ca689622392bad81ac47ee678e8",
    "mode": "0o664",
    "bytes": 72853
   },
   "actual": {
    "sha256": "e99ee5e17bd7dc1b8c7d256ca6fadfa09b920ca689622392bad81ac47ee678e8",
    "bytes": 72853,
    "mode": "0o664"
   },
   "match": true
  },
  "v12/python/src/baton_v12/integration/git_profile.py": {
   "expected": {
    "sha256": "cba3f391405249f6df83985ff6c5d715ef3cec05efa85ce345cce929f90db1fb",
    "mode": "0o664",
    "bytes": 24064
   },
   "actual": {
    "sha256": "cba3f391405249f6df83985ff6c5d715ef3cec05efa85ce345cce929f90db1fb",
    "bytes": 24064,
    "mode": "0o664"
   },
   "match": true
  },
  "v12/python/src/baton_v12/integration/schema.py": {
   "expected": {
    "sha256": "e5aa57a47667528143cb8c2507e7e6523aa6fd5a37b0140184ce4a7f015661d9",
    "mode": "0o664",
    "bytes": 26764
   },
   "actual": {
    "sha256": "e5aa57a47667528143cb8c2507e7e6523aa6fd5a37b0140184ce4a7f015661d9",
    "bytes": 26764,
    "mode": "0o664"
   },
   "match": true
  },
  "v12/python/src/baton_v12/integration/store.py": {
   "expected": {
    "sha256": "8117df2b43ed702dd30733c2acf9c135d16b17c293021a4b07ee69a4837eab49",
    "mode": "0o664",
    "bytes": 36152
   },
   "actual": {
    "sha256": "8117df2b43ed702dd30733c2acf9c135d16b17c293021a4b07ee69a4837eab49",
    "bytes": 36152,
    "mode": "0o664"
   },
   "match": true
  },
  "v12/python/src/baton_v12/integration/admission.py": {
   "expected": {
    "sha256": "93b803004608b289dc43a65bba467ea280658896e7a4fbd777c6be816d000791",
    "mode": "0o664",
    "bytes": 19998
   },
   "actual": {
    "sha256": "93b803004608b289dc43a65bba467ea280658896e7a4fbd777c6be816d000791",
    "bytes": 19998,
    "mode": "0o664"
   },
   "match": true
  },
  "v12/python/src/baton_v12/integration/driver.py": {
   "expected": {
    "sha256": "c5a86008a96f773c0fa884cb7b501197dc29d20eaa638f90957f47e17737bf3e",
    "mode": "0o664",
    "bytes": 92978
   },
   "actual": {
    "sha256": "c5a86008a96f773c0fa884cb7b501197dc29d20eaa638f90957f47e17737bf3e",
    "bytes": 92978,
    "mode": "0o664"
   },
   "match": true
  },
  "v12/python/src/baton_v12/integration/__init__.py": {
   "expected": {
    "sha256": "ba149ff8763da631e395925fdc0f0140a494c3d295cb5d9a847254261c18d3f4",
    "mode": "0o664",
    "bytes": 3875
   },
   "actual": {
    "sha256": "ba149ff8763da631e395925fdc0f0140a494c3d295cb5d9a847254261c18d3f4",
    "bytes": 3875,
    "mode": "0o664"
   },
   "match": true
  },
  "v12/python/tests/integration/test_reconciliation.py": {
   "expected": {
    "sha256": "1696fe7f5cb5a76dc3fd875442cb91115295f18c87586cd2995b7c0b81dea819",
    "mode": "0o664",
    "bytes": 77775
   },
   "actual": {
    "sha256": "1696fe7f5cb5a76dc3fd875442cb91115295f18c87586cd2995b7c0b81dea819",
    "bytes": 77775,
    "mode": "0o664"
   },
   "match": true
  },
  "v12/python/tests/integration/test_admission.py": {
   "expected": {
    "sha256": "c33ddf9f4aabcc8f9a34c714c3434e519602c4b3984e00b74c7f35df242e6cce",
    "mode": "0o664",
    "bytes": 19242
   },
   "actual": {
    "sha256": "c33ddf9f4aabcc8f9a34c714c3434e519602c4b3984e00b74c7f35df242e6cce",
    "bytes": 19242,
    "mode": "0o664"
   },
   "match": true
  },
  "v12/python/tests/integration/test_driver.py": {
   "expected": {
    "sha256": "ff06426518854b960712c6d5705751b15a839f6531bd459ee03fcacd20196ab7",
    "mode": "0o664",
    "bytes": 136269
   },
   "actual": {
    "sha256": "ff06426518854b960712c6d5705751b15a839f6531bd459ee03fcacd20196ab7",
    "bytes": 136269,
    "mode": "0o664"
   },
   "match": true
  },
  "v12/python/tests/integration/test_coordinator.py": {
   "expected": {
    "sha256": "7fb6ec2c3af86b1ed7920aca57cdf348afa68bbab86101acda4fd2b4930243ea",
    "mode": "0o664",
    "bytes": 183456
   },
   "actual": {
    "sha256": "7fb6ec2c3af86b1ed7920aca57cdf348afa68bbab86101acda4fd2b4930243ea",
    "bytes": 183456,
    "mode": "0o664"
   },
   "match": true
  }
 },
 "documents": {
  "work/records/2026/09/finding-v12-line-rebase-after-target-advance/FINDING.md": {
   "expected": {
    "sha256": "86cdd00a29b569933d0c277f113e96b294397cb82f930ffffbea2c4065e0150e",
    "bytes": 24397
   },
   "actual": {
    "sha256": "86cdd00a29b569933d0c277f113e96b294397cb82f930ffffbea2c4065e0150e",
    "bytes": 24397,
    "mode": "0o664"
   },
   "match": true
  },
  "work/records/2026/09/finding-v12-line-rebase-after-target-advance/PLAN.md": {
   "expected": {
    "sha256": "a4491c9e0ee886681aca95b7dee5b5c19a4cc88115e9b6fc1edcdbf56197f218",
    "bytes": 13839
   },
   "actual": {
    "sha256": "a4491c9e0ee886681aca95b7dee5b5c19a4cc88115e9b6fc1edcdbf56197f218",
    "bytes": 13839,
    "mode": "0o664"
   },
   "match": true
  },
  "work/records/2026/09/finding-v12-line-rebase-after-target-advance/INTEGRATION-CONTRACT-v1.md": {
   "expected": {
    "sha256": "07883932c03413bdc6892743c48fc04b4b80e9487d1ffe9af2c194cff6057b1c",
    "bytes": 15827
   },
   "actual": {
    "sha256": "07883932c03413bdc6892743c48fc04b4b80e9487d1ffe9af2c194cff6057b1c",
    "bytes": 15827,
    "mode": "0o664"
   },
   "match": true
  },
  "work/records/2026/09/finding-v12-line-rebase-after-target-advance/INTEGRATION-SCOPE-v1.md": {
   "expected": {
    "sha256": "3ba5565a05e6eac4e838ea24ddbd04e7b8ad36124afb40d8f7ad8ddcb06b1099",
    "bytes": 16032
   },
   "actual": {
    "sha256": "3ba5565a05e6eac4e838ea24ddbd04e7b8ad36124afb40d8f7ad8ddcb06b1099",
    "bytes": 16032,
    "mode": "0o664"
   },
   "match": true
  },
  "work/records/2026/09/finding-v12-line-rebase-after-target-advance/findings/finding-integration-result-custody/FINDING.md": {
   "expected": {
    "sha256": "dcbee2ee3d1e38cd008d21cecf9f5443d6cf5081460cccd152d48a9f65e33708",
    "bytes": 29341
   },
   "actual": {
    "sha256": "dcbee2ee3d1e38cd008d21cecf9f5443d6cf5081460cccd152d48a9f65e33708",
    "bytes": 29341,
    "mode": "0o664"
   },
   "match": true
  },
  "work/records/2026/09/finding-v12-line-rebase-after-target-advance/findings/finding-integration-result-custody/PLAN.md": {
   "expected": {
    "sha256": "254bb751477647789632050d426029818b46f24b785e876a1d6e85f0f4d1f197",
    "bytes": 11880
   },
   "actual": {
    "sha256": "254bb751477647789632050d426029818b46f24b785e876a1d6e85f0f4d1f197",
    "bytes": 11880,
    "mode": "0o664"
   },
   "match": true
  },
  "work/records/2026/09/finding-v12-line-rebase-after-target-advance/findings/finding-integration-result-custody/AMENDMENT-publication-before-authorization-v1.md": {
   "expected": {
    "sha256": "1dcddc39b15fa2c3ad303d1edff3eba00ea2a5115460d5c52094850a82e3b7f7",
    "bytes": 11515
   },
   "actual": {
    "sha256": "1dcddc39b15fa2c3ad303d1edff3eba00ea2a5115460d5c52094850a82e3b7f7",
    "bytes": 11515,
    "mode": "0o664"
   },
   "match": true
  },
  "work/records/2026/09/finding-v12-line-rebase-after-target-advance/findings/finding-integration-result-import/PLAN.md": {
   "expected": {
    "sha256": "e09fc7af2da0000259af1cac16797c7c47b7f83d843130d337890fd820774213",
    "bytes": 1399
   },
   "actual": {
    "sha256": "e09fc7af2da0000259af1cac16797c7c47b7f83d843130d337890fd820774213",
    "bytes": 1399,
    "mode": "0o664"
   },
   "match": true
  },
  "work/records/2026/09/finding-v12-line-rebase-after-target-advance/findings/finding-integration-result-composition/PLAN.md": {
   "expected": {
    "sha256": "19b9bd8af6bd9cab618ab7352ea5d54b3f7edbaa40155d56c44727366a28adc2",
    "bytes": 1531
   },
   "actual": {
    "sha256": "19b9bd8af6bd9cab618ab7352ea5d54b3f7edbaa40155d56c44727366a28adc2",
    "bytes": 1531,
    "mode": "0o664"
   },
   "match": true
  }
 },
 "mismatch": []
}
MISMATCHES: []

### STDERR
