..........EE.
======================================================================
ERROR: test_a_null_entry_does_not_either (tests.integration.test_reconciliation.TheImportedStateIsUnproved.test_a_null_entry_does_not_either)
----------------------------------------------------------------------
Traceback (most recent call last):
  File "/home/sl/src/baton/v12/python/tests/integration/test_reconciliation.py", line 1436, in test_a_null_entry_does_not_either
    self.corrupt(published["result_id"], state="imported")
    ~~~~~~~~~~~~^^^^^^^^^^^^^^^^^^^^^^^^^^^^^^^^^^^^^^^^^^
  File "/home/sl/src/baton/v12/python/tests/integration/test_reconciliation.py", line 1424, in corrupt
    self.edit(result_id, member, value)
    ~~~~~~~~~^^^^^^^^^^^^^^^^^^^^^^^^^^
  File "/home/sl/src/baton/v12/python/tests/integration/test_reconciliation.py", line 539, in edit
    self.store._connection.execute(
    ~~~~~~~~~~~~~~~~~~~~~~~~~~~~~~^
        f"UPDATE integration_results SET {member} = ? WHERE result_id = ?",
        ^^^^^^^^^^^^^^^^^^^^^^^^^^^^^^^^^^^^^^^^^^^^^^^^^^^^^^^^^^^^^^^^^^^
        (value, result_id))
        ^^^^^^^^^^^^^^^^^^^
sqlite3.IntegrityError: CHECK constraint failed: (state = 'imported' AND entry_id IS NOT NULL)
      OR (state != 'imported')

======================================================================
ERROR: test_an_invented_entry_does_not_supply_import_authority (tests.integration.test_reconciliation.TheImportedStateIsUnproved.test_an_invented_entry_does_not_supply_import_authority)
----------------------------------------------------------------------
Traceback (most recent call last):
  File "/home/sl/src/baton/v12/python/tests/integration/test_reconciliation.py", line 1428, in test_an_invented_entry_does_not_supply_import_authority
    self.corrupt(published["result_id"], state="imported",
    ~~~~~~~~~~~~^^^^^^^^^^^^^^^^^^^^^^^^^^^^^^^^^^^^^^^^^^
                 entry_id="entry-never-created")
                 ^^^^^^^^^^^^^^^^^^^^^^^^^^^^^^^
  File "/home/sl/src/baton/v12/python/tests/integration/test_reconciliation.py", line 1424, in corrupt
    self.edit(result_id, member, value)
    ~~~~~~~~~^^^^^^^^^^^^^^^^^^^^^^^^^^
  File "/home/sl/src/baton/v12/python/tests/integration/test_reconciliation.py", line 539, in edit
    self.store._connection.execute(
    ~~~~~~~~~~~~~~~~~~~~~~~~~~~~~~^
        f"UPDATE integration_results SET {member} = ? WHERE result_id = ?",
        ^^^^^^^^^^^^^^^^^^^^^^^^^^^^^^^^^^^^^^^^^^^^^^^^^^^^^^^^^^^^^^^^^^^
        (value, result_id))
        ^^^^^^^^^^^^^^^^^^^
sqlite3.IntegrityError: CHECK constraint failed: (state = 'imported' AND entry_id IS NOT NULL)
      OR (state != 'imported')

----------------------------------------------------------------------
Ran 13 tests in 0.906s

FAILED (errors=2)
