test_arbitrary_exception_text_is_not_a_diagnostic (__main__.Contract.test_arbitrary_exception_text_is_not_a_diagnostic) ... ok
test_argv_and_environment_are_the_selected_one_shot_contract (__main__.Contract.test_argv_and_environment_are_the_selected_one_shot_contract) ... ok
test_parser_refuses_duplicate_nonfinite_truncated_and_oversized_records (__main__.Contract.test_parser_refuses_duplicate_nonfinite_truncated_and_oversized_records) ... ok
test_private_values_and_unknown_names_are_not_exported (__main__.Contract.test_private_values_and_unknown_names_are_not_exported) ... ok
test_resume_requires_consumed_positive_shutdown (__main__.Contract.test_resume_requires_consumed_positive_shutdown) ... ok
test_session_model_success_are_observed_and_never_filled_in (__main__.Contract.test_session_model_success_are_observed_and_never_filled_in) ... ok
test_a_missing_final_lf_reaches_turn_two_and_is_observed_not_assumed (__main__.Controller.test_a_missing_final_lf_reaches_turn_two_and_is_observed_not_assumed)
THE CASE THAT FAILED FOR REAL. Run179075 wrote the expected 38 bytes ... ok
test_a_refused_artifact_is_recorded_before_it_is_refused (__main__.Controller.test_a_refused_artifact_is_recorded_before_it_is_refused)
The observed digest survives the refusal, which is the whole point: ... ok
test_a_refused_first_turn_artifact_is_recorded_before_it_is_refused (__main__.Controller.test_a_refused_first_turn_artifact_is_recorded_before_it_is_refused)
RUN179075'S OWN SHAPE. That export carried a failure code and no ... ok
test_a_terminal_record_that_contradicts_its_own_diagnostics_refuses (__main__.Controller.test_a_terminal_record_that_contradicts_its_own_diagnostics_refuses)
A forged or drifted record cannot claim a qualified model while its ... ok
test_a_token_written_without_its_newline_still_refuses (__main__.Controller.test_a_token_written_without_its_newline_still_refuses)
continuity.txt DID NOT MOVE. Its contract is the token plus one ... ok
test_audit_never_uses_engine_or_credentials (__main__.Controller.test_audit_never_uses_engine_or_credentials) ... ok
test_capture_refusal_never_widens_the_subset_or_retries (__main__.Controller.test_capture_refusal_never_widens_the_subset_or_retries) ... ok
test_changed_code_still_refuses_at_the_second_turn (__main__.Controller.test_changed_code_still_refuses_at_the_second_turn)
The relaxation is one newline wide. A different multiplier is the ... ok
test_exact_bytes_still_record_an_observed_digest_of_their_own (__main__.Controller.test_exact_bytes_still_record_an_observed_digest_of_their_own) ... ok
test_existing_run_marker_refuses_before_any_engine_or_credential_use (__main__.Controller.test_existing_run_marker_refuses_before_any_engine_or_credential_use) ... ok
test_foreign_nonce_is_never_stopped_or_removed (__main__.Controller.test_foreign_nonce_is_never_stopped_or_removed) ... ok
test_lost_create_answer_is_recovered_by_exact_name_and_nonce (__main__.Controller.test_lost_create_answer_is_recovered_by_exact_name_and_nonce) ... ok
test_missing_model_is_a_qualification_failure_even_if_restoration_works (__main__.Controller.test_missing_model_is_a_qualification_failure_even_if_restoration_works) ... ok
test_the_controller_never_rewrites_the_workspace (__main__.Controller.test_the_controller_never_rewrites_the_workspace)
No repair. A refused artifact is left exactly as the provider wrote ... ok
test_the_export_carries_why_a_model_did_not_qualify (__main__.Controller.test_the_export_carries_why_a_model_did_not_qualify) ... ok
test_two_turn_trace_reconstructs_only_the_subset_and_keeps_token_private (__main__.Controller.test_two_turn_trace_reconstructs_only_the_subset_and_keeps_token_private) ... ok
test_uncertain_cleanup_retains_the_owned_credential (__main__.Controller.test_uncertain_cleanup_retains_the_owned_credential) ... ok
test_unconfirmed_stop_cannot_start_replacement_or_release_credential (__main__.Controller.test_unconfirmed_stop_cannot_start_replacement_or_release_credential) ... ok
test_ambiguous_projects_and_missing_session_do_not_widen_selection (__main__.Files.test_ambiguous_projects_and_missing_session_do_not_widen_selection) ... ok
test_bad_credential_and_link_types_refuse_before_contents (__main__.Files.test_bad_credential_and_link_types_refuse_before_contents) ... ok
test_credential_target_is_never_opened (__main__.Files.test_credential_target_is_never_opened) ... ok
test_entry_and_byte_limits_are_enforced (__main__.Files.test_entry_and_byte_limits_are_enforced) ... ok
test_subset_uses_observed_project_key_and_only_expected_session_file (__main__.Files.test_subset_uses_observed_project_key_and_only_expected_session_file) ... ok
test_bounded_pipe_uses_a_deterministic_local_process_and_reaps_it (__main__.ProviderPipe.test_bounded_pipe_uses_a_deterministic_local_process_and_reaps_it) ... ok
test_output_overflow_and_timeout_reap_the_owned_process (__main__.ProviderPipe.test_output_overflow_and_timeout_reap_the_owned_process) ... ok
test_a_truthy_integer_is_not_a_boolean (__main__.TheArtifactAndModelCorrection.test_a_truthy_integer_is_not_a_boolean)
`1 in (None, True, False)` is true in Python, so the validation is ... ok
test_absent_object_fields_must_stay_absent (__main__.TheArtifactAndModelCorrection.test_absent_object_fields_must_stay_absent)
Wrong-type and missing `modelUsage` get neither invented keys nor ... ok
test_acceptance_did_not_move_a_single_case (__main__.TheArtifactAndModelCorrection.test_acceptance_did_not_move_a_single_case)
The diagnostics explain; they do not qualify. A mixed object holding ... ok
test_both_constants_are_accepted_with_and_without_their_final_lf (__main__.TheArtifactAndModelCorrection.test_both_constants_are_accepted_with_and_without_their_final_lf) ... ok
test_every_observed_model_shape_has_its_own_diagnosis (__main__.TheArtifactAndModelCorrection.test_every_observed_model_shape_has_its_own_diagnosis) ... ok
test_key_counts_are_bounded_with_an_explicit_overflow_flag (__main__.TheArtifactAndModelCorrection.test_key_counts_are_bounded_with_an_explicit_overflow_flag) ... ok
test_no_model_name_value_or_payload_ever_reaches_the_export (__main__.TheArtifactAndModelCorrection.test_no_model_name_value_or_payload_ever_reaches_the_export) ... ok
test_no_strip_or_normalization_was_introduced (__main__.TheArtifactAndModelCorrection.test_no_strip_or_normalization_was_introduced)
Source-level, because the excluded implementations are the risk: a ... ok
test_the_four_possibilities_run179075_could_not_tell_apart_are_now_distinct (__main__.TheArtifactAndModelCorrection.test_the_four_possibilities_run179075_could_not_tell_apart_are_now_distinct)
THE POINT OF PART B. That export reported `actual_model: null` and ... ok
test_the_observed_digest_is_the_providers_and_the_expected_one_is_ours (__main__.TheArtifactAndModelCorrection.test_the_observed_digest_is_the_providers_and_the_expected_one_is_ours) ... ok
test_the_prompts_delimit_the_bytes_and_state_the_optional_newline (__main__.TheArtifactAndModelCorrection.test_the_prompts_delimit_the_bytes_and_state_the_optional_newline)
Wording is not acceptance -- a prompt cannot guarantee compliance -- ... ok
test_the_relaxation_is_exactly_one_newline_wide (__main__.TheArtifactAndModelCorrection.test_the_relaxation_is_exactly_one_newline_wide)
Every one of these was legal under no reading of the selection, and ... ok
test_the_token_record_carries_no_digest_of_the_private_token (__main__.TheArtifactAndModelCorrection.test_the_token_record_carries_no_digest_of_the_private_token) ... ok
test_a_refused_reservation_leaves_no_half_taken_identity (__main__.TheCorrectedCustodyAndPreflight.test_a_refused_reservation_leaves_no_half_taken_identity)
Partial reservation unwinds. A refusal that left one of the three ... ok
test_each_fixed_root_refuses_before_any_admission (__main__.TheCorrectedCustodyAndPreflight.test_each_fixed_root_refuses_before_any_admission)
A CASE PER ROOT, not only the run marker. The export root used to be ... ok
test_effective_access_distinguishes_the_two_roles (__main__.TheCorrectedCustodyAndPreflight.test_effective_access_distinguishes_the_two_roles)
EFFECTIVE ACCESS FOR THE SELECTED OWNER/GROUP RELATIONSHIP, which is ... ok
test_manager_inputs_stay_read_only_for_the_runtime (__main__.TheCorrectedCustodyAndPreflight.test_manager_inputs_stay_read_only_for_the_runtime)
THE OTHER HALF, and the one that must not move. The credential slot ... ok
test_only_the_restored_state_is_created_writable (__main__.TheCorrectedCustodyAndPreflight.test_only_the_restored_state_is_created_writable)
Source-level: exactly one call site asks for the writable mode, and ... ok
test_the_reconstructed_working_copy_is_group_writable (__main__.TheCorrectedCustodyAndPreflight.test_the_reconstructed_working_copy_is_group_writable)
The runtime holds the workspace group as a supplementary group, so ... ok
test_the_reservation_precedes_the_controller_in_source_order (__main__.TheCorrectedCustodyAndPreflight.test_the_reservation_precedes_the_controller_in_source_order)
Source order, because the defect was an ordering one: the export ... ok

----------------------------------------------------------------------
Ran 51 tests in 0.195s

OK
