test_argv_and_environment_are_the_selected_one_shot_contract (__main__.Contract.test_argv_and_environment_are_the_selected_one_shot_contract) ... ok
test_parser_refuses_duplicate_nonfinite_truncated_and_oversized_records (__main__.Contract.test_parser_refuses_duplicate_nonfinite_truncated_and_oversized_records) ... ok
test_private_values_and_unknown_names_are_not_exported (__main__.Contract.test_private_values_and_unknown_names_are_not_exported) ... ok
test_resume_requires_consumed_positive_shutdown (__main__.Contract.test_resume_requires_consumed_positive_shutdown) ... ok
test_session_model_success_are_observed_and_never_filled_in (__main__.Contract.test_session_model_success_are_observed_and_never_filled_in) ... ok
test_audit_never_uses_engine_or_credentials (__main__.Controller.test_audit_never_uses_engine_or_credentials) ... ok
test_capture_refusal_never_widens_the_subset_or_retries (__main__.Controller.test_capture_refusal_never_widens_the_subset_or_retries) ... ok
test_missing_model_is_a_qualification_failure_even_if_restoration_works (__main__.Controller.test_missing_model_is_a_qualification_failure_even_if_restoration_works) ... ok
test_two_turn_trace_reconstructs_only_the_subset_and_keeps_token_private (__main__.Controller.test_two_turn_trace_reconstructs_only_the_subset_and_keeps_token_private) ... ok
test_uncertain_cleanup_retains_the_owned_credential (__main__.Controller.test_uncertain_cleanup_retains_the_owned_credential) ... ok
test_unconfirmed_stop_cannot_start_replacement_or_release_credential (__main__.Controller.test_unconfirmed_stop_cannot_start_replacement_or_release_credential) ... ok
test_ambiguous_projects_and_missing_session_do_not_widen_selection (__main__.Files.test_ambiguous_projects_and_missing_session_do_not_widen_selection) ... ok
test_bad_credential_and_link_types_refuse_before_contents (__main__.Files.test_bad_credential_and_link_types_refuse_before_contents) ... ok
test_credential_target_is_never_opened (__main__.Files.test_credential_target_is_never_opened) ... ok
test_entry_and_byte_limits_are_enforced (__main__.Files.test_entry_and_byte_limits_are_enforced) ... ok
test_subset_uses_observed_project_key_and_only_expected_session_file (__main__.Files.test_subset_uses_observed_project_key_and_only_expected_session_file) ... ok
test_bounded_pipe_uses_a_deterministic_local_process_and_reaps_it (__main__.ProviderPipe.test_bounded_pipe_uses_a_deterministic_local_process_and_reaps_it) ... ok
test_output_overflow_and_timeout_reap_the_owned_process (__main__.ProviderPipe.test_output_overflow_and_timeout_reap_the_owned_process) ... ok

----------------------------------------------------------------------
Ran 18 tests in 0.169s

OK
