test_a_start_that_failed_after_creating_a_runtime_is_ended (__main__.Research.test_a_start_that_failed_after_creating_a_runtime_is_ended)
THE COMMITTED START whose adapter call fails after the runtime ... {"adopted": false, "allocation": "recovery-required", "apply": "planned", "cleanup": "retained", "fixture_processes": 1, "parent": "queued-unclaimed", "prepare": "ended", "proof": "known-failed-start-is-ended", "root": "open", "runtime": "destroyed"}
{"credential_lifecycle": null, "credential_root_present": true, "launch_root_present": true, "proof": "delivery-state-after-product-failed-start-ending", "worker_returncodes": [-15]}
FAIL

======================================================================
FAIL: test_a_start_that_failed_after_creating_a_runtime_is_ended (__main__.Research.test_a_start_that_failed_after_creating_a_runtime_is_ended)
THE COMMITTED START whose adapter call fails after the runtime
----------------------------------------------------------------------
Traceback (most recent call last):
  File "/home/sl/src/baton/v12/python/tests/tools/test_managed_preparation.py", line 1666, in test_a_start_that_failed_after_creating_a_runtime_is_ended
    self.complete(uncertain=True)
    ~~~~~~~~~~~~~^^^^^^^^^^^^^^^^
  File "/home/sl/src/baton/v12/python/tests/tools/test_managed_preparation.py", line 2341, in complete
    return self.ended_after_failed_start(
           ~~~~~~~~~~~~~~~~~~~~~~~~~~~~~^
        held, preparation, processes, uncertainty, orchestrating[0],
        ^^^^^^^^^^^^^^^^^^^^^^^^^^^^^^^^^^^^^^^^^^^^^^^^^^^^^^^^^^^^
        target_before, target_revision, target_tree, case)
        ^^^^^^^^^^^^^^^^^^^^^^^^^^^^^^^^^^^^^^^^^^^^^^^^^^
  File "/home/sl/src/baton/work/records/2026/09/finding-v12-managed-integration-execution/findings/finding-managed-preparation-recovery/review-deliveries-172346.py", line 34, in ended_after_failed_start
    self.assertFalse(credential_root.exists(), 'ended failed start retained credential delivery')
    ~~~~~~~~~~~~~~~~^^^^^^^^^^^^^^^^^^^^^^^^^^^^^^^^^^^^^^^^^^^^^^^^^^^^^^^^^^^^^^^^^^^^^^^^^^^^^
AssertionError: True is not false : ended failed start retained credential delivery

----------------------------------------------------------------------
Ran 1 test in 3.393s

FAILED (failures=1)
