test_committed_intent_resumes_its_own_child_work_creation (position_probe.OneManagedPreparationCompletes.test_committed_intent_resumes_its_own_child_work_creation)
INTENT BEFORE WORK CREATION. The intent carries the ... POSITION {"capacity": true, "child_creation": false, "cut": "create", "frozen": false, "intake": false, "intent": true, "runtime": null}
ok
test_created_child_work_resumes_before_capacity_registration (position_probe.OneManagedPreparationCompletes.test_created_child_work_resumes_before_capacity_registration)
CREATION BEFORE REGISTRATION. The child Work exists at the ... ok
test_start_intent_resumes_when_the_adapter_never_answers (position_probe.OneManagedPreparationCompletes.test_start_intent_resumes_when_the_adapter_never_answers)
START INTENT BEFORE ADAPTER RETURN. The start is journalled and ... {"apply": "planned", "cache_recovery": "same-adoption", "candidate_digest": "sha256:9cf432606593431f4d4a57ac0a6b5cca82c274a7e67bcc03c308faa8f32f371e", "cleanup": "retained", "cut": "create", "fixture_processes": 1, "harness_digest": "sha256:5f89f832b8991f59da73437cc442da4c68fe759991910eaf22caa5a0eae65001", "host_trap": "proved-and-unreached", "parent": "queued-unclaimed", "proof": "ordinary-managed-preparation", "request_digest": "sha256:ba5b94cd8ab8b96c981dba974b425bd4c7af1ef291093944cd8364ba80a01d33", "root": "open", "runtime": "destroyed", "worker_exit": 0}
{"apply": "planned", "cache_recovery": "same-adoption", "candidate_digest": "sha256:9cf432606593431f4d4a57ac0a6b5cca82c274a7e67bcc03c308faa8f32f371e", "cleanup": "retained", "cut": "register", "fixture_processes": 1, "harness_digest": "sha256:5f89f832b8991f59da73437cc442da4c68fe759991910eaf22caa5a0eae65001", "host_trap": "proved-and-unreached", "parent": "queued-unclaimed", "proof": "ordinary-managed-preparation", "request_digest": "sha256:2061a7c359006d9fb7973ac709d8c5e0779e415d6dc4723162ee6a4fb4d60961", "root": "open", "runtime": "destroyed", "worker_exit": 0}
POSITION {"capacity": true, "child_creation": true, "cut": "launch", "exchange": null, "frozen": false, "intake": false, "intent": true, "runtime": {"cleanup": "pending", "execution_runtime": "not-started", "runtime_id": null}}
ok
test_the_worker_answer_resumes_before_output_is_frozen (position_probe.OneManagedPreparationCompletes.test_the_worker_answer_resumes_before_output_is_frozen)
WORKER ANSWER BEFORE FREEZE. ... {"apply": "planned", "cache_recovery": "same-adoption", "candidate_digest": "sha256:9cf432606593431f4d4a57ac0a6b5cca82c274a7e67bcc03c308faa8f32f371e", "cleanup": "retained", "cut": "launch", "fixture_processes": 1, "harness_digest": "sha256:5f89f832b8991f59da73437cc442da4c68fe759991910eaf22caa5a0eae65001", "host_trap": "proved-and-unreached", "parent": "queued-unclaimed", "proof": "ordinary-managed-preparation", "request_digest": "sha256:ff9c7a4b83dc4fb569675419715143dca3759a20e7cd798e0168330602d455bf", "root": "open", "runtime": "destroyed", "worker_exit": 0}
POSITION {"capacity": true, "child_creation": true, "cut": "dispatch", "exchange": {"command": null, "foreign": [], "receipt": null, "sequence_id": "sequence-8e6390981511cb2d6ff48c3ca4bd9e0f", "state": "not-requested", "states": [], "terminal": null, "transport": "baton.worker-exchange/1", "unreadable": null}, "frozen": false, "intake": false, "intent": true, "runtime": {"cleanup": "pending", "execution_runtime": "running", "runtime_id": "runtime-single-3"}}
ok
test_frozen_output_resumes_through_intake_and_attachment (position_probe.OneManagedPreparationCompletes.test_frozen_output_resumes_through_intake_and_attachment)
FREEZE BEFORE INTAKE and ACCEPTED INTAKE BEFORE ATTACHMENT, both ... {"apply": "planned", "cache_recovery": "same-adoption", "candidate_digest": "sha256:9cf432606593431f4d4a57ac0a6b5cca82c274a7e67bcc03c308faa8f32f371e", "cleanup": "retained", "cut": "dispatch", "fixture_processes": 1, "harness_digest": "sha256:5f89f832b8991f59da73437cc442da4c68fe759991910eaf22caa5a0eae65001", "host_trap": "proved-and-unreached", "parent": "queued-unclaimed", "proof": "ordinary-managed-preparation", "request_digest": "sha256:5829df1a8597d9a180cbd92eb8be54a152dd3f77a696c77922965f46143eb756", "root": "open", "runtime": "destroyed", "worker_exit": 0}
POSITION {"capacity": true, "child_creation": true, "cut": "conclude", "exchange": {"command": {"command_digest": "sha256:9c35200f2bacbac4d2bdf383cdb14e590b9de202cb659d578fb7cb4c2cc21788", "operations": ["describe", "work"], "sequence_id": "sequence-8e6390981511cb2d6ff48c3ca4bd9e0f"}, "foreign": [], "receipt": {"accepted_at": "2026-09-14T16:43:44.000Z"}, "sequence_id": "sequence-8e6390981511cb2d6ff48c3ca4bd9e0f", "state": "answered", "states": [{"operation": "describe", "state": "answered"}, {"operation": "work", "state": "answered"}], "terminal": {"answered": ["describe", "work"], "disposition": "completed", "ending": "answered", "fault_code": null, "manifest_digest": "sha256:05e890fe622e13403d60fd0127f29c6047faddacf51bded319508969ac8dac7e"}, "transport": "baton.worker-exchange/1", "unreadable": null}, "frozen": false, "intake": false, "intent": true, "runtime": {"cleanup": "pending", "execution_runtime": "running", "runtime_id": "runtime-single-3"}}
ok

----------------------------------------------------------------------
Ran 5 tests in 5.259s

OK
{"apply": "planned", "cache_recovery": "same-adoption", "candidate_digest": "sha256:9cf432606593431f4d4a57ac0a6b5cca82c274a7e67bcc03c308faa8f32f371e", "cleanup": "retained", "cut": "conclude", "fixture_processes": 1, "harness_digest": "sha256:5f89f832b8991f59da73437cc442da4c68fe759991910eaf22caa5a0eae65001", "host_trap": "proved-and-unreached", "parent": "queued-unclaimed", "proof": "ordinary-managed-preparation", "request_digest": "sha256:f4f3b64446b981713d86f14a5d207fb978fbeffb0764e525dd1bdc6a71903f00", "root": "open", "runtime": "destroyed", "worker_exit": 0}
