test_a_start_that_failed_after_creating_a_runtime_is_ended (__main__.Research.test_a_start_that_failed_after_creating_a_runtime_is_ended)
THE COMMITTED START whose adapter call fails after the runtime ... {"after_ordinary_sweeps": {"assignment": {"generation": 1, "participant": "baton.integrator", "work_ref": {"authority_uuid": "0000000a000000000000000000000000", "work_id": "0000000a-W47984398722361"}}, "attempt_id": "prepare-2ba43d0a6538f876fc8c7fb6e28f6f2951e327e807ad11d4a6fdf3aa8de8c3d0", "cleanup": "pending", "execution_runtime": "uncertain", "runtime_id": null}, "allocation": "recovery-required", "apply": "planned", "at_fault": [{"assignment": {"generation": 1, "participant": "baton.integrator", "work_ref": {"authority_uuid": "0000000a000000000000000000000000", "work_id": "0000000a-W47984398722361"}}, "attempt_id": "prepare-2ba43d0a6538f876fc8c7fb6e28f6f2951e327e807ad11d4a6fdf3aa8de8c3d0", "cleanup": "pending", "execution_runtime": "uncertain", "runtime_id": null}], "fixture_process_count": 1, "injected_listings": 1, "later_available_runtime_ids": ["runtime-single-3"], "prepare": "admitted", "proof": "one-inconclusive-listing-then-exact-evidence", "root": "open", "worker_returncodes": [null]}
FAIL

======================================================================
FAIL: test_a_start_that_failed_after_creating_a_runtime_is_ended (__main__.Research.test_a_start_that_failed_after_creating_a_runtime_is_ended)
THE COMMITTED START whose adapter call fails after the runtime
----------------------------------------------------------------------
Traceback (most recent call last):
  File "/home/sl/src/baton/v12/python/tests/tools/test_managed_preparation.py", line 1695, in test_a_start_that_failed_after_creating_a_runtime_is_ended
    self.complete(uncertain=True)
    ~~~~~~~~~~~~~^^^^^^^^^^^^^^^^
  File "/home/sl/src/baton/v12/python/tests/tools/test_managed_preparation.py", line 2383, in complete
    return self.ended_after_failed_start(
           ~~~~~~~~~~~~~~~~~~~~~~~~~~~~~^
        held, preparation, processes, uncertainty, orchestrating[0],
        ^^^^^^^^^^^^^^^^^^^^^^^^^^^^^^^^^^^^^^^^^^^^^^^^^^^^^^^^^^^^
        target_before, target_revision, target_tree, case)
        ^^^^^^^^^^^^^^^^^^^^^^^^^^^^^^^^^^^^^^^^^^^^^^^^^^
  File "/home/sl/src/baton/work/records/2026/09/finding-v12-managed-integration-execution/findings/finding-managed-preparation-recovery/review-uncertain-recovery-172443.py", line 60, in ended_after_failed_start
    self.assertEqual(current['execution_runtime'], 'destroyed',
    ~~~~~~~~~~~~~~~~^^^^^^^^^^^^^^^^^^^^^^^^^^^^^^^^^^^^^^^^^^^
                     'later exact observation never reaches failed-start recovery')
                     ^^^^^^^^^^^^^^^^^^^^^^^^^^^^^^^^^^^^^^^^^^^^^^^^^^^^^^^^^^^^^^
AssertionError: 'uncertain' != 'destroyed'
- uncertain
+ destroyed
 : later exact observation never reaches failed-start recovery

----------------------------------------------------------------------
Ran 1 test in 3.549s

FAILED (failures=1)
