F
======================================================================
FAIL: test_failed_start_retries_an_unfinished_credential_teardown (tests.tools.test_managed_preparation.OneManagedPreparationCompletes.test_failed_start_retries_an_unfinished_credential_teardown)
----------------------------------------------------------------------
Traceback (most recent call last):
  File "/home/sl/src/baton/v12/python/tests/tools/test_managed_preparation.py", line 1715, in test_failed_start_retries_an_unfinished_credential_teardown
    self.complete(uncertain=True)
    ~~~~~~~~~~~~~^^^^^^^^^^^^^^^^
  File "/home/sl/src/baton/v12/python/tests/tools/test_managed_preparation.py", line 2194, in complete
    held = case.reviewed()
  File "/home/sl/src/baton/v12/python/tests/tools/test_stage_execution.py", line 3490, in reviewed
    held = self.implemented()
  File "/home/sl/src/baton/v12/python/tests/tools/test_stage_execution.py", line 2869, in implemented
    self.drive(job, composed, "implementation", "completed")
    ~~~~~~~~~~^^^^^^^^^^^^^^^^^^^^^^^^^^^^^^^^^^^^^^^^^^^^^^
  File "/home/sl/src/baton/v12/python/tests/tools/test_stage_execution.py", line 2628, in drive
    self.fail(f"the {kind} stage never reached {want!r}: "
    ~~~~~~~~~^^^^^^^^^^^^^^^^^^^^^^^^^^^^^^^^^^^^^^^^^^^^^
              f"{self.states(job, composed)}")
              ^^^^^^^^^^^^^^^^^^^^^^^^^^^^^^^^
AssertionError: the implementation stage never reached 'completed': {'implementation': 'answering', 'review': 'blocked', 'integration': 'blocked'}

----------------------------------------------------------------------
Ran 1 test in 0.265s

FAILED (failures=1)
