...........E...{"apply": "planned", "cache_recovery": "same-adoption", "candidate_digest": "sha256:9cf432606593431f4d4a57ac0a6b5cca82c274a7e67bcc03c308faa8f32f371e", "cleanup": "retained", "cut": "admit", "fixture_processes": 1, "harness_digest": "sha256:5f89f832b8991f59da73437cc442da4c68fe759991910eaf22caa5a0eae65001", "host_trap": "proved-and-unreached", "parent": "queued-unclaimed", "proof": "ordinary-managed-preparation", "request_digest": "sha256:e636a141ffc2c635a19de6f9b559e0499452e45c23aae4ce17d2202d9444ab48", "root": "open", "runtime": "destroyed", "worker_exit": 0}
{"apply": "planned", "cache_recovery": "same-adoption", "candidate_digest": "sha256:9cf432606593431f4d4a57ac0a6b5cca82c274a7e67bcc03c308faa8f32f371e", "cleanup": "retained", "cut": "adopt", "fixture_processes": 1, "harness_digest": "sha256:5f89f832b8991f59da73437cc442da4c68fe759991910eaf22caa5a0eae65001", "host_trap": "proved-and-unreached", "parent": "queued-unclaimed", "proof": "ordinary-managed-preparation", "request_digest": "sha256:012ac8ca7d7118b69379906c7fc5b3581bc9d060a438c63f7a268b126b1eacc6", "root": "open", "runtime": "destroyed", "worker_exit": 0}
{"apply": "planned", "cache_recovery": "same-adoption", "candidate_digest": "sha256:9cf432606593431f4d4a57ac0a6b5cca82c274a7e67bcc03c308faa8f32f371e", "cleanup": "retained", "cut": "attach", "fixture_processes": 1, "harness_digest": "sha256:5f89f832b8991f59da73437cc442da4c68fe759991910eaf22caa5a0eae65001", "host_trap": "proved-and-unreached", "parent": "queued-unclaimed", "proof": "ordinary-managed-preparation", "request_digest": "sha256:47ffae1a8309be4ef4cc5bfbd34f344d8e9a2e15efffa11afea500c19954cefc", "root": "open", "runtime": "destroyed", "worker_exit": 0}
{"apply": "planned", "cache_recovery": "same-adoption", "candidate_digest": "sha256:9cf432606593431f4d4a57ac0a6b5cca82c274a7e67bcc03c308faa8f32f371e", "cleanup": "retained", "cut": "intake", "fixture_processes": 1, "harness_digest": "sha256:5f89f832b8991f59da73437cc442da4c68fe759991910eaf22caa5a0eae65001", "host_trap": "proved-and-unreached", "parent": "queued-unclaimed", "proof": "ordinary-managed-preparation", "request_digest": "sha256:f26aea8238be6df4c5f63f1fdaca43ea86199a9253f1ebdd0802db7baae8074a", "root": "open", "runtime": "destroyed", "worker_exit": 0}
{"apply": "planned", "cache_recovery": "same-adoption", "candidate_digest": "sha256:9cf432606593431f4d4a57ac0a6b5cca82c274a7e67bcc03c308faa8f32f371e", "cleanup": "retained", "cut": "end", "fixture_processes": 1, "harness_digest": "sha256:5f89f832b8991f59da73437cc442da4c68fe759991910eaf22caa5a0eae65001", "host_trap": "proved-and-unreached", "parent": "queued-unclaimed", "proof": "ordinary-managed-preparation", "request_digest": "sha256:ee9542abf47800f472df8dce9205df7d1e00221e045ccdb016b16e5d1c5a8035", "root": "open", "runtime": "destroyed", "worker_exit": 0}
{"apply": "planned", "cache_recovery": "same-adoption", "candidate_digest": "sha256:9cf432606593431f4d4a57ac0a6b5cca82c274a7e67bcc03c308faa8f32f371e", "cleanup": "retained", "cut": "freeze", "fixture_processes": 1, "harness_digest": "sha256:5f89f832b8991f59da73437cc442da4c68fe759991910eaf22caa5a0eae65001", "host_trap": "proved-and-unreached", "parent": "queued-unclaimed", "proof": "ordinary-managed-preparation", "request_digest": "sha256:fb2e5fe8f483626ab132fb73a5a749ca60ddaa53d919e11050323042f1485097", "root": "open", "runtime": "destroyed", "worker_exit": 0}
{"apply": "planned", "cache_recovery": "same-adoption", "candidate_digest": "sha256:9cf432606593431f4d4a57ac0a6b5cca82c274a7e67bcc03c308faa8f32f371e", "cleanup": "retained", "cut": "launch", "fixture_processes": 1, "harness_digest": "sha256:5f89f832b8991f59da73437cc442da4c68fe759991910eaf22caa5a0eae65001", "host_trap": "proved-and-unreached", "parent": "queued-unclaimed", "proof": "ordinary-managed-preparation", "request_digest": "sha256:f4bbe318e7c7581b4385d1a1b7352fd97780d54bb7fc4eb392c4ba393214bf51", "root": "open", "runtime": "destroyed", "worker_exit": 0}
{"apply": "planned", "cache_recovery": "same-adoption", "candidate_digest": "sha256:9cf432606593431f4d4a57ac0a6b5cca82c274a7e67bcc03c308faa8f32f371e", "cleanup": "retained", "cut": "register", "fixture_processes": 1, "harness_digest": "sha256:5f89f832b8991f59da73437cc442da4c68fe759991910eaf22caa5a0eae65001", "host_trap": "proved-and-unreached", "parent": "queued-unclaimed", "proof": "ordinary-managed-preparation", "request_digest": "sha256:a3cd1491033723645a2836fe8c3e5b62797a53ed192834493af326ea72d39fd0", "root": "open", "runtime": "destroyed", "worker_exit": 0}
{"apply": "planned", "cache_recovery": "same-adoption", "candidate_digest": "sha256:9cf432606593431f4d4a57ac0a6b5cca82c274a7e67bcc03c308faa8f32f371e", "cleanup": "retained", "cut": "decide", "fixture_processes": 1, "harness_digest": "sha256:5f89f832b8991f59da73437cc442da4c68fe759991910eaf22caa5a0eae65001", "host_trap": "proved-and-unreached", "parent": "queued-unclaimed", "proof": "ordinary-managed-preparation", "request_digest": "sha256:06551cc3225ceaca9f0def85fb4224251e5de6584d3809a8f05bd4d4ae17bfae", "root": "open", "runtime": "destroyed", "worker_exit": 0}
{"apply": "planned", "cache_recovery": "same-adoption", "candidate_digest": "sha256:9cf432606593431f4d4a57ac0a6b5cca82c274a7e67bcc03c308faa8f32f371e", "cleanup": "retained", "cut": "create", "fixture_processes": 1, "harness_digest": "sha256:5f89f832b8991f59da73437cc442da4c68fe759991910eaf22caa5a0eae65001", "host_trap": "proved-and-unreached", "parent": "queued-unclaimed", "proof": "ordinary-managed-preparation", "request_digest": "sha256:c61845881b983fa02e4e88a94addf8a37fac46d8afd2f0f332ef63f41c4df9a9", "root": "open", "runtime": "destroyed", "worker_exit": 0}
{"apply": "planned", "cache_recovery": "same-adoption", "candidate_digest": "sha256:9cf432606593431f4d4a57ac0a6b5cca82c274a7e67bcc03c308faa8f32f371e", "cleanup": "retained", "cut": "child_admit", "fixture_processes": 1, "harness_digest": "sha256:5f89f832b8991f59da73437cc442da4c68fe759991910eaf22caa5a0eae65001", "host_trap": "proved-and-unreached", "parent": "queued-unclaimed", "proof": "ordinary-managed-preparation", "request_digest": "sha256:fb8ae9aaa0c94c0e3de3b7e9a3b9a93a7040f6409470d7f81a9d262dfff83278", "root": "open", "runtime": "destroyed", "worker_exit": 0}
{"apply": "planned", "cache_recovery": "same-adoption", "candidate_digest": "sha256:9cf432606593431f4d4a57ac0a6b5cca82c274a7e67bcc03c308faa8f32f371e", "cleanup": "retained", "cut": "attach", "fixture_processes": 1, "harness_digest": "sha256:5f89f832b8991f59da73437cc442da4c68fe759991910eaf22caa5a0eae65001", "host_trap": "proved-and-unreached", "parent": "queued-unclaimed", "proof": "ordinary-managed-preparation", "request_digest": "sha256:c58fdf4e1ab2d9a96fc8f5f11654ad92463dcb880cb69e928274aff899290c9f", "root": "open", "runtime": "destroyed", "worker_exit": 0}
{"apply": "planned", "cache_recovery": "same-adoption", "candidate_digest": "sha256:9cf432606593431f4d4a57ac0a6b5cca82c274a7e67bcc03c308faa8f32f371e", "cleanup": "retained", "cut": "submit_claim", "fixture_processes": 1, "harness_digest": "sha256:5f89f832b8991f59da73437cc442da4c68fe759991910eaf22caa5a0eae65001", "host_trap": "proved-and-unreached", "parent": "queued-unclaimed", "proof": "ordinary-managed-preparation", "request_digest": "sha256:0fe82f49486dcc43bee6a3b2456e335190ea78a50678492bc50438b8ac6dd253", "root": "open", "runtime": "destroyed", "worker_exit": 0}
{"apply": "planned", "cache_recovery": "same-adoption", "candidate_digest": "sha256:9cf432606593431f4d4a57ac0a6b5cca82c274a7e67bcc03c308faa8f32f371e", "cleanup": "retained", "cut": "start", "fixture_processes": 1, "harness_digest": "sha256:5f89f832b8991f59da73437cc442da4c68fe759991910eaf22caa5a0eae65001", "host_trap": "proved-and-unreached", "parent": "queued-unclaimed", "proof": "ordinary-managed-preparation", "request_digest": "sha256:766f3a991ded3b12de32fc212959cb500bc4ed352e81341568d6cdaa1350b73b", "root": "open", "runtime": "destroyed", "worker_exit": 0}
{"apply": "planned", "cache_recovery": "same-adoption", "candidate_digest": "sha256:9cf432606593431f4d4a57ac0a6b5cca82c274a7e67bcc03c308faa8f32f371e", "cleanup": "retained", "cut": "adopt", "fixture_processes": 1, "harness_digest": "sha256:5f89f832b8991f59da73437cc442da4c68fe759991910eaf22caa5a0eae65001", "host_trap": "proved-and-unreached", "parent": "queued-unclaimed", "proof": "ordinary-managed-preparation", "request_digest": "sha256:f9874491d51c87036dbc34473106cd7082a9cf7dd0c76915fad3e1c4e8d1e528", "root": "open", "runtime": "destroyed", "worker_exit": 0}................
{"apply": "planned", "cache_recovery": "same-adoption", "candidate_digest": "sha256:9cf432606593431f4d4a57ac0a6b5cca82c274a7e67bcc03c308faa8f32f371e", "cleanup": "retained", "cut": "launch", "fixture_processes": 1, "harness_digest": "sha256:5f89f832b8991f59da73437cc442da4c68fe759991910eaf22caa5a0eae65001", "host_trap": "proved-and-unreached", "parent": "queued-unclaimed", "proof": "ordinary-managed-preparation", "request_digest": "sha256:327e4dc637fe536872ed9c8d13affb1fa43e37377ee1e5914429aa2e1b4f57c3", "root": "open", "runtime": "destroyed", "worker_exit": 0}
{"apply": "planned", "cache_recovery": "same-adoption", "candidate_digest": "sha256:9cf432606593431f4d4a57ac0a6b5cca82c274a7e67bcc03c308faa8f32f371e", "cleanup": "retained", "cut": "end", "fixture_processes": 1, "harness_digest": "sha256:5f89f832b8991f59da73437cc442da4c68fe759991910eaf22caa5a0eae65001", "host_trap": "proved-and-unreached", "parent": "queued-unclaimed", "proof": "ordinary-managed-preparation", "request_digest": "sha256:6927a26f2cdd41fa605c3a6d136b5c74f735b6430e0926819e4d1669c9972423", "root": "open", "runtime": "destroyed", "worker_exit": 0}
{"apply": "planned", "cache_recovery": "same-adoption", "candidate_digest": "sha256:9cf432606593431f4d4a57ac0a6b5cca82c274a7e67bcc03c308faa8f32f371e", "cleanup": "retained", "cut": "record_attempt", "fixture_processes": 1, "harness_digest": "sha256:5f89f832b8991f59da73437cc442da4c68fe759991910eaf22caa5a0eae65001", "host_trap": "proved-and-unreached", "parent": "queued-unclaimed", "proof": "ordinary-managed-preparation", "request_digest": "sha256:38ea2e4aeb7f6ed36096a4a99e9eae6a82e23d8d136b8932fcedb8d7de6f6246", "root": "open", "runtime": "destroyed", "worker_exit": 0}
{"apply": "planned", "cache_recovery": "same-adoption", "candidate_digest": "sha256:9cf432606593431f4d4a57ac0a6b5cca82c274a7e67bcc03c308faa8f32f371e", "cleanup": "retained", "cut": "admit", "fixture_processes": 1, "harness_digest": "sha256:5f89f832b8991f59da73437cc442da4c68fe759991910eaf22caa5a0eae65001", "host_trap": "proved-and-unreached", "parent": "queued-unclaimed", "proof": "ordinary-managed-preparation", "request_digest": "sha256:7d82aa1618286ca9c2e42a425adb5a3074351e2852336576fb4733de96bb168b", "root": "open", "runtime": "destroyed", "worker_exit": 0}
{"apply": "planned", "cache_recovery": "same-adoption", "candidate_digest": "sha256:9cf432606593431f4d4a57ac0a6b5cca82c274a7e67bcc03c308faa8f32f371e", "cleanup": "retained", "cut": "intake", "fixture_processes": 1, "harness_digest": "sha256:5f89f832b8991f59da73437cc442da4c68fe759991910eaf22caa5a0eae65001", "host_trap": "proved-and-unreached", "parent": "queued-unclaimed", "proof": "ordinary-managed-preparation", "request_digest": "sha256:56d83f0c7ad1e22c5fd89e96995f99faf78911fa696ce830f6ee134a52eb1f54", "root": "open", "runtime": "destroyed", "worker_exit": 0}
{"apply": "planned", "cache_recovery": "same-adoption", "candidate_digest": "sha256:9cf432606593431f4d4a57ac0a6b5cca82c274a7e67bcc03c308faa8f32f371e", "cleanup": "retained", "cut": null, "fixture_processes": 1, "harness_digest": "sha256:5f89f832b8991f59da73437cc442da4c68fe759991910eaf22caa5a0eae65001", "host_trap": "proved-and-unreached", "parent": "queued-unclaimed", "proof": "ordinary-managed-preparation", "request_digest": "sha256:5a31341df44ae21214f63a80567f7b922cea93571a228932993e0da1e3d1a8b0", "root": "open", "runtime": "destroyed", "worker_exit": 0}
{"apply": "planned", "cache_recovery": "same-adoption", "candidate_digest": "sha256:9cf432606593431f4d4a57ac0a6b5cca82c274a7e67bcc03c308faa8f32f371e", "cleanup": "retained", "cut": "decide", "fixture_processes": 1, "harness_digest": "sha256:5f89f832b8991f59da73437cc442da4c68fe759991910eaf22caa5a0eae65001", "host_trap": "proved-and-unreached", "parent": "queued-unclaimed", "proof": "ordinary-managed-preparation", "request_digest": "sha256:b08a16bd11eaaa00d8550560ba247bce5daa8d903ce73677d73287da1be84328", "root": "open", "runtime": "destroyed", "worker_exit": 0}
{"apply": "planned", "cache_recovery": "same-adoption", "candidate_digest": "sha256:9cf432606593431f4d4a57ac0a6b5cca82c274a7e67bcc03c308faa8f32f371e", "cleanup": "retained", "cut": "freeze", "fixture_processes": 1, "harness_digest": "sha256:5f89f832b8991f59da73437cc442da4c68fe759991910eaf22caa5a0eae65001", "host_trap": "proved-and-unreached", "parent": "queued-unclaimed", "proof": "ordinary-managed-preparation", "request_digest": "sha256:c6581b6c38b3cdb383865076f6cfa4df9048b7e41d7c0fb6984114098d0af3a9", "root": "open", "runtime": "destroyed", "worker_exit": 0}
{"apply": "planned", "cache_recovery": "same-adoption", "candidate_digest": "sha256:9cf432606593431f4d4a57ac0a6b5cca82c274a7e67bcc03c308faa8f32f371e", "cleanup": "retained", "cut": "unexpected-decide", "fixture_processes": 1, "harness_digest": "sha256:5f89f832b8991f59da73437cc442da4c68fe759991910eaf22caa5a0eae65001", "host_trap": "proved-and-unreached", "parent": "queued-unclaimed", "proof": "ordinary-managed-preparation", "request_digest": "sha256:1c435f29fbfd57653999564ebef6406f2d9af42061e6a5f9ee1731f262a9d71f", "root": "open", "runtime": "destroyed", "worker_exit": 0}
{"apply": "planned", "cache_recovery": "same-adoption", "candidate_digest": "sha256:9cf432606593431f4d4a57ac0a6b5cca82c274a7e67bcc03c308faa8f32f371e", "cleanup": "retained", "cut": "register", "fixture_processes": 1, "harness_digest": "sha256:5f89f832b8991f59da73437cc442da4c68fe759991910eaf22caa5a0eae65001", "host_trap": "proved-and-unreached", "parent": "queued-unclaimed", "proof": "ordinary-managed-preparation", "request_digest": "sha256:547f34044304d130ad00bad11fc061b23eceb945ebfd0ce1399eca5eca05da60", "root": "open", "runtime": "destroyed", "worker_exit": 0}
{"apply": "planned", "cache_recovery": "same-adoption", "candidate_digest": "sha256:9cf432606593431f4d4a57ac0a6b5cca82c274a7e67bcc03c308faa8f32f371e", "cleanup": "retained", "cut": "decide", "fixture_processes": 1, "harness_digest": "sha256:5f89f832b8991f59da73437cc442da4c68fe759991910eaf22caa5a0eae65001", "host_trap": "proved-and-unreached", "parent": "queued-unclaimed", "proof": "ordinary-managed-preparation", "request_digest": "sha256:edd0f0c481135716109fef41806dd94c2072f4bf5565cd56f5149de698c4d5d8", "root": "open", "runtime": "destroyed", "worker_exit": 0}
{"apply": "planned", "cache_recovery": "same-adoption", "candidate_digest": "sha256:9cf432606593431f4d4a57ac0a6b5cca82c274a7e67bcc03c308faa8f32f371e", "cleanup": "retained", "cut": "create", "fixture_processes": 1, "harness_digest": "sha256:5f89f832b8991f59da73437cc442da4c68fe759991910eaf22caa5a0eae65001", "host_trap": "proved-and-unreached", "parent": "queued-unclaimed", "proof": "ordinary-managed-preparation", "request_digest": "sha256:a30535ee6b026acefc74b2051476e61f4967721859008457f6e1b60a7fb27d75", "root": "open", "runtime": "destroyed", "worker_exit": 0}
{"apply": "planned", "cache_recovery": "same-adoption", "candidate_digest": "sha256:9cf432606593431f4d4a57ac0a6b5cca82c274a7e67bcc03c308faa8f32f371e", "cleanup": "retained", "cut": "create", "fixture_processes": 1, "harness_digest": "sha256:5f89f832b8991f59da73437cc442da4c68fe759991910eaf22caa5a0eae65001", "host_trap": "proved-and-unreached", "parent": "queued-unclaimed", "proof": "ordinary-managed-preparation", "request_digest": "sha256:a9fa25e80b09d3de8b6b900531a32a1f2f3a4f0c378bda5e5ee7fb31e01911d6", "root": "open", "runtime": "destroyed", "worker_exit": 0}
{"apply": "planned", "cache_recovery": "same-adoption", "candidate_digest": "sha256:9cf432606593431f4d4a57ac0a6b5cca82c274a7e67bcc03c308faa8f32f371e", "cleanup": "retained", "cut": "create", "fixture_processes": 1, "harness_digest": "sha256:5f89f832b8991f59da73437cc442da4c68fe759991910eaf22caa5a0eae65001", "host_trap": "proved-and-unreached", "parent": "queued-unclaimed", "proof": "ordinary-managed-preparation", "request_digest": "sha256:ce46d4fcfbbfa5d9508e2e2e9891958ef8d2efa7e98074b891e82e0bc9f74456", "root": "open", "runtime": "destroyed", "worker_exit": 0}
{"apply": "planned", "cache_recovery": "same-adoption", "candidate_digest": "sha256:9cf432606593431f4d4a57ac0a6b5cca82c274a7e67bcc03c308faa8f32f371e", "cleanup": "retained", "cut": "child_admit", "fixture_processes": 1, "harness_digest": "sha256:5f89f832b8991f59da73437cc442da4c68fe759991910eaf22caa5a0eae65001", "host_trap": "proved-and-unreached", "parent": "queued-unclaimed", "proof": "ordinary-managed-preparation", "request_digest": "sha256:eeff691c563cae05c1d21e033115a675e8994e47166b0905335c258d840c644c", "root": "open", "runtime": "destroyed", "worker_exit": 0}..
======================================================================
ERROR: test_a_start_that_failed_after_creating_a_runtime_is_ended (tests.tools.test_managed_preparation.OneManagedPreparationCompletes.test_a_start_that_failed_after_creating_a_runtime_is_ended)
THE COMMITTED START whose adapter call fails after the runtime
----------------------------------------------------------------------
Traceback (most recent call last):
  File "/home/sl/src/baton/v12/python/tests/tools/test_managed_preparation.py", line 1666, in test_a_start_that_failed_after_creating_a_runtime_is_ended
    self.complete(uncertain=True)
    ~~~~~~~~~~~~~^^^^^^^^^^^^^^^^
  File "/home/sl/src/baton/v12/python/tests/tools/test_managed_preparation.py", line 2271, in complete
    last = sweep(held.job, held.composed, now=fixtures.NOW)
  File "/home/sl/src/baton/v12/python/src/baton_v12/job_manager/manager.py", line 153, in sweep
    acts.append(_delegate(store, operations, owed, entry["attempt"],
                ~~~~~~~~~^^^^^^^^^^^^^^^^^^^^^^^^^^^^^^^^^^^^^^^^^^^
                          submission.job_of(store,
                          ^^^^^^^^^^^^^^^^^^^^^^^^
                                            entry["stage"]["job_id"])))
                                            ^^^^^^^^^^^^^^^^^^^^^^^^^^
  File "/home/sl/src/baton/v12/python/src/baton_v12/job_manager/manager.py", line 762, in _delegate
    _perform(operations, owed["act"], stage, job)
    ~~~~~~~~^^^^^^^^^^^^^^^^^^^^^^^^^^^^^^^^^^^^^
  File "/home/sl/src/baton/v12/python/src/baton_v12/job_manager/manager.py", line 805, in _perform
    return operations.admit(stage, job)
           ~~~~~~~~~~~~~~~~^^^^^^^^^^^^
  File "/home/sl/src/baton/v12/python/tools/stage_execution.py", line 4078, in admit
    else self.pooled.admit(stage, job))
         ~~~~~~~~~~~~~~~~~^^^^^^^^^^^^
  File "/home/sl/src/baton/v12/python/src/baton_v12/job_manager/scheduler.py", line 812, in admit
    return worker.admit(stage, job)
           ~~~~~~~~~~~~^^^^^^^^^^^^
  File "/home/sl/src/baton/v12/python/tools/integration_worker.py", line 1130, in admit
    return self._preparation.admit(self._operations, stage, job)
           ~~~~~~~~~~~~~~~~~~~~~~~^^^^^^^^^^^^^^^^^^^^^^^^^^^^^^
  File "/home/sl/src/baton/v12/python/tests/tools/test_managed_preparation.py", line 2176, in traced
    return original_admit(instance, *args)
  File "/home/sl/src/baton/v12/python/tools/integration_worker.py", line 1229, in admit
    and self._failed_start(intent, held):
        ~~~~~~~~~~~~~~~~~~^^^^^^^^^^^^^^
  File "/home/sl/src/baton/v12/python/tools/integration_worker.py", line 1327, in _failed_start
    self._skip_fence = None or self._port.assignment_of and None
    ^^^^^^^^^^^^^^^^
AttributeError: 'ManagedPreparation' object has no attribute '_skip_fence' and no __dict__ for setting new attributes

----------------------------------------------------------------------
Ran 33 tests in 21.204s

FAILED (errors=1)

{"apply": "planned", "cache_recovery": "same-adoption", "candidate_digest": "sha256:9cf432606593431f4d4a57ac0a6b5cca82c274a7e67bcc03c308faa8f32f371e", "cleanup": "retained", "cut": "child_admit", "fixture_processes": 1, "harness_digest": "sha256:5f89f832b8991f59da73437cc442da4c68fe759991910eaf22caa5a0eae65001", "host_trap": "proved-and-unreached", "parent": "queued-unclaimed", "proof": "ordinary-managed-preparation", "request_digest": "sha256:b5ef9cd592ec731892122775dc23735c4d330abd13aa996b819665ee39eb4e23", "root": "open", "runtime": "destroyed", "worker_exit": 0}
