EEE.E........................................................................................................................................EEE.EEEEE........................................E...........................................W103068 genuine consumer evidence {"derived_proposal": "proposal-result-5dfb8b5902fe924fbb7ba633ee1b27c8a67a6f48d3b0dc4ba5ac7414e643d2d6", "derived_result": "result-5dfb8b5902fe924fbb7ba633ee1b27c8a67a6f48d3b0dc4ba5ac7414e643d2d6", "jobs": {"job-a": {"implementation": "completed", "integration": "completed", "review": "completed"}, "job-b": {"implementation": "completed", "integration": "completed", "review": "completed"}}, "judgments": [{"assignment": {"authority_uuid": "0000000a000000000000000000000000", "effective_scope": "scope:deployment", "generation": 1, "participant": "baton.verifier", "principal": "principal:baton.verifier", "runtime_attempt_id": "judgment-90408d2338529bb73594e9d1ec923a1b3b2707435df90ef1260c273d76d816e8", "work_id": "0000000a-W3"}, "attempt_id": "judgment-90408d2338529bb73594e9d1ec923a1b3b2707435df90ef1260c273d76d816e8", "receipt_digest": "sha256:95d249e2bd42dfa8eb0a586f2d6fd3b877315cf2b0a1a2b594f1f57f9e683d64", "result_digest": "sha256:0ef5d84a3c5e026a524bf2f1dc8055b378c8f11e871442d428533a3d9eaed24e", "result_id": "result-judgment-90408d2338529bb73594e9d1ec923a1b3b2707435df90ef1260c273d76d816e8", "subject": {"candidate": "e88124769c2b18bbb316a5a3a38456c0c2173a69", "canonical_target_id": "target-a", "causal_observations": {"base": {"command": ["python3", "feature_check.py"], "environment": "configured-required-test", "execution": "baton.result-observer", "harness_added": true, "input_commit": "28d916d9528149185955ed0f6c6749d9c2423538", "input_tree": "5b5d30b7ec542892d883931a154e12ef651d44eb", "output": "ModuleNotFoundError: No module named 'feature'", "status": 1, "test_digest": "sha256:38deeee1e89b9d04e866235c17091d320f60ebe00bdb8f7b039719437ab89e40", "test_identity": "w130224-second-line-of-one-target"}, "combined": {"command": ["python3", "feature_check.py"], "environment": "configured-required-test", "execution": "baton.result-observer", "harness_added": false, "input_commit": "e88124769c2b18bbb316a5a3a38456c0c2173a69", "input_tree": "8eefe71a6a543504cf363f4456c7ce98366aaa2f", "output": "the second job feature check passed", "status": 0, "test_digest": "sha256:38deeee1e89b9d04e866235c17091d320f60ebe00bdb8f7b039719437ab89e40", "test_identity": "w130224-second-line-of-one-target"}, "isolated": {"command": ["python3", "feature_check.py"], "environment": "configured-required-test", "execution": "baton.result-observer", "harness_added": false, "input_commit": "d208def7d36b976cbc94efa5beefc5e67b44d02a", "input_tree": "1a89022e1694cc0bcec87c5d4c5cd8a85f662384", "output": "the second job feature check passed", "status": 0, "test_digest": "sha256:38deeee1e89b9d04e866235c17091d320f60ebe00bdb8f7b039719437ab89e40", "test_identity": "w130224-second-line-of-one-target"}}, "content_digest": "sha256:dbd5fc06696dc50da92f4c5707584461e6055556d44294f379fd556e6980f457", "derived_proposal_id": "proposal-result-5dfb8b5902fe924fbb7ba633ee1b27c8a67a6f48d3b0dc4ba5ac7414e643d2d6", "derived_result_digest": "sha256:4c2e9a67bd2cd35ccc4a0293a12b8ce53d4fe65897fc13bd049c7583f9e3f5fb", "derived_result_id": "derived-result-5dfb8b5902fe924fbb7ba633ee1b27c8a67a6f48d3b0dc4ba5ac7414e643d2d6", "job_id": "job-b", "kind": "verification", "observed_by": "baton.result-observer", "policy_generation": 15, "result_id": "result-5dfb8b5902fe924fbb7ba633ee1b27c8a67a6f48d3b0dc4ba5ac7414e643d2d6", "source_base": "28d916d9528149185955ed0f6c6749d9c2423538", "source_candidate": "d208def7d36b976cbc94efa5beefc5e67b44d02a", "source_proposal_id": "integration-driver.proposal:d1ac650830751068c1cd0cc852bf786012eb271085bd68cdc7200bf029d3abeb", "target_revision": "7407e14d8a189f0049856b4cd03801365f3a18de", "tree": "8eefe71a6a543504cf363f4456c7ce98366aaa2f"}, "verdict": "accepted"}, {"assignment": {"authority_uuid": "0000000a000000000000000000000000", "effective_scope": "scope:deployment", "generation": 1, "participant": "baton.approver-review", "principal": "principal:baton.approver-review", "runtime_attempt_id": "judgment-d0aa518a50197546b28611d6d6e7ea9e4c941c26d09c1f17410a23803f52220c", "work_id": "0000000a-W4"}, "attempt_id": "judgment-d0aa518a50197546b28611d6d6e7ea9e4c941c26d09c1f17410a23803f52220c", "receipt_digest": "sha256:6d24755b71290f4c0e2d74faa8c15478321a822c214683e15443881eb1e32d56", "result_digest": "sha256:878eb8b95cbce853ff65d17466d186de2b4df5789df310492b55dff2709f1436", "result_id": "result-judgment-d0aa518a50197546b28611d6d6e7ea9e4c941c26d09c1f17410a23803f52220c", "subject": {"candidate": "e88124769c2b18bbb316a5a3a38456c0c2173a69", "canonical_target_id": "target-a", "causal_observations": {"base": {"command": ["python3", "feature_check.py"], "environment": "configured-required-test", "execution": "baton.result-observer", "harness_added": true, "input_commit": "28d916d9528149185955ed0f6c6749d9c2423538", "input_tree": "5b5d30b7ec542892d883931a154e12ef651d44eb", "output": "ModuleNotFoundError: No module named 'feature'", "status": 1, "test_digest": "sha256:38deeee1e89b9d04e866235c17091d320f60ebe00bdb8f7b039719437ab89e40", "test_identity": "w130224-second-line-of-one-target"}, "combined": {"command": ["python3", "feature_check.py"], "environment": "configured-required-test", "execution": "baton.result-observer", "harness_added": false, "input_commit": "e88124769c2b18bbb316a5a3a38456c0c2173a69", "input_tree": "8eefe71a6a543504cf363f4456c7ce98366aaa2f", "output": "the second job feature check passed", "status": 0, "test_digest": "sha256:38deeee1e89b9d04e866235c17091d320f60ebe00bdb8f7b039719437ab89e40", "test_identity": "w130224-second-line-of-one-target"}, "isolated": {"command": ["python3", "feature_check.py"], "environment": "configured-required-test", "execution": "baton.result-observer", "harness_added": false, "input_commit": "d208def7d36b976cbc94efa5beefc5e67b44d02a", "input_tree": "1a89022e1694cc0bcec87c5d4c5cd8a85f662384", "output": "the second job feature check passed", "status": 0, "test_digest": "sha256:38deeee1e89b9d04e866235c17091d320f60ebe00bdb8f7b039719437ab89e40", "test_identity": "w130224-second-line-of-one-target"}}, "content_digest": "sha256:dbd5fc06696dc50da92f4c5707584461e6055556d44294f379fd556e6980f457", "derived_proposal_id": "proposal-result-5dfb8b5902fe924fbb7ba633ee1b27c8a67a6f48d3b0dc4ba5ac7414e643d2d6", "derived_result_digest": "sha256:4c2e9a67bd2cd35ccc4a0293a12b8ce53d4fe65897fc13bd049c7583f9e3f5fb", "derived_result_id": "derived-result-5dfb8b5902fe924fbb7ba633ee1b27c8a67a6f48d3b0dc4ba5ac7414e643d2d6", "job_id": "job-b", "kind": "review", "observed_by": "baton.result-observer", "policy_generation": 15, "result_id": "result-5dfb8b5902fe924fbb7ba633ee1b27c8a67a6f48d3b0dc4ba5ac7414e643d2d6", "source_base": "28d916d9528149185955ed0f6c6749d9c2423538", "source_candidate": "d208def7d36b976cbc94efa5beefc5e67b44d02a", "source_proposal_id": "integration-driver.proposal:d1ac650830751068c1cd0cc852bf786012eb271085bd68cdc7200bf029d3abeb", "target_revision": "7407e14d8a189f0049856b4cd03801365f3a18de", "tree": "8eefe71a6a543504cf363f4456c7ce98366aaa2f"}, "verdict": "accepted"}, {"assignment": {"authority_uuid": "0000000a000000000000000000000000", "effective_scope": "scope:deployment", "generation": 1, "participant": "baton.approver", "principal": "principal:baton.approver", "runtime_attempt_id": "judgment-6b7d726398eb6738a7b89a90dc70e6e01ffbd2944aff584073d20defed7d08fd", "work_id": "0000000a-W5"}, "attempt_id": "judgment-6b7d726398eb6738a7b89a90dc70e6e01ffbd2944aff584073d20defed7d08fd", "receipt_digest": "sha256:143affc65e46b69de184c2a80a737cb7dcfcfae266ac2f3a438d1b7b647f5d9d", "result_digest": "sha256:23688d7a82985e6be0c946eab4f20a0a26f82b770db929e50158c4d7b836ed5e", "result_id": "result-judgment-6b7d726398eb6738a7b89a90dc70e6e01ffbd2944aff584073d20defed7d08fd", "subject": {"candidate": "e88124769c2b18bbb316a5a3a38456c0c2173a69", "canonical_target_id": "target-a", "causal_observations": {"base": {"command": ["python3", "feature_check.py"], "environment": "configured-required-test", "execution": "baton.result-observer", "harness_added": true, "input_commit": "28d916d9528149185955ed0f6c6749d9c2423538", "input_tree": "5b5d30b7ec542892d883931a154e12ef651d44eb", "output": "ModuleNotFoundError: No module named 'feature'", "status": 1, "test_digest": "sha256:38deeee1e89b9d04e866235c17091d320f60ebe00bdb8f7b039719437ab89e40", "test_identity": "w130224-second-line-of-one-target"}, "combined": {"command": ["python3", "feature_check.py"], "environment": "configured-required-test", "execution": "baton.result-observer", "harness_added": false, "input_commit": "e88124769c2b18bbb316a5a3a38456c0c2173a69", "input_tree": "8eefe71a6a543504cf363f4456c7ce98366aaa2f", "output": "the second job feature check passed", "status": 0, "test_digest": "sha256:38deeee1e89b9d04e866235c17091d320f60ebe00bdb8f7b039719437ab89e40", "test_identity": "w130224-second-line-of-one-target"}, "isolated": {"command": ["python3", "feature_check.py"], "environment": "configured-required-test", "execution": "baton.result-observer", "harness_added": false, "input_commit": "d208def7d36b976cbc94efa5beefc5e67b44d02a", "input_tree": "1a89022e1694cc0bcec87c5d4c5cd8a85f662384", "output": "the second job feature check passed", "status": 0, "test_digest": "sha256:38deeee1e89b9d04e866235c17091d320f60ebe00bdb8f7b039719437ab89e40", "test_identity": "w130224-second-line-of-one-target"}}, "content_digest": "sha256:dbd5fc06696dc50da92f4c5707584461e6055556d44294f379fd556e6980f457", "derived_proposal_id": "proposal-result-5dfb8b5902fe924fbb7ba633ee1b27c8a67a6f48d3b0dc4ba5ac7414e643d2d6", "derived_result_digest": "sha256:4c2e9a67bd2cd35ccc4a0293a12b8ce53d4fe65897fc13bd049c7583f9e3f5fb", "derived_result_id": "derived-result-5dfb8b5902fe924fbb7ba633ee1b27c8a67a6f48d3b0dc4ba5ac7414e643d2d6", "job_id": "job-b", "kind": "approval", "observed_by": "baton.result-observer", "policy_generation": 15, "result_id": "result-5dfb8b5902fe924fbb7ba633ee1b27c8a67a6f48d3b0dc4ba5ac7414e643d2d6", "source_base": "28d916d9528149185955ed0f6c6749d9c2423538", "source_candidate": "d208def7d36b976cbc94efa5beefc5e67b44d02a", "source_proposal_id": "integration-driver.proposal:d1ac650830751068c1cd0cc852bf786012eb271085bd68cdc7200bf029d3abeb", "target_revision": "7407e14d8a189f0049856b4cd03801365f3a18de", "tree": "8eefe71a6a543504cf363f4456c7ce98366aaa2f"}, "verdict": "accepted"}], "receipts": [{"actor": "baton.verifier", "candidate_digest": "e88124769c2b18bbb316a5a3a38456c0c2173a69", "decision": {"effective_scope": "scope:deployment", "endpoint": "baton.verifier", "grant": "direct", "policy_generation": 15, "principal": "principal:baton.verifier", "role": "verify"}, "disposition": "passed", "kind": "verification", "policy_generation": null, "proposal_id": "proposal-result-5dfb8b5902fe924fbb7ba633ee1b27c8a67a6f48d3b0dc4ba5ac7414e643d2d6", "receipt_id": "judgment-ac40f8ea75a5548914250786ec9e54c7f8073ef878fb813cf05968cd315a46b3", "recorded_at": "2026-09-14T21:24:43.179Z", "target": "7407e14d8a189f0049856b4cd03801365f3a18de"}, {"actor": "baton.approver-review", "candidate_digest": "e88124769c2b18bbb316a5a3a38456c0c2173a69", "decision": {"effective_scope": "scope:deployment", "endpoint": "baton.approver-review", "grant": "direct", "policy_generation": 15, "principal": "principal:baton.approver-review", "role": "review"}, "disposition": "accepted", "kind": "review", "policy_generation": null, "proposal_id": "proposal-result-5dfb8b5902fe924fbb7ba633ee1b27c8a67a6f48d3b0dc4ba5ac7414e643d2d6", "receipt_id": "judgment-2532bb631e750ffcf9ac62df49a29a75c20a40cf758e55a399023cc955cc11e9", "recorded_at": "2026-09-14T21:24:43.180Z", "target": "7407e14d8a189f0049856b4cd03801365f3a18de"}, {"actor": "baton.approver", "candidate_digest": "e88124769c2b18bbb316a5a3a38456c0c2173a69", "decision": {"effective_scope": "scope:deployment", "endpoint": "baton.approver", "grant": "direct", "policy_generation": 15, "principal": "principal:baton.approver", "role": "approve"}, "disposition": "approved", "kind": "approval", "policy_generation": 15, "proposal_id": "proposal-result-5dfb8b5902fe924fbb7ba633ee1b27c8a67a6f48d3b0dc4ba5ac7414e643d2d6", "receipt_id": "judgment-37e3b72cc52c43a95a6760cb80c80e5b2e06706404a04f76c64f78b3c456361c", "recorded_at": "2026-09-14T21:24:43.181Z", "target": "7407e14d8a189f0049856b4cd03801365f3a18de"}, {"actor": "baton.integrator", "candidate_digest": "e88124769c2b18bbb316a5a3a38456c0c2173a69", "decision": {"effective_scope": "scope:deployment", "endpoint": "baton.integrator", "grant": "direct", "policy_generation": 15, "principal": "principal:baton.integrator", "role": "integrate"}, "disposition": "integrated", "kind": "integration", "policy_generation": null, "proposal_id": "proposal-result-5dfb8b5902fe924fbb7ba633ee1b27c8a67a6f48d3b0dc4ba5ac7414e643d2d6", "receipt_id": "integration-driver.integration-receipt:6dfb40081126c216c639943abf8a65397fd5fe22e904f194fcf5eaa3753833db", "recorded_at": "2026-09-14T21:24:43.254Z", "target": "7407e14d8a189f0049856b4cd03801365f3a18de"}], "target": "e88124769c2b18bbb316a5a3a38456c0c2173a69"}...........................................................................................................................................................
======================================================================
ERROR: test_a_fresh_port_prepares_that_delivery_and_then_starts_it (tests.tools.test_stage_execution.AFreshPortReentersANeverStartedDelivery.test_a_fresh_port_prepares_that_delivery_and_then_starts_it)
W103083 review 2026-09-08T12:41:47Z [P1], and the whole of W119113.
----------------------------------------------------------------------
Traceback (most recent call last):
  File "/home/sl/src/baton/v12/python/tests/tools/test_stage_execution.py", line 1577, in test_a_fresh_port_prepares_that_delivery_and_then_starts_it
    answer, admit, keep = self.tick(port)
                          ~~~~~~~~~^^^^^^
  File "/home/sl/src/baton/v12/python/tests/tools/test_stage_execution.py", line 1491, in tick
    answer = held.run(self.case.stage(), {"job_id": "job-1"})
  File "/home/sl/src/baton/v12/python/tools/stage_execution.py", line 2477, in run
    answered = self._run(stage, job)
  File "/home/sl/src/baton/v12/python/tools/stage_execution.py", line 2590, in _run
    if deployment.reconciles():
       ^^^^^^^^^^^^^^^^^^^^^
AttributeError: 'types.SimpleNamespace' object has no attribute 'reconciles'

======================================================================
ERROR: test_a_runtime_this_execution_did_not_start_is_still_held (tests.tools.test_stage_execution.AFreshPortReentersANeverStartedDelivery.test_a_runtime_this_execution_did_not_start_is_still_held)
The hold this correction must not spend: a started attempt is NOT
----------------------------------------------------------------------
Traceback (most recent call last):
  File "/home/sl/src/baton/v12/python/tests/tools/test_stage_execution.py", line 1597, in test_a_runtime_this_execution_did_not_start_is_still_held
    answer, admit, keep = self.tick(port)
                          ~~~~~~~~~^^^^^^
  File "/home/sl/src/baton/v12/python/tests/tools/test_stage_execution.py", line 1491, in tick
    answer = held.run(self.case.stage(), {"job_id": "job-1"})
  File "/home/sl/src/baton/v12/python/tools/stage_execution.py", line 2477, in run
    answered = self._run(stage, job)
  File "/home/sl/src/baton/v12/python/tools/stage_execution.py", line 2590, in _run
    if deployment.reconciles():
       ^^^^^^^^^^^^^^^^^^^^^
AttributeError: 'types.SimpleNamespace' object has no attribute 'reconciles'

======================================================================
ERROR: test_a_second_tick_in_the_same_execution_starts_nothing_again (tests.tools.test_stage_execution.AFreshPortReentersANeverStartedDelivery.test_a_second_tick_in_the_same_execution_starts_nothing_again)
The same-execution case: this port holds the marker it made, so the
----------------------------------------------------------------------
Traceback (most recent call last):
  File "/home/sl/src/baton/v12/python/tests/tools/test_stage_execution.py", line 1538, in test_a_second_tick_in_the_same_execution_starts_nothing_again
    self.tick(port)
    ~~~~~~~~~^^^^^^
  File "/home/sl/src/baton/v12/python/tests/tools/test_stage_execution.py", line 1491, in tick
    answer = held.run(self.case.stage(), {"job_id": "job-1"})
  File "/home/sl/src/baton/v12/python/tools/stage_execution.py", line 2477, in run
    answered = self._run(stage, job)
  File "/home/sl/src/baton/v12/python/tools/stage_execution.py", line 2590, in _run
    if deployment.reconciles():
       ^^^^^^^^^^^^^^^^^^^^^
AttributeError: 'types.SimpleNamespace' object has no attribute 'reconciles'

======================================================================
ERROR: test_an_ordinary_first_tick_prepares_and_starts_exactly_once (tests.tools.test_stage_execution.AFreshPortReentersANeverStartedDelivery.test_an_ordinary_first_tick_prepares_and_starts_exactly_once)
The valid initial case: nothing is published yet, so this is the
----------------------------------------------------------------------
Traceback (most recent call last):
  File "/home/sl/src/baton/v12/python/tests/tools/test_stage_execution.py", line 1524, in test_an_ordinary_first_tick_prepares_and_starts_exactly_once
    answer, admit, keep = self.tick(port)
                          ~~~~~~~~~^^^^^^
  File "/home/sl/src/baton/v12/python/tests/tools/test_stage_execution.py", line 1491, in tick
    answer = held.run(self.case.stage(), {"job_id": "job-1"})
  File "/home/sl/src/baton/v12/python/tools/stage_execution.py", line 2477, in run
    answered = self._run(stage, job)
  File "/home/sl/src/baton/v12/python/tools/stage_execution.py", line 2590, in _run
    if deployment.reconciles():
       ^^^^^^^^^^^^^^^^^^^^^
AttributeError: 'types.SimpleNamespace' object has no attribute 'reconciles'

======================================================================
ERROR: test_a_delivery_carrying_no_assignment_is_the_first_tick (tests.tools.test_stage_execution.TheIntegrationStageConsumesTheAcceptedPort.test_a_delivery_carrying_no_assignment_is_the_first_tick) (delivery=False)
Absent or unpublished: neither invents an assignment.
----------------------------------------------------------------------
Traceback (most recent call last):
  File "/home/sl/src/baton/v12/python/tests/tools/test_stage_execution.py", line 1396, in test_a_delivery_carrying_no_assignment_is_the_first_tick
    _, calls, admit, keep, _ = self.driven(delivery=delivery,
                               ~~~~~~~~~~~^^^^^^^^^^^^^^^^^^^
                                           assignment=None)
                                           ^^^^^^^^^^^^^^^^
  File "/home/sl/src/baton/v12/python/tests/tools/test_stage_execution.py", line 1240, in driven
    answer = stage_execution.Integration(held, taken).run(
        {"attempt_id": "attempt-1", "kind": "integration"},
        {"job_id": "job-1"})
  File "/home/sl/src/baton/v12/python/tools/stage_execution.py", line 2477, in run
    answered = self._run(stage, job)
  File "/home/sl/src/baton/v12/python/tools/stage_execution.py", line 2538, in _run
    published = _authority_read(
        "the producer's proposal",
        lambda: deployment.authority.proposal(operands["proposal_id"]))
  File "/home/sl/src/baton/v12/python/tools/stage_execution.py", line 862, in _authority_read
    return read()
  File "/home/sl/src/baton/v12/python/tools/stage_execution.py", line 2540, in <lambda>
    lambda: deployment.authority.proposal(operands["proposal_id"]))
            ^^^^^^^^^^^^^^^^^^^^^^^^^^^^^
AttributeError: 'object' object has no attribute 'proposal'

======================================================================
ERROR: test_a_delivery_carrying_no_assignment_is_the_first_tick (tests.tools.test_stage_execution.TheIntegrationStageConsumesTheAcceptedPort.test_a_delivery_carrying_no_assignment_is_the_first_tick) (delivery=True)
Absent or unpublished: neither invents an assignment.
----------------------------------------------------------------------
Traceback (most recent call last):
  File "/home/sl/src/baton/v12/python/tests/tools/test_stage_execution.py", line 1396, in test_a_delivery_carrying_no_assignment_is_the_first_tick
    _, calls, admit, keep, _ = self.driven(delivery=delivery,
                               ~~~~~~~~~~~^^^^^^^^^^^^^^^^^^^
                                           assignment=None)
                                           ^^^^^^^^^^^^^^^^
  File "/home/sl/src/baton/v12/python/tests/tools/test_stage_execution.py", line 1240, in driven
    answer = stage_execution.Integration(held, taken).run(
        {"attempt_id": "attempt-1", "kind": "integration"},
        {"job_id": "job-1"})
  File "/home/sl/src/baton/v12/python/tools/stage_execution.py", line 2477, in run
    answered = self._run(stage, job)
  File "/home/sl/src/baton/v12/python/tools/stage_execution.py", line 2538, in _run
    published = _authority_read(
        "the producer's proposal",
        lambda: deployment.authority.proposal(operands["proposal_id"]))
  File "/home/sl/src/baton/v12/python/tools/stage_execution.py", line 862, in _authority_read
    return read()
  File "/home/sl/src/baton/v12/python/tools/stage_execution.py", line 2540, in <lambda>
    lambda: deployment.authority.proposal(operands["proposal_id"]))
            ^^^^^^^^^^^^^^^^^^^^^^^^^^^^^
AttributeError: 'object' object has no attribute 'proposal'

======================================================================
ERROR: test_a_delivery_with_no_started_runtime_is_not_refreshed (tests.tools.test_stage_execution.TheIntegrationStageConsumesTheAcceptedPort.test_a_delivery_with_no_started_runtime_is_not_refreshed)
The namespaces are materialized before the container, so a delivery
----------------------------------------------------------------------
Traceback (most recent call last):
  File "/home/sl/src/baton/v12/python/tests/tools/test_stage_execution.py", line 1363, in test_a_delivery_with_no_started_runtime_is_not_refreshed
    _, calls, admit, keep, _ = self.driven(
                               ~~~~~~~~~~~^
        delivery=object(), assignment={"attempt_id": "attempt-1"},
        ^^^^^^^^^^^^^^^^^^^^^^^^^^^^^^^^^^^^^^^^^^^^^^^^^^^^^^^^^^
        port=self.port(runtime_state="not-started"))
        ^^^^^^^^^^^^^^^^^^^^^^^^^^^^^^^^^^^^^^^^^^^^
  File "/home/sl/src/baton/v12/python/tests/tools/test_stage_execution.py", line 1240, in driven
    answer = stage_execution.Integration(held, taken).run(
        {"attempt_id": "attempt-1", "kind": "integration"},
        {"job_id": "job-1"})
  File "/home/sl/src/baton/v12/python/tools/stage_execution.py", line 2477, in run
    answered = self._run(stage, job)
  File "/home/sl/src/baton/v12/python/tools/stage_execution.py", line 2538, in _run
    published = _authority_read(
        "the producer's proposal",
        lambda: deployment.authority.proposal(operands["proposal_id"]))
  File "/home/sl/src/baton/v12/python/tools/stage_execution.py", line 862, in _authority_read
    return read()
  File "/home/sl/src/baton/v12/python/tools/stage_execution.py", line 2540, in <lambda>
    lambda: deployment.authority.proposal(operands["proposal_id"]))
            ^^^^^^^^^^^^^^^^^^^^^^^^^^^^^
AttributeError: 'object' object has no attribute 'proposal'

======================================================================
ERROR: test_a_later_tick_refreshes_before_it_continues (tests.tools.test_stage_execution.TheIntegrationStageConsumesTheAcceptedPort.test_a_later_tick_refreshes_before_it_continues)
Owner ruling M115946: refresh FIRST, then the port's own marker.
----------------------------------------------------------------------
Traceback (most recent call last):
  File "/home/sl/src/baton/v12/python/tests/tools/test_stage_execution.py", line 1325, in test_a_later_tick_refreshes_before_it_continues
    _, calls, admit, keep, seen = self.driven(
                                  ~~~~~~~~~~~^
        delivery=object(), assignment={"attempt_id": "attempt-1"})
        ^^^^^^^^^^^^^^^^^^^^^^^^^^^^^^^^^^^^^^^^^^^^^^^^^^^^^^^^^^
  File "/home/sl/src/baton/v12/python/tests/tools/test_stage_execution.py", line 1240, in driven
    answer = stage_execution.Integration(held, taken).run(
        {"attempt_id": "attempt-1", "kind": "integration"},
        {"job_id": "job-1"})
  File "/home/sl/src/baton/v12/python/tools/stage_execution.py", line 2477, in run
    answered = self._run(stage, job)
  File "/home/sl/src/baton/v12/python/tools/stage_execution.py", line 2538, in _run
    published = _authority_read(
        "the producer's proposal",
        lambda: deployment.authority.proposal(operands["proposal_id"]))
  File "/home/sl/src/baton/v12/python/tools/stage_execution.py", line 862, in _authority_read
    return read()
  File "/home/sl/src/baton/v12/python/tools/stage_execution.py", line 2540, in <lambda>
    lambda: deployment.authority.proposal(operands["proposal_id"]))
            ^^^^^^^^^^^^^^^^^^^^^^^^^^^^^
AttributeError: 'object' object has no attribute 'proposal'

======================================================================
ERROR: test_a_lost_marker_falls_through_to_admission (tests.tools.test_stage_execution.TheIntegrationStageConsumesTheAcceptedPort.test_a_lost_marker_falls_through_to_admission)
A fresh serving incarnation holds no marker, so the driver's own
----------------------------------------------------------------------
Traceback (most recent call last):
  File "/home/sl/src/baton/v12/python/tests/tools/test_stage_execution.py", line 1340, in test_a_lost_marker_falls_through_to_admission
    _, calls, admit, keep, _ = self.driven(
                               ~~~~~~~~~~~^
        delivery=object(), assignment={"attempt_id": "attempt-1"},
        ^^^^^^^^^^^^^^^^^^^^^^^^^^^^^^^^^^^^^^^^^^^^^^^^^^^^^^^^^^
        port=self.port(continuable=False))
        ^^^^^^^^^^^^^^^^^^^^^^^^^^^^^^^^^^
  File "/home/sl/src/baton/v12/python/tests/tools/test_stage_execution.py", line 1240, in driven
    answer = stage_execution.Integration(held, taken).run(
        {"attempt_id": "attempt-1", "kind": "integration"},
        {"job_id": "job-1"})
  File "/home/sl/src/baton/v12/python/tools/stage_execution.py", line 2477, in run
    answered = self._run(stage, job)
  File "/home/sl/src/baton/v12/python/tools/stage_execution.py", line 2538, in _run
    published = _authority_read(
        "the producer's proposal",
        lambda: deployment.authority.proposal(operands["proposal_id"]))
  File "/home/sl/src/baton/v12/python/tools/stage_execution.py", line 862, in _authority_read
    return read()
  File "/home/sl/src/baton/v12/python/tools/stage_execution.py", line 2540, in <lambda>
    lambda: deployment.authority.proposal(operands["proposal_id"]))
            ^^^^^^^^^^^^^^^^^^^^^^^^^^^^^
AttributeError: 'object' object has no attribute 'proposal'

======================================================================
ERROR: test_a_started_or_uncertain_runtime_is_never_prepared_here (tests.tools.test_stage_execution.TheIntegrationStageConsumesTheAcceptedPort.test_a_started_or_uncertain_runtime_is_never_prepared_here) (runtime='running')
The other side of that branch, which is why it IS a branch.
----------------------------------------------------------------------
Traceback (most recent call last):
  File "/home/sl/src/baton/v12/python/tests/tools/test_stage_execution.py", line 1382, in test_a_started_or_uncertain_runtime_is_never_prepared_here
    _, calls, admit, keep, _ = self.driven(
                               ~~~~~~~~~~~^
        delivery=object(),
        ^^^^^^^^^^^^^^^^^^
        assignment={"attempt_id": "attempt-1"},
        ^^^^^^^^^^^^^^^^^^^^^^^^^^^^^^^^^^^^^^^
        port=self.port(runtime_state=state, continuable=False))
        ^^^^^^^^^^^^^^^^^^^^^^^^^^^^^^^^^^^^^^^^^^^^^^^^^^^^^^^
  File "/home/sl/src/baton/v12/python/tests/tools/test_stage_execution.py", line 1240, in driven
    answer = stage_execution.Integration(held, taken).run(
        {"attempt_id": "attempt-1", "kind": "integration"},
        {"job_id": "job-1"})
  File "/home/sl/src/baton/v12/python/tools/stage_execution.py", line 2477, in run
    answered = self._run(stage, job)
  File "/home/sl/src/baton/v12/python/tools/stage_execution.py", line 2538, in _run
    published = _authority_read(
        "the producer's proposal",
        lambda: deployment.authority.proposal(operands["proposal_id"]))
  File "/home/sl/src/baton/v12/python/tools/stage_execution.py", line 862, in _authority_read
    return read()
  File "/home/sl/src/baton/v12/python/tools/stage_execution.py", line 2540, in <lambda>
    lambda: deployment.authority.proposal(operands["proposal_id"]))
            ^^^^^^^^^^^^^^^^^^^^^^^^^^^^^
AttributeError: 'object' object has no attribute 'proposal'

======================================================================
ERROR: test_a_started_or_uncertain_runtime_is_never_prepared_here (tests.tools.test_stage_execution.TheIntegrationStageConsumesTheAcceptedPort.test_a_started_or_uncertain_runtime_is_never_prepared_here) (runtime='uncertain')
The other side of that branch, which is why it IS a branch.
----------------------------------------------------------------------
Traceback (most recent call last):
  File "/home/sl/src/baton/v12/python/tests/tools/test_stage_execution.py", line 1382, in test_a_started_or_uncertain_runtime_is_never_prepared_here
    _, calls, admit, keep, _ = self.driven(
                               ~~~~~~~~~~~^
        delivery=object(),
        ^^^^^^^^^^^^^^^^^^
        assignment={"attempt_id": "attempt-1"},
        ^^^^^^^^^^^^^^^^^^^^^^^^^^^^^^^^^^^^^^^
        port=self.port(runtime_state=state, continuable=False))
        ^^^^^^^^^^^^^^^^^^^^^^^^^^^^^^^^^^^^^^^^^^^^^^^^^^^^^^^
  File "/home/sl/src/baton/v12/python/tests/tools/test_stage_execution.py", line 1240, in driven
    answer = stage_execution.Integration(held, taken).run(
        {"attempt_id": "attempt-1", "kind": "integration"},
        {"job_id": "job-1"})
  File "/home/sl/src/baton/v12/python/tools/stage_execution.py", line 2477, in run
    answered = self._run(stage, job)
  File "/home/sl/src/baton/v12/python/tools/stage_execution.py", line 2538, in _run
    published = _authority_read(
        "the producer's proposal",
        lambda: deployment.authority.proposal(operands["proposal_id"]))
  File "/home/sl/src/baton/v12/python/tools/stage_execution.py", line 862, in _authority_read
    return read()
  File "/home/sl/src/baton/v12/python/tools/stage_execution.py", line 2540, in <lambda>
    lambda: deployment.authority.proposal(operands["proposal_id"]))
            ^^^^^^^^^^^^^^^^^^^^^^^^^^^^^
AttributeError: 'object' object has no attribute 'proposal'

======================================================================
ERROR: test_the_first_tick_prepares_and_then_admits (tests.tools.test_stage_execution.TheIntegrationStageConsumesTheAcceptedPort.test_the_first_tick_prepares_and_then_admits)
----------------------------------------------------------------------
Traceback (most recent call last):
  File "/home/sl/src/baton/v12/python/tests/tools/test_stage_execution.py", line 1313, in test_the_first_tick_prepares_and_then_admits
    _, calls, admit, keep, seen = self.driven()
                                  ~~~~~~~~~~~^^
  File "/home/sl/src/baton/v12/python/tests/tools/test_stage_execution.py", line 1240, in driven
    answer = stage_execution.Integration(held, taken).run(
        {"attempt_id": "attempt-1", "kind": "integration"},
        {"job_id": "job-1"})
  File "/home/sl/src/baton/v12/python/tools/stage_execution.py", line 2477, in run
    answered = self._run(stage, job)
  File "/home/sl/src/baton/v12/python/tools/stage_execution.py", line 2538, in _run
    published = _authority_read(
        "the producer's proposal",
        lambda: deployment.authority.proposal(operands["proposal_id"]))
  File "/home/sl/src/baton/v12/python/tools/stage_execution.py", line 862, in _authority_read
    return read()
  File "/home/sl/src/baton/v12/python/tools/stage_execution.py", line 2540, in <lambda>
    lambda: deployment.authority.proposal(operands["proposal_id"]))
            ^^^^^^^^^^^^^^^^^^^^^^^^^^^^^
AttributeError: 'object' object has no attribute 'proposal'

======================================================================
ERROR: test_an_integration_without_a_runtime_port_refuses_as_that (tests.tools.test_stage_execution.TheServingPathReachesTheAcceptedDrivers.test_an_integration_without_a_runtime_port_refuses_as_that)
The one capability this build does not have, reported rather than
----------------------------------------------------------------------
Traceback (most recent call last):
  File "/home/sl/src/baton/v12/python/tests/tools/test_stage_execution.py", line 1760, in test_an_integration_without_a_runtime_port_refuses_as_that
    composed.launch({"kind": "integration", "attempt_id": "attempt-i"},
    ~~~~~~~~~~~~~~~^^^^^^^^^^^^^^^^^^^^^^^^^^^^^^^^^^^^^^^^^^^^^^^^^^^^
                    {})
                    ^^^
  File "/home/sl/src/baton/v12/python/tools/stage_execution.py", line 4086, in launch
    return self.integrator.run(stage, job)
           ~~~~~~~~~~~~~~~~~~~^^^^^^^^^^^^
  File "/home/sl/src/baton/v12/python/tools/stage_execution.py", line 2477, in run
    answered = self._run(stage, job)
  File "/home/sl/src/baton/v12/python/tools/stage_execution.py", line 2502, in _run
    line = (deployment.line() if job_id is None
            ~~~~~~~~~~~~~~~^^
  File "/home/sl/src/baton/v12/python/tools/stage_execution.py", line 3465, in line
    return self.line_for(held[0]["job_id"])
           ~~~~~~~~~~~~~^^^^^^^^^^^^^^^^^^^
  File "/home/sl/src/baton/v12/python/tools/stage_execution.py", line 3374, in line_for
    created = review_cycles.create_line(
        self.control, source=self.source_for(job_id),
        declared_base=binding["line_declared_base"],
        profile=self.profile, authority_uuid=self.given["authority_uuid"],
        work_id=binding["job_work_id"])
  File "/home/sl/src/baton/v12/python/src/baton_v12/worker_manager/review_cycles.py", line 991, in create_line
    materialized = profile.materialize(source.place, path, declared_base)
  File "/home/sl/src/baton/v12/python/src/baton_v12/checkpoint_profiles.py", line 257, in materialize
    self._run(clone_vector(source, repository), "line materialization")
    ~~~~~~~~~^^^^^^^^^^^^^^^^^^^^^^^^^^^^^^^^^^^^^^^^^^^^^^^^^^^^^^^^^^
  File "/home/sl/src/baton/v12/python/src/baton_v12/checkpoint_profiles.py", line 238, in _run
    raise ProfileRefusal(f"Git {what} failed" +
                         (f": {detail}" if detail else ""))
baton_v12.source_profiles.checkout.ProfileRefusal: Git line materialization failed: fatal: repository '/home/sl/src/baton/v12/python/v12-w71917-stc4l8f0/source' does not exist

----------------------------------------------------------------------
Ran 387 tests in 57.333s

FAILED (errors=13)

