EEE.E........................................................................................................................................EEE.EEEEE........................................E...........................................W103068 genuine consumer evidence {"derived_proposal": "proposal-result-8605af15a1745383ff22de69bc641cb49855ee970204c063b932e37b9093c1ae", "derived_result": "result-8605af15a1745383ff22de69bc641cb49855ee970204c063b932e37b9093c1ae", "jobs": {"job-a": {"implementation": "completed", "integration": "completed", "review": "completed"}, "job-b": {"implementation": "completed", "integration": "completed", "review": "completed"}}, "judgments": [{"assignment": {"authority_uuid": "0000000a000000000000000000000000", "effective_scope": "scope:deployment", "generation": 1, "participant": "baton.verifier", "principal": "principal:baton.verifier", "runtime_attempt_id": "judgment-535a8c15a7c78900911907b9bed433ae0ef77895d38d61eccbfa264a5d244789", "work_id": "0000000a-W3"}, "attempt_id": "judgment-535a8c15a7c78900911907b9bed433ae0ef77895d38d61eccbfa264a5d244789", "receipt_digest": "sha256:2f55ec78339e8acfd0b08f90c767bdd13244fc14be9a1d93e61a09f8884248af", "result_digest": "sha256:dbb44e4d5a014d02d68ed44e21801028c83ad57777e9e6cccbbc27b3438f32df", "result_id": "result-judgment-535a8c15a7c78900911907b9bed433ae0ef77895d38d61eccbfa264a5d244789", "subject": {"candidate": "0cd3f96abdcec9890c79d87265cc3db814ff2283", "canonical_target_id": "target-a", "causal_observations": {"base": {"command": ["python3", "feature_check.py"], "environment": "configured-required-test", "execution": "baton.result-observer", "harness_added": true, "input_commit": "0d92abf8ccb02f39338ad19c7f22e0765bf62dbb", "input_tree": "5b5d30b7ec542892d883931a154e12ef651d44eb", "output": "ModuleNotFoundError: No module named 'feature'", "status": 1, "test_digest": "sha256:38deeee1e89b9d04e866235c17091d320f60ebe00bdb8f7b039719437ab89e40", "test_identity": "w130224-second-line-of-one-target"}, "combined": {"command": ["python3", "feature_check.py"], "environment": "configured-required-test", "execution": "baton.result-observer", "harness_added": false, "input_commit": "0cd3f96abdcec9890c79d87265cc3db814ff2283", "input_tree": "8eefe71a6a543504cf363f4456c7ce98366aaa2f", "output": "the second job feature check passed", "status": 0, "test_digest": "sha256:38deeee1e89b9d04e866235c17091d320f60ebe00bdb8f7b039719437ab89e40", "test_identity": "w130224-second-line-of-one-target"}, "isolated": {"command": ["python3", "feature_check.py"], "environment": "configured-required-test", "execution": "baton.result-observer", "harness_added": false, "input_commit": "65b1a9c2d5f40f961b10f38eeb480006f46e9c6a", "input_tree": "1a89022e1694cc0bcec87c5d4c5cd8a85f662384", "output": "the second job feature check passed", "status": 0, "test_digest": "sha256:38deeee1e89b9d04e866235c17091d320f60ebe00bdb8f7b039719437ab89e40", "test_identity": "w130224-second-line-of-one-target"}}, "content_digest": "sha256:dbd5fc06696dc50da92f4c5707584461e6055556d44294f379fd556e6980f457", "derived_proposal_id": "proposal-result-8605af15a1745383ff22de69bc641cb49855ee970204c063b932e37b9093c1ae", "derived_result_digest": "sha256:db6b97b27b22e7d8d4994b3b4d60e30302bdff65d7f1fa622ff40890d47945a5", "derived_result_id": "derived-result-8605af15a1745383ff22de69bc641cb49855ee970204c063b932e37b9093c1ae", "job_id": "job-b", "kind": "verification", "observed_by": "baton.result-observer", "policy_generation": 15, "result_id": "result-8605af15a1745383ff22de69bc641cb49855ee970204c063b932e37b9093c1ae", "source_base": "0d92abf8ccb02f39338ad19c7f22e0765bf62dbb", "source_candidate": "65b1a9c2d5f40f961b10f38eeb480006f46e9c6a", "source_proposal_id": "integration-driver.proposal:aa03b13f49d0cee4a4a0380d657f2db22c20f0df652a7c9215b97f2a0f75605c", "target_revision": "fb8c5b472254f48dac1689c3a361a9eb56c1d85f", "tree": "8eefe71a6a543504cf363f4456c7ce98366aaa2f"}, "verdict": "accepted"}, {"assignment": {"authority_uuid": "0000000a000000000000000000000000", "effective_scope": "scope:deployment", "generation": 1, "participant": "baton.approver-review", "principal": "principal:baton.approver-review", "runtime_attempt_id": "judgment-88f19c43f9e0ad5f28d21dec49e56cb78f04c9e467136cdbd50df761801c376b", "work_id": "0000000a-W4"}, "attempt_id": "judgment-88f19c43f9e0ad5f28d21dec49e56cb78f04c9e467136cdbd50df761801c376b", "receipt_digest": "sha256:adcc750ea1ca5b0a79446d3e8a151e3ae3af27d282f46d369bf128265530af0a", "result_digest": "sha256:85055baa20375f74839653f98b23b033082207cfb6201b1a65c56f3b93e9141b", "result_id": "result-judgment-88f19c43f9e0ad5f28d21dec49e56cb78f04c9e467136cdbd50df761801c376b", "subject": {"candidate": "0cd3f96abdcec9890c79d87265cc3db814ff2283", "canonical_target_id": "target-a", "causal_observations": {"base": {"command": ["python3", "feature_check.py"], "environment": "configured-required-test", "execution": "baton.result-observer", "harness_added": true, "input_commit": "0d92abf8ccb02f39338ad19c7f22e0765bf62dbb", "input_tree": "5b5d30b7ec542892d883931a154e12ef651d44eb", "output": "ModuleNotFoundError: No module named 'feature'", "status": 1, "test_digest": "sha256:38deeee1e89b9d04e866235c17091d320f60ebe00bdb8f7b039719437ab89e40", "test_identity": "w130224-second-line-of-one-target"}, "combined": {"command": ["python3", "feature_check.py"], "environment": "configured-required-test", "execution": "baton.result-observer", "harness_added": false, "input_commit": "0cd3f96abdcec9890c79d87265cc3db814ff2283", "input_tree": "8eefe71a6a543504cf363f4456c7ce98366aaa2f", "output": "the second job feature check passed", "status": 0, "test_digest": "sha256:38deeee1e89b9d04e866235c17091d320f60ebe00bdb8f7b039719437ab89e40", "test_identity": "w130224-second-line-of-one-target"}, "isolated": {"command": ["python3", "feature_check.py"], "environment": "configured-required-test", "execution": "baton.result-observer", "harness_added": false, "input_commit": "65b1a9c2d5f40f961b10f38eeb480006f46e9c6a", "input_tree": "1a89022e1694cc0bcec87c5d4c5cd8a85f662384", "output": "the second job feature check passed", "status": 0, "test_digest": "sha256:38deeee1e89b9d04e866235c17091d320f60ebe00bdb8f7b039719437ab89e40", "test_identity": "w130224-second-line-of-one-target"}}, "content_digest": "sha256:dbd5fc06696dc50da92f4c5707584461e6055556d44294f379fd556e6980f457", "derived_proposal_id": "proposal-result-8605af15a1745383ff22de69bc641cb49855ee970204c063b932e37b9093c1ae", "derived_result_digest": "sha256:db6b97b27b22e7d8d4994b3b4d60e30302bdff65d7f1fa622ff40890d47945a5", "derived_result_id": "derived-result-8605af15a1745383ff22de69bc641cb49855ee970204c063b932e37b9093c1ae", "job_id": "job-b", "kind": "review", "observed_by": "baton.result-observer", "policy_generation": 15, "result_id": "result-8605af15a1745383ff22de69bc641cb49855ee970204c063b932e37b9093c1ae", "source_base": "0d92abf8ccb02f39338ad19c7f22e0765bf62dbb", "source_candidate": "65b1a9c2d5f40f961b10f38eeb480006f46e9c6a", "source_proposal_id": "integration-driver.proposal:aa03b13f49d0cee4a4a0380d657f2db22c20f0df652a7c9215b97f2a0f75605c", "target_revision": "fb8c5b472254f48dac1689c3a361a9eb56c1d85f", "tree": "8eefe71a6a543504cf363f4456c7ce98366aaa2f"}, "verdict": "accepted"}, {"assignment": {"authority_uuid": "0000000a000000000000000000000000", "effective_scope": "scope:deployment", "generation": 1, "participant": "baton.approver", "principal": "principal:baton.approver", "runtime_attempt_id": "judgment-21aad883b6359eb2bee4c73d1463a16c3ccf067e3366d2f7a41be83f3d17db39", "work_id": "0000000a-W5"}, "attempt_id": "judgment-21aad883b6359eb2bee4c73d1463a16c3ccf067e3366d2f7a41be83f3d17db39", "receipt_digest": "sha256:87c7dd216cc506e2defa3267efca0bb2bb6b8584da816e9bd0109d4f85a8a958", "result_digest": "sha256:383237429bc19899a23df9ed1744211f99e1d40d8e57bc0b5f7c6f15e2a03249", "result_id": "result-judgment-21aad883b6359eb2bee4c73d1463a16c3ccf067e3366d2f7a41be83f3d17db39", "subject": {"candidate": "0cd3f96abdcec9890c79d87265cc3db814ff2283", "canonical_target_id": "target-a", "causal_observations": {"base": {"command": ["python3", "feature_check.py"], "environment": "configured-required-test", "execution": "baton.result-observer", "harness_added": true, "input_commit": "0d92abf8ccb02f39338ad19c7f22e0765bf62dbb", "input_tree": "5b5d30b7ec542892d883931a154e12ef651d44eb", "output": "ModuleNotFoundError: No module named 'feature'", "status": 1, "test_digest": "sha256:38deeee1e89b9d04e866235c17091d320f60ebe00bdb8f7b039719437ab89e40", "test_identity": "w130224-second-line-of-one-target"}, "combined": {"command": ["python3", "feature_check.py"], "environment": "configured-required-test", "execution": "baton.result-observer", "harness_added": false, "input_commit": "0cd3f96abdcec9890c79d87265cc3db814ff2283", "input_tree": "8eefe71a6a543504cf363f4456c7ce98366aaa2f", "output": "the second job feature check passed", "status": 0, "test_digest": "sha256:38deeee1e89b9d04e866235c17091d320f60ebe00bdb8f7b039719437ab89e40", "test_identity": "w130224-second-line-of-one-target"}, "isolated": {"command": ["python3", "feature_check.py"], "environment": "configured-required-test", "execution": "baton.result-observer", "harness_added": false, "input_commit": "65b1a9c2d5f40f961b10f38eeb480006f46e9c6a", "input_tree": "1a89022e1694cc0bcec87c5d4c5cd8a85f662384", "output": "the second job feature check passed", "status": 0, "test_digest": "sha256:38deeee1e89b9d04e866235c17091d320f60ebe00bdb8f7b039719437ab89e40", "test_identity": "w130224-second-line-of-one-target"}}, "content_digest": "sha256:dbd5fc06696dc50da92f4c5707584461e6055556d44294f379fd556e6980f457", "derived_proposal_id": "proposal-result-8605af15a1745383ff22de69bc641cb49855ee970204c063b932e37b9093c1ae", "derived_result_digest": "sha256:db6b97b27b22e7d8d4994b3b4d60e30302bdff65d7f1fa622ff40890d47945a5", "derived_result_id": "derived-result-8605af15a1745383ff22de69bc641cb49855ee970204c063b932e37b9093c1ae", "job_id": "job-b", "kind": "approval", "observed_by": "baton.result-observer", "policy_generation": 15, "result_id": "result-8605af15a1745383ff22de69bc641cb49855ee970204c063b932e37b9093c1ae", "source_base": "0d92abf8ccb02f39338ad19c7f22e0765bf62dbb", "source_candidate": "65b1a9c2d5f40f961b10f38eeb480006f46e9c6a", "source_proposal_id": "integration-driver.proposal:aa03b13f49d0cee4a4a0380d657f2db22c20f0df652a7c9215b97f2a0f75605c", "target_revision": "fb8c5b472254f48dac1689c3a361a9eb56c1d85f", "tree": "8eefe71a6a543504cf363f4456c7ce98366aaa2f"}, "verdict": "accepted"}], "receipts": [{"actor": "baton.approver-review", "candidate_digest": "0cd3f96abdcec9890c79d87265cc3db814ff2283", "decision": {"effective_scope": "scope:deployment", "endpoint": "baton.approver-review", "grant": "direct", "policy_generation": 15, "principal": "principal:baton.approver-review", "role": "review"}, "disposition": "accepted", "kind": "review", "policy_generation": null, "proposal_id": "proposal-result-8605af15a1745383ff22de69bc641cb49855ee970204c063b932e37b9093c1ae", "receipt_id": "judgment-f10874dffddb5c0143cad0795cb6d578a5df2c01e3bb6bffa1f85970a9a5aaf5", "recorded_at": "2026-09-14T21:26:21.230Z", "target": "fb8c5b472254f48dac1689c3a361a9eb56c1d85f"}, {"actor": "baton.verifier", "candidate_digest": "0cd3f96abdcec9890c79d87265cc3db814ff2283", "decision": {"effective_scope": "scope:deployment", "endpoint": "baton.verifier", "grant": "direct", "policy_generation": 15, "principal": "principal:baton.verifier", "role": "verify"}, "disposition": "passed", "kind": "verification", "policy_generation": null, "proposal_id": "proposal-result-8605af15a1745383ff22de69bc641cb49855ee970204c063b932e37b9093c1ae", "receipt_id": "judgment-91374ddbaa1e2aef52806acc1f74a0858f39761480ea413589fb082effb2402b", "recorded_at": "2026-09-14T21:26:21.230Z", "target": "fb8c5b472254f48dac1689c3a361a9eb56c1d85f"}, {"actor": "baton.approver", "candidate_digest": "0cd3f96abdcec9890c79d87265cc3db814ff2283", "decision": {"effective_scope": "scope:deployment", "endpoint": "baton.approver", "grant": "direct", "policy_generation": 15, "principal": "principal:baton.approver", "role": "approve"}, "disposition": "approved", "kind": "approval", "policy_generation": 15, "proposal_id": "proposal-result-8605af15a1745383ff22de69bc641cb49855ee970204c063b932e37b9093c1ae", "receipt_id": "judgment-5085700bb0b44f4a7e3eabec547dbbe7e0f2c827e6f38ca1eb111d8531663062", "recorded_at": "2026-09-14T21:26:21.231Z", "target": "fb8c5b472254f48dac1689c3a361a9eb56c1d85f"}, {"actor": "baton.integrator", "candidate_digest": "0cd3f96abdcec9890c79d87265cc3db814ff2283", "decision": {"effective_scope": "scope:deployment", "endpoint": "baton.integrator", "grant": "direct", "policy_generation": 15, "principal": "principal:baton.integrator", "role": "integrate"}, "disposition": "integrated", "kind": "integration", "policy_generation": null, "proposal_id": "proposal-result-8605af15a1745383ff22de69bc641cb49855ee970204c063b932e37b9093c1ae", "receipt_id": "integration-driver.integration-receipt:bcd9fb7dde1f616fbcf3a5a27248a49ec724a3d0b8c680b161294e9f2ba1ab17", "recorded_at": "2026-09-14T21:26:21.303Z", "target": "fb8c5b472254f48dac1689c3a361a9eb56c1d85f"}], "target": "0cd3f96abdcec9890c79d87265cc3db814ff2283"}...........................................................................................................................................................
======================================================================
ERROR: test_a_fresh_port_prepares_that_delivery_and_then_starts_it (tests.tools.test_stage_execution.AFreshPortReentersANeverStartedDelivery.test_a_fresh_port_prepares_that_delivery_and_then_starts_it)
W103083 review 2026-09-08T12:41:47Z [P1], and the whole of W119113.
----------------------------------------------------------------------
Traceback (most recent call last):
  File "/home/sl/src/baton/v12/python/tests/tools/test_stage_execution.py", line 1577, in test_a_fresh_port_prepares_that_delivery_and_then_starts_it
    answer, admit, keep = self.tick(port)
                          ~~~~~~~~~^^^^^^
  File "/home/sl/src/baton/v12/python/tests/tools/test_stage_execution.py", line 1491, in tick
    answer = held.run(self.case.stage(), {"job_id": "job-1"})
  File "/home/sl/src/baton/v12/python/tools/stage_execution.py", line 2477, in run
    answered = self._run(stage, job)
  File "/home/sl/src/baton/v12/python/tools/stage_execution.py", line 2590, in _run
    if deployment.reconciles():
       ^^^^^^^^^^^^^^^^^^^^^
AttributeError: 'types.SimpleNamespace' object has no attribute 'reconciles'

======================================================================
ERROR: test_a_runtime_this_execution_did_not_start_is_still_held (tests.tools.test_stage_execution.AFreshPortReentersANeverStartedDelivery.test_a_runtime_this_execution_did_not_start_is_still_held)
The hold this correction must not spend: a started attempt is NOT
----------------------------------------------------------------------
Traceback (most recent call last):
  File "/home/sl/src/baton/v12/python/tests/tools/test_stage_execution.py", line 1597, in test_a_runtime_this_execution_did_not_start_is_still_held
    answer, admit, keep = self.tick(port)
                          ~~~~~~~~~^^^^^^
  File "/home/sl/src/baton/v12/python/tests/tools/test_stage_execution.py", line 1491, in tick
    answer = held.run(self.case.stage(), {"job_id": "job-1"})
  File "/home/sl/src/baton/v12/python/tools/stage_execution.py", line 2477, in run
    answered = self._run(stage, job)
  File "/home/sl/src/baton/v12/python/tools/stage_execution.py", line 2590, in _run
    if deployment.reconciles():
       ^^^^^^^^^^^^^^^^^^^^^
AttributeError: 'types.SimpleNamespace' object has no attribute 'reconciles'

======================================================================
ERROR: test_a_second_tick_in_the_same_execution_starts_nothing_again (tests.tools.test_stage_execution.AFreshPortReentersANeverStartedDelivery.test_a_second_tick_in_the_same_execution_starts_nothing_again)
The same-execution case: this port holds the marker it made, so the
----------------------------------------------------------------------
Traceback (most recent call last):
  File "/home/sl/src/baton/v12/python/tests/tools/test_stage_execution.py", line 1538, in test_a_second_tick_in_the_same_execution_starts_nothing_again
    self.tick(port)
    ~~~~~~~~~^^^^^^
  File "/home/sl/src/baton/v12/python/tests/tools/test_stage_execution.py", line 1491, in tick
    answer = held.run(self.case.stage(), {"job_id": "job-1"})
  File "/home/sl/src/baton/v12/python/tools/stage_execution.py", line 2477, in run
    answered = self._run(stage, job)
  File "/home/sl/src/baton/v12/python/tools/stage_execution.py", line 2590, in _run
    if deployment.reconciles():
       ^^^^^^^^^^^^^^^^^^^^^
AttributeError: 'types.SimpleNamespace' object has no attribute 'reconciles'

======================================================================
ERROR: test_an_ordinary_first_tick_prepares_and_starts_exactly_once (tests.tools.test_stage_execution.AFreshPortReentersANeverStartedDelivery.test_an_ordinary_first_tick_prepares_and_starts_exactly_once)
The valid initial case: nothing is published yet, so this is the
----------------------------------------------------------------------
Traceback (most recent call last):
  File "/home/sl/src/baton/v12/python/tests/tools/test_stage_execution.py", line 1524, in test_an_ordinary_first_tick_prepares_and_starts_exactly_once
    answer, admit, keep = self.tick(port)
                          ~~~~~~~~~^^^^^^
  File "/home/sl/src/baton/v12/python/tests/tools/test_stage_execution.py", line 1491, in tick
    answer = held.run(self.case.stage(), {"job_id": "job-1"})
  File "/home/sl/src/baton/v12/python/tools/stage_execution.py", line 2477, in run
    answered = self._run(stage, job)
  File "/home/sl/src/baton/v12/python/tools/stage_execution.py", line 2590, in _run
    if deployment.reconciles():
       ^^^^^^^^^^^^^^^^^^^^^
AttributeError: 'types.SimpleNamespace' object has no attribute 'reconciles'

======================================================================
ERROR: test_a_delivery_carrying_no_assignment_is_the_first_tick (tests.tools.test_stage_execution.TheIntegrationStageConsumesTheAcceptedPort.test_a_delivery_carrying_no_assignment_is_the_first_tick) (delivery=False)
Absent or unpublished: neither invents an assignment.
----------------------------------------------------------------------
Traceback (most recent call last):
  File "/home/sl/src/baton/v12/python/tests/tools/test_stage_execution.py", line 1396, in test_a_delivery_carrying_no_assignment_is_the_first_tick
    _, calls, admit, keep, _ = self.driven(delivery=delivery,
                               ~~~~~~~~~~~^^^^^^^^^^^^^^^^^^^
                                           assignment=None)
                                           ^^^^^^^^^^^^^^^^
  File "/home/sl/src/baton/v12/python/tests/tools/test_stage_execution.py", line 1240, in driven
    answer = stage_execution.Integration(held, taken).run(
        {"attempt_id": "attempt-1", "kind": "integration"},
        {"job_id": "job-1"})
  File "/home/sl/src/baton/v12/python/tools/stage_execution.py", line 2477, in run
    answered = self._run(stage, job)
  File "/home/sl/src/baton/v12/python/tools/stage_execution.py", line 2538, in _run
    published = _authority_read(
        "the producer's proposal",
        lambda: deployment.authority.proposal(operands["proposal_id"]))
  File "/home/sl/src/baton/v12/python/tools/stage_execution.py", line 862, in _authority_read
    return read()
  File "/home/sl/src/baton/v12/python/tools/stage_execution.py", line 2540, in <lambda>
    lambda: deployment.authority.proposal(operands["proposal_id"]))
            ^^^^^^^^^^^^^^^^^^^^^^^^^^^^^
AttributeError: 'object' object has no attribute 'proposal'

======================================================================
ERROR: test_a_delivery_carrying_no_assignment_is_the_first_tick (tests.tools.test_stage_execution.TheIntegrationStageConsumesTheAcceptedPort.test_a_delivery_carrying_no_assignment_is_the_first_tick) (delivery=True)
Absent or unpublished: neither invents an assignment.
----------------------------------------------------------------------
Traceback (most recent call last):
  File "/home/sl/src/baton/v12/python/tests/tools/test_stage_execution.py", line 1396, in test_a_delivery_carrying_no_assignment_is_the_first_tick
    _, calls, admit, keep, _ = self.driven(delivery=delivery,
                               ~~~~~~~~~~~^^^^^^^^^^^^^^^^^^^
                                           assignment=None)
                                           ^^^^^^^^^^^^^^^^
  File "/home/sl/src/baton/v12/python/tests/tools/test_stage_execution.py", line 1240, in driven
    answer = stage_execution.Integration(held, taken).run(
        {"attempt_id": "attempt-1", "kind": "integration"},
        {"job_id": "job-1"})
  File "/home/sl/src/baton/v12/python/tools/stage_execution.py", line 2477, in run
    answered = self._run(stage, job)
  File "/home/sl/src/baton/v12/python/tools/stage_execution.py", line 2538, in _run
    published = _authority_read(
        "the producer's proposal",
        lambda: deployment.authority.proposal(operands["proposal_id"]))
  File "/home/sl/src/baton/v12/python/tools/stage_execution.py", line 862, in _authority_read
    return read()
  File "/home/sl/src/baton/v12/python/tools/stage_execution.py", line 2540, in <lambda>
    lambda: deployment.authority.proposal(operands["proposal_id"]))
            ^^^^^^^^^^^^^^^^^^^^^^^^^^^^^
AttributeError: 'object' object has no attribute 'proposal'

======================================================================
ERROR: test_a_delivery_with_no_started_runtime_is_not_refreshed (tests.tools.test_stage_execution.TheIntegrationStageConsumesTheAcceptedPort.test_a_delivery_with_no_started_runtime_is_not_refreshed)
The namespaces are materialized before the container, so a delivery
----------------------------------------------------------------------
Traceback (most recent call last):
  File "/home/sl/src/baton/v12/python/tests/tools/test_stage_execution.py", line 1363, in test_a_delivery_with_no_started_runtime_is_not_refreshed
    _, calls, admit, keep, _ = self.driven(
                               ~~~~~~~~~~~^
        delivery=object(), assignment={"attempt_id": "attempt-1"},
        ^^^^^^^^^^^^^^^^^^^^^^^^^^^^^^^^^^^^^^^^^^^^^^^^^^^^^^^^^^
        port=self.port(runtime_state="not-started"))
        ^^^^^^^^^^^^^^^^^^^^^^^^^^^^^^^^^^^^^^^^^^^^
  File "/home/sl/src/baton/v12/python/tests/tools/test_stage_execution.py", line 1240, in driven
    answer = stage_execution.Integration(held, taken).run(
        {"attempt_id": "attempt-1", "kind": "integration"},
        {"job_id": "job-1"})
  File "/home/sl/src/baton/v12/python/tools/stage_execution.py", line 2477, in run
    answered = self._run(stage, job)
  File "/home/sl/src/baton/v12/python/tools/stage_execution.py", line 2538, in _run
    published = _authority_read(
        "the producer's proposal",
        lambda: deployment.authority.proposal(operands["proposal_id"]))
  File "/home/sl/src/baton/v12/python/tools/stage_execution.py", line 862, in _authority_read
    return read()
  File "/home/sl/src/baton/v12/python/tools/stage_execution.py", line 2540, in <lambda>
    lambda: deployment.authority.proposal(operands["proposal_id"]))
            ^^^^^^^^^^^^^^^^^^^^^^^^^^^^^
AttributeError: 'object' object has no attribute 'proposal'

======================================================================
ERROR: test_a_later_tick_refreshes_before_it_continues (tests.tools.test_stage_execution.TheIntegrationStageConsumesTheAcceptedPort.test_a_later_tick_refreshes_before_it_continues)
Owner ruling M115946: refresh FIRST, then the port's own marker.
----------------------------------------------------------------------
Traceback (most recent call last):
  File "/home/sl/src/baton/v12/python/tests/tools/test_stage_execution.py", line 1325, in test_a_later_tick_refreshes_before_it_continues
    _, calls, admit, keep, seen = self.driven(
                                  ~~~~~~~~~~~^
        delivery=object(), assignment={"attempt_id": "attempt-1"})
        ^^^^^^^^^^^^^^^^^^^^^^^^^^^^^^^^^^^^^^^^^^^^^^^^^^^^^^^^^^
  File "/home/sl/src/baton/v12/python/tests/tools/test_stage_execution.py", line 1240, in driven
    answer = stage_execution.Integration(held, taken).run(
        {"attempt_id": "attempt-1", "kind": "integration"},
        {"job_id": "job-1"})
  File "/home/sl/src/baton/v12/python/tools/stage_execution.py", line 2477, in run
    answered = self._run(stage, job)
  File "/home/sl/src/baton/v12/python/tools/stage_execution.py", line 2538, in _run
    published = _authority_read(
        "the producer's proposal",
        lambda: deployment.authority.proposal(operands["proposal_id"]))
  File "/home/sl/src/baton/v12/python/tools/stage_execution.py", line 862, in _authority_read
    return read()
  File "/home/sl/src/baton/v12/python/tools/stage_execution.py", line 2540, in <lambda>
    lambda: deployment.authority.proposal(operands["proposal_id"]))
            ^^^^^^^^^^^^^^^^^^^^^^^^^^^^^
AttributeError: 'object' object has no attribute 'proposal'

======================================================================
ERROR: test_a_lost_marker_falls_through_to_admission (tests.tools.test_stage_execution.TheIntegrationStageConsumesTheAcceptedPort.test_a_lost_marker_falls_through_to_admission)
A fresh serving incarnation holds no marker, so the driver's own
----------------------------------------------------------------------
Traceback (most recent call last):
  File "/home/sl/src/baton/v12/python/tests/tools/test_stage_execution.py", line 1340, in test_a_lost_marker_falls_through_to_admission
    _, calls, admit, keep, _ = self.driven(
                               ~~~~~~~~~~~^
        delivery=object(), assignment={"attempt_id": "attempt-1"},
        ^^^^^^^^^^^^^^^^^^^^^^^^^^^^^^^^^^^^^^^^^^^^^^^^^^^^^^^^^^
        port=self.port(continuable=False))
        ^^^^^^^^^^^^^^^^^^^^^^^^^^^^^^^^^^
  File "/home/sl/src/baton/v12/python/tests/tools/test_stage_execution.py", line 1240, in driven
    answer = stage_execution.Integration(held, taken).run(
        {"attempt_id": "attempt-1", "kind": "integration"},
        {"job_id": "job-1"})
  File "/home/sl/src/baton/v12/python/tools/stage_execution.py", line 2477, in run
    answered = self._run(stage, job)
  File "/home/sl/src/baton/v12/python/tools/stage_execution.py", line 2538, in _run
    published = _authority_read(
        "the producer's proposal",
        lambda: deployment.authority.proposal(operands["proposal_id"]))
  File "/home/sl/src/baton/v12/python/tools/stage_execution.py", line 862, in _authority_read
    return read()
  File "/home/sl/src/baton/v12/python/tools/stage_execution.py", line 2540, in <lambda>
    lambda: deployment.authority.proposal(operands["proposal_id"]))
            ^^^^^^^^^^^^^^^^^^^^^^^^^^^^^
AttributeError: 'object' object has no attribute 'proposal'

======================================================================
ERROR: test_a_started_or_uncertain_runtime_is_never_prepared_here (tests.tools.test_stage_execution.TheIntegrationStageConsumesTheAcceptedPort.test_a_started_or_uncertain_runtime_is_never_prepared_here) (runtime='running')
The other side of that branch, which is why it IS a branch.
----------------------------------------------------------------------
Traceback (most recent call last):
  File "/home/sl/src/baton/v12/python/tests/tools/test_stage_execution.py", line 1382, in test_a_started_or_uncertain_runtime_is_never_prepared_here
    _, calls, admit, keep, _ = self.driven(
                               ~~~~~~~~~~~^
        delivery=object(),
        ^^^^^^^^^^^^^^^^^^
        assignment={"attempt_id": "attempt-1"},
        ^^^^^^^^^^^^^^^^^^^^^^^^^^^^^^^^^^^^^^^
        port=self.port(runtime_state=state, continuable=False))
        ^^^^^^^^^^^^^^^^^^^^^^^^^^^^^^^^^^^^^^^^^^^^^^^^^^^^^^^
  File "/home/sl/src/baton/v12/python/tests/tools/test_stage_execution.py", line 1240, in driven
    answer = stage_execution.Integration(held, taken).run(
        {"attempt_id": "attempt-1", "kind": "integration"},
        {"job_id": "job-1"})
  File "/home/sl/src/baton/v12/python/tools/stage_execution.py", line 2477, in run
    answered = self._run(stage, job)
  File "/home/sl/src/baton/v12/python/tools/stage_execution.py", line 2538, in _run
    published = _authority_read(
        "the producer's proposal",
        lambda: deployment.authority.proposal(operands["proposal_id"]))
  File "/home/sl/src/baton/v12/python/tools/stage_execution.py", line 862, in _authority_read
    return read()
  File "/home/sl/src/baton/v12/python/tools/stage_execution.py", line 2540, in <lambda>
    lambda: deployment.authority.proposal(operands["proposal_id"]))
            ^^^^^^^^^^^^^^^^^^^^^^^^^^^^^
AttributeError: 'object' object has no attribute 'proposal'

======================================================================
ERROR: test_a_started_or_uncertain_runtime_is_never_prepared_here (tests.tools.test_stage_execution.TheIntegrationStageConsumesTheAcceptedPort.test_a_started_or_uncertain_runtime_is_never_prepared_here) (runtime='uncertain')
The other side of that branch, which is why it IS a branch.
----------------------------------------------------------------------
Traceback (most recent call last):
  File "/home/sl/src/baton/v12/python/tests/tools/test_stage_execution.py", line 1382, in test_a_started_or_uncertain_runtime_is_never_prepared_here
    _, calls, admit, keep, _ = self.driven(
                               ~~~~~~~~~~~^
        delivery=object(),
        ^^^^^^^^^^^^^^^^^^
        assignment={"attempt_id": "attempt-1"},
        ^^^^^^^^^^^^^^^^^^^^^^^^^^^^^^^^^^^^^^^
        port=self.port(runtime_state=state, continuable=False))
        ^^^^^^^^^^^^^^^^^^^^^^^^^^^^^^^^^^^^^^^^^^^^^^^^^^^^^^^
  File "/home/sl/src/baton/v12/python/tests/tools/test_stage_execution.py", line 1240, in driven
    answer = stage_execution.Integration(held, taken).run(
        {"attempt_id": "attempt-1", "kind": "integration"},
        {"job_id": "job-1"})
  File "/home/sl/src/baton/v12/python/tools/stage_execution.py", line 2477, in run
    answered = self._run(stage, job)
  File "/home/sl/src/baton/v12/python/tools/stage_execution.py", line 2538, in _run
    published = _authority_read(
        "the producer's proposal",
        lambda: deployment.authority.proposal(operands["proposal_id"]))
  File "/home/sl/src/baton/v12/python/tools/stage_execution.py", line 862, in _authority_read
    return read()
  File "/home/sl/src/baton/v12/python/tools/stage_execution.py", line 2540, in <lambda>
    lambda: deployment.authority.proposal(operands["proposal_id"]))
            ^^^^^^^^^^^^^^^^^^^^^^^^^^^^^
AttributeError: 'object' object has no attribute 'proposal'

======================================================================
ERROR: test_the_first_tick_prepares_and_then_admits (tests.tools.test_stage_execution.TheIntegrationStageConsumesTheAcceptedPort.test_the_first_tick_prepares_and_then_admits)
----------------------------------------------------------------------
Traceback (most recent call last):
  File "/home/sl/src/baton/v12/python/tests/tools/test_stage_execution.py", line 1313, in test_the_first_tick_prepares_and_then_admits
    _, calls, admit, keep, seen = self.driven()
                                  ~~~~~~~~~~~^^
  File "/home/sl/src/baton/v12/python/tests/tools/test_stage_execution.py", line 1240, in driven
    answer = stage_execution.Integration(held, taken).run(
        {"attempt_id": "attempt-1", "kind": "integration"},
        {"job_id": "job-1"})
  File "/home/sl/src/baton/v12/python/tools/stage_execution.py", line 2477, in run
    answered = self._run(stage, job)
  File "/home/sl/src/baton/v12/python/tools/stage_execution.py", line 2538, in _run
    published = _authority_read(
        "the producer's proposal",
        lambda: deployment.authority.proposal(operands["proposal_id"]))
  File "/home/sl/src/baton/v12/python/tools/stage_execution.py", line 862, in _authority_read
    return read()
  File "/home/sl/src/baton/v12/python/tools/stage_execution.py", line 2540, in <lambda>
    lambda: deployment.authority.proposal(operands["proposal_id"]))
            ^^^^^^^^^^^^^^^^^^^^^^^^^^^^^
AttributeError: 'object' object has no attribute 'proposal'

======================================================================
ERROR: test_an_integration_without_a_runtime_port_refuses_as_that (tests.tools.test_stage_execution.TheServingPathReachesTheAcceptedDrivers.test_an_integration_without_a_runtime_port_refuses_as_that)
The one capability this build does not have, reported rather than
----------------------------------------------------------------------
Traceback (most recent call last):
  File "/home/sl/src/baton/v12/python/tests/tools/test_stage_execution.py", line 1760, in test_an_integration_without_a_runtime_port_refuses_as_that
    composed.launch({"kind": "integration", "attempt_id": "attempt-i"},
    ~~~~~~~~~~~~~~~^^^^^^^^^^^^^^^^^^^^^^^^^^^^^^^^^^^^^^^^^^^^^^^^^^^^
                    {})
                    ^^^
  File "/home/sl/src/baton/v12/python/tools/stage_execution.py", line 4086, in launch
    return self.integrator.run(stage, job)
           ~~~~~~~~~~~~~~~~~~~^^^^^^^^^^^^
  File "/home/sl/src/baton/v12/python/tools/stage_execution.py", line 2477, in run
    answered = self._run(stage, job)
  File "/home/sl/src/baton/v12/python/tools/stage_execution.py", line 2502, in _run
    line = (deployment.line() if job_id is None
            ~~~~~~~~~~~~~~~^^
  File "/home/sl/src/baton/v12/python/tools/stage_execution.py", line 3465, in line
    return self.line_for(held[0]["job_id"])
           ~~~~~~~~~~~~~^^^^^^^^^^^^^^^^^^^
  File "/home/sl/src/baton/v12/python/tools/stage_execution.py", line 3374, in line_for
    created = review_cycles.create_line(
        self.control, source=self.source_for(job_id),
        declared_base=binding["line_declared_base"],
        profile=self.profile, authority_uuid=self.given["authority_uuid"],
        work_id=binding["job_work_id"])
  File "/home/sl/src/baton/v12/python/src/baton_v12/worker_manager/review_cycles.py", line 991, in create_line
    materialized = profile.materialize(source.place, path, declared_base)
  File "/home/sl/src/baton/v12/python/src/baton_v12/checkpoint_profiles.py", line 257, in materialize
    self._run(clone_vector(source, repository), "line materialization")
    ~~~~~~~~~^^^^^^^^^^^^^^^^^^^^^^^^^^^^^^^^^^^^^^^^^^^^^^^^^^^^^^^^^^
  File "/home/sl/src/baton/v12/python/src/baton_v12/checkpoint_profiles.py", line 238, in _run
    raise ProfileRefusal(f"Git {what} failed" +
                         (f": {detail}" if detail else ""))
baton_v12.source_profiles.checkout.ProfileRefusal: Git line materialization failed: fatal: repository '/home/sl/src/baton/v12/python/v12-w71917-xo0hx0_3/source' does not exist

----------------------------------------------------------------------
Ran 387 tests in 57.488s

FAILED (errors=13)

