### label: witness-run-2
### cwd: /home/sl/src/baton/v12/python
### argv: ["env", "PYTHONPATH=src:tools", "python3", "-m", "unittest", "tests.tools.test_stage_execution.TwoBoundJobsTraverseServingAndCorrection.test_BOTH_JOBS_REACH_TERMINAL_ON_ONE_TARGET"]
### exit: 1
### elapsed_seconds: 1.073660
### STDOUT

### STDERR
F
======================================================================
FAIL: test_BOTH_JOBS_REACH_TERMINAL_ON_ONE_TARGET (tests.tools.test_stage_execution.TwoBoundJobsTraverseServingAndCorrection.test_BOTH_JOBS_REACH_TERMINAL_ON_ONE_TARGET)
W131409's WHOLE POINT, driven through the ordinary configured tick.
----------------------------------------------------------------------
Traceback (most recent call last):
  File "/home/sl/src/baton/v12/python/tests/tools/test_stage_execution.py", line 7478, in test_BOTH_JOBS_REACH_TERMINAL_ON_ONE_TARGET
    self.assertEqual(self.vcs("rev-parse", "refs/heads/main").strip(),
    ~~~~~~~~~~~~~~~~^^^^^^^^^^^^^^^^^^^^^^^^^^^^^^^^^^^^^^^^^^^^^^^^^^
                     advanced)
                     ^^^^^^^^^
AssertionError: '86fb84e5d221fb35b66b4c2865b595bbedaa92da' != '6275e09ea7bb1ea0906390d40f8f517baf1e0c35'
- 86fb84e5d221fb35b66b4c2865b595bbedaa92da
+ 6275e09ea7bb1ea0906390d40f8f517baf1e0c35


----------------------------------------------------------------------
Ran 1 test in 0.877s

FAILED (failures=1)
