### label: historical-publication-lookup-focused
### cwd: /home/sl/src/baton/v12/python
### argv: ["env", "PYTHONPATH=src:tools", "python3", "-m", "unittest", "tests.tools.test_stage_execution.TwoBoundJobsTraverseServingAndCorrection.test_the_second_jobs_candidate_is_stale_once_the_first_integrates"]
### exit: 1
### elapsed_seconds: 1.127027
### STDOUT

### STDERR
F
======================================================================
FAIL: test_the_second_jobs_candidate_is_stale_once_the_first_integrates (tests.tools.test_stage_execution.TwoBoundJobsTraverseServingAndCorrection.test_the_second_jobs_candidate_is_stale_once_the_first_integrates)
THE SECOND BOUNDARY THIS TRAVERSAL FOUND, and it is not capacity.
----------------------------------------------------------------------
Traceback (most recent call last):
  File "/home/sl/src/baton/v12/python/tests/tools/test_stage_execution.py", line 7403, in test_the_second_jobs_candidate_is_stale_once_the_first_integrates
    with self.assertRaises(Refusal) as caught:
         ~~~~~~~~~~~~~~~~~^^^^^^^^^
AssertionError: ContractRefusal not raised

----------------------------------------------------------------------
Ran 1 test in 0.906s

FAILED (failures=1)
