20 INFO: PyInstaller: 6.16.0, contrib hooks: 2026.7
20 INFO: Python: 3.13.7
21 INFO: Platform: Linux-6.17.0-41-generic-x86_64-with-glibc2.42
21 INFO: Python environment: /home/sl/.local/state/baton-v12-venv
21 INFO: Removing temporary files and cleaning cache in /home/sl/.cache/pyinstaller
50 INFO: Module search paths (PYTHONPATH):
['/home/sl/src/baton/v12/python',
 '/usr/lib/python313.zip',
 '/usr/lib/python3.13',
 '/usr/lib/python3.13/lib-dynload',
 '/home/sl/.local/state/baton-v12-venv/lib/python3.13/site-packages',
 '/home/sl/src/baton/v12/python',
 '/home/sl/src/baton/v12/python',
 '/home/sl/src/baton/v12/python/src']
100 INFO: Appending 'datas' from .spec
100 INFO: checking Analysis
100 INFO: Building Analysis because Analysis-00.toc is non existent
100 INFO: Looking for Python shared library...
104 INFO: Using Python shared library: /lib/x86_64-linux-gnu/libpython3.13.so.1.0
104 INFO: Running Analysis Analysis-00.toc
104 INFO: Target bytecode optimization level: 0
104 INFO: Initializing module dependency graph...
104 INFO: Initializing module graph hook caches...
107 INFO: Analyzing modules for base_library.zip ...
425 INFO: Processing standard module hook 'hook-encodings.py' from '/home/sl/.local/state/baton-v12-venv/lib/python3.13/site-packages/PyInstaller/hooks'
677 INFO: Processing standard module hook 'hook-heapq.py' from '/home/sl/.local/state/baton-v12-venv/lib/python3.13/site-packages/PyInstaller/hooks'
1122 INFO: Processing standard module hook 'hook-pickle.py' from '/home/sl/.local/state/baton-v12-venv/lib/python3.13/site-packages/PyInstaller/hooks'
1634 INFO: Caching module dependency graph...
1649 INFO: Analyzing /home/sl/src/baton/v12/python/tools/stack_command.py
1676 INFO: Processing standard module hook 'hook-jsonschema.py' from '/home/sl/.local/state/baton-v12-venv/lib/python3.13/site-packages/_pyinstaller_hooks_contrib/stdhooks'
1720 INFO: Processing standard module hook 'hook-platform.py' from '/home/sl/.local/state/baton-v12-venv/lib/python3.13/site-packages/PyInstaller/hooks'
1729 INFO: Processing standard module hook 'hook-_ctypes.py' from '/home/sl/.local/state/baton-v12-venv/lib/python3.13/site-packages/PyInstaller/hooks'
1821 INFO: Processing pre-safe-import-module hook 'hook-typing_extensions.py' from '/home/sl/.local/state/baton-v12-venv/lib/python3.13/site-packages/PyInstaller/hooks/pre_safe_import_module'
1821 INFO: SetuptoolsInfo: initializing cached setuptools info...
2984 INFO: Setuptools: 'typing_extensions' appears to be a setuptools-vendored copy - creating alias to 'setuptools._vendor.typing_extensions'!
2987 INFO: Processing standard module hook 'hook-setuptools.py' from '/home/sl/.local/state/baton-v12-venv/lib/python3.13/site-packages/PyInstaller/hooks'
2992 INFO: Processing pre-safe-import-module hook 'hook-distutils.py' from '/home/sl/.local/state/baton-v12-venv/lib/python3.13/site-packages/PyInstaller/hooks/pre_safe_import_module'
3010 INFO: Processing standard module hook 'hook-sysconfig.py' from '/home/sl/.local/state/baton-v12-venv/lib/python3.13/site-packages/PyInstaller/hooks'
3013 INFO: Processing pre-safe-import-module hook 'hook-jaraco.functools.py' from '/home/sl/.local/state/baton-v12-venv/lib/python3.13/site-packages/PyInstaller/hooks/pre_safe_import_module'
3013 INFO: Setuptools: 'jaraco.functools' appears to be a setuptools-vendored copy - creating alias to 'setuptools._vendor.jaraco.functools'!
3018 INFO: Processing pre-safe-import-module hook 'hook-more_itertools.py' from '/home/sl/.local/state/baton-v12-venv/lib/python3.13/site-packages/PyInstaller/hooks/pre_safe_import_module'
3018 INFO: Setuptools: 'more_itertools' appears to be a setuptools-vendored copy - creating alias to 'setuptools._vendor.more_itertools'!
3082 INFO: Processing standard module hook 'hook-_osx_support.py' from '/home/sl/.local/state/baton-v12-venv/lib/python3.13/site-packages/PyInstaller/hooks'
3089 INFO: Processing pre-safe-import-module hook 'hook-packaging.py' from '/home/sl/.local/state/baton-v12-venv/lib/python3.13/site-packages/PyInstaller/hooks/pre_safe_import_module'
3242 INFO: Processing pre-safe-import-module hook 'hook-jaraco.text.py' from '/home/sl/.local/state/baton-v12-venv/lib/python3.13/site-packages/PyInstaller/hooks/pre_safe_import_module'
3242 INFO: Setuptools: 'jaraco.text' appears to be a setuptools-vendored copy - creating alias to 'setuptools._vendor.jaraco.text'!
3247 INFO: Processing standard module hook 'hook-setuptools._vendor.jaraco.text.py' from '/home/sl/.local/state/baton-v12-venv/lib/python3.13/site-packages/PyInstaller/hooks'
3248 INFO: Processing pre-safe-import-module hook 'hook-importlib_resources.py' from '/home/sl/.local/state/baton-v12-venv/lib/python3.13/site-packages/PyInstaller/hooks/pre_safe_import_module'
3248 INFO: Processing pre-safe-import-module hook 'hook-jaraco.context.py' from '/home/sl/.local/state/baton-v12-venv/lib/python3.13/site-packages/PyInstaller/hooks/pre_safe_import_module'
3248 INFO: Setuptools: 'jaraco.context' appears to be a setuptools-vendored copy - creating alias to 'setuptools._vendor.jaraco.context'!
3523 INFO: Processing pre-safe-import-module hook 'hook-tomli.py' from '/home/sl/.local/state/baton-v12-venv/lib/python3.13/site-packages/PyInstaller/hooks/pre_safe_import_module'
3523 INFO: Setuptools: 'tomli' appears to be a setuptools-vendored copy - creating alias to 'setuptools._vendor.tomli'!
3734 INFO: Processing pre-safe-import-module hook 'hook-wheel.py' from '/home/sl/.local/state/baton-v12-venv/lib/python3.13/site-packages/PyInstaller/hooks/pre_safe_import_module'
3734 INFO: Setuptools: 'wheel' appears to be a setuptools-vendored copy - creating alias to 'setuptools._vendor.wheel'!
3808 INFO: Processing standard module hook 'hook-jsonschema_specifications.py' from '/home/sl/.local/state/baton-v12-venv/lib/python3.13/site-packages/_pyinstaller_hooks_contrib/stdhooks'
3963 INFO: Processing standard module hook 'hook-sqlite3.py' from '/home/sl/.local/state/baton-v12-venv/lib/python3.13/site-packages/PyInstaller/hooks'
4732 INFO: Analyzing hidden import 'tools.dogfood_operator'
4781 INFO: Analyzing hidden import 'tools.worker_image'
4786 INFO: Processing module hooks (post-graph stage)...
5041 INFO: Processing standard module hook 'hook-multiprocessing.util.py' from '/home/sl/.local/state/baton-v12-venv/lib/python3.13/site-packages/PyInstaller/hooks'
5086 INFO: Processing standard module hook 'hook-xml.py' from '/home/sl/.local/state/baton-v12-venv/lib/python3.13/site-packages/PyInstaller/hooks'
5223 INFO: Performing binary vs. data reclassification (33 entries)
5224 INFO: Looking for ctypes DLLs
5246 INFO: Analyzing run-time hooks ...
5247 INFO: Including run-time hook 'pyi_rth_setuptools.py' from '/home/sl/.local/state/baton-v12-venv/lib/python3.13/site-packages/PyInstaller/hooks/rthooks'
5248 INFO: Including run-time hook 'pyi_rth_pkgutil.py' from '/home/sl/.local/state/baton-v12-venv/lib/python3.13/site-packages/PyInstaller/hooks/rthooks'
5249 INFO: Including run-time hook 'pyi_rth_multiprocessing.py' from '/home/sl/.local/state/baton-v12-venv/lib/python3.13/site-packages/PyInstaller/hooks/rthooks'
5249 INFO: Including run-time hook 'pyi_rth_inspect.py' from '/home/sl/.local/state/baton-v12-venv/lib/python3.13/site-packages/PyInstaller/hooks/rthooks'
5253 INFO: Creating base_library.zip...
5260 INFO: Looking for dynamic libraries
5346 INFO: Warnings written to /home/sl/src/baton/work/records/2026/09/finding-v12-worker-launch-version-mismatch/instance-200000/build/distro/work/stack/warn-stack.txt
5355 INFO: Graph cross-reference written to /home/sl/src/baton/work/records/2026/09/finding-v12-worker-launch-version-mismatch/instance-200000/build/distro/work/stack/xref-stack.html
5361 INFO: checking PYZ
5361 INFO: Building PYZ because PYZ-00.toc is non existent
5361 INFO: Building PYZ (ZlibArchive) /home/sl/src/baton/work/records/2026/09/finding-v12-worker-launch-version-mismatch/instance-200000/build/distro/work/stack/PYZ-00.pyz
5630 INFO: Building PYZ (ZlibArchive) /home/sl/src/baton/work/records/2026/09/finding-v12-worker-launch-version-mismatch/instance-200000/build/distro/work/stack/PYZ-00.pyz completed successfully.
5635 INFO: checking PKG
5635 INFO: Building PKG because PKG-00.toc is non existent
5635 INFO: Building PKG (CArchive) baton-v12-stack.pkg
5642 INFO: Building PKG (CArchive) baton-v12-stack.pkg completed successfully.
5642 INFO: Bootloader /home/sl/.local/state/baton-v12-venv/lib/python3.13/site-packages/PyInstaller/bootloader/Linux-64bit-intel/run
5642 INFO: checking EXE
5642 INFO: Building EXE because EXE-00.toc is non existent
5642 INFO: Building EXE from EXE-00.toc
5642 INFO: Copying bootloader EXE to /home/sl/src/baton/work/records/2026/09/finding-v12-worker-launch-version-mismatch/instance-200000/build/distro/work/stack/baton-v12-stack
5642 INFO: Appending PKG archive to custom ELF section in EXE
5649 INFO: Building EXE from EXE-00.toc completed successfully.
5650 INFO: checking COLLECT
5650 INFO: Building COLLECT because COLLECT-00.toc is non existent
5650 INFO: Building COLLECT COLLECT-00.toc
5656 INFO: Building COLLECT COLLECT-00.toc completed successfully.
5657 INFO: Build complete! The results are available in: /home/sl/src/baton/work/records/2026/09/finding-v12-worker-launch-version-mismatch/instance-200000/build/distro/out
