test_actual_owner_answer_is_consumable (__main__.ActualCheckpoint.test_actual_owner_answer_is_consumable) ... actual checkpoint keys: ['checkpoint_digest', 'checkpoint_id', 'evidence', 'line_id', 'verdict_id']
actual evidence keys: ['base', 'head', 'path_set_digest', 'paths', 'profile', 'reference', 'tree']
FAIL

======================================================================
FAIL: test_actual_owner_answer_is_consumable (__main__.ActualCheckpoint.test_actual_owner_answer_is_consumable)
----------------------------------------------------------------------
Traceback (most recent call last):
  File "/home/sl/src/baton/work/records/2026/09/finding-v12-managed-integration-execution/probe-operands-169146.py", line 33, in test_actual_owner_answer_is_consumable
    self.assertNotIsInstance(
    ~~~~~~~~~~~~~~~~~~~~~~~~^
        caught.exception, KeyError,
        ^^^^^^^^^^^^^^^^^^^^^^^^^^^
        "resolver requires a field absent from its actual owner answer: "
        ^^^^^^^^^^^^^^^^^^^^^^^^^^^^^^^^^^^^^^^^^^^^^^^^^^^^^^^^^^^^^^^^^
        + repr(caught.exception))
        ^^^^^^^^^^^^^^^^^^^^^^^^^
AssertionError: KeyError('path_set_digest') is an instance of <class 'KeyError'> : resolver requires a field absent from its actual owner answer: KeyError('path_set_digest')

----------------------------------------------------------------------
Ran 1 test in 0.202s

FAILED (failures=1)
