test_a_completed_retry_refuses_an_unrelated_lease_or_fence (tests.tools.test_managed_integration.APublicationKeepsItsOwnDurableAccount.test_a_completed_retry_refuses_an_unrelated_lease_or_fence) ... ok
test_a_foreign_move_to_our_own_revision_is_not_our_swap (tests.tools.test_managed_integration.APublicationKeepsItsOwnDurableAccount.test_a_foreign_move_to_our_own_revision_is_not_our_swap)
THE CASE THE PREVIOUS FORM COULD NOT DISTINGUISH. Nothing of ours ... ok
test_a_positive_exclusion_still_meets_the_targets_real_state (tests.tools.test_managed_integration.APublicationKeepsItsOwnDurableAccount.test_a_positive_exclusion_still_meets_the_targets_real_state)
`not-applied` is a POSITIVE exclusion of a delayed effect, which is ... ok
test_a_recorded_swap_is_never_performed_twice (tests.tools.test_managed_integration.APublicationKeepsItsOwnDurableAccount.test_a_recorded_swap_is_never_performed_twice)
Interrupted after the swap was RECORDED and before the settlement, ... ok
test_a_retry_after_later_movement_returns_its_own_revision (tests.tools.test_managed_integration.APublicationKeepsItsOwnDurableAccount.test_a_retry_after_later_movement_returns_its_own_revision)
NOT the foreign one standing there now. ... ok
test_an_answer_about_another_publication_is_refused (tests.tools.test_managed_integration.APublicationKeepsItsOwnDurableAccount.test_an_answer_about_another_publication_is_refused) ... ok
test_an_applied_answer_without_a_receipt_is_refused (tests.tools.test_managed_integration.APublicationKeepsItsOwnDurableAccount.test_an_applied_answer_without_a_receipt_is_refused)
A receipt accounts for an effect that happened, and it is the only ... ok
test_an_interrupted_effect_is_resolved_by_its_receipt (tests.tools.test_managed_integration.APublicationKeepsItsOwnDurableAccount.test_an_interrupted_effect_is_resolved_by_its_receipt)
A crash between the effect and its marker is answerable BECAUSE the ... ok
test_an_owner_that_cannot_say_leaves_it_uncertain (tests.tools.test_managed_integration.APublicationKeepsItsOwnDurableAccount.test_an_owner_that_cannot_say_leaves_it_uncertain)
`unknown` is one of the three answers, and this interface keeps it ... ok
test_an_unavailable_target_owner_leaves_it_uncertain (tests.tools.test_managed_integration.APublicationKeepsItsOwnDurableAccount.test_an_unavailable_target_owner_leaves_it_uncertain) ... ok
test_the_record_names_what_it_was_about (tests.tools.test_managed_integration.APublicationKeepsItsOwnDurableAccount.test_the_record_names_what_it_was_about) ... ok
test_a_foreign_revision_is_never_adopted_as_our_own (tests.tools.test_managed_integration.APublicationReplaysAndResumesItsOwnEffects.test_a_foreign_revision_is_never_adopted_as_our_own)
Merely finding the target somewhere other than the admitted ... ok
test_a_retry_under_a_different_settlement_refuses (tests.tools.test_managed_integration.APublicationReplaysAndResumesItsOwnEffects.test_a_retry_under_a_different_settlement_refuses) ... ok
test_an_exact_retry_replays_without_materializing_or_swapping (tests.tools.test_managed_integration.APublicationReplaysAndResumesItsOwnEffects.test_an_exact_retry_replays_without_materializing_or_swapping) ... ok
test_an_interrupted_publication_resumes_without_swapping_twice (tests.tools.test_managed_integration.APublicationReplaysAndResumesItsOwnEffects.test_an_interrupted_publication_resumes_without_swapping_twice)
The swap committed and the settlement did not. A resume finishes ... ok
test_a_grant_lost_before_a_fresh_apply_stops_it_too (tests.tools.test_managed_integration.ARecoveryIsNotACompletionCheck.test_a_grant_lost_before_a_fresh_apply_stops_it_too) ... ok
test_a_grant_lost_during_recovery_stops_the_apply (tests.tools.test_managed_integration.ARecoveryIsNotACompletionCheck.test_a_grant_lost_during_recovery_stops_the_apply)
[P1] A `recover` can change the world. The grant is proved after ... ok
test_a_receipt_for_content_the_target_no_longer_holds_refuses (tests.tools.test_managed_integration.ARecoveryIsNotACompletionCheck.test_a_receipt_for_content_the_target_no_longer_holds_refuses) ... ok
test_the_target_moving_during_recovery_is_caught (tests.tools.test_managed_integration.ARecoveryIsNotACompletionCheck.test_the_target_moving_during_recovery_is_caught)
The same window, with the movement happening inside the recovery ... ok
test_a_quiescent_runtime_is_not_a_stopped_one (tests.tools.test_managed_integration.NothingPublishesBehindARunningExecution.test_a_quiescent_runtime_is_not_a_stopped_one)
A runtime that stopped EXECUTING still exists. ... ok
test_an_attempt_this_manager_never_recorded_refuses (tests.tools.test_managed_integration.NothingPublishesBehindARunningExecution.test_an_attempt_this_manager_never_recorded_refuses)
Absence of a record is not absence of a runtime. ... ok
test_an_unobserved_runtime_refuses (tests.tools.test_managed_integration.NothingPublishesBehindARunningExecution.test_an_unobserved_runtime_refuses) ... ok
test_a_measured_failure_cannot_publish (tests.tools.test_managed_integration.OnlyAMeasuredSuccessAuthorizesAPublication.test_a_measured_failure_cannot_publish) ... ok
test_a_report_collected_without_a_status_cannot_publish (tests.tools.test_managed_integration.OnlyAMeasuredSuccessAuthorizesAPublication.test_a_report_collected_without_a_status_cannot_publish) ... ok
test_a_sequence_that_stopped_partway_cannot_publish (tests.tools.test_managed_integration.OnlyAMeasuredSuccessAuthorizesAPublication.test_a_sequence_that_stopped_partway_cannot_publish)
A completed prefix with a zero status is not a passing run: the ... ok
test_no_collected_report_cannot_publish (tests.tools.test_managed_integration.OnlyAMeasuredSuccessAuthorizesAPublication.test_no_collected_report_cannot_publish) ... ok
test_a_tampered_entry_is_refused_by_the_queues_own_proof (tests.tools.test_managed_integration.TheEntryThisSettlesIsThisSubmissionsOwn.test_a_tampered_entry_is_refused_by_the_queues_own_proof)
AND THE QUEUE GETS THERE FIRST, which is the right owner. ... ok
test_content_for_one_submission_cannot_settle_another_entry (tests.tools.test_managed_integration.TheEntryThisSettlesIsThisSubmissionsOwn.test_content_for_one_submission_cannot_settle_another_entry) ... ok
test_each_admitted_identity_is_compared_by_name (tests.tools.test_managed_integration.TheEntryThisSettlesIsThisSubmissionsOwn.test_each_admitted_identity_is_compared_by_name)
One member at a time, so none hides behind another's failure. ... ok
test_a_lease_this_node_does_not_hold_refuses (tests.tools.test_managed_integration.TheGrantAndTheContentAreProvedBeforeAnyWrite.test_a_lease_this_node_does_not_hold_refuses) ... ok
test_a_node_with_no_target_repository_refuses (tests.tools.test_managed_integration.TheGrantAndTheContentAreProvedBeforeAnyWrite.test_a_node_with_no_target_repository_refuses) ... ok
test_a_phase_this_result_does_not_retain_refuses (tests.tools.test_managed_integration.TheGrantAndTheContentAreProvedBeforeAnyWrite.test_a_phase_this_result_does_not_retain_refuses) ... ok
test_a_placement_without_a_materializer_is_refused_at_composition (tests.tools.test_managed_integration.TheGrantAndTheContentAreProvedBeforeAnyWrite.test_a_placement_without_a_materializer_is_refused_at_composition)
A location operand would be the worker choosing where the bytes ... ok
test_a_stale_fence_refuses_before_the_swap (tests.tools.test_managed_integration.TheGrantAndTheContentAreProvedBeforeAnyWrite.test_a_stale_fence_refuses_before_the_swap) ... ok
test_content_this_node_does_not_hold_refuses (tests.tools.test_managed_integration.TheGrantAndTheContentAreProvedBeforeAnyWrite.test_content_this_node_does_not_hold_refuses)
A publication imports bytes this node actually has. The grant has ... ok
test_a_grant_lost_while_content_resolves_stops_the_swap (tests.tools.test_managed_integration.TheGrantIsProvedAtTheMutationBoundary.test_a_grant_lost_while_content_resolves_stops_the_swap) ... ok
test_a_collected_apply_reaches_the_target (tests.tools.test_managed_integration.ThePublicationIsTheTargetNodesAct.test_a_collected_apply_reaches_the_target)
THE POSITIVE, and it names everything it rested on. ... ok
test_a_result_for_another_target_is_refused (tests.tools.test_managed_integration.ThePublicationIsTheTargetNodesAct.test_a_result_for_another_target_is_refused) ... ok
test_a_result_reconciled_against_another_revision_is_refused (tests.tools.test_managed_integration.ThePublicationIsTheTargetNodesAct.test_a_result_reconciled_against_another_revision_is_refused) ... ok
test_the_swap_is_against_the_admitted_revision (tests.tools.test_managed_integration.ThePublicationIsTheTargetNodesAct.test_the_swap_is_against_the_admitted_revision)
NOT against whatever the reference says now. Those are the same ... ok
test_a_deleted_effect_act_refuses (tests.tools.test_managed_integration.ThePublicationRowIsNotAnAccountWithoutItsActs.test_a_deleted_effect_act_refuses) ... ok
test_a_deleted_intent_act_refuses (tests.tools.test_managed_integration.ThePublicationRowIsNotAnAccountWithoutItsActs.test_a_deleted_intent_act_refuses) ... ok
test_a_row_whose_state_is_behind_its_journal_is_refused (tests.tools.test_managed_integration.ThePublicationRowIsNotAnAccountWithoutItsActs.test_a_row_whose_state_is_behind_its_journal_is_refused) ... ok
test_a_state_nobody_journalled_is_refused_on_read_and_on_replay (tests.tools.test_managed_integration.ThePublicationRowIsNotAnAccountWithoutItsActs.test_a_state_nobody_journalled_is_refused_on_read_and_on_replay) ... ok
test_an_edited_operand_no_longer_names_its_own_act (tests.tools.test_managed_integration.ThePublicationRowIsNotAnAccountWithoutItsActs.test_an_edited_operand_no_longer_names_its_own_act) ... ok
test_a_foreign_runtime_identity_refuses (tests.tools.test_managed_integration.TheTrustedOwnersAreBothRequired.test_a_foreign_runtime_identity_refuses)
The owner's answer and this manager's row must name ONE runtime. ... ok
test_a_negative_exclusion_refuses (tests.tools.test_managed_integration.TheTrustedOwnersAreBothRequired.test_a_negative_exclusion_refuses)
A forged stopped report is not an exclusion: the owner says so. ... ok
test_a_placement_missing_either_owner_is_refused_at_composition (tests.tools.test_managed_integration.TheTrustedOwnersAreBothRequired.test_a_placement_missing_either_owner_is_refused_at_composition) ... ok
test_a_start_operation_this_manager_never_committed_refuses (tests.tools.test_managed_integration.TheTrustedOwnersAreBothRequired.test_a_start_operation_this_manager_never_committed_refuses)
A runtime identity with no start behind it is a runtime nobody in ... ok
test_an_attempt_with_no_attached_runtime_refuses (tests.tools.test_managed_integration.TheTrustedOwnersAreBothRequired.test_an_attempt_with_no_attached_runtime_refuses)
The shape a publication follows is a runtime that EXISTED. An ... ok
test_an_authorization_for_another_result_refuses (tests.tools.test_managed_integration.TheTrustedOwnersAreBothRequired.test_an_authorization_for_another_result_refuses) ... ok
test_an_authorization_for_other_content_refuses (tests.tools.test_managed_integration.TheTrustedOwnersAreBothRequired.test_an_authorization_for_other_content_refuses) ... ok
test_an_exclusion_about_another_phase_refuses (tests.tools.test_managed_integration.TheTrustedOwnersAreBothRequired.test_an_exclusion_about_another_phase_refuses) ... ok
test_an_unapproved_candidate_refuses (tests.tools.test_managed_integration.TheTrustedOwnersAreBothRequired.test_an_unapproved_candidate_refuses)
A measured worker report says the harness passed. It does not say ... ok
test_an_unavailable_authorization_owner_refuses (tests.tools.test_managed_integration.TheTrustedOwnersAreBothRequired.test_an_unavailable_authorization_owner_refuses) ... ok
test_an_unavailable_execution_owner_refuses (tests.tools.test_managed_integration.TheTrustedOwnersAreBothRequired.test_an_unavailable_execution_owner_refuses) ... ok
test_the_positive_binds_every_required_fact (tests.tools.test_managed_integration.TheTrustedOwnersAreBothRequired.test_the_positive_binds_every_required_fact) ... ok
test_a_settlement_of_the_wrong_variant_refuses (tests.tools.test_managed_integration.TheWholeRequestIsOwnedBeforeAnyEffect.test_a_settlement_of_the_wrong_variant_refuses) ... ok
test_a_settlement_whose_members_are_wrong_refuses (tests.tools.test_managed_integration.TheWholeRequestIsOwnedBeforeAnyEffect.test_a_settlement_whose_members_are_wrong_refuses) ... ok
test_an_empty_settlement_refuses_with_the_target_unchanged (tests.tools.test_managed_integration.TheWholeRequestIsOwnedBeforeAnyEffect.test_an_empty_settlement_refuses_with_the_target_unchanged) ... ok
test_fresh_applied_receipt_settles_after_target_drift_before_reply (__main__.Observations.test_fresh_applied_receipt_settles_after_target_drift_before_reply) ... ok
test_grant_released_during_final_target_read_still_applies (__main__.Observations.test_grant_released_during_final_target_read_still_applies) ... ok

----------------------------------------------------------------------
Ran 62 tests in 1.628s

OK
