test_failed_phase_is_separate_from_not_run_suffix (__main__.RequiredContracts.test_failed_phase_is_separate_from_not_run_suffix) ... ok
test_measure_refuses_symlink_entry (__main__.RequiredContracts.test_measure_refuses_symlink_entry) ... ok
test_missing_request_identity_refuses_in_both (__main__.RequiredContracts.test_missing_request_identity_refuses_in_both) ... ok
test_no_follow_measure_rejects_symlink_root (__main__.RequiredContracts.test_no_follow_measure_rejects_symlink_root) ... FAIL
test_no_follow_request_rejects_symlink_root (__main__.RequiredContracts.test_no_follow_request_rejects_symlink_root) ... FAIL
test_resolved_limits_agree_with_manager (__main__.RequiredContracts.test_resolved_limits_agree_with_manager) ... 
  test_resolved_limits_agree_with_manager (__main__.RequiredContracts.test_resolved_limits_agree_with_manager) (change='units') ... FAIL
  test_resolved_limits_agree_with_manager (__main__.RequiredContracts.test_resolved_limits_agree_with_manager) (change='generation') ... FAIL
  test_resolved_limits_agree_with_manager (__main__.RequiredContracts.test_resolved_limits_agree_with_manager) (change='seconds') ... FAIL

======================================================================
FAIL: test_no_follow_measure_rejects_symlink_root (__main__.RequiredContracts.test_no_follow_measure_rejects_symlink_root)
----------------------------------------------------------------------
Traceback (most recent call last):
  File "/home/sl/src/baton/work/records/2026/09/finding-v12-managed-integration-execution/probe-166235.py", line 67, in test_no_follow_measure_rejects_symlink_root
    with self.assertRaises(task.PreparationRefusal):
         ~~~~~~~~~~~~~~~~~^^^^^^^^^^^^^^^^^^^^^^^^^
AssertionError: PreparationRefusal not raised

======================================================================
FAIL: test_no_follow_request_rejects_symlink_root (__main__.RequiredContracts.test_no_follow_request_rejects_symlink_root)
----------------------------------------------------------------------
Traceback (most recent call last):
  File "/home/sl/src/baton/work/records/2026/09/finding-v12-managed-integration-execution/probe-166235.py", line 57, in test_no_follow_request_rejects_symlink_root
    with self.assertRaises(task.PreparationRefusal):
         ~~~~~~~~~~~~~~~~~^^^^^^^^^^^^^^^^^^^^^^^^^
AssertionError: PreparationRefusal not raised

======================================================================
FAIL: test_resolved_limits_agree_with_manager (__main__.RequiredContracts.test_resolved_limits_agree_with_manager) (change='units')
----------------------------------------------------------------------
Traceback (most recent call last):
  File "/home/sl/src/baton/work/records/2026/09/finding-v12-managed-integration-execution/probe-166235.py", line 40, in test_resolved_limits_agree_with_manager
    with self.assertRaises(task.PreparationRefusal):
         ~~~~~~~~~~~~~~~~~^^^^^^^^^^^^^^^^^^^^^^^^^
AssertionError: PreparationRefusal not raised

======================================================================
FAIL: test_resolved_limits_agree_with_manager (__main__.RequiredContracts.test_resolved_limits_agree_with_manager) (change='generation')
----------------------------------------------------------------------
Traceback (most recent call last):
  File "/home/sl/src/baton/work/records/2026/09/finding-v12-managed-integration-execution/probe-166235.py", line 40, in test_resolved_limits_agree_with_manager
    with self.assertRaises(task.PreparationRefusal):
         ~~~~~~~~~~~~~~~~~^^^^^^^^^^^^^^^^^^^^^^^^^
AssertionError: PreparationRefusal not raised

======================================================================
FAIL: test_resolved_limits_agree_with_manager (__main__.RequiredContracts.test_resolved_limits_agree_with_manager) (change='seconds')
----------------------------------------------------------------------
Traceback (most recent call last):
  File "/home/sl/src/baton/work/records/2026/09/finding-v12-managed-integration-execution/probe-166235.py", line 40, in test_resolved_limits_agree_with_manager
    with self.assertRaises(task.PreparationRefusal):
         ~~~~~~~~~~~~~~~~~^^^^^^^^^^^^^^^^^^^^^^^^^
AssertionError: PreparationRefusal not raised

----------------------------------------------------------------------
Ran 6 tests in 0.002s

FAILED (failures=5)
