test_absent_authority_record_cannot_prove_the_named_cancellation (__main__.EvidenceAndRaceReview.test_absent_authority_record_cannot_prove_the_named_cancellation) ... FAIL
test_committed_start_delayed_at_adapter_refuses_without_row_edits (__main__.EvidenceAndRaceReview.test_committed_start_delayed_at_adapter_refuses_without_row_edits) ... ERROR
test_foreign_committed_intent_cannot_prove_this_attempt (__main__.EvidenceAndRaceReview.test_foreign_committed_intent_cannot_prove_this_attempt) ... ERROR
test_stale_start_pre_read_loses_to_cancellation_axis (__main__.EvidenceAndRaceReview.test_stale_start_pre_read_loses_to_cancellation_axis) ... ok

======================================================================
ERROR: test_committed_start_delayed_at_adapter_refuses_without_row_edits (__main__.EvidenceAndRaceReview.test_committed_start_delayed_at_adapter_refuses_without_row_edits)
----------------------------------------------------------------------
Traceback (most recent call last):
  File "/home/sl/src/baton/work/records/2026/09/finding-v12-managed-integration-execution/probe-161686.py", line 77, in test_committed_start_delayed_at_adapter_refuses_without_row_edits
    owner.request_runtime_start(self.store, adapter, attempt_id=ATTEMPT)
    ~~~~~~~~~~~~~~~~~~~~~~~~~~~^^^^^^^^^^^^^^^^^^^^^^^^^^^^^^^^^^^^^^^^^
  File "/home/sl/src/baton/v12/python/src/baton_v12/worker_manager/attempts.py", line 1559, in request_runtime_start
    return reconcile_runtime(store, adapter, attempt_id=attempt_id,
                             minted=started["runtime_id"],
                             minted_labels=started["labels"])
  File "/home/sl/src/baton/v12/python/src/baton_v12/worker_manager/attempts.py", line 2276, in reconcile_runtime
    return _reconciled(store, attempt_id, plan)
  File "/home/sl/src/baton/v12/python/src/baton_v12/worker_manager/attempts.py", line 2414, in _reconciled
    return _settled(store, _require_attempt(store, attempt_id),
                    plan["runtime_id"], plan["observed"], plan["why"],
                    within=within)
  File "/home/sl/src/baton/v12/python/src/baton_v12/worker_manager/attempts.py", line 2467, in _settled
    attached = _attach(store, attempt, runtime_id, value,
                       why if inconclusive else None, within=within)
  File "/home/sl/src/baton/v12/python/src/baton_v12/worker_manager/attempts.py", line 2687, in _attach
    answer = store.transact(
        f"attempt.attach:{attempt_id}:{runtime_id}", "attempt.attach",
        manager_signature("attempt.attach",
                          {"attempt_id": attempt_id,
                           "runtime_id": runtime_id}), act)
  File "/home/sl/src/baton/v12/python/src/baton_v12/worker_manager/store.py", line 603, in transact
    result = action(connection)
  File "/home/sl/src/baton/v12/python/src/baton_v12/worker_manager/attempts.py", line 2666, in act
    observe(store, attempt_id=attempt_id, axis="execution_runtime",
    ~~~~~~~^^^^^^^^^^^^^^^^^^^^^^^^^^^^^^^^^^^^^^^^^^^^^^^^^^^^^^^^
            value=value)
            ^^^^^^^^^^^^
  File "/home/sl/src/baton/v12/python/src/baton_v12/worker_manager/attempts.py", line 986, in observe
    answer = _decide(store, attempt_id, axis, value, moves, incarnation,
                     source_seq, source)
  File "/home/sl/src/baton/v12/python/src/baton_v12/worker_manager/attempts.py", line 1118, in _decide
    raise ContractRefusal(
    ...<2 lines>...
        f"not follow it")
baton_v12.contracts.errors.ContractRefusal: execution_runtime is 'cancel-requested'; 'running' does not follow it

======================================================================
ERROR: test_foreign_committed_intent_cannot_prove_this_attempt (__main__.EvidenceAndRaceReview.test_foreign_committed_intent_cannot_prove_this_attempt)
----------------------------------------------------------------------
Traceback (most recent call last):
  File "/home/sl/src/baton/work/records/2026/09/finding-v12-managed-integration-execution/probe-161686.py", line 36, in test_foreign_committed_intent_cannot_prove_this_attempt
    self.store.transact(operation_id, "attempt.cancel", "foreign-signature",
    ~~~~~~~~~~~~~~~~~~~^^^^^^^^^^^^^^^^^^^^^^^^^^^^^^^^^^^^^^^^^^^^^^^^^^^^^
                        lambda connection: documents.cancel_intent(
                        ^^^^^^^^^^^^^^^^^^^^^^^^^^^^^^^^^^^^^^^^^^^
                            attempt_id="foreign-attempt", assignment=foreign,
                            ^^^^^^^^^^^^^^^^^^^^^^^^^^^^^^^^^^^^^^^^^^^^^^^^^
                            authority_operation_id="foreign-operation", reason=None))
                            ^^^^^^^^^^^^^^^^^^^^^^^^^^^^^^^^^^^^^^^^^^^^^^^^^^^^^^^^^
  File "/home/sl/src/baton/v12/python/src/baton_v12/worker_manager/store.py", line 587, in transact
    self._agreeing(kind, signature)
    ~~~~~~~~~~~~~~^^^^^^^^^^^^^^^^^
  File "/home/sl/src/baton/v12/python/src/baton_v12/worker_manager/store.py", line 704, in _agreeing
    raise ContractRefusal(
    ...<2 lines>...
        "builds from a kind and its operands") from None
baton_v12.contracts.errors.ContractRefusal: an operation signature is the canonical text this manager builds from a kind and its operands

======================================================================
FAIL: test_absent_authority_record_cannot_prove_the_named_cancellation (__main__.EvidenceAndRaceReview.test_absent_authority_record_cannot_prove_the_named_cancellation)
----------------------------------------------------------------------
Traceback (most recent call last):
  File "/home/sl/src/baton/work/records/2026/09/finding-v12-managed-integration-execution/probe-161686.py", line 28, in test_absent_authority_record_cannot_prove_the_named_cancellation
    with self.assertRaises(ContractRefusal):
         ~~~~~~~~~~~~~~~~~^^^^^^^^^^^^^^^^^
AssertionError: ContractRefusal not raised

----------------------------------------------------------------------
Ran 4 tests in 0.020s

FAILED (failures=1, errors=2)
