test_a_selected_deployment_composes_and_engages_the_wrapper (tests.tools.test_managed_preparation.ASelectedDeploymentComposesTheManagedPath.test_a_selected_deployment_composes_and_engages_the_wrapper)
THE SELECTED PATH, COMPOSED FOR REAL. ... ok
test_an_unselected_deployment_composes_the_ordinary_path (tests.tools.test_managed_preparation.ASelectedDeploymentComposesTheManagedPath.test_an_unselected_deployment_composes_the_ordinary_path)
The same composition without the selection carries no preparation, ... ok
test_the_resolver_holds_this_deployments_own_apply_material (tests.tools.test_managed_preparation.ASelectedDeploymentComposesTheManagedPath.test_the_resolver_holds_this_deployments_own_apply_material)
The apply digest measures the INTEGRATION worker's configured ... ok
test_existing_git_fixture_passes_that_boundary_with_selection_enabled (__main__.FixtureBoundary.test_existing_git_fixture_passes_that_boundary_with_selection_enabled) ... OBSERVED existing Git-backed fixture with managed selection: {'implementation': 'waiting', 'review': 'blocked', 'integration': 'blocked'}; one simulated worker start; no worker workload executed
ok
test_plain_source_fixture_reproduces_the_reported_refusal (__main__.FixtureBoundary.test_plain_source_fixture_reproduces_the_reported_refusal) ... FAIL

======================================================================
FAIL: test_plain_source_fixture_reproduces_the_reported_refusal (__main__.FixtureBoundary.test_plain_source_fixture_reproduces_the_reported_refusal)
----------------------------------------------------------------------
Traceback (most recent call last):
  File "/home/sl/src/baton/work/records/2026/09/finding-v12-managed-integration-execution/probe-fixture-169861.py", line 30, in test_plain_source_fixture_reproduces_the_reported_refusal
    with self.assertRaises(ProfileRefusal) as caught:
         ~~~~~~~~~~~~~~~~~^^^^^^^^^^^^^^^^
AssertionError: ProfileRefusal not raised

----------------------------------------------------------------------
Ran 5 tests in 0.211s

FAILED (failures=1)
