test_managed_preparation (unittest.loader._FailedTest.test_managed_preparation) ... ERROR
test_managed_preparation (unittest.loader._FailedTest.test_managed_preparation) ... ERROR

======================================================================
ERROR: test_managed_preparation (unittest.loader._FailedTest.test_managed_preparation)
----------------------------------------------------------------------
ImportError: Failed to import test module: test_managed_preparation
Traceback (most recent call last):
  File "/usr/lib/python3.13/unittest/loader.py", line 137, in loadTestsFromName
    module = __import__(module_name)
  File "/home/sl/src/baton/v12/python/tests/tools/test_managed_preparation.py", line 29, in <module>
    import integration_bundle as bundle                       # noqa: E402
    ^^^^^^^^^^^^^^^^^^^^^^^^^^^^^^^^^^^
ModuleNotFoundError: No module named 'integration_bundle'


======================================================================
ERROR: test_managed_preparation (unittest.loader._FailedTest.test_managed_preparation)
----------------------------------------------------------------------
ImportError: Failed to import test module: test_managed_preparation
Traceback (most recent call last):
  File "/usr/lib/python3.13/unittest/loader.py", line 137, in loadTestsFromName
    module = __import__(module_name)
  File "/home/sl/src/baton/v12/python/tests/tools/test_managed_preparation.py", line 29, in <module>
    import integration_bundle as bundle                       # noqa: E402
    ^^^^^^^^^^^^^^^^^^^^^^^^^^^^^^^^^^^
ModuleNotFoundError: No module named 'integration_bundle'


----------------------------------------------------------------------
Ran 2 tests in 0.000s

FAILED (errors=2)
