test_failed_phase_is_separate_from_not_run_suffix (__main__.RequiredContracts.test_failed_phase_is_separate_from_not_run_suffix) ... ok
test_leader_exit_does_not_prove_process_group_ended (__main__.RequiredContracts.test_leader_exit_does_not_prove_process_group_ended) ... FAIL
test_measure_refuses_symlink_entry (__main__.RequiredContracts.test_measure_refuses_symlink_entry) ... ok
test_missing_request_identity_refuses_in_both (__main__.RequiredContracts.test_missing_request_identity_refuses_in_both) ... ok
test_no_follow_measure_rejects_symlink_root (__main__.RequiredContracts.test_no_follow_measure_rejects_symlink_root) ... ok
test_no_follow_request_rejects_symlink_root (__main__.RequiredContracts.test_no_follow_request_rejects_symlink_root) ... ok
test_resolved_limits_agree_with_manager (__main__.RequiredContracts.test_resolved_limits_agree_with_manager) ... 
  test_resolved_limits_agree_with_manager (__main__.RequiredContracts.test_resolved_limits_agree_with_manager) (change='generation') ... FAIL

======================================================================
FAIL: test_leader_exit_does_not_prove_process_group_ended (__main__.RequiredContracts.test_leader_exit_does_not_prove_process_group_ended)
----------------------------------------------------------------------
Traceback (most recent call last):
  File "/home/sl/src/baton/work/records/2026/09/finding-v12-managed-integration-execution/probe-166368.py", line 93, in test_leader_exit_does_not_prove_process_group_ended
    with self.assertRaises(task.PreparationRefusal):
         ~~~~~~~~~~~~~~~~~^^^^^^^^^^^^^^^^^^^^^^^^^
AssertionError: PreparationRefusal not raised

======================================================================
FAIL: test_resolved_limits_agree_with_manager (__main__.RequiredContracts.test_resolved_limits_agree_with_manager) (change='generation')
----------------------------------------------------------------------
Traceback (most recent call last):
  File "/home/sl/src/baton/work/records/2026/09/finding-v12-managed-integration-execution/probe-166368.py", line 40, in test_resolved_limits_agree_with_manager
    with self.assertRaises(task.PreparationRefusal):
         ~~~~~~~~~~~~~~~~~^^^^^^^^^^^^^^^^^^^^^^^^^
AssertionError: PreparationRefusal not raised

----------------------------------------------------------------------
Ran 7 tests in 0.002s

FAILED (failures=2)
