test_managed_integration_capacity (unittest.loader._FailedTest.test_managed_integration_capacity) ... ERROR
test_managed_integration_capacity (unittest.loader._FailedTest.test_managed_integration_capacity) ... ERROR

======================================================================
ERROR: test_managed_integration_capacity (unittest.loader._FailedTest.test_managed_integration_capacity)
----------------------------------------------------------------------
ImportError: Failed to import test module: test_managed_integration_capacity
Traceback (most recent call last):
  File "/usr/lib/python3.13/unittest/loader.py", line 137, in loadTestsFromName
    module = __import__(module_name)
  File "/home/sl/src/baton/v12/python/tests/job_manager/test_managed_integration_capacity.py", line 25, in <module>
    from baton_v12.contracts import digest
ModuleNotFoundError: No module named 'baton_v12'


======================================================================
ERROR: test_managed_integration_capacity (unittest.loader._FailedTest.test_managed_integration_capacity)
----------------------------------------------------------------------
ImportError: Failed to import test module: test_managed_integration_capacity
Traceback (most recent call last):
  File "/usr/lib/python3.13/unittest/loader.py", line 137, in loadTestsFromName
    module = __import__(module_name)
  File "/home/sl/src/baton/v12/python/tests/job_manager/test_managed_integration_capacity.py", line 25, in <module>
    from baton_v12.contracts import digest
ModuleNotFoundError: No module named 'baton_v12'


----------------------------------------------------------------------
Ran 2 tests in 0.000s

FAILED (errors=2)
