test_a_completed_retry_refuses_an_unrelated_lease_or_fence (tests.tools.test_managed_integration.APublicationKeepsItsOwnDurableAccount.test_a_completed_retry_refuses_an_unrelated_lease_or_fence) ... ok
test_a_foreign_move_to_our_own_revision_is_not_our_swap (tests.tools.test_managed_integration.APublicationKeepsItsOwnDurableAccount.test_a_foreign_move_to_our_own_revision_is_not_our_swap)
THE CASE THE PREVIOUS FORM COULD NOT DISTINGUISH. Nothing of ours ... ok
test_a_positive_exclusion_still_meets_the_targets_real_state (tests.tools.test_managed_integration.APublicationKeepsItsOwnDurableAccount.test_a_positive_exclusion_still_meets_the_targets_real_state)
`not-applied` is a POSITIVE exclusion of a delayed effect, which is ... ok
test_a_recorded_swap_is_never_performed_twice (tests.tools.test_managed_integration.APublicationKeepsItsOwnDurableAccount.test_a_recorded_swap_is_never_performed_twice)
Interrupted after the swap was RECORDED and before the settlement, ... ok
test_a_retry_after_later_movement_returns_its_own_revision (tests.tools.test_managed_integration.APublicationKeepsItsOwnDurableAccount.test_a_retry_after_later_movement_returns_its_own_revision)
NOT the foreign one standing there now. ... ok
test_an_answer_about_another_publication_is_refused (tests.tools.test_managed_integration.APublicationKeepsItsOwnDurableAccount.test_an_answer_about_another_publication_is_refused) ... ok
test_an_applied_answer_without_a_receipt_is_refused (tests.tools.test_managed_integration.APublicationKeepsItsOwnDurableAccount.test_an_applied_answer_without_a_receipt_is_refused)
A receipt accounts for an effect that happened, and it is the only ... ok
test_an_interrupted_effect_is_resolved_by_its_receipt (tests.tools.test_managed_integration.APublicationKeepsItsOwnDurableAccount.test_an_interrupted_effect_is_resolved_by_its_receipt)
A crash between the effect and its marker is answerable BECAUSE the ... ok
test_an_owner_that_cannot_say_leaves_it_uncertain (tests.tools.test_managed_integration.APublicationKeepsItsOwnDurableAccount.test_an_owner_that_cannot_say_leaves_it_uncertain)
`unknown` is one of the three answers, and this interface keeps it ... ok
test_an_unavailable_target_owner_leaves_it_uncertain (tests.tools.test_managed_integration.APublicationKeepsItsOwnDurableAccount.test_an_unavailable_target_owner_leaves_it_uncertain) ... ok
test_the_record_names_what_it_was_about (tests.tools.test_managed_integration.APublicationKeepsItsOwnDurableAccount.test_the_record_names_what_it_was_about) ... ok
test_a_foreign_revision_is_never_adopted_as_our_own (tests.tools.test_managed_integration.APublicationReplaysAndResumesItsOwnEffects.test_a_foreign_revision_is_never_adopted_as_our_own)
Merely finding the target somewhere other than the admitted ... ok
test_a_retry_under_a_different_settlement_refuses (tests.tools.test_managed_integration.APublicationReplaysAndResumesItsOwnEffects.test_a_retry_under_a_different_settlement_refuses) ... ok
test_an_exact_retry_replays_without_materializing_or_swapping (tests.tools.test_managed_integration.APublicationReplaysAndResumesItsOwnEffects.test_an_exact_retry_replays_without_materializing_or_swapping) ... ok
test_an_interrupted_publication_resumes_without_swapping_twice (tests.tools.test_managed_integration.APublicationReplaysAndResumesItsOwnEffects.test_an_interrupted_publication_resumes_without_swapping_twice)
The swap committed and the settlement did not. A resume finishes ... ok
test_a_grant_lost_before_a_fresh_apply_stops_it_too (tests.tools.test_managed_integration.ARecoveryIsNotACompletionCheck.test_a_grant_lost_before_a_fresh_apply_stops_it_too) ... ok
test_a_grant_lost_during_recovery_stops_the_apply (tests.tools.test_managed_integration.ARecoveryIsNotACompletionCheck.test_a_grant_lost_during_recovery_stops_the_apply)
[P1] A `recover` can change the world. The grant is proved after ... ok
test_a_receipt_for_content_the_target_no_longer_holds_refuses (tests.tools.test_managed_integration.ARecoveryIsNotACompletionCheck.test_a_receipt_for_content_the_target_no_longer_holds_refuses) ... ok
test_the_target_moving_during_recovery_is_caught (tests.tools.test_managed_integration.ARecoveryIsNotACompletionCheck.test_the_target_moving_during_recovery_is_caught)
The same window, with the movement happening inside the recovery ... ok
test_a_quiescent_runtime_is_not_a_stopped_one (tests.tools.test_managed_integration.NothingPublishesBehindARunningExecution.test_a_quiescent_runtime_is_not_a_stopped_one)
A runtime that stopped EXECUTING still exists. ... ok
test_an_attempt_this_manager_never_recorded_refuses (tests.tools.test_managed_integration.NothingPublishesBehindARunningExecution.test_an_attempt_this_manager_never_recorded_refuses)
Absence of a record is not absence of a runtime. ... ok
test_an_unobserved_runtime_refuses (tests.tools.test_managed_integration.NothingPublishesBehindARunningExecution.test_an_unobserved_runtime_refuses) ... ok
test_a_measured_failure_cannot_publish (tests.tools.test_managed_integration.OnlyAMeasuredSuccessAuthorizesAPublication.test_a_measured_failure_cannot_publish) ... ok
test_a_report_collected_without_a_status_cannot_publish (tests.tools.test_managed_integration.OnlyAMeasuredSuccessAuthorizesAPublication.test_a_report_collected_without_a_status_cannot_publish) ... ok
test_a_sequence_that_stopped_partway_cannot_publish (tests.tools.test_managed_integration.OnlyAMeasuredSuccessAuthorizesAPublication.test_a_sequence_that_stopped_partway_cannot_publish)
A completed prefix with a zero status is not a passing run: the ... ok
test_no_collected_report_cannot_publish (tests.tools.test_managed_integration.OnlyAMeasuredSuccessAuthorizesAPublication.test_no_collected_report_cannot_publish) ... ok
test_a_tampered_entry_is_refused_by_the_queues_own_proof (tests.tools.test_managed_integration.TheEntryThisSettlesIsThisSubmissionsOwn.test_a_tampered_entry_is_refused_by_the_queues_own_proof)
AND THE QUEUE GETS THERE FIRST, which is the right owner. ... ok
test_content_for_one_submission_cannot_settle_another_entry (tests.tools.test_managed_integration.TheEntryThisSettlesIsThisSubmissionsOwn.test_content_for_one_submission_cannot_settle_another_entry) ... ok
test_each_admitted_identity_is_compared_by_name (tests.tools.test_managed_integration.TheEntryThisSettlesIsThisSubmissionsOwn.test_each_admitted_identity_is_compared_by_name)
One member at a time, so none hides behind another's failure. ... ok
test_a_lease_this_node_does_not_hold_refuses (tests.tools.test_managed_integration.TheGrantAndTheContentAreProvedBeforeAnyWrite.test_a_lease_this_node_does_not_hold_refuses) ... ok
test_a_node_with_no_target_repository_refuses (tests.tools.test_managed_integration.TheGrantAndTheContentAreProvedBeforeAnyWrite.test_a_node_with_no_target_repository_refuses) ... ok
test_a_phase_this_result_does_not_retain_refuses (tests.tools.test_managed_integration.TheGrantAndTheContentAreProvedBeforeAnyWrite.test_a_phase_this_result_does_not_retain_refuses) ... ok
test_a_placement_without_a_materializer_is_refused_at_composition (tests.tools.test_managed_integration.TheGrantAndTheContentAreProvedBeforeAnyWrite.test_a_placement_without_a_materializer_is_refused_at_composition)
A location operand would be the worker choosing where the bytes ... ok
test_a_stale_fence_refuses_before_the_swap (tests.tools.test_managed_integration.TheGrantAndTheContentAreProvedBeforeAnyWrite.test_a_stale_fence_refuses_before_the_swap) ... ok
test_content_this_node_does_not_hold_refuses (tests.tools.test_managed_integration.TheGrantAndTheContentAreProvedBeforeAnyWrite.test_content_this_node_does_not_hold_refuses)
A publication imports bytes this node actually has. The grant has ... ok
test_a_grant_lost_while_content_resolves_stops_the_swap (tests.tools.test_managed_integration.TheGrantIsProvedAtTheMutationBoundary.test_a_grant_lost_while_content_resolves_stops_the_swap) ... ok
test_a_collected_apply_reaches_the_target (tests.tools.test_managed_integration.ThePublicationIsTheTargetNodesAct.test_a_collected_apply_reaches_the_target)
THE POSITIVE, and it names everything it rested on. ... ok
test_a_result_for_another_target_is_refused (tests.tools.test_managed_integration.ThePublicationIsTheTargetNodesAct.test_a_result_for_another_target_is_refused) ... ok
test_a_result_reconciled_against_another_revision_is_refused (tests.tools.test_managed_integration.ThePublicationIsTheTargetNodesAct.test_a_result_reconciled_against_another_revision_is_refused) ... ok
test_the_swap_is_against_the_admitted_revision (tests.tools.test_managed_integration.ThePublicationIsTheTargetNodesAct.test_the_swap_is_against_the_admitted_revision)
NOT against whatever the reference says now. Those are the same ... ok
test_a_deleted_effect_act_refuses (tests.tools.test_managed_integration.ThePublicationRowIsNotAnAccountWithoutItsActs.test_a_deleted_effect_act_refuses) ... ok
test_a_deleted_intent_act_refuses (tests.tools.test_managed_integration.ThePublicationRowIsNotAnAccountWithoutItsActs.test_a_deleted_intent_act_refuses) ... ok
test_a_row_whose_state_is_behind_its_journal_is_refused (tests.tools.test_managed_integration.ThePublicationRowIsNotAnAccountWithoutItsActs.test_a_row_whose_state_is_behind_its_journal_is_refused) ... ok
test_a_state_nobody_journalled_is_refused_on_read_and_on_replay (tests.tools.test_managed_integration.ThePublicationRowIsNotAnAccountWithoutItsActs.test_a_state_nobody_journalled_is_refused_on_read_and_on_replay) ... ok
test_an_edited_operand_no_longer_names_its_own_act (tests.tools.test_managed_integration.ThePublicationRowIsNotAnAccountWithoutItsActs.test_an_edited_operand_no_longer_names_its_own_act) ... ok
test_a_foreign_runtime_identity_refuses (tests.tools.test_managed_integration.TheTrustedOwnersAreBothRequired.test_a_foreign_runtime_identity_refuses)
The owner's answer and this manager's row must name ONE runtime. ... ok
test_a_negative_exclusion_refuses (tests.tools.test_managed_integration.TheTrustedOwnersAreBothRequired.test_a_negative_exclusion_refuses)
A forged stopped report is not an exclusion: the owner says so. ... ok
test_a_placement_missing_either_owner_is_refused_at_composition (tests.tools.test_managed_integration.TheTrustedOwnersAreBothRequired.test_a_placement_missing_either_owner_is_refused_at_composition) ... ok
test_a_start_operation_this_manager_never_committed_refuses (tests.tools.test_managed_integration.TheTrustedOwnersAreBothRequired.test_a_start_operation_this_manager_never_committed_refuses)
A runtime identity with no start behind it is a runtime nobody in ... ok
test_an_attempt_with_no_attached_runtime_refuses (tests.tools.test_managed_integration.TheTrustedOwnersAreBothRequired.test_an_attempt_with_no_attached_runtime_refuses)
The shape a publication follows is a runtime that EXISTED. An ... ok
test_an_authorization_for_another_result_refuses (tests.tools.test_managed_integration.TheTrustedOwnersAreBothRequired.test_an_authorization_for_another_result_refuses) ... ok
test_an_authorization_for_other_content_refuses (tests.tools.test_managed_integration.TheTrustedOwnersAreBothRequired.test_an_authorization_for_other_content_refuses) ... ok
test_an_exclusion_about_another_phase_refuses (tests.tools.test_managed_integration.TheTrustedOwnersAreBothRequired.test_an_exclusion_about_another_phase_refuses) ... ok
test_an_unapproved_candidate_refuses (tests.tools.test_managed_integration.TheTrustedOwnersAreBothRequired.test_an_unapproved_candidate_refuses)
A measured worker report says the harness passed. It does not say ... ok
test_an_unavailable_authorization_owner_refuses (tests.tools.test_managed_integration.TheTrustedOwnersAreBothRequired.test_an_unavailable_authorization_owner_refuses) ... ok
test_an_unavailable_execution_owner_refuses (tests.tools.test_managed_integration.TheTrustedOwnersAreBothRequired.test_an_unavailable_execution_owner_refuses) ... ok
test_the_positive_binds_every_required_fact (tests.tools.test_managed_integration.TheTrustedOwnersAreBothRequired.test_the_positive_binds_every_required_fact) ... ok
test_a_settlement_of_the_wrong_variant_refuses (tests.tools.test_managed_integration.TheWholeRequestIsOwnedBeforeAnyEffect.test_a_settlement_of_the_wrong_variant_refuses) ... ok
test_a_settlement_whose_members_are_wrong_refuses (tests.tools.test_managed_integration.TheWholeRequestIsOwnedBeforeAnyEffect.test_a_settlement_whose_members_are_wrong_refuses) ... ok
test_an_empty_settlement_refuses_with_the_target_unchanged (tests.tools.test_managed_integration.TheWholeRequestIsOwnedBeforeAnyEffect.test_an_empty_settlement_refuses_with_the_target_unchanged) ... ok
test_a_grant_released_during_the_final_target_read_stops_it (tests.tools.test_managed_integration.WhateverIsCheckedLastIsWhatIsTrue.test_a_grant_released_during_the_final_target_read_stops_it) ... ok
test_a_truthful_applied_reply_after_foreign_movement_refuses (tests.tools.test_managed_integration.WhateverIsCheckedLastIsWhatIsTrue.test_a_truthful_applied_reply_after_foreign_movement_refuses)
The owner really did apply, and by the time it answered somebody ... ok
test_the_completion_check_covers_the_recorded_swap_path_too (tests.tools.test_managed_integration.WhateverIsCheckedLastIsWhatIsTrue.test_the_completion_check_covers_the_recorded_swap_path_too)
One check, after every owner call and all effect bookkeeping, ... ok
test_a_grant_this_coordinator_does_not_hold_is_refused (tests.job_manager.test_managed_integration_capacity.TheApplyBringsItsGrantAndItsAuthorization.test_a_grant_this_coordinator_does_not_hold_is_refused) ... ok
test_a_preparation_carrying_a_grant_is_refused (tests.job_manager.test_managed_integration_capacity.TheApplyBringsItsGrantAndItsAuthorization.test_a_preparation_carrying_a_grant_is_refused)
A preparation writes no target, and capability it has no use for is ... ok
test_a_released_grant_refuses_the_admission (tests.job_manager.test_managed_integration_capacity.TheApplyBringsItsGrantAndItsAuthorization.test_a_released_grant_refuses_the_admission)
The grant is read at the moment of admission, not presented. ... ok
test_an_admission_under_another_grant_collides (tests.job_manager.test_managed_integration_capacity.TheApplyBringsItsGrantAndItsAuthorization.test_an_admission_under_another_grant_collides)
The grant rides the signature, so an admission under a different ... ok
test_an_apply_is_admitted_with_both (tests.job_manager.test_managed_integration_capacity.TheApplyBringsItsGrantAndItsAuthorization.test_an_apply_is_admitted_with_both) ... ok
test_an_apply_without_its_grant_is_refused (tests.job_manager.test_managed_integration_capacity.TheApplyBringsItsGrantAndItsAuthorization.test_an_apply_without_its_grant_is_refused) ... ok
test_an_authorization_about_other_content_is_refused (tests.job_manager.test_managed_integration_capacity.TheApplyBringsItsGrantAndItsAuthorization.test_an_authorization_about_other_content_is_refused) ... ok
test_an_unapproved_candidate_is_refused (tests.job_manager.test_managed_integration_capacity.TheApplyBringsItsGrantAndItsAuthorization.test_an_unapproved_candidate_is_refused) ... ok
test_an_unavailable_authorization_owner_is_refused (tests.job_manager.test_managed_integration_capacity.TheApplyBringsItsGrantAndItsAuthorization.test_an_unavailable_authorization_owner_is_refused) ... ok
test_a_completed_parent_does_not_release_a_live_execution (tests.job_manager.test_managed_integration_capacity.TheCompletionBranchDoesNotSpeakForTheExecutions.test_a_completed_parent_does_not_release_a_live_execution)
THE NAMED BRANCH, with a preparation still admitted under it. The ... ok
test_the_release_still_claims_nothing_about_cleanup (tests.job_manager.test_managed_integration_capacity.TheCompletionBranchDoesNotSpeakForTheExecutions.test_the_release_still_claims_nothing_about_cleanup)
LOGICAL CAPACITY AND NOTHING ELSE, unchanged by this Work: the ... ok
test_the_same_branch_releases_once_after_every_member_ended (tests.job_manager.test_managed_integration_capacity.TheCompletionBranchDoesNotSpeakForTheExecutions.test_the_same_branch_releases_once_after_every_member_ended) ... ok
test_a_cancelled_execution_ends_on_the_authoritys_own_fence (tests.job_manager.test_managed_integration_capacity.TheEndingTakesEvidenceItsOwnerResolved.test_a_cancelled_execution_ends_on_the_authoritys_own_fence) ... ok
test_a_cancelled_plan_is_never_settled_as_an_execution (tests.job_manager.test_managed_integration_capacity.TheEndingTakesEvidenceItsOwnerResolved.test_a_cancelled_plan_is_never_settled_as_an_execution)
[P2] `cancelled` fell through both guards and was UPDATED to ... ok
test_a_destroyed_runtime_ends_on_the_observed_axis (tests.job_manager.test_managed_integration_capacity.TheEndingTakesEvidenceItsOwnerResolved.test_a_destroyed_runtime_ends_on_the_observed_axis) ... ok
test_a_failed_execution_records_no_collected_content (tests.job_manager.test_managed_integration_capacity.TheEndingTakesEvidenceItsOwnerResolved.test_a_failed_execution_records_no_collected_content)
A failed execution contributes nothing an apply may import, whatever ... ok
test_a_fence_is_not_a_result (tests.job_manager.test_managed_integration_capacity.TheEndingTakesEvidenceItsOwnerResolved.test_a_fence_is_not_a_result)
`succeeded` on a proof that it never started is a contradiction: ... ok
test_a_fence_without_a_session_refuses_rather_than_assumes (tests.job_manager.test_managed_integration_capacity.TheEndingTakesEvidenceItsOwnerResolved.test_a_fence_without_a_session_refuses_rather_than_assumes) ... ok
test_a_quiescent_runtime_is_not_a_destroyed_one (tests.job_manager.test_managed_integration_capacity.TheEndingTakesEvidenceItsOwnerResolved.test_a_quiescent_runtime_is_not_a_destroyed_one)
A runtime that stopped executing STILL EXISTS. Reading `quiescent` ... ok
test_a_report_at_another_disposition_collected_no_content (tests.job_manager.test_managed_integration_capacity.TheEndingTakesEvidenceItsOwnerResolved.test_a_report_at_another_disposition_collected_no_content)
The THIRD answer, kept apart from the other two: a report WAS ... ok
test_a_running_execution_cannot_be_ended_by_saying_so (tests.job_manager.test_managed_integration_capacity.TheEndingTakesEvidenceItsOwnerResolved.test_a_running_execution_cannot_be_ended_by_saying_so)
THE DEFECT ITSELF. The old form took the sentence and excluded the ... ok
test_an_unfenced_cancellation_does_not_end_anything (tests.job_manager.test_managed_integration_capacity.TheEndingTakesEvidenceItsOwnerResolved.test_an_unfenced_cancellation_does_not_end_anything)
The Authority's fence is ITS act. A cancellation this manager ... ok
test_an_unknown_exclusion_name_is_refused (tests.job_manager.test_managed_integration_capacity.TheEndingTakesEvidenceItsOwnerResolved.test_an_unknown_exclusion_name_is_refused) ... ok
test_no_collected_report_is_its_own_answer (tests.job_manager.test_managed_integration_capacity.TheEndingTakesEvidenceItsOwnerResolved.test_no_collected_report_is_its_own_answer)
[P1] Review 2026-09-13T18:02:07Z reproduced the defect exactly: a ... ok
test_an_offer_missing_a_compared_member_is_refused (tests.job_manager.test_managed_integration_capacity.TheOfferIdentityIsComplete.test_an_offer_missing_a_compared_member_is_refused)
Absence is not agreement: a member that is not there compares equal ... ok
test_an_offer_pointed_at_another_attempt_stops_being_this_ones (tests.job_manager.test_managed_integration_capacity.TheOfferIdentityIsComplete.test_an_offer_pointed_at_another_attempt_stops_being_this_ones)
MEASURED, step 42: I wrote a comparison that cannot fail. ... ok
test_an_offer_settled_for_another_participant_is_refused (tests.job_manager.test_managed_integration_capacity.TheOfferIdentityIsComplete.test_an_offer_settled_for_another_participant_is_refused) ... ok
test_an_offer_settled_under_another_authority_is_refused (tests.job_manager.test_managed_integration_capacity.TheOfferIdentityIsComplete.test_an_offer_settled_under_another_authority_is_refused) ... ok
test_a_record_signed_as_another_kind_is_refused (tests.job_manager.test_managed_integration_capacity.ThePersistedEvidenceIsOwnedEndToEnd.test_a_record_signed_as_another_kind_is_refused)
The row's `kind` column and the signature's are two accounts of one ... ok
test_a_record_signed_over_another_attempt_is_refused (tests.job_manager.test_managed_integration_capacity.ThePersistedEvidenceIsOwnedEndToEnd.test_a_record_signed_over_another_attempt_is_refused) ... ok
test_a_refused_record_configured_nothing (tests.job_manager.test_managed_integration_capacity.ThePersistedEvidenceIsOwnedEndToEnd.test_a_refused_record_configured_nothing)
MEASURED, step 42: `operations.state` is CHECKed to `committed` or ... ok
test_a_result_describing_another_attempt_is_refused (tests.job_manager.test_managed_integration_capacity.ThePersistedEvidenceIsOwnedEndToEnd.test_a_result_describing_another_attempt_is_refused)
The result is what a REPLAY hands back. A row whose two halves ... ok
test_operands_carrying_a_member_this_build_does_not_know (tests.job_manager.test_managed_integration_capacity.ThePersistedEvidenceIsOwnedEndToEnd.test_operands_carrying_a_member_this_build_does_not_know)
A closed contract that accepts extra members is not closed. ... ok
test_the_recorded_attempt_may_disagree_alone (tests.job_manager.test_managed_integration_capacity.ThePersistedEvidenceIsOwnedEndToEnd.test_the_recorded_attempt_may_disagree_alone)
THE THIRD ACCOUNT, on its own. The two refusals added last claim ... ok
test_a_failed_execution_ends_without_becoming_a_success (tests.job_manager.test_managed_integration_capacity.ThePhasesAreSerial.test_a_failed_execution_ends_without_becoming_a_success)
`failed` is an ENDING like `succeeded` is. The outcome says what the ... ok
test_a_plan_naming_an_offer_nobody_issued_is_refused (tests.job_manager.test_managed_integration_capacity.ThePhasesAreSerial.test_a_plan_naming_an_offer_nobody_issued_is_refused)
[P1] The offer the claim SETTLED is the offer that was planned. ... ok
test_a_plan_whose_digests_disagree_with_the_claim_is_refused (tests.job_manager.test_managed_integration_capacity.ThePhasesAreSerial.test_a_plan_whose_digests_disagree_with_the_claim_is_refused)
[P1] The plan says what the phase was meant to run, the offer says ... ok
test_a_preparation_wearing_the_parents_identity_is_refused (tests.job_manager.test_managed_integration_capacity.ThePhasesAreSerial.test_a_preparation_wearing_the_parents_identity_is_refused)
A preparation is the actor's SEPARATE execution under this ... ok
test_an_admission_naming_another_participant_is_refused (tests.job_manager.test_managed_integration_capacity.ThePhasesAreSerial.test_an_admission_naming_another_participant_is_refused) ... ok
test_an_apply_on_a_foreign_identity_is_refused (tests.job_manager.test_managed_integration_capacity.ThePhasesAreSerial.test_an_apply_on_a_foreign_identity_is_refused)
Each of the three, one at a time, so none hides behind another. ... ok
test_an_unplanned_execution_cannot_be_admitted (tests.job_manager.test_managed_integration_capacity.ThePhasesAreSerial.test_an_unplanned_execution_cannot_be_admitted) ... ok
test_apply_is_refused_while_preparation_is_still_live (tests.job_manager.test_managed_integration_capacity.ThePhasesAreSerial.test_apply_is_refused_while_preparation_is_still_live)
A parent apply and its preparation can never both be live under one ... ok
test_the_apply_is_the_parents_own_execution (tests.job_manager.test_managed_integration_capacity.ThePhasesAreSerial.test_the_apply_is_the_parents_own_execution)
[P1] Review 2026-09-13T18:02:07Z: the apply was a SEPARATE claimed ... ok
test_the_apply_phase_is_admitted_after_preparation_ends (tests.job_manager.test_managed_integration_capacity.ThePhasesAreSerial.test_the_apply_phase_is_admitted_after_preparation_ends) ... ok
test_a_duplicate_release_does_not_release_twice (tests.job_manager.test_managed_integration_capacity.TheRacesUnderOneReservation.test_a_duplicate_release_does_not_release_twice) ... ok
test_an_admission_racing_an_ending_is_refused_by_the_ending (tests.job_manager.test_managed_integration_capacity.TheRacesUnderOneReservation.test_an_admission_racing_an_ending_is_refused_by_the_ending)
`begin_integration_ending` is ONE act that closes admission, so ... ok
test_an_ending_never_cancels_an_execution_that_was_admitted (tests.job_manager.test_managed_integration_capacity.TheRacesUnderOneReservation.test_an_ending_never_cancels_an_execution_that_was_admitted)
The other order. Closing admission is not a claim that anything ... ok
test_an_exact_repeat_replays_and_changed_operands_collide (tests.job_manager.test_managed_integration_capacity.TheRacesUnderOneReservation.test_an_exact_repeat_replays_and_changed_operands_collide)
Every operation here is journalled under an identity derived from ... ok
test_the_serial_rule_survives_a_read_that_saw_free_capacity (tests.job_manager.test_managed_integration_capacity.TheRacesUnderOneReservation.test_the_serial_rule_survives_a_read_that_saw_free_capacity)
THE READ IS NOT WHAT MAKES IT SAFE. ... ok
test_a_plan_without_its_parent_apply_is_refused (tests.job_manager.test_managed_integration_capacity.TheRegisteredRootHoldsItsCapacity.test_a_plan_without_its_parent_apply_is_refused)
Finish condition 1: the parent apply is an EXPLICIT member. An ... ok
test_an_admitted_member_refuses_to_release (tests.job_manager.test_managed_integration_capacity.TheRegisteredRootHoldsItsCapacity.test_an_admitted_member_refuses_to_release)
The named branch matters: a VALIDATED COMPLETION of the parent ... ok
test_an_open_root_refuses_to_release (tests.job_manager.test_managed_integration_capacity.TheRegisteredRootHoldsItsCapacity.test_an_open_root_refuses_to_release) ... ok
test_an_unregistered_allocation_keeps_its_ordinary_behaviour (tests.job_manager.test_managed_integration_capacity.TheRegisteredRootHoldsItsCapacity.test_an_unregistered_allocation_keeps_its_ordinary_behaviour) ... ok
test_capacity_releases_once_after_a_validated_ending (tests.job_manager.test_managed_integration_capacity.TheRegisteredRootHoldsItsCapacity.test_capacity_releases_once_after_a_validated_ending) ... ok
test_quarantine_still_works_while_a_member_is_open (tests.job_manager.test_managed_integration_capacity.TheRegisteredRootHoldsItsCapacity.test_quarantine_still_works_while_a_member_is_open)
THE GUARD IS ON THE RELEASE TRANSITION ONLY. A root that could not ... ok
test_a_root_binds_the_allocation_the_scheduler_wrote (tests.job_manager.test_managed_integration_capacity.TheRootNamesCapacityItDidNotCreate.test_a_root_binds_the_allocation_the_scheduler_wrote)
The worker, participant, principal and pool generation are READ ... ok
test_a_root_for_an_allocation_nobody_reserved_is_refused (tests.job_manager.test_managed_integration_capacity.TheRootNamesCapacityItDidNotCreate.test_a_root_for_an_allocation_nobody_reserved_is_refused) ... ok
test_an_exact_repeat_replays_and_a_changed_plan_collides (tests.job_manager.test_managed_integration_capacity.TheRootNamesCapacityItDidNotCreate.test_an_exact_repeat_replays_and_a_changed_plan_collides) ... ok
test_every_phase_starts_planned_and_claims_nothing (tests.job_manager.test_managed_integration_capacity.TheRootNamesCapacityItDidNotCreate.test_every_phase_starts_planned_and_claims_nothing)
A planned membership carries NO assignment: the Work and the offer ... ok
test_an_uncertain_member_blocks_release (tests.job_manager.test_managed_integration_capacity.TheUncertainExecutionHoldsItsCapacity.test_an_uncertain_member_blocks_release) ... ok
test_nothing_new_is_admitted_while_one_member_is_uncertain (tests.job_manager.test_managed_integration_capacity.TheUncertainExecutionHoldsItsCapacity.test_nothing_new_is_admitted_while_one_member_is_uncertain) ... ok
test_only_an_admitted_execution_can_become_uncertain (tests.job_manager.test_managed_integration_capacity.TheUncertainExecutionHoldsItsCapacity.test_only_an_admitted_execution_can_become_uncertain) ... ok
test_recovery_holds_the_member_live_and_carries_no_outcome (tests.job_manager.test_managed_integration_capacity.TheUncertainExecutionHoldsItsCapacity.test_recovery_holds_the_member_live_and_carries_no_outcome) ... ok
test_recovery_is_reconciled_only_by_the_owners_own_proof (tests.job_manager.test_managed_integration_capacity.TheUncertainExecutionHoldsItsCapacity.test_recovery_is_reconciled_only_by_the_owners_own_proof) ... ok
test_a_competing_admission_from_another_connection_is_refused (tests.job_manager.test_managed_integration_capacity.TwoStoresContendForOneReservation.test_a_competing_admission_from_another_connection_is_refused) ... ok
test_a_second_connection_waits_for_the_write_lock (tests.job_manager.test_managed_integration_capacity.TwoStoresContendForOneReservation.test_a_second_connection_waits_for_the_write_lock)
THE CONTENTION ITSELF, deterministically ordered. ... ok
test_an_admission_that_lost_to_an_ending_is_refused (tests.job_manager.test_managed_integration_capacity.TwoStoresContendForOneReservation.test_an_admission_that_lost_to_an_ending_is_refused) ... ok
test_an_ending_that_lost_to_an_admission_cancels_nothing (tests.job_manager.test_managed_integration_capacity.TwoStoresContendForOneReservation.test_an_ending_that_lost_to_an_admission_cancels_nothing)
The other direction, and the asymmetry is the point: an ending that ... ok
test_the_identical_admission_from_another_connection_replays (tests.job_manager.test_managed_integration_capacity.TwoStoresContendForOneReservation.test_the_identical_admission_from_another_connection_replays)
THE OTHER ALLOWED OUTCOME. Two connections attempting the SAME act ... ok
test_two_connections_releasing_settle_on_one_release (tests.job_manager.test_managed_integration_capacity.TwoStoresContendForOneReservation.test_two_connections_releasing_settle_on_one_release) ... ok
test_final_target_read_release_prevents_apply (__main__.Observations.test_final_target_read_release_prevents_apply) ... ok
test_fresh_receipt_drift_refuses_settlement (__main__.Observations.test_fresh_receipt_drift_refuses_settlement) ... ok
test_authorization_release_still_admits (__main__.AdmissionObservations.test_authorization_release_still_admits) ... ok
test_candidate_change_replays_without_authorization_binding (__main__.AdmissionObservations.test_candidate_change_replays_without_authorization_binding) ... ok

----------------------------------------------------------------------
Ran 137 tests in 2.429s

OK
