test_a_completed_parent_does_not_release_a_live_execution (tests.job_manager.test_managed_integration_capacity.TheCompletionBranchDoesNotSpeakForTheExecutions.test_a_completed_parent_does_not_release_a_live_execution)
THE NAMED BRANCH, with a preparation still admitted under it. The ... ok
test_the_release_still_claims_nothing_about_cleanup (tests.job_manager.test_managed_integration_capacity.TheCompletionBranchDoesNotSpeakForTheExecutions.test_the_release_still_claims_nothing_about_cleanup)
LOGICAL CAPACITY AND NOTHING ELSE, unchanged by this Work: the ... ok
test_the_same_branch_releases_once_after_every_member_ended (tests.job_manager.test_managed_integration_capacity.TheCompletionBranchDoesNotSpeakForTheExecutions.test_the_same_branch_releases_once_after_every_member_ended) ... ok
test_a_cancelled_execution_ends_on_the_authoritys_own_fence (tests.job_manager.test_managed_integration_capacity.TheEndingTakesEvidenceItsOwnerResolved.test_a_cancelled_execution_ends_on_the_authoritys_own_fence) ... ok
test_a_cancelled_plan_is_never_settled_as_an_execution (tests.job_manager.test_managed_integration_capacity.TheEndingTakesEvidenceItsOwnerResolved.test_a_cancelled_plan_is_never_settled_as_an_execution)
[P2] `cancelled` fell through both guards and was UPDATED to ... ok
test_a_destroyed_runtime_ends_on_the_observed_axis (tests.job_manager.test_managed_integration_capacity.TheEndingTakesEvidenceItsOwnerResolved.test_a_destroyed_runtime_ends_on_the_observed_axis) ... ok
test_a_failed_execution_records_no_collected_content (tests.job_manager.test_managed_integration_capacity.TheEndingTakesEvidenceItsOwnerResolved.test_a_failed_execution_records_no_collected_content)
A failed execution contributes nothing an apply may import, whatever ... ok
test_a_fence_is_not_a_result (tests.job_manager.test_managed_integration_capacity.TheEndingTakesEvidenceItsOwnerResolved.test_a_fence_is_not_a_result)
`succeeded` on a proof that it never started is a contradiction: ... ok
test_a_fence_without_a_session_refuses_rather_than_assumes (tests.job_manager.test_managed_integration_capacity.TheEndingTakesEvidenceItsOwnerResolved.test_a_fence_without_a_session_refuses_rather_than_assumes) ... ok
test_a_quiescent_runtime_is_not_a_destroyed_one (tests.job_manager.test_managed_integration_capacity.TheEndingTakesEvidenceItsOwnerResolved.test_a_quiescent_runtime_is_not_a_destroyed_one)
A runtime that stopped executing STILL EXISTS. Reading `quiescent` ... ok
test_a_report_at_another_disposition_collected_no_content (tests.job_manager.test_managed_integration_capacity.TheEndingTakesEvidenceItsOwnerResolved.test_a_report_at_another_disposition_collected_no_content)
The THIRD answer, kept apart from the other two: a report WAS ... ok
test_a_running_execution_cannot_be_ended_by_saying_so (tests.job_manager.test_managed_integration_capacity.TheEndingTakesEvidenceItsOwnerResolved.test_a_running_execution_cannot_be_ended_by_saying_so)
THE DEFECT ITSELF. The old form took the sentence and excluded the ... ok
test_an_unfenced_cancellation_does_not_end_anything (tests.job_manager.test_managed_integration_capacity.TheEndingTakesEvidenceItsOwnerResolved.test_an_unfenced_cancellation_does_not_end_anything)
The Authority's fence is ITS act. A cancellation this manager ... ok
test_an_unknown_exclusion_name_is_refused (tests.job_manager.test_managed_integration_capacity.TheEndingTakesEvidenceItsOwnerResolved.test_an_unknown_exclusion_name_is_refused) ... ok
test_no_collected_report_is_its_own_answer (tests.job_manager.test_managed_integration_capacity.TheEndingTakesEvidenceItsOwnerResolved.test_no_collected_report_is_its_own_answer)
[P1] Review 2026-09-13T18:02:07Z reproduced the defect exactly: a ... ok
test_an_offer_missing_a_compared_member_is_refused (tests.job_manager.test_managed_integration_capacity.TheOfferIdentityIsComplete.test_an_offer_missing_a_compared_member_is_refused)
Absence is not agreement: a member that is not there compares equal ... ok
test_an_offer_pointed_at_another_attempt_stops_being_this_ones (tests.job_manager.test_managed_integration_capacity.TheOfferIdentityIsComplete.test_an_offer_pointed_at_another_attempt_stops_being_this_ones)
MEASURED, step 42: I wrote a comparison that cannot fail. ... ok
test_an_offer_settled_for_another_participant_is_refused (tests.job_manager.test_managed_integration_capacity.TheOfferIdentityIsComplete.test_an_offer_settled_for_another_participant_is_refused) ... ok
test_an_offer_settled_under_another_authority_is_refused (tests.job_manager.test_managed_integration_capacity.TheOfferIdentityIsComplete.test_an_offer_settled_under_another_authority_is_refused) ... ok
test_a_record_signed_as_another_kind_is_refused (tests.job_manager.test_managed_integration_capacity.ThePersistedEvidenceIsOwnedEndToEnd.test_a_record_signed_as_another_kind_is_refused)
The row's `kind` column and the signature's are two accounts of one ... ok
test_a_record_signed_over_another_attempt_is_refused (tests.job_manager.test_managed_integration_capacity.ThePersistedEvidenceIsOwnedEndToEnd.test_a_record_signed_over_another_attempt_is_refused) ... ok
test_a_refused_record_configured_nothing (tests.job_manager.test_managed_integration_capacity.ThePersistedEvidenceIsOwnedEndToEnd.test_a_refused_record_configured_nothing)
MEASURED, step 42: `operations.state` is CHECKed to `committed` or ... ok
test_a_result_describing_another_attempt_is_refused (tests.job_manager.test_managed_integration_capacity.ThePersistedEvidenceIsOwnedEndToEnd.test_a_result_describing_another_attempt_is_refused)
The result is what a REPLAY hands back. A row whose two halves ... ok
test_operands_carrying_a_member_this_build_does_not_know (tests.job_manager.test_managed_integration_capacity.ThePersistedEvidenceIsOwnedEndToEnd.test_operands_carrying_a_member_this_build_does_not_know)
A closed contract that accepts extra members is not closed. ... ok
test_the_recorded_attempt_may_disagree_alone (tests.job_manager.test_managed_integration_capacity.ThePersistedEvidenceIsOwnedEndToEnd.test_the_recorded_attempt_may_disagree_alone)
THE THIRD ACCOUNT, on its own. The two refusals added last claim ... ok
test_a_failed_execution_ends_without_becoming_a_success (tests.job_manager.test_managed_integration_capacity.ThePhasesAreSerial.test_a_failed_execution_ends_without_becoming_a_success)
`failed` is an ENDING like `succeeded` is. The outcome says what the ... ok
test_a_plan_naming_an_offer_nobody_issued_is_refused (tests.job_manager.test_managed_integration_capacity.ThePhasesAreSerial.test_a_plan_naming_an_offer_nobody_issued_is_refused)
[P1] The offer the claim SETTLED is the offer that was planned. ... ok
test_a_plan_whose_digests_disagree_with_the_claim_is_refused (tests.job_manager.test_managed_integration_capacity.ThePhasesAreSerial.test_a_plan_whose_digests_disagree_with_the_claim_is_refused)
[P1] The plan says what the phase was meant to run, the offer says ... ok
test_a_preparation_wearing_the_parents_identity_is_refused (tests.job_manager.test_managed_integration_capacity.ThePhasesAreSerial.test_a_preparation_wearing_the_parents_identity_is_refused)
A preparation is the actor's SEPARATE execution under this ... ok
test_an_admission_naming_another_participant_is_refused (tests.job_manager.test_managed_integration_capacity.ThePhasesAreSerial.test_an_admission_naming_another_participant_is_refused) ... ok
test_an_apply_on_a_foreign_identity_is_refused (tests.job_manager.test_managed_integration_capacity.ThePhasesAreSerial.test_an_apply_on_a_foreign_identity_is_refused)
Each of the three, one at a time, so none hides behind another. ... ok
test_an_unplanned_execution_cannot_be_admitted (tests.job_manager.test_managed_integration_capacity.ThePhasesAreSerial.test_an_unplanned_execution_cannot_be_admitted) ... ok
test_apply_is_refused_while_preparation_is_still_live (tests.job_manager.test_managed_integration_capacity.ThePhasesAreSerial.test_apply_is_refused_while_preparation_is_still_live)
A parent apply and its preparation can never both be live under one ... ok
test_the_apply_is_the_parents_own_execution (tests.job_manager.test_managed_integration_capacity.ThePhasesAreSerial.test_the_apply_is_the_parents_own_execution)
[P1] Review 2026-09-13T18:02:07Z: the apply was a SEPARATE claimed ... ok
test_the_apply_phase_is_admitted_after_preparation_ends (tests.job_manager.test_managed_integration_capacity.ThePhasesAreSerial.test_the_apply_phase_is_admitted_after_preparation_ends) ... ok
test_a_duplicate_release_does_not_release_twice (tests.job_manager.test_managed_integration_capacity.TheRacesUnderOneReservation.test_a_duplicate_release_does_not_release_twice) ... ok
test_an_admission_racing_an_ending_is_refused_by_the_ending (tests.job_manager.test_managed_integration_capacity.TheRacesUnderOneReservation.test_an_admission_racing_an_ending_is_refused_by_the_ending)
`begin_integration_ending` is ONE act that closes admission, so ... ok
test_an_ending_never_cancels_an_execution_that_was_admitted (tests.job_manager.test_managed_integration_capacity.TheRacesUnderOneReservation.test_an_ending_never_cancels_an_execution_that_was_admitted)
The other order. Closing admission is not a claim that anything ... ok
test_an_exact_repeat_replays_and_changed_operands_collide (tests.job_manager.test_managed_integration_capacity.TheRacesUnderOneReservation.test_an_exact_repeat_replays_and_changed_operands_collide)
Every operation here is journalled under an identity derived from ... ok
test_the_serial_rule_survives_a_read_that_saw_free_capacity (tests.job_manager.test_managed_integration_capacity.TheRacesUnderOneReservation.test_the_serial_rule_survives_a_read_that_saw_free_capacity)
THE READ IS NOT WHAT MAKES IT SAFE. ... ok
test_a_plan_without_its_parent_apply_is_refused (tests.job_manager.test_managed_integration_capacity.TheRegisteredRootHoldsItsCapacity.test_a_plan_without_its_parent_apply_is_refused)
Finish condition 1: the parent apply is an EXPLICIT member. An ... ok
test_an_admitted_member_refuses_to_release (tests.job_manager.test_managed_integration_capacity.TheRegisteredRootHoldsItsCapacity.test_an_admitted_member_refuses_to_release)
The named branch matters: a VALIDATED COMPLETION of the parent ... ok
test_an_open_root_refuses_to_release (tests.job_manager.test_managed_integration_capacity.TheRegisteredRootHoldsItsCapacity.test_an_open_root_refuses_to_release) ... ok
test_an_unregistered_allocation_keeps_its_ordinary_behaviour (tests.job_manager.test_managed_integration_capacity.TheRegisteredRootHoldsItsCapacity.test_an_unregistered_allocation_keeps_its_ordinary_behaviour) ... ok
test_capacity_releases_once_after_a_validated_ending (tests.job_manager.test_managed_integration_capacity.TheRegisteredRootHoldsItsCapacity.test_capacity_releases_once_after_a_validated_ending) ... ok
test_quarantine_still_works_while_a_member_is_open (tests.job_manager.test_managed_integration_capacity.TheRegisteredRootHoldsItsCapacity.test_quarantine_still_works_while_a_member_is_open)
THE GUARD IS ON THE RELEASE TRANSITION ONLY. A root that could not ... ok
test_a_root_binds_the_allocation_the_scheduler_wrote (tests.job_manager.test_managed_integration_capacity.TheRootNamesCapacityItDidNotCreate.test_a_root_binds_the_allocation_the_scheduler_wrote)
The worker, participant, principal and pool generation are READ ... ok
test_a_root_for_an_allocation_nobody_reserved_is_refused (tests.job_manager.test_managed_integration_capacity.TheRootNamesCapacityItDidNotCreate.test_a_root_for_an_allocation_nobody_reserved_is_refused) ... ok
test_an_exact_repeat_replays_and_a_changed_plan_collides (tests.job_manager.test_managed_integration_capacity.TheRootNamesCapacityItDidNotCreate.test_an_exact_repeat_replays_and_a_changed_plan_collides) ... ok
test_every_phase_starts_planned_and_claims_nothing (tests.job_manager.test_managed_integration_capacity.TheRootNamesCapacityItDidNotCreate.test_every_phase_starts_planned_and_claims_nothing)
A planned membership carries NO assignment: the Work and the offer ... ok
test_an_uncertain_member_blocks_release (tests.job_manager.test_managed_integration_capacity.TheUncertainExecutionHoldsItsCapacity.test_an_uncertain_member_blocks_release) ... ok
test_nothing_new_is_admitted_while_one_member_is_uncertain (tests.job_manager.test_managed_integration_capacity.TheUncertainExecutionHoldsItsCapacity.test_nothing_new_is_admitted_while_one_member_is_uncertain) ... ok
test_only_an_admitted_execution_can_become_uncertain (tests.job_manager.test_managed_integration_capacity.TheUncertainExecutionHoldsItsCapacity.test_only_an_admitted_execution_can_become_uncertain) ... ok
test_recovery_holds_the_member_live_and_carries_no_outcome (tests.job_manager.test_managed_integration_capacity.TheUncertainExecutionHoldsItsCapacity.test_recovery_holds_the_member_live_and_carries_no_outcome) ... ok
test_recovery_is_reconciled_only_by_the_owners_own_proof (tests.job_manager.test_managed_integration_capacity.TheUncertainExecutionHoldsItsCapacity.test_recovery_is_reconciled_only_by_the_owners_own_proof) ... ok
test_a_competing_admission_from_another_connection_is_refused (tests.job_manager.test_managed_integration_capacity.TwoStoresContendForOneReservation.test_a_competing_admission_from_another_connection_is_refused) ... ok
test_a_second_connection_waits_for_the_write_lock (tests.job_manager.test_managed_integration_capacity.TwoStoresContendForOneReservation.test_a_second_connection_waits_for_the_write_lock)
THE CONTENTION ITSELF, deterministically ordered. ... ok
test_an_admission_that_lost_to_an_ending_is_refused (tests.job_manager.test_managed_integration_capacity.TwoStoresContendForOneReservation.test_an_admission_that_lost_to_an_ending_is_refused) ... ok
test_an_ending_that_lost_to_an_admission_cancels_nothing (tests.job_manager.test_managed_integration_capacity.TwoStoresContendForOneReservation.test_an_ending_that_lost_to_an_admission_cancels_nothing)
The other direction, and the asymmetry is the point: an ending that ... ok
test_the_identical_admission_from_another_connection_replays (tests.job_manager.test_managed_integration_capacity.TwoStoresContendForOneReservation.test_the_identical_admission_from_another_connection_replays)
THE OTHER ALLOWED OUTCOME. Two connections attempting the SAME act ... ok
test_two_connections_releasing_settle_on_one_release (tests.job_manager.test_managed_integration_capacity.TwoStoresContendForOneReservation.test_two_connections_releasing_settle_on_one_release) ... ok
test_a_measured_status_and_no_collected_content_is_legal (tests.integration.test_managed_execution.TheResultIsAClaimAboutOnePhase.test_a_measured_status_and_no_collected_content_is_legal)
They are separate facts: a phase can measure a status and collect ... ok
test_a_report_about_another_execution_is_refused (tests.integration.test_managed_execution.TheResultIsAClaimAboutOnePhase.test_a_report_about_another_execution_is_refused) ... ok
test_a_result_carries_its_identity_report_and_content (tests.integration.test_managed_execution.TheResultIsAClaimAboutOnePhase.test_a_result_carries_its_identity_report_and_content) ... ok
test_an_adopted_result_for_another_orchestration_is_denied (tests.integration.test_managed_execution.TheResultIsAClaimAboutOnePhase.test_an_adopted_result_for_another_orchestration_is_denied) ... ok
test_an_adopted_result_is_held_to_the_task_it_answers (tests.integration.test_managed_execution.TheResultIsAClaimAboutOnePhase.test_an_adopted_result_is_held_to_the_task_it_answers) ... ok
test_an_adopted_result_of_another_schema_is_refused (tests.integration.test_managed_execution.TheResultIsAClaimAboutOnePhase.test_an_adopted_result_of_another_schema_is_refused) ... ok
test_content_without_a_report_is_a_contradiction (tests.integration.test_managed_execution.TheResultIsAClaimAboutOnePhase.test_content_without_a_report_is_a_contradiction) ... ok
test_a_preparation_with_a_parent_is_refused (tests.integration.test_managed_execution.TheTaskSaysWhatWasAskedFor.test_a_preparation_with_a_parent_is_refused) ... ok
test_a_task_binds_identity_content_and_the_jobs_own_limits (tests.integration.test_managed_execution.TheTaskSaysWhatWasAskedFor.test_a_task_binds_identity_content_and_the_jobs_own_limits) ... ok
test_a_task_names_no_host_path_and_no_location (tests.integration.test_managed_execution.TheTaskSaysWhatWasAskedFor.test_a_task_names_no_host_path_and_no_location)
It says WHAT was asked for, never WHERE it runs. A task carrying a ... ok
test_a_task_naming_one_command_twice_is_refused (tests.integration.test_managed_execution.TheTaskSaysWhatWasAskedFor.test_a_task_naming_one_command_twice_is_refused) ... ok
test_a_task_that_runs_nothing_is_not_a_task (tests.integration.test_managed_execution.TheTaskSaysWhatWasAskedFor.test_a_task_that_runs_nothing_is_not_a_task) ... ok
test_an_apply_cannot_be_its_own_parent (tests.integration.test_managed_execution.TheTaskSaysWhatWasAskedFor.test_an_apply_cannot_be_its_own_parent) ... ok
test_an_apply_names_the_real_preparation_it_follows (tests.integration.test_managed_execution.TheTaskSaysWhatWasAskedFor.test_an_apply_names_the_real_preparation_it_follows) ... ok
test_an_apply_naming_only_an_attempt_is_refused (tests.integration.test_managed_execution.TheTaskSaysWhatWasAskedFor.test_an_apply_naming_only_an_attempt_is_refused)
Both members, because an attempt alone lets an apply follow a ... ok
test_an_apply_that_imports_nothing_is_refused (tests.integration.test_managed_execution.TheTaskSaysWhatWasAskedFor.test_an_apply_that_imports_nothing_is_refused) ... ok
test_limits_are_the_jobs_own_document_not_two_numbers (tests.integration.test_managed_execution.TheTaskSaysWhatWasAskedFor.test_limits_are_the_jobs_own_document_not_two_numbers) ... ok
test_a_boolean_status_is_refused (tests.integration.test_managed_execution.TheThreeAnswersAreNeverEachOther.test_a_boolean_status_is_refused)
`True` is an `int` in this language, so an `isinstance` check would ... ok
test_a_collected_report_without_a_status_is_tagged (tests.integration.test_managed_execution.TheThreeAnswersAreNeverEachOther.test_a_collected_report_without_a_status_is_tagged) ... ok
test_a_command_the_task_never_declared_is_refused (tests.integration.test_managed_execution.TheThreeAnswersAreNeverEachOther.test_a_command_the_task_never_declared_is_refused) ... ok
test_a_measured_nonzero_status_is_an_answer_like_any_other (tests.integration.test_managed_execution.TheThreeAnswersAreNeverEachOther.test_a_measured_nonzero_status_is_an_answer_like_any_other) ... ok
test_a_measured_report_carries_the_status_that_was_measured (tests.integration.test_managed_execution.TheThreeAnswersAreNeverEachOther.test_a_measured_report_carries_the_status_that_was_measured) ... ok
test_a_measured_report_that_ran_nothing_is_refused (tests.integration.test_managed_execution.TheThreeAnswersAreNeverEachOther.test_a_measured_report_that_ran_nothing_is_refused) ... ok
test_a_missing_status_is_never_zero (tests.integration.test_managed_execution.TheThreeAnswersAreNeverEachOther.test_a_missing_status_is_never_zero)
THE COLLAPSE THIS VOCABULARY EXISTS TO PREVENT. There is no way to ... ok
test_a_reordered_report_describes_a_different_phase (tests.integration.test_managed_execution.TheThreeAnswersAreNeverEachOther.test_a_reordered_report_describes_a_different_phase) ... ok
test_a_report_that_does_not_exist_cannot_say_what_ran (tests.integration.test_managed_execution.TheThreeAnswersAreNeverEachOther.test_a_report_that_does_not_exist_cannot_say_what_ran) ... ok
test_a_report_that_does_not_exist_carries_no_tag (tests.integration.test_managed_execution.TheThreeAnswersAreNeverEachOther.test_a_report_that_does_not_exist_carries_no_tag) ... ok
test_a_status_that_is_not_an_integer_is_refused (tests.integration.test_managed_execution.TheThreeAnswersAreNeverEachOther.test_a_status_that_is_not_an_integer_is_refused) ... ok
test_a_tagless_no_status_report_is_refused (tests.integration.test_managed_execution.TheThreeAnswersAreNeverEachOther.test_a_tagless_no_status_report_is_refused) ... ok
test_an_unknown_kind_is_refused (tests.integration.test_managed_execution.TheThreeAnswersAreNeverEachOther.test_an_unknown_kind_is_refused) ... ok
test_nothing_collected_describes_no_run_at_all (tests.integration.test_managed_execution.TheThreeAnswersAreNeverEachOther.test_nothing_collected_describes_no_run_at_all) ... ok
test_the_completed_prefix_and_not_run_suffix_are_the_sequence (tests.integration.test_managed_execution.TheThreeAnswersAreNeverEachOther.test_the_completed_prefix_and_not_run_suffix_are_the_sequence) ... ok
test_invented_empty_limits_and_unknown_generation_are_accepted (__main__.BoundaryObservations.test_invented_empty_limits_and_unknown_generation_are_accepted) ... ok
test_real_resolved_job_limits_are_rejected (__main__.BoundaryObservations.test_real_resolved_job_limits_are_rejected) ... ok
test_untrusted_result_adoption_bypasses_report_validation (__main__.BoundaryObservations.test_untrusted_result_adoption_bypasses_report_validation) ... ok

----------------------------------------------------------------------
Ran 96 tests in 0.500s

OK
DEFECT OBSERVED: empty effective limits and unknown compatibility generation accepted
DEFECT OBSERVED: actual resolved Job limits rejected by managed_task
DEFECT OBSERVED: adoption accepts invalid report kinds, boolean status and undeclared command accounting
