test_a_completed_parent_does_not_release_a_live_execution (tests.job_manager.test_managed_integration_capacity.TheCompletionBranchDoesNotSpeakForTheExecutions.test_a_completed_parent_does_not_release_a_live_execution)
THE NAMED BRANCH, with a preparation still admitted under it. The ... ok
test_the_release_still_claims_nothing_about_cleanup (tests.job_manager.test_managed_integration_capacity.TheCompletionBranchDoesNotSpeakForTheExecutions.test_the_release_still_claims_nothing_about_cleanup)
LOGICAL CAPACITY AND NOTHING ELSE, unchanged by this Work: the ... ok
test_the_same_branch_releases_once_after_every_member_ended (tests.job_manager.test_managed_integration_capacity.TheCompletionBranchDoesNotSpeakForTheExecutions.test_the_same_branch_releases_once_after_every_member_ended) ... ok
test_a_cancelled_execution_ends_on_the_authoritys_own_fence (tests.job_manager.test_managed_integration_capacity.TheEndingTakesEvidenceItsOwnerResolved.test_a_cancelled_execution_ends_on_the_authoritys_own_fence) ... ok
test_a_cancelled_plan_is_never_settled_as_an_execution (tests.job_manager.test_managed_integration_capacity.TheEndingTakesEvidenceItsOwnerResolved.test_a_cancelled_plan_is_never_settled_as_an_execution)
[P2] `cancelled` fell through both guards and was UPDATED to ... ok
test_a_destroyed_runtime_ends_on_the_observed_axis (tests.job_manager.test_managed_integration_capacity.TheEndingTakesEvidenceItsOwnerResolved.test_a_destroyed_runtime_ends_on_the_observed_axis) ... ok
test_a_failed_execution_collects_nothing_an_apply_may_import (tests.job_manager.test_managed_integration_capacity.TheEndingTakesEvidenceItsOwnerResolved.test_a_failed_execution_collects_nothing_an_apply_may_import) ... ok
test_a_fence_is_not_a_result (tests.job_manager.test_managed_integration_capacity.TheEndingTakesEvidenceItsOwnerResolved.test_a_fence_is_not_a_result)
`succeeded` on a proof that it never started is a contradiction: ... ok
test_a_fence_without_a_session_refuses_rather_than_assumes (tests.job_manager.test_managed_integration_capacity.TheEndingTakesEvidenceItsOwnerResolved.test_a_fence_without_a_session_refuses_rather_than_assumes) ... ok
test_a_quiescent_runtime_is_not_a_destroyed_one (tests.job_manager.test_managed_integration_capacity.TheEndingTakesEvidenceItsOwnerResolved.test_a_quiescent_runtime_is_not_a_destroyed_one)
A runtime that stopped executing STILL EXISTS. Reading `quiescent` ... ok
test_a_running_execution_cannot_be_ended_by_saying_so (tests.job_manager.test_managed_integration_capacity.TheEndingTakesEvidenceItsOwnerResolved.test_a_running_execution_cannot_be_ended_by_saying_so)
THE DEFECT ITSELF. The old form took the sentence and excluded the ... ok
test_a_successful_preparation_must_name_what_it_collected (tests.job_manager.test_managed_integration_capacity.TheEndingTakesEvidenceItsOwnerResolved.test_a_successful_preparation_must_name_what_it_collected) ... ok
test_an_unfenced_cancellation_does_not_end_anything (tests.job_manager.test_managed_integration_capacity.TheEndingTakesEvidenceItsOwnerResolved.test_an_unfenced_cancellation_does_not_end_anything)
The Authority's fence is ITS act. A cancellation this manager ... ok
test_an_unknown_exclusion_name_is_refused (tests.job_manager.test_managed_integration_capacity.TheEndingTakesEvidenceItsOwnerResolved.test_an_unknown_exclusion_name_is_refused) ... ok
test_an_offer_missing_a_compared_member_is_refused (tests.job_manager.test_managed_integration_capacity.TheOfferIdentityIsComplete.test_an_offer_missing_a_compared_member_is_refused)
Absence is not agreement: a member that is not there compares equal ... ok
test_an_offer_pointed_at_another_attempt_stops_being_this_ones (tests.job_manager.test_managed_integration_capacity.TheOfferIdentityIsComplete.test_an_offer_pointed_at_another_attempt_stops_being_this_ones)
MEASURED, step 42: I wrote a comparison that cannot fail. ... ok
test_an_offer_settled_for_another_participant_is_refused (tests.job_manager.test_managed_integration_capacity.TheOfferIdentityIsComplete.test_an_offer_settled_for_another_participant_is_refused) ... ok
test_an_offer_settled_under_another_authority_is_refused (tests.job_manager.test_managed_integration_capacity.TheOfferIdentityIsComplete.test_an_offer_settled_under_another_authority_is_refused) ... ok
test_a_record_signed_as_another_kind_is_refused (tests.job_manager.test_managed_integration_capacity.ThePersistedEvidenceIsOwnedEndToEnd.test_a_record_signed_as_another_kind_is_refused)
The row's `kind` column and the signature's are two accounts of one ... ok
test_a_record_signed_over_another_attempt_is_refused (tests.job_manager.test_managed_integration_capacity.ThePersistedEvidenceIsOwnedEndToEnd.test_a_record_signed_over_another_attempt_is_refused) ... ok
test_a_refused_record_configured_nothing (tests.job_manager.test_managed_integration_capacity.ThePersistedEvidenceIsOwnedEndToEnd.test_a_refused_record_configured_nothing)
MEASURED, step 42: `operations.state` is CHECKed to `committed` or ... ok
test_a_result_describing_another_attempt_is_refused (tests.job_manager.test_managed_integration_capacity.ThePersistedEvidenceIsOwnedEndToEnd.test_a_result_describing_another_attempt_is_refused)
The result is what a REPLAY hands back. A row whose two halves ... ok
test_operands_carrying_a_member_this_build_does_not_know (tests.job_manager.test_managed_integration_capacity.ThePersistedEvidenceIsOwnedEndToEnd.test_operands_carrying_a_member_this_build_does_not_know)
A closed contract that accepts extra members is not closed. ... ok
test_the_recorded_attempt_may_disagree_alone (tests.job_manager.test_managed_integration_capacity.ThePersistedEvidenceIsOwnedEndToEnd.test_the_recorded_attempt_may_disagree_alone)
THE THIRD ACCOUNT, on its own. The two refusals added last claim ... ok
test_a_failed_execution_ends_without_becoming_a_success (tests.job_manager.test_managed_integration_capacity.ThePhasesAreSerial.test_a_failed_execution_ends_without_becoming_a_success)
`failed` is an ENDING like `succeeded` is. The outcome says what the ... ok
test_a_plan_naming_an_offer_nobody_issued_is_refused (tests.job_manager.test_managed_integration_capacity.ThePhasesAreSerial.test_a_plan_naming_an_offer_nobody_issued_is_refused)
[P1] The offer the claim SETTLED is the offer that was planned. ... ok
test_a_plan_whose_digests_disagree_with_the_claim_is_refused (tests.job_manager.test_managed_integration_capacity.ThePhasesAreSerial.test_a_plan_whose_digests_disagree_with_the_claim_is_refused)
[P1] The plan says what the phase was meant to run, the offer says ... ok
test_an_admission_naming_another_participant_is_refused (tests.job_manager.test_managed_integration_capacity.ThePhasesAreSerial.test_an_admission_naming_another_participant_is_refused) ... ok
test_an_unplanned_execution_cannot_be_admitted (tests.job_manager.test_managed_integration_capacity.ThePhasesAreSerial.test_an_unplanned_execution_cannot_be_admitted) ... ok
test_apply_is_refused_while_preparation_is_still_live (tests.job_manager.test_managed_integration_capacity.ThePhasesAreSerial.test_apply_is_refused_while_preparation_is_still_live)
A parent apply and its preparation can never both be live under one ... ok
test_the_apply_phase_is_admitted_after_preparation_ends (tests.job_manager.test_managed_integration_capacity.ThePhasesAreSerial.test_the_apply_phase_is_admitted_after_preparation_ends) ... ok
test_a_duplicate_release_does_not_release_twice (tests.job_manager.test_managed_integration_capacity.TheRacesUnderOneReservation.test_a_duplicate_release_does_not_release_twice) ... ok
test_an_admission_racing_an_ending_is_refused_by_the_ending (tests.job_manager.test_managed_integration_capacity.TheRacesUnderOneReservation.test_an_admission_racing_an_ending_is_refused_by_the_ending)
`begin_integration_ending` is ONE act that closes admission, so ... ok
test_an_ending_never_cancels_an_execution_that_was_admitted (tests.job_manager.test_managed_integration_capacity.TheRacesUnderOneReservation.test_an_ending_never_cancels_an_execution_that_was_admitted)
The other order. Closing admission is not a claim that anything ... ok
test_an_exact_repeat_replays_and_changed_operands_collide (tests.job_manager.test_managed_integration_capacity.TheRacesUnderOneReservation.test_an_exact_repeat_replays_and_changed_operands_collide)
Every operation here is journalled under an identity derived from ... ok
test_the_serial_rule_survives_a_read_that_saw_free_capacity (tests.job_manager.test_managed_integration_capacity.TheRacesUnderOneReservation.test_the_serial_rule_survives_a_read_that_saw_free_capacity)
THE READ IS NOT WHAT MAKES IT SAFE. ... ok
test_a_plan_without_its_parent_apply_is_refused (tests.job_manager.test_managed_integration_capacity.TheRegisteredRootHoldsItsCapacity.test_a_plan_without_its_parent_apply_is_refused)
Finish condition 1: the parent apply is an EXPLICIT member. An ... ok
test_an_admitted_member_refuses_to_release (tests.job_manager.test_managed_integration_capacity.TheRegisteredRootHoldsItsCapacity.test_an_admitted_member_refuses_to_release)
The named branch matters: a VALIDATED COMPLETION of the parent ... ok
test_an_apply_importing_content_nobody_collected_is_refused (tests.job_manager.test_managed_integration_capacity.TheRegisteredRootHoldsItsCapacity.test_an_apply_importing_content_nobody_collected_is_refused)
A preparation that SUCCEEDED is not authorization to apply anything. ... ok
test_an_open_root_refuses_to_release (tests.job_manager.test_managed_integration_capacity.TheRegisteredRootHoldsItsCapacity.test_an_open_root_refuses_to_release) ... ok
test_an_unregistered_allocation_keeps_its_ordinary_behaviour (tests.job_manager.test_managed_integration_capacity.TheRegisteredRootHoldsItsCapacity.test_an_unregistered_allocation_keeps_its_ordinary_behaviour) ... ok
test_capacity_releases_once_after_a_validated_ending (tests.job_manager.test_managed_integration_capacity.TheRegisteredRootHoldsItsCapacity.test_capacity_releases_once_after_a_validated_ending) ... ok
test_quarantine_still_works_while_a_member_is_open (tests.job_manager.test_managed_integration_capacity.TheRegisteredRootHoldsItsCapacity.test_quarantine_still_works_while_a_member_is_open)
THE GUARD IS ON THE RELEASE TRANSITION ONLY. A root that could not ... ok
test_a_root_binds_the_allocation_the_scheduler_wrote (tests.job_manager.test_managed_integration_capacity.TheRootNamesCapacityItDidNotCreate.test_a_root_binds_the_allocation_the_scheduler_wrote)
The worker, participant, principal and pool generation are READ ... ok
test_a_root_for_an_allocation_nobody_reserved_is_refused (tests.job_manager.test_managed_integration_capacity.TheRootNamesCapacityItDidNotCreate.test_a_root_for_an_allocation_nobody_reserved_is_refused) ... ok
test_an_exact_repeat_replays_and_a_changed_plan_collides (tests.job_manager.test_managed_integration_capacity.TheRootNamesCapacityItDidNotCreate.test_an_exact_repeat_replays_and_a_changed_plan_collides) ... ok
test_every_phase_starts_planned_and_claims_nothing (tests.job_manager.test_managed_integration_capacity.TheRootNamesCapacityItDidNotCreate.test_every_phase_starts_planned_and_claims_nothing)
A planned membership carries NO assignment: the Work and the offer ... ok
test_an_uncertain_member_blocks_release (tests.job_manager.test_managed_integration_capacity.TheUncertainExecutionHoldsItsCapacity.test_an_uncertain_member_blocks_release) ... ok
test_nothing_new_is_admitted_while_one_member_is_uncertain (tests.job_manager.test_managed_integration_capacity.TheUncertainExecutionHoldsItsCapacity.test_nothing_new_is_admitted_while_one_member_is_uncertain) ... ok
test_only_an_admitted_execution_can_become_uncertain (tests.job_manager.test_managed_integration_capacity.TheUncertainExecutionHoldsItsCapacity.test_only_an_admitted_execution_can_become_uncertain) ... ok
test_recovery_holds_the_member_live_and_carries_no_outcome (tests.job_manager.test_managed_integration_capacity.TheUncertainExecutionHoldsItsCapacity.test_recovery_holds_the_member_live_and_carries_no_outcome) ... ok
test_recovery_is_reconciled_only_by_the_owners_own_proof (tests.job_manager.test_managed_integration_capacity.TheUncertainExecutionHoldsItsCapacity.test_recovery_is_reconciled_only_by_the_owners_own_proof) ... ok
test_foreign_parent_apply_is_admitted (__main__.RemainingBindings.test_foreign_parent_apply_is_admitted) ... ok
test_uncollected_digest_is_accepted_as_successful_preparation (__main__.RemainingBindings.test_uncollected_digest_is_accepted_as_successful_preparation) ... ok

----------------------------------------------------------------------
Ran 54 tests in 0.301s

OK
DEFECT OBSERVED: apply admitted with Work/attempt/offer different from actual parent episode
DEFECT OBSERVED: caller digest became successful preparation content with no frozen/collected artifact
