$ env PYTHONPATH=src:tools:. /home/sl/src/baton/.venv/bin/python3 -m unittest tests.manager.test_reconciliation_task
.......EFF...........
======================================================================
ERROR: test_a_command_this_workload_does_not_run_is_refused (tests.manager.test_reconciliation_task.TheReportSaysWhatItObserved.test_a_command_this_workload_does_not_run_is_refused)
----------------------------------------------------------------------
Traceback (most recent call last):
  File "/home/sl/src/baton/v12/python/tests/manager/test_reconciliation_task.py", line 329, in test_a_command_this_workload_does_not_run_is_refused
    task.observe(_request(commands=["combined", "publish"]),
    ~~~~~~~~~~~~^^^^^^^^^^^^^^^^^^^^^^^^^^^^^^^^^^^^^^^^^^^^
                 self.states, 30)
                 ^^^^^^^^^^^^^^^^
  File "/home/sl/src/baton/v12/worker/reconciliation_task.py", line 227, in observe
    with open(os.path.join(place, HARNESS_NAME), "rb") as handle:
         ~~~~^^^^^^^^^^^^^^^^^^^^^^^^^^^^^^^^^^^^^^^^^
FileNotFoundError: [Errno 2] No such file or directory: '/tmp/v12-preparation-23sgcmn5/combined/harness.py'

======================================================================
FAIL: test_a_cut_sequence_keeps_its_prefix_and_names_its_suffix (tests.manager.test_reconciliation_task.TheReportSaysWhatItObserved.test_a_cut_sequence_keeps_its_prefix_and_names_its_suffix)
----------------------------------------------------------------------
Traceback (most recent call last):
  File "/home/sl/src/baton/v12/python/tests/manager/test_reconciliation_task.py", line 260, in test_a_cut_sequence_keeps_its_prefix_and_names_its_suffix
    self.assertEqual(report["kind"], "collected-without-status")
    ~~~~~~~~~~~~~~~~^^^^^^^^^^^^^^^^^^^^^^^^^^^^^^^^^^^^^^^^^^^^
AssertionError: 'measured' != 'collected-without-status'
- measured
+ collected-without-status


======================================================================
FAIL: test_a_genuine_base_failure_is_a_real_integer (tests.manager.test_reconciliation_task.TheReportSaysWhatItObserved.test_a_genuine_base_failure_is_a_real_integer)
A base that fails BECAUSE the fix is absent is positive evidence,
----------------------------------------------------------------------
Traceback (most recent call last):
  File "/home/sl/src/baton/v12/python/tests/manager/test_reconciliation_task.py", line 247, in test_a_genuine_base_failure_is_a_real_integer
    self.assertEqual(report["status"], 1)
    ~~~~~~~~~~~~~~~~^^^^^^^^^^^^^^^^^^^^^
AssertionError: 0 != 1

----------------------------------------------------------------------
Ran 21 tests in 1.096s

FAILED (failures=2, errors=1)
