$ env PYTHONPATH=src:tools:. /home/sl/src/baton/.venv/bin/python3 -m unittest tests.job_manager.test_managed_integration_capacity
....................................................................................EEEEE...........
======================================================================
ERROR: test_a_start_after_admission_proceeds (tests.job_manager.test_managed_integration_capacity.TheStartIsBehindTheAdmission.test_a_start_after_admission_proceeds)
And the reversal: once capacity has admitted the member, the
----------------------------------------------------------------------
Traceback (most recent call last):
  File "/home/sl/src/baton/v12/python/tests/job_manager/test_managed_integration_capacity.py", line 2277, in test_a_start_after_admission_proceeds
    request=self.request(), plan=self.plan(stage),
            ^^^^^^^^^^^^
AttributeError: 'TheStartIsBehindTheAdmission' object has no attribute 'request'

======================================================================
ERROR: test_a_start_before_admission_refuses (tests.job_manager.test_managed_integration_capacity.TheStartIsBehindTheAdmission.test_a_start_before_admission_refuses)
CAPACITY IS THE GATE. An intent decides; it does not admit, and
----------------------------------------------------------------------
Traceback (most recent call last):
  File "/home/sl/src/baton/v12/python/tests/job_manager/test_managed_integration_capacity.py", line 2257, in test_a_start_before_admission_refuses
    request=self.request(), plan=self.plan(stage),
            ^^^^^^^^^^^^
AttributeError: 'TheStartIsBehindTheAdmission' object has no attribute 'request'

======================================================================
ERROR: test_a_start_without_a_decision_refuses (tests.job_manager.test_managed_integration_capacity.TheStartIsBehindTheAdmission.test_a_start_without_a_decision_refuses)
An orchestration with no intent has decided nothing, whatever Work
----------------------------------------------------------------------
Traceback (most recent call last):
  File "/home/sl/src/baton/v12/python/tests/job_manager/test_managed_integration_capacity.py", line 2241, in test_a_start_without_a_decision_refuses
    execution = self.execution(store)
  File "/home/sl/src/baton/v12/python/tests/job_manager/test_managed_integration_capacity.py", line 2234, in execution
    jobs=store, manager=self._control, control=self._control,
                        ^^^^^^^^^^^^^
AttributeError: 'TheStartIsBehindTheAdmission' object has no attribute '_control'. Did you mean: 'control'?

======================================================================
ERROR: test_the_admitted_member_is_read_from_the_store_not_remembered (tests.job_manager.test_managed_integration_capacity.TheStartIsBehindTheAdmission.test_the_admitted_member_is_read_from_the_store_not_remembered)
A composition that trusted its own bookkeeping would authorise a
----------------------------------------------------------------------
Traceback (most recent call last):
  File "/home/sl/src/baton/v12/python/tests/job_manager/test_managed_integration_capacity.py", line 2297, in test_the_admitted_member_is_read_from_the_store_not_remembered
    request=self.request(), plan=self.plan(stage),
            ^^^^^^^^^^^^
AttributeError: 'TheStartIsBehindTheAdmission' object has no attribute 'request'

======================================================================
ERROR: test_the_parent_offer_is_not_settled_by_preparing (tests.job_manager.test_managed_integration_capacity.TheStartIsBehindTheAdmission.test_the_parent_offer_is_not_settled_by_preparing)
The same actor holds the parent while it prepares, so the root must
----------------------------------------------------------------------
Traceback (most recent call last):
  File "/home/sl/src/baton/v12/python/tests/job_manager/test_managed_integration_capacity.py", line 2319, in test_the_parent_offer_is_not_settled_by_preparing
    request=self.request(), plan=self.plan(stage),
            ^^^^^^^^^^^^
AttributeError: 'TheStartIsBehindTheAdmission' object has no attribute 'request'

----------------------------------------------------------------------
Ran 100 tests in 0.968s

FAILED (errors=5)
