$ env PYTHONPATH=src:tools:. /home/sl/src/baton/.venv/bin/python3 -m unittest tests.job_manager.test_managed_integration_capacity tests.tools.test_managed_integration tests.integration.test_managed_storage tests.integration.test_managed_execution tests.integration.test_reconciliation tests.integration.test_coordinator tests.manager.test_intake tests.manager.test_output tests.manager.test_reconciliation_worker tests.job_manager.test_store tests.job_manager.test_scheduling tests.job_manager.test_execution_limits
....................................................................................................................................................................................................................................................................................................................................................................................................................................................../home/sl/src/baton/v12/python/tests/integration/test_coordinator.py:3538: ResourceWarning: unclosed file <_io.BufferedReader name='/tmp/v12-integration-shf93kas/prose.txt'>
  before = open(prose, "rb").read()
ResourceWarning: Enable tracemalloc to get the object allocation traceback
/home/sl/src/baton/v12/python/tests/integration/test_coordinator.py:3545: ResourceWarning: unclosed file <_io.BufferedReader name='/tmp/v12-integration-shf93kas/prose.txt'>
  self.assertEqual(open(prose, "rb").read(), before)
ResourceWarning: Enable tracemalloc to get the object allocation traceback
./home/sl/src/baton/v12/python/tests/integration/test_coordinator.py:3416: ResourceWarning: unclosed file <_io.BufferedReader name='/tmp/v12-integration-zeznw7qq/theirs.sqlite3'>
  before = open(foreign, "rb").read()
ResourceWarning: Enable tracemalloc to get the object allocation traceback
/home/sl/src/baton/v12/python/tests/integration/test_coordinator.py:3421: ResourceWarning: unclosed file <_io.BufferedReader name='/tmp/v12-integration-zeznw7qq/theirs.sqlite3'>
  self.assertEqual(open(foreign, "rb").read(), before)
ResourceWarning: Enable tracemalloc to get the object allocation traceback
./home/sl/src/baton/v12/python/tests/integration/test_coordinator.py:3338: ResourceWarning: unclosed file <_io.BufferedReader name='/tmp/v12-integration-pkmijchc/integration.sqlite3'>
  return {name: (open(os.path.join(self.root, name), "rb").read(),
ResourceWarning: Enable tracemalloc to get the object allocation traceback
/home/sl/src/baton/v12/python/tests/integration/test_coordinator.py:3338: ResourceWarning: unclosed file <_io.BufferedReader name='/tmp/v12-integration-xwvgzwng/integration.sqlite3'>
  return {name: (open(os.path.join(self.root, name), "rb").read(),
ResourceWarning: Enable tracemalloc to get the object allocation traceback
../home/sl/src/baton/v12/python/tests/integration/test_coordinator.py:3559: ResourceWarning: unclosed file <_io.BufferedReader name='/tmp/v12-integration-7swo44vz/older.sqlite3'>
  before = open(path, "rb").read()
ResourceWarning: Enable tracemalloc to get the object allocation traceback
/home/sl/src/baton/v12/python/tests/integration/test_coordinator.py:3563: ResourceWarning: unclosed file <_io.BufferedReader name='/tmp/v12-integration-7swo44vz/older.sqlite3'>
  self.assertEqual(open(path, "rb").read(), before)
ResourceWarning: Enable tracemalloc to get the object allocation traceback
./home/sl/src/baton/v12/python/tests/integration/test_coordinator.py:3338: ResourceWarning: unclosed file <_io.BufferedReader name='/tmp/v12-integration-s0l5hiij/integration.sqlite3'>
  return {name: (open(os.path.join(self.root, name), "rb").read(),
ResourceWarning: Enable tracemalloc to get the object allocation traceback
./home/sl/src/baton/v12/python/tests/integration/test_coordinator.py:3431: ResourceWarning: unclosed file <_io.BufferedReader name='/tmp/v12-integration-m2nqmtie/other-kind.sqlite3'>
  before = open(foreign, "rb").read()
ResourceWarning: Enable tracemalloc to get the object allocation traceback
/home/sl/src/baton/v12/python/tests/integration/test_coordinator.py:3435: ResourceWarning: unclosed file <_io.BufferedReader name='/tmp/v12-integration-m2nqmtie/other-kind.sqlite3'>
  self.assertEqual(open(foreign, "rb").read(), before)
ResourceWarning: Enable tracemalloc to get the object allocation traceback
.../home/sl/src/baton/v12/python/tests/integration/test_coordinator.py:3404: ResourceWarning: unclosed file <_io.BufferedReader name='/tmp/v12-integration-ta6n54ch/empty.sqlite3'>
  before = open(empty, "rb").read()
ResourceWarning: Enable tracemalloc to get the object allocation traceback
/home/sl/src/baton/v12/python/tests/integration/test_coordinator.py:3409: ResourceWarning: unclosed file <_io.BufferedReader name='/tmp/v12-integration-ta6n54ch/empty.sqlite3'>
  self.assertEqual(open(empty, "rb").read(), before)
ResourceWarning: Enable tracemalloc to get the object allocation traceback
....../home/sl/src/baton/v12/python/tests/integration/test_coordinator.py:3338: ResourceWarning: unclosed file <_io.BufferedReader name='/tmp/v12-integration-qm5piy3w/integration.sqlite3'>
  return {name: (open(os.path.join(self.root, name), "rb").read(),
ResourceWarning: Enable tracemalloc to get the object allocation traceback
...........................................................................................................................................................................................................................................................................................................................................................................................................................................................................................................................................
----------------------------------------------------------------------
Ran 976 tests in 14.857s

OK
