$ env PYTHONPATH=src:tools:. /home/sl/src/baton/.venv/bin/python3 -m unittest tests.manager.test_reconciliation_task
........EEEEEEEEEEEEEEEEEEEEEEEEEEE....
======================================================================
ERROR: test_a_base_without_a_preceding_combined_state_refuses (tests.manager.test_reconciliation_task.TheReportSaysWhatItObserved.test_a_base_without_a_preceding_combined_state_refuses)
The carry has no source, and the base's own file is not a
----------------------------------------------------------------------
Traceback (most recent call last):
  File "/home/sl/src/baton/v12/python/tests/manager/test_reconciliation_task.py", line 264, in setUp
    for name in task.CAUSAL_ORDER:
                ^^^^^^^^^^^^^^^^^
AttributeError: module 'reconciliation_task' has no attribute 'CAUSAL_ORDER'

======================================================================
ERROR: test_a_combined_state_with_no_harness_refuses (tests.manager.test_reconciliation_task.TheReportSaysWhatItObserved.test_a_combined_state_with_no_harness_refuses)
Its status measured something else, and carrying nothing forward
----------------------------------------------------------------------
Traceback (most recent call last):
  File "/home/sl/src/baton/v12/python/tests/manager/test_reconciliation_task.py", line 264, in setUp
    for name in task.CAUSAL_ORDER:
                ^^^^^^^^^^^^^^^^^
AttributeError: module 'reconciliation_task' has no attribute 'CAUSAL_ORDER'

======================================================================
ERROR: test_a_command_this_workload_does_not_run_is_refused (tests.manager.test_reconciliation_task.TheReportSaysWhatItObserved.test_a_command_this_workload_does_not_run_is_refused)
----------------------------------------------------------------------
Traceback (most recent call last):
  File "/home/sl/src/baton/v12/python/tests/manager/test_reconciliation_task.py", line 264, in setUp
    for name in task.CAUSAL_ORDER:
                ^^^^^^^^^^^^^^^^^
AttributeError: module 'reconciliation_task' has no attribute 'CAUSAL_ORDER'

======================================================================
ERROR: test_a_cut_phase_is_not_counted_as_never_having_run (tests.manager.test_reconciliation_task.TheReportSaysWhatItObserved.test_a_cut_phase_is_not_counted_as_never_having_run)
CORRECTED UNDER STANDING TEST AUTHORITY (review claim166129 defect
----------------------------------------------------------------------
Traceback (most recent call last):
  File "/home/sl/src/baton/v12/python/tests/manager/test_reconciliation_task.py", line 264, in setUp
    for name in task.CAUSAL_ORDER:
                ^^^^^^^^^^^^^^^^^
AttributeError: module 'reconciliation_task' has no attribute 'CAUSAL_ORDER'

======================================================================
ERROR: test_a_genuine_base_failure_is_a_real_integer (tests.manager.test_reconciliation_task.TheReportSaysWhatItObserved.test_a_genuine_base_failure_is_a_real_integer)
A base that fails BECAUSE the fix is absent is positive evidence,
----------------------------------------------------------------------
Traceback (most recent call last):
  File "/home/sl/src/baton/v12/python/tests/manager/test_reconciliation_task.py", line 264, in setUp
    for name in task.CAUSAL_ORDER:
                ^^^^^^^^^^^^^^^^^
AttributeError: module 'reconciliation_task' has no attribute 'CAUSAL_ORDER'

======================================================================
ERROR: test_a_passing_sequence_is_measured_with_no_suffix (tests.manager.test_reconciliation_task.TheReportSaysWhatItObserved.test_a_passing_sequence_is_measured_with_no_suffix)
----------------------------------------------------------------------
Traceback (most recent call last):
  File "/home/sl/src/baton/v12/python/tests/manager/test_reconciliation_task.py", line 264, in setUp
    for name in task.CAUSAL_ORDER:
                ^^^^^^^^^^^^^^^^^
AttributeError: module 'reconciliation_task' has no attribute 'CAUSAL_ORDER'

======================================================================
ERROR: test_nothing_observed_at_all_is_its_own_answer (tests.manager.test_reconciliation_task.TheReportSaysWhatItObserved.test_nothing_observed_at_all_is_its_own_answer)
----------------------------------------------------------------------
Traceback (most recent call last):
  File "/home/sl/src/baton/v12/python/tests/manager/test_reconciliation_task.py", line 264, in setUp
    for name in task.CAUSAL_ORDER:
                ^^^^^^^^^^^^^^^^^
AttributeError: module 'reconciliation_task' has no attribute 'CAUSAL_ORDER'

======================================================================
ERROR: test_the_base_is_measured_with_the_combined_harness (tests.manager.test_reconciliation_task.TheReportSaysWhatItObserved.test_the_base_is_measured_with_the_combined_harness)
`_CausalObserver`'s rule, held here: the base predates the test the
----------------------------------------------------------------------
Traceback (most recent call last):
  File "/home/sl/src/baton/v12/python/tests/manager/test_reconciliation_task.py", line 264, in setUp
    for name in task.CAUSAL_ORDER:
                ^^^^^^^^^^^^^^^^^
AttributeError: module 'reconciliation_task' has no attribute 'CAUSAL_ORDER'

======================================================================
ERROR: test_the_report_claims_nothing_about_collection (tests.manager.test_reconciliation_task.TheReportSaysWhatItObserved.test_the_report_claims_nothing_about_collection)
A workload cannot say its output was frozen, taken into custody or
----------------------------------------------------------------------
Traceback (most recent call last):
  File "/home/sl/src/baton/v12/python/tests/manager/test_reconciliation_task.py", line 264, in setUp
    for name in task.CAUSAL_ORDER:
                ^^^^^^^^^^^^^^^^^
AttributeError: module 'reconciliation_task' has no attribute 'CAUSAL_ORDER'

======================================================================
ERROR: test_a_request_is_read_from_the_ordinary_namespace (tests.manager.test_reconciliation_task.TheRequestIsReadOrRefused.test_a_request_is_read_from_the_ordinary_namespace)
----------------------------------------------------------------------
Traceback (most recent call last):
  File "/home/sl/src/baton/v12/python/tests/manager/test_reconciliation_task.py", line 127, in test_a_request_is_read_from_the_ordinary_namespace
    held = task.read_request(self.written(_request()))
                                          ~~~~~~~~^^
  File "/home/sl/src/baton/v12/python/tests/manager/test_reconciliation_task.py", line 68, in _request
    return json.loads(json.dumps(_producer_request(**changed)))
                                 ~~~~~~~~~~~~~~~~~^^^^^^^^^^^
  File "/home/sl/src/baton/v12/python/tests/manager/test_reconciliation_task.py", line 55, in _producer_request
    "commands": list(task.CAUSAL_ORDER)}
                     ^^^^^^^^^^^^^^^^^
AttributeError: module 'reconciliation_task' has no attribute 'CAUSAL_ORDER'

======================================================================
ERROR: test_a_request_missing_a_required_member_refuses (tests.manager.test_reconciliation_task.TheRequestIsReadOrRefused.test_a_request_missing_a_required_member_refuses) (member='source')
----------------------------------------------------------------------
Traceback (most recent call last):
  File "/home/sl/src/baton/v12/python/tests/manager/test_reconciliation_task.py", line 158, in test_a_request_missing_a_required_member_refuses
    held = _request()
  File "/home/sl/src/baton/v12/python/tests/manager/test_reconciliation_task.py", line 68, in _request
    return json.loads(json.dumps(_producer_request(**changed)))
                                 ~~~~~~~~~~~~~~~~~^^^^^^^^^^^
  File "/home/sl/src/baton/v12/python/tests/manager/test_reconciliation_task.py", line 55, in _producer_request
    "commands": list(task.CAUSAL_ORDER)}
                     ^^^^^^^^^^^^^^^^^
AttributeError: module 'reconciliation_task' has no attribute 'CAUSAL_ORDER'

======================================================================
ERROR: test_a_request_missing_a_required_member_refuses (tests.manager.test_reconciliation_task.TheRequestIsReadOrRefused.test_a_request_missing_a_required_member_refuses) (member='authority')
----------------------------------------------------------------------
Traceback (most recent call last):
  File "/home/sl/src/baton/v12/python/tests/manager/test_reconciliation_task.py", line 158, in test_a_request_missing_a_required_member_refuses
    held = _request()
  File "/home/sl/src/baton/v12/python/tests/manager/test_reconciliation_task.py", line 68, in _request
    return json.loads(json.dumps(_producer_request(**changed)))
                                 ~~~~~~~~~~~~~~~~~^^^^^^^^^^^
  File "/home/sl/src/baton/v12/python/tests/manager/test_reconciliation_task.py", line 55, in _producer_request
    "commands": list(task.CAUSAL_ORDER)}
                     ^^^^^^^^^^^^^^^^^
AttributeError: module 'reconciliation_task' has no attribute 'CAUSAL_ORDER'

======================================================================
ERROR: test_a_request_missing_a_required_member_refuses (tests.manager.test_reconciliation_task.TheRequestIsReadOrRefused.test_a_request_missing_a_required_member_refuses) (member='commands')
----------------------------------------------------------------------
Traceback (most recent call last):
  File "/home/sl/src/baton/v12/python/tests/manager/test_reconciliation_task.py", line 158, in test_a_request_missing_a_required_member_refuses
    held = _request()
  File "/home/sl/src/baton/v12/python/tests/manager/test_reconciliation_task.py", line 68, in _request
    return json.loads(json.dumps(_producer_request(**changed)))
                                 ~~~~~~~~~~~~~~~~~^^^^^^^^^^^
  File "/home/sl/src/baton/v12/python/tests/manager/test_reconciliation_task.py", line 55, in _producer_request
    "commands": list(task.CAUSAL_ORDER)}
                     ^^^^^^^^^^^^^^^^^
AttributeError: module 'reconciliation_task' has no attribute 'CAUSAL_ORDER'

======================================================================
ERROR: test_a_request_missing_a_required_member_refuses (tests.manager.test_reconciliation_task.TheRequestIsReadOrRefused.test_a_request_missing_a_required_member_refuses) (member='harness_digest')
----------------------------------------------------------------------
Traceback (most recent call last):
  File "/home/sl/src/baton/v12/python/tests/manager/test_reconciliation_task.py", line 158, in test_a_request_missing_a_required_member_refuses
    held = _request()
  File "/home/sl/src/baton/v12/python/tests/manager/test_reconciliation_task.py", line 68, in _request
    return json.loads(json.dumps(_producer_request(**changed)))
                                 ~~~~~~~~~~~~~~~~~^^^^^^^^^^^
  File "/home/sl/src/baton/v12/python/tests/manager/test_reconciliation_task.py", line 55, in _producer_request
    "commands": list(task.CAUSAL_ORDER)}
                     ^^^^^^^^^^^^^^^^^
AttributeError: module 'reconciliation_task' has no attribute 'CAUSAL_ORDER'

======================================================================
ERROR: test_a_request_missing_a_required_member_refuses (tests.manager.test_reconciliation_task.TheRequestIsReadOrRefused.test_a_request_missing_a_required_member_refuses) (member='execution_limits')
----------------------------------------------------------------------
Traceback (most recent call last):
  File "/home/sl/src/baton/v12/python/tests/manager/test_reconciliation_task.py", line 158, in test_a_request_missing_a_required_member_refuses
    held = _request()
  File "/home/sl/src/baton/v12/python/tests/manager/test_reconciliation_task.py", line 68, in _request
    return json.loads(json.dumps(_producer_request(**changed)))
                                 ~~~~~~~~~~~~~~~~~^^^^^^^^^^^
  File "/home/sl/src/baton/v12/python/tests/manager/test_reconciliation_task.py", line 55, in _producer_request
    "commands": list(task.CAUSAL_ORDER)}
                     ^^^^^^^^^^^^^^^^^
AttributeError: module 'reconciliation_task' has no attribute 'CAUSAL_ORDER'

======================================================================
ERROR: test_a_revision_expression_refuses (tests.manager.test_reconciliation_task.TheRequestIsReadOrRefused.test_a_revision_expression_refuses) (member='base', value='HEAD~1')
A preparation is about an immutable snapshot: `HEAD~1` and a branch
----------------------------------------------------------------------
Traceback (most recent call last):
  File "/home/sl/src/baton/v12/python/tests/manager/test_reconciliation_task.py", line 147, in test_a_revision_expression_refuses
    source = dict(_request()["source"], **{member: wrong})
                  ~~~~~~~~^^
  File "/home/sl/src/baton/v12/python/tests/manager/test_reconciliation_task.py", line 68, in _request
    return json.loads(json.dumps(_producer_request(**changed)))
                                 ~~~~~~~~~~~~~~~~~^^^^^^^^^^^
  File "/home/sl/src/baton/v12/python/tests/manager/test_reconciliation_task.py", line 55, in _producer_request
    "commands": list(task.CAUSAL_ORDER)}
                     ^^^^^^^^^^^^^^^^^
AttributeError: module 'reconciliation_task' has no attribute 'CAUSAL_ORDER'

======================================================================
ERROR: test_a_revision_expression_refuses (tests.manager.test_reconciliation_task.TheRequestIsReadOrRefused.test_a_revision_expression_refuses) (member='base', value='main')
A preparation is about an immutable snapshot: `HEAD~1` and a branch
----------------------------------------------------------------------
Traceback (most recent call last):
  File "/home/sl/src/baton/v12/python/tests/manager/test_reconciliation_task.py", line 147, in test_a_revision_expression_refuses
    source = dict(_request()["source"], **{member: wrong})
                  ~~~~~~~~^^
  File "/home/sl/src/baton/v12/python/tests/manager/test_reconciliation_task.py", line 68, in _request
    return json.loads(json.dumps(_producer_request(**changed)))
                                 ~~~~~~~~~~~~~~~~~^^^^^^^^^^^
  File "/home/sl/src/baton/v12/python/tests/manager/test_reconciliation_task.py", line 55, in _producer_request
    "commands": list(task.CAUSAL_ORDER)}
                     ^^^^^^^^^^^^^^^^^
AttributeError: module 'reconciliation_task' has no attribute 'CAUSAL_ORDER'

======================================================================
ERROR: test_a_revision_expression_refuses (tests.manager.test_reconciliation_task.TheRequestIsReadOrRefused.test_a_revision_expression_refuses) (member='base', value='aaaaaaaaaaaaaaaaaaaaaaaaaaaaaaaaaaaaaaa')
A preparation is about an immutable snapshot: `HEAD~1` and a branch
----------------------------------------------------------------------
Traceback (most recent call last):
  File "/home/sl/src/baton/v12/python/tests/manager/test_reconciliation_task.py", line 147, in test_a_revision_expression_refuses
    source = dict(_request()["source"], **{member: wrong})
                  ~~~~~~~~^^
  File "/home/sl/src/baton/v12/python/tests/manager/test_reconciliation_task.py", line 68, in _request
    return json.loads(json.dumps(_producer_request(**changed)))
                                 ~~~~~~~~~~~~~~~~~^^^^^^^^^^^
  File "/home/sl/src/baton/v12/python/tests/manager/test_reconciliation_task.py", line 55, in _producer_request
    "commands": list(task.CAUSAL_ORDER)}
                     ^^^^^^^^^^^^^^^^^
AttributeError: module 'reconciliation_task' has no attribute 'CAUSAL_ORDER'

======================================================================
ERROR: test_a_revision_expression_refuses (tests.manager.test_reconciliation_task.TheRequestIsReadOrRefused.test_a_revision_expression_refuses) (member='base', value=None)
A preparation is about an immutable snapshot: `HEAD~1` and a branch
----------------------------------------------------------------------
Traceback (most recent call last):
  File "/home/sl/src/baton/v12/python/tests/manager/test_reconciliation_task.py", line 147, in test_a_revision_expression_refuses
    source = dict(_request()["source"], **{member: wrong})
                  ~~~~~~~~^^
  File "/home/sl/src/baton/v12/python/tests/manager/test_reconciliation_task.py", line 68, in _request
    return json.loads(json.dumps(_producer_request(**changed)))
                                 ~~~~~~~~~~~~~~~~~^^^^^^^^^^^
  File "/home/sl/src/baton/v12/python/tests/manager/test_reconciliation_task.py", line 55, in _producer_request
    "commands": list(task.CAUSAL_ORDER)}
                     ^^^^^^^^^^^^^^^^^
AttributeError: module 'reconciliation_task' has no attribute 'CAUSAL_ORDER'

======================================================================
ERROR: test_a_revision_expression_refuses (tests.manager.test_reconciliation_task.TheRequestIsReadOrRefused.test_a_revision_expression_refuses) (member='candidate', value='HEAD~1')
A preparation is about an immutable snapshot: `HEAD~1` and a branch
----------------------------------------------------------------------
Traceback (most recent call last):
  File "/home/sl/src/baton/v12/python/tests/manager/test_reconciliation_task.py", line 147, in test_a_revision_expression_refuses
    source = dict(_request()["source"], **{member: wrong})
                  ~~~~~~~~^^
  File "/home/sl/src/baton/v12/python/tests/manager/test_reconciliation_task.py", line 68, in _request
    return json.loads(json.dumps(_producer_request(**changed)))
                                 ~~~~~~~~~~~~~~~~~^^^^^^^^^^^
  File "/home/sl/src/baton/v12/python/tests/manager/test_reconciliation_task.py", line 55, in _producer_request
    "commands": list(task.CAUSAL_ORDER)}
                     ^^^^^^^^^^^^^^^^^
AttributeError: module 'reconciliation_task' has no attribute 'CAUSAL_ORDER'

======================================================================
ERROR: test_a_revision_expression_refuses (tests.manager.test_reconciliation_task.TheRequestIsReadOrRefused.test_a_revision_expression_refuses) (member='candidate', value='main')
A preparation is about an immutable snapshot: `HEAD~1` and a branch
----------------------------------------------------------------------
Traceback (most recent call last):
  File "/home/sl/src/baton/v12/python/tests/manager/test_reconciliation_task.py", line 147, in test_a_revision_expression_refuses
    source = dict(_request()["source"], **{member: wrong})
                  ~~~~~~~~^^
  File "/home/sl/src/baton/v12/python/tests/manager/test_reconciliation_task.py", line 68, in _request
    return json.loads(json.dumps(_producer_request(**changed)))
                                 ~~~~~~~~~~~~~~~~~^^^^^^^^^^^
  File "/home/sl/src/baton/v12/python/tests/manager/test_reconciliation_task.py", line 55, in _producer_request
    "commands": list(task.CAUSAL_ORDER)}
                     ^^^^^^^^^^^^^^^^^
AttributeError: module 'reconciliation_task' has no attribute 'CAUSAL_ORDER'

======================================================================
ERROR: test_a_revision_expression_refuses (tests.manager.test_reconciliation_task.TheRequestIsReadOrRefused.test_a_revision_expression_refuses) (member='candidate', value='aaaaaaaaaaaaaaaaaaaaaaaaaaaaaaaaaaaaaaa')
A preparation is about an immutable snapshot: `HEAD~1` and a branch
----------------------------------------------------------------------
Traceback (most recent call last):
  File "/home/sl/src/baton/v12/python/tests/manager/test_reconciliation_task.py", line 147, in test_a_revision_expression_refuses
    source = dict(_request()["source"], **{member: wrong})
                  ~~~~~~~~^^
  File "/home/sl/src/baton/v12/python/tests/manager/test_reconciliation_task.py", line 68, in _request
    return json.loads(json.dumps(_producer_request(**changed)))
                                 ~~~~~~~~~~~~~~~~~^^^^^^^^^^^
  File "/home/sl/src/baton/v12/python/tests/manager/test_reconciliation_task.py", line 55, in _producer_request
    "commands": list(task.CAUSAL_ORDER)}
                     ^^^^^^^^^^^^^^^^^
AttributeError: module 'reconciliation_task' has no attribute 'CAUSAL_ORDER'

======================================================================
ERROR: test_a_revision_expression_refuses (tests.manager.test_reconciliation_task.TheRequestIsReadOrRefused.test_a_revision_expression_refuses) (member='candidate', value=None)
A preparation is about an immutable snapshot: `HEAD~1` and a branch
----------------------------------------------------------------------
Traceback (most recent call last):
  File "/home/sl/src/baton/v12/python/tests/manager/test_reconciliation_task.py", line 147, in test_a_revision_expression_refuses
    source = dict(_request()["source"], **{member: wrong})
                  ~~~~~~~~^^
  File "/home/sl/src/baton/v12/python/tests/manager/test_reconciliation_task.py", line 68, in _request
    return json.loads(json.dumps(_producer_request(**changed)))
                                 ~~~~~~~~~~~~~~~~~^^^^^^^^^^^
  File "/home/sl/src/baton/v12/python/tests/manager/test_reconciliation_task.py", line 55, in _producer_request
    "commands": list(task.CAUSAL_ORDER)}
                     ^^^^^^^^^^^^^^^^^
AttributeError: module 'reconciliation_task' has no attribute 'CAUSAL_ORDER'

======================================================================
ERROR: test_a_revision_expression_refuses (tests.manager.test_reconciliation_task.TheRequestIsReadOrRefused.test_a_revision_expression_refuses) (member='target_revision', value='HEAD~1')
A preparation is about an immutable snapshot: `HEAD~1` and a branch
----------------------------------------------------------------------
Traceback (most recent call last):
  File "/home/sl/src/baton/v12/python/tests/manager/test_reconciliation_task.py", line 147, in test_a_revision_expression_refuses
    source = dict(_request()["source"], **{member: wrong})
                  ~~~~~~~~^^
  File "/home/sl/src/baton/v12/python/tests/manager/test_reconciliation_task.py", line 68, in _request
    return json.loads(json.dumps(_producer_request(**changed)))
                                 ~~~~~~~~~~~~~~~~~^^^^^^^^^^^
  File "/home/sl/src/baton/v12/python/tests/manager/test_reconciliation_task.py", line 55, in _producer_request
    "commands": list(task.CAUSAL_ORDER)}
                     ^^^^^^^^^^^^^^^^^
AttributeError: module 'reconciliation_task' has no attribute 'CAUSAL_ORDER'

======================================================================
ERROR: test_a_revision_expression_refuses (tests.manager.test_reconciliation_task.TheRequestIsReadOrRefused.test_a_revision_expression_refuses) (member='target_revision', value='main')
A preparation is about an immutable snapshot: `HEAD~1` and a branch
----------------------------------------------------------------------
Traceback (most recent call last):
  File "/home/sl/src/baton/v12/python/tests/manager/test_reconciliation_task.py", line 147, in test_a_revision_expression_refuses
    source = dict(_request()["source"], **{member: wrong})
                  ~~~~~~~~^^
  File "/home/sl/src/baton/v12/python/tests/manager/test_reconciliation_task.py", line 68, in _request
    return json.loads(json.dumps(_producer_request(**changed)))
                                 ~~~~~~~~~~~~~~~~~^^^^^^^^^^^
  File "/home/sl/src/baton/v12/python/tests/manager/test_reconciliation_task.py", line 55, in _producer_request
    "commands": list(task.CAUSAL_ORDER)}
                     ^^^^^^^^^^^^^^^^^
AttributeError: module 'reconciliation_task' has no attribute 'CAUSAL_ORDER'

======================================================================
ERROR: test_a_revision_expression_refuses (tests.manager.test_reconciliation_task.TheRequestIsReadOrRefused.test_a_revision_expression_refuses) (member='target_revision', value='aaaaaaaaaaaaaaaaaaaaaaaaaaaaaaaaaaaaaaa')
A preparation is about an immutable snapshot: `HEAD~1` and a branch
----------------------------------------------------------------------
Traceback (most recent call last):
  File "/home/sl/src/baton/v12/python/tests/manager/test_reconciliation_task.py", line 147, in test_a_revision_expression_refuses
    source = dict(_request()["source"], **{member: wrong})
                  ~~~~~~~~^^
  File "/home/sl/src/baton/v12/python/tests/manager/test_reconciliation_task.py", line 68, in _request
    return json.loads(json.dumps(_producer_request(**changed)))
                                 ~~~~~~~~~~~~~~~~~^^^^^^^^^^^
  File "/home/sl/src/baton/v12/python/tests/manager/test_reconciliation_task.py", line 55, in _producer_request
    "commands": list(task.CAUSAL_ORDER)}
                     ^^^^^^^^^^^^^^^^^
AttributeError: module 'reconciliation_task' has no attribute 'CAUSAL_ORDER'

======================================================================
ERROR: test_a_revision_expression_refuses (tests.manager.test_reconciliation_task.TheRequestIsReadOrRefused.test_a_revision_expression_refuses) (member='target_revision', value=None)
A preparation is about an immutable snapshot: `HEAD~1` and a branch
----------------------------------------------------------------------
Traceback (most recent call last):
  File "/home/sl/src/baton/v12/python/tests/manager/test_reconciliation_task.py", line 147, in test_a_revision_expression_refuses
    source = dict(_request()["source"], **{member: wrong})
                  ~~~~~~~~^^
  File "/home/sl/src/baton/v12/python/tests/manager/test_reconciliation_task.py", line 68, in _request
    return json.loads(json.dumps(_producer_request(**changed)))
                                 ~~~~~~~~~~~~~~~~~^^^^^^^^^^^
  File "/home/sl/src/baton/v12/python/tests/manager/test_reconciliation_task.py", line 55, in _producer_request
    "commands": list(task.CAUSAL_ORDER)}
                     ^^^^^^^^^^^^^^^^^
AttributeError: module 'reconciliation_task' has no attribute 'CAUSAL_ORDER'

----------------------------------------------------------------------
Ran 24 tests in 1.014s

FAILED (errors=27)
