$ env PYTHONPATH=src:tools:. python3 -m unittest tests.job_manager.test_managed_integration_capacity
EFFEEE..EE....
======================================================================
ERROR: test_a_failed_execution_ends_without_becoming_a_success (tests.job_manager.test_managed_integration_capacity.ThePhasesAreSerial.test_a_failed_execution_ends_without_becoming_a_success)
`failed` is an ENDING like `succeeded` is. The outcome says what the
----------------------------------------------------------------------
Traceback (most recent call last):
  File "/home/sl/src/baton/v12/python/tests/job_manager/test_managed_integration_capacity.py", line 272, in test_a_failed_execution_ends_without_becoming_a_success
    store, self.claimed("prepare-attempt-1", "prepare-offer-1"),
           ~~~~~~~~~~~~^^^^^^^^^^^^^^^^^^^^^^^^^^^^^^^^^^^^^^^^
  File "/home/sl/src/baton/v12/python/tests/job_manager/test_managed_integration_capacity.py", line 92, in claimed
    certify_profile(control, "runtime", "reference", self.PROFILE)
    ~~~~~~~~~~~~~~~^^^^^^^^^^^^^^^^^^^^^^^^^^^^^^^^^^^^^^^^^^^^^^^
  File "/home/sl/src/baton/v12/python/src/baton_v12/worker_manager/offers.py", line 178, in certify_profile
    return store.transact(f"profile.certify:{kind}:{name}", "profile.certify",
           ~~~~~~~~~~~~~~^^^^^^^^^^^^^^^^^^^^^^^^^^^^^^^^^^^^^^^^^^^^^^^^^^^^^
                          signature, act)
                          ^^^^^^^^^^^^^^^
  File "/home/sl/src/baton/v12/python/src/baton_v12/worker_manager/store.py", line 588, in transact
    found, value = self.replay(operation_id, signature, kind=kind)
                   ~~~~~~~~~~~^^^^^^^^^^^^^^^^^^^^^^^^^^^^^^^^^^^^
  File "/home/sl/src/baton/v12/python/src/baton_v12/worker_manager/store.py", line 764, in replay
    raise ContractRefusal(
    ...<3 lines>...
        f"operands changes nothing (§4.2)")
baton_v12.contracts.errors.ContractRefusal: operation 'profile.certify:runtime:reference' is already recorded with a different kind or signature; reusing an id with different operands changes nothing (§4.2)

======================================================================
ERROR: test_apply_is_refused_while_preparation_is_still_live (tests.job_manager.test_managed_integration_capacity.ThePhasesAreSerial.test_apply_is_refused_while_preparation_is_still_live)
A parent apply and its preparation can never both be live under one
----------------------------------------------------------------------
Traceback (most recent call last):
  File "/home/sl/src/baton/v12/python/tests/job_manager/test_managed_integration_capacity.py", line 211, in test_apply_is_refused_while_preparation_is_still_live
    store, self.claimed("prepare-attempt-1", "prepare-offer-1"),
           ~~~~~~~~~~~~^^^^^^^^^^^^^^^^^^^^^^^^^^^^^^^^^^^^^^^^
  File "/home/sl/src/baton/v12/python/tests/job_manager/test_managed_integration_capacity.py", line 92, in claimed
    certify_profile(control, "runtime", "reference", self.PROFILE)
    ~~~~~~~~~~~~~~~^^^^^^^^^^^^^^^^^^^^^^^^^^^^^^^^^^^^^^^^^^^^^^^
  File "/home/sl/src/baton/v12/python/src/baton_v12/worker_manager/offers.py", line 178, in certify_profile
    return store.transact(f"profile.certify:{kind}:{name}", "profile.certify",
           ~~~~~~~~~~~~~~^^^^^^^^^^^^^^^^^^^^^^^^^^^^^^^^^^^^^^^^^^^^^^^^^^^^^
                          signature, act)
                          ^^^^^^^^^^^^^^^
  File "/home/sl/src/baton/v12/python/src/baton_v12/worker_manager/store.py", line 588, in transact
    found, value = self.replay(operation_id, signature, kind=kind)
                   ~~~~~~~~~~~^^^^^^^^^^^^^^^^^^^^^^^^^^^^^^^^^^^^
  File "/home/sl/src/baton/v12/python/src/baton_v12/worker_manager/store.py", line 764, in replay
    raise ContractRefusal(
    ...<3 lines>...
        f"operands changes nothing (§4.2)")
baton_v12.contracts.errors.ContractRefusal: operation 'profile.certify:runtime:reference' is already recorded with a different kind or signature; reusing an id with different operands changes nothing (§4.2)

======================================================================
ERROR: test_the_apply_phase_is_admitted_after_preparation_ends (tests.job_manager.test_managed_integration_capacity.ThePhasesAreSerial.test_the_apply_phase_is_admitted_after_preparation_ends)
----------------------------------------------------------------------
Traceback (most recent call last):
  File "/home/sl/src/baton/v12/python/tests/job_manager/test_managed_integration_capacity.py", line 227, in test_the_apply_phase_is_admitted_after_preparation_ends
    store, self.claimed("prepare-attempt-1", "prepare-offer-1"),
           ~~~~~~~~~~~~^^^^^^^^^^^^^^^^^^^^^^^^^^^^^^^^^^^^^^^^
  File "/home/sl/src/baton/v12/python/tests/job_manager/test_managed_integration_capacity.py", line 92, in claimed
    certify_profile(control, "runtime", "reference", self.PROFILE)
    ~~~~~~~~~~~~~~~^^^^^^^^^^^^^^^^^^^^^^^^^^^^^^^^^^^^^^^^^^^^^^^
  File "/home/sl/src/baton/v12/python/src/baton_v12/worker_manager/offers.py", line 178, in certify_profile
    return store.transact(f"profile.certify:{kind}:{name}", "profile.certify",
           ~~~~~~~~~~~~~~^^^^^^^^^^^^^^^^^^^^^^^^^^^^^^^^^^^^^^^^^^^^^^^^^^^^^
                          signature, act)
                          ^^^^^^^^^^^^^^^
  File "/home/sl/src/baton/v12/python/src/baton_v12/worker_manager/store.py", line 588, in transact
    found, value = self.replay(operation_id, signature, kind=kind)
                   ~~~~~~~~~~~^^^^^^^^^^^^^^^^^^^^^^^^^^^^^^^^^^^^
  File "/home/sl/src/baton/v12/python/src/baton_v12/worker_manager/store.py", line 764, in replay
    raise ContractRefusal(
    ...<3 lines>...
        f"operands changes nothing (§4.2)")
baton_v12.contracts.errors.ContractRefusal: operation 'profile.certify:runtime:reference' is already recorded with a different kind or signature; reusing an id with different operands changes nothing (§4.2)

======================================================================
ERROR: test_an_admitted_member_refuses_to_release (tests.job_manager.test_managed_integration_capacity.TheRegisteredRootHoldsItsCapacity.test_an_admitted_member_refuses_to_release)
The named branch matters: a VALIDATED COMPLETION of the parent
----------------------------------------------------------------------
Traceback (most recent call last):
  File "/home/sl/src/baton/v12/python/tests/job_manager/test_managed_integration_capacity.py", line 302, in test_an_admitted_member_refuses_to_release
    store, self.claimed("prepare-attempt-1", "prepare-offer-1"),
           ~~~~~~~~~~~~^^^^^^^^^^^^^^^^^^^^^^^^^^^^^^^^^^^^^^^^
  File "/home/sl/src/baton/v12/python/tests/job_manager/test_managed_integration_capacity.py", line 92, in claimed
    certify_profile(control, "runtime", "reference", self.PROFILE)
    ~~~~~~~~~~~~~~~^^^^^^^^^^^^^^^^^^^^^^^^^^^^^^^^^^^^^^^^^^^^^^^
  File "/home/sl/src/baton/v12/python/src/baton_v12/worker_manager/offers.py", line 178, in certify_profile
    return store.transact(f"profile.certify:{kind}:{name}", "profile.certify",
           ~~~~~~~~~~~~~~^^^^^^^^^^^^^^^^^^^^^^^^^^^^^^^^^^^^^^^^^^^^^^^^^^^^^
                          signature, act)
                          ^^^^^^^^^^^^^^^
  File "/home/sl/src/baton/v12/python/src/baton_v12/worker_manager/store.py", line 588, in transact
    found, value = self.replay(operation_id, signature, kind=kind)
                   ~~~~~~~~~~~^^^^^^^^^^^^^^^^^^^^^^^^^^^^^^^^^^^^
  File "/home/sl/src/baton/v12/python/src/baton_v12/worker_manager/store.py", line 764, in replay
    raise ContractRefusal(
    ...<3 lines>...
        f"operands changes nothing (§4.2)")
baton_v12.contracts.errors.ContractRefusal: operation 'profile.certify:runtime:reference' is already recorded with a different kind or signature; reusing an id with different operands changes nothing (§4.2)

======================================================================
ERROR: test_capacity_releases_once_after_a_validated_ending (tests.job_manager.test_managed_integration_capacity.TheRegisteredRootHoldsItsCapacity.test_capacity_releases_once_after_a_validated_ending)
----------------------------------------------------------------------
Traceback (most recent call last):
  File "/home/sl/src/baton/v12/python/tests/job_manager/test_managed_integration_capacity.py", line 332, in test_capacity_releases_once_after_a_validated_ending
    store, self.claimed("prepare-attempt-1", "prepare-offer-1"),
           ~~~~~~~~~~~~^^^^^^^^^^^^^^^^^^^^^^^^^^^^^^^^^^^^^^^^
  File "/home/sl/src/baton/v12/python/tests/job_manager/test_managed_integration_capacity.py", line 92, in claimed
    certify_profile(control, "runtime", "reference", self.PROFILE)
    ~~~~~~~~~~~~~~~^^^^^^^^^^^^^^^^^^^^^^^^^^^^^^^^^^^^^^^^^^^^^^^
  File "/home/sl/src/baton/v12/python/src/baton_v12/worker_manager/offers.py", line 178, in certify_profile
    return store.transact(f"profile.certify:{kind}:{name}", "profile.certify",
           ~~~~~~~~~~~~~~^^^^^^^^^^^^^^^^^^^^^^^^^^^^^^^^^^^^^^^^^^^^^^^^^^^^^
                          signature, act)
                          ^^^^^^^^^^^^^^^
  File "/home/sl/src/baton/v12/python/src/baton_v12/worker_manager/store.py", line 588, in transact
    found, value = self.replay(operation_id, signature, kind=kind)
                   ~~~~~~~~~~~^^^^^^^^^^^^^^^^^^^^^^^^^^^^^^^^^^^^
  File "/home/sl/src/baton/v12/python/src/baton_v12/worker_manager/store.py", line 764, in replay
    raise ContractRefusal(
    ...<3 lines>...
        f"operands changes nothing (§4.2)")
baton_v12.contracts.errors.ContractRefusal: operation 'profile.certify:runtime:reference' is already recorded with a different kind or signature; reusing an id with different operands changes nothing (§4.2)

======================================================================
ERROR: test_quarantine_still_works_while_a_member_is_open (tests.job_manager.test_managed_integration_capacity.TheRegisteredRootHoldsItsCapacity.test_quarantine_still_works_while_a_member_is_open)
THE GUARD IS ON THE RELEASE TRANSITION ONLY. A root that could not
----------------------------------------------------------------------
Traceback (most recent call last):
  File "/home/sl/src/baton/v12/python/tests/job_manager/test_managed_integration_capacity.py", line 321, in test_quarantine_still_works_while_a_member_is_open
    store, self.claimed("prepare-attempt-1", "prepare-offer-1"),
           ~~~~~~~~~~~~^^^^^^^^^^^^^^^^^^^^^^^^^^^^^^^^^^^^^^^^
  File "/home/sl/src/baton/v12/python/tests/job_manager/test_managed_integration_capacity.py", line 92, in claimed
    certify_profile(control, "runtime", "reference", self.PROFILE)
    ~~~~~~~~~~~~~~~^^^^^^^^^^^^^^^^^^^^^^^^^^^^^^^^^^^^^^^^^^^^^^^
  File "/home/sl/src/baton/v12/python/src/baton_v12/worker_manager/offers.py", line 178, in certify_profile
    return store.transact(f"profile.certify:{kind}:{name}", "profile.certify",
           ~~~~~~~~~~~~~~^^^^^^^^^^^^^^^^^^^^^^^^^^^^^^^^^^^^^^^^^^^^^^^^^^^^^
                          signature, act)
                          ^^^^^^^^^^^^^^^
  File "/home/sl/src/baton/v12/python/src/baton_v12/worker_manager/store.py", line 588, in transact
    found, value = self.replay(operation_id, signature, kind=kind)
                   ~~~~~~~~~~~^^^^^^^^^^^^^^^^^^^^^^^^^^^^^^^^^^^^
  File "/home/sl/src/baton/v12/python/src/baton_v12/worker_manager/store.py", line 764, in replay
    raise ContractRefusal(
    ...<3 lines>...
        f"operands changes nothing (§4.2)")
baton_v12.contracts.errors.ContractRefusal: operation 'profile.certify:runtime:reference' is already recorded with a different kind or signature; reusing an id with different operands changes nothing (§4.2)

======================================================================
FAIL: test_an_admission_naming_another_participant_is_refused (tests.job_manager.test_managed_integration_capacity.ThePhasesAreSerial.test_an_admission_naming_another_participant_is_refused)
----------------------------------------------------------------------
Traceback (most recent call last):
  File "/home/sl/src/baton/v12/python/tests/job_manager/test_managed_integration_capacity.py", line 255, in test_an_admission_naming_another_participant_is_refused
    self.assertIn("is planned for", str(caught.exception))
    ~~~~~~~~~~~~~^^^^^^^^^^^^^^^^^^^^^^^^^^^^^^^^^^^^^^^^^
AssertionError: 'is planned for' not found in "operation 'profile.certify:runtime:reference' is already recorded with a different kind or signature; reusing an id with different operands changes nothing (§4.2)"

======================================================================
FAIL: test_an_unplanned_execution_cannot_be_admitted (tests.job_manager.test_managed_integration_capacity.ThePhasesAreSerial.test_an_unplanned_execution_cannot_be_admitted)
----------------------------------------------------------------------
Traceback (most recent call last):
  File "/home/sl/src/baton/v12/python/tests/job_manager/test_managed_integration_capacity.py", line 265, in test_an_unplanned_execution_cannot_be_admitted
    self.assertIn("is not a planned member", str(caught.exception))
    ~~~~~~~~~~~~~^^^^^^^^^^^^^^^^^^^^^^^^^^^^^^^^^^^^^^^^^^^^^^^^^^
AssertionError: 'is not a planned member' not found in "operation 'profile.certify:runtime:reference' is already recorded with a different kind or signature; reusing an id with different operands changes nothing (§4.2)"

----------------------------------------------------------------------
Ran 14 tests in 0.051s

FAILED (failures=2, errors=6)
