$ env PYTHONPATH=src:tools:. /home/sl/src/baton/.venv/bin/python3 -m unittest tests.tools.test_job_viewer
...........F......../home/sl/src/baton/v12/python/tests/tools/test_job_viewer.py:259: ResourceWarning: unclosed file <_io.TextIOWrapper name='/dev/null' mode='w' encoding='UTF-8'>
  viewer.run(ticks=3, stream=open(os.devnull, "w"))
ResourceWarning: Enable tracemalloc to get the object allocation traceback
./home/sl/src/baton/v12/python/tests/tools/test_job_viewer.py:332: ResourceWarning: unclosed file <_io.TextIOWrapper name='/dev/null' mode='w' encoding='UTF-8'>
  viewer.run(ticks=4, stream=open(os.devnull, "w"))
ResourceWarning: Enable tracemalloc to get the object allocation traceback
.F/home/sl/src/baton/v12/python/tests/tools/test_job_viewer.py:268: ResourceWarning: unclosed file <_io.TextIOWrapper name='/dev/null' mode='w' encoding='UTF-8'>
  viewer.run(ticks=3, stream=open(os.devnull, "w"))
ResourceWarning: Enable tracemalloc to get the object allocation traceback
.
======================================================================
FAIL: test_it_reads_a_status_document_an_operator_already_has (tests.tools.test_job_viewer.TheCommandIsOrdinary.test_it_reads_a_status_document_an_operator_already_has)
----------------------------------------------------------------------
Traceback (most recent call last):
  File "/home/sl/src/baton/v12/python/tests/tools/test_job_viewer.py", line 350, in test_it_reads_a_status_document_an_operator_already_has
    self.assertEqual(code, 0)
    ~~~~~~~~~~~~~~~~^^^^^^^^^
AssertionError: 2 != 0

======================================================================
FAIL: test_the_module_constructs_no_serving_factory (tests.tools.test_job_viewer.TheViewerPerformsNoAct.test_the_module_constructs_no_serving_factory)
Read the imports rather than the paragraph promising the absence.
----------------------------------------------------------------------
Traceback (most recent call last):
  File "/home/sl/src/baton/v12/python/tests/tools/test_job_viewer.py", line 284, in test_the_module_constructs_no_serving_factory
    self.assertEqual(names, {"argparse", "datetime", "json", "sys",
    ~~~~~~~~~~~~~~~~^^^^^^^^^^^^^^^^^^^^^^^^^^^^^^^^^^^^^^^^^^^^^^^
                             "time", "baton_v12.job_manager"})
                             ^^^^^^^^^^^^^^^^^^^^^^^^^^^^^^^^^
AssertionError: Items in the first set but not the second:
'stat'
'os'

----------------------------------------------------------------------
Ran 24 tests in 0.053s

FAILED (failures=2)
