$ env PYTHONPATH=src:tools:. /home/sl/src/baton/.venv/bin/python3 -m unittest tests.manager.test_reconciliation_task
............................FF................
======================================================================
FAIL: test_a_float_does_not_pass_an_integer_owned_contract (tests.manager.test_reconciliation_task.TheRequestIsReadOrRefused.test_a_float_does_not_pass_an_integer_owned_contract) (value='a float')
THE SELECTED NUMERIC-TYPE CORRECTION. `300 == 300.0` is True and so
----------------------------------------------------------------------
Traceback (most recent call last):
  File "/home/sl/src/baton/v12/python/tests/manager/test_reconciliation_task.py", line 286, in test_a_float_does_not_pass_an_integer_owned_contract
    with self.assertRaises(task.PreparationRefusal) as caught:
         ~~~~~~~~~~~~~~~~~^^^^^^^^^^^^^^^^^^^^^^^^^
AssertionError: PreparationRefusal not raised

======================================================================
FAIL: test_a_float_does_not_pass_an_integer_owned_contract (tests.manager.test_reconciliation_task.TheRequestIsReadOrRefused.test_a_float_does_not_pass_an_integer_owned_contract) (value='a flag')
THE SELECTED NUMERIC-TYPE CORRECTION. `300 == 300.0` is True and so
----------------------------------------------------------------------
Traceback (most recent call last):
  File "/home/sl/src/baton/v12/python/tests/manager/test_reconciliation_task.py", line 290, in test_a_float_does_not_pass_an_integer_owned_contract
    self.assertIn("is still not one", str(caught.exception))
    ~~~~~~~~~~~~~^^^^^^^^^^^^^^^^^^^^^^^^^^^^^^^^^^^^^^^^^^^
AssertionError: 'is still not one' not found in 'these limits are not the ones this container was launched under; they differ at boundaries. A request is untrusted input and the launch document is the sealed resolution, so the launch decides'

----------------------------------------------------------------------
Ran 45 tests in 10.279s

FAILED (failures=2)
