$ env PYTHONPATH=src:tools:. /home/sl/src/baton/.venv/bin/python3 -m unittest tests.job_manager.test_managed_integration_capacity
............................................................................E.E.......EEE.............................................
======================================================================
ERROR: test_a_resumed_creation_does_not_mint_a_second_child_work (tests.job_manager.test_managed_integration_capacity.ThePreparationIsCoordinatedEndToEnd.test_a_resumed_creation_does_not_mint_a_second_child_work)
The intent carries the operation id `create_work` is called with,
----------------------------------------------------------------------
Traceback (most recent call last):
  File "/home/sl/src/baton/v12/python/tests/job_manager/test_managed_integration_capacity.py", line 2433, in test_a_resumed_creation_does_not_mint_a_second_child_work
    store, stage, allocation, execution, held = self.prepared()
                                                ~~~~~~~~~~~~~^^
  File "/home/sl/src/baton/v12/python/tests/job_manager/test_managed_integration_capacity.py", line 2382, in prepared
    held = execution.prepare(
        orchestration_id=self.ORCHESTRATION,
    ...<3 lines>...
        execution_route="integration-preparation",
        policy_digest=self.POLICY, profile_name="reference")
  File "/home/sl/src/baton/v12/python/tools/integration_worker.py", line 910, in prepare
    offer_id = self.offer(intent, planned, policy_digest=policy_digest,
                          profile_name=profile_name,
                          runtime_attempt_id=runtime_attempt_id)
  File "/home/sl/src/baton/v12/python/tools/integration_worker.py", line 950, in offer
    issue_offer(self._manager, self._port, offer_id=offer_id,
    ~~~~~~~~~~~^^^^^^^^^^^^^^^^^^^^^^^^^^^^^^^^^^^^^^^^^^^^^^
                work_id=intent["execution_work_id"],
                ^^^^^^^^^^^^^^^^^^^^^^^^^^^^^^^^^^^^
    ...<4 lines>...
                profile_name=profile_name,
                ^^^^^^^^^^^^^^^^^^^^^^^^^^
                mint_bearer=self._mint)
                ^^^^^^^^^^^^^^^^^^^^^^^
  File "/home/sl/src/baton/v12/python/src/baton_v12/worker_manager/offers.py", line 411, in issue_offer
    raise ContractRefusal(
    ...<4 lines>...
        f"derive the stored verifier")
baton_v12.contracts.errors.ContractRefusal: offer 'prepare-offer-1' is already issued; its bearer existed only in the process that minted it, so this call cannot reproduce one and will not answer with a bearer that does not derive the stored verifier

======================================================================
ERROR: test_admission_is_committed_before_anything_starts (tests.job_manager.test_managed_integration_capacity.ThePreparationIsCoordinatedEndToEnd.test_admission_is_committed_before_anything_starts)
----------------------------------------------------------------------
Traceback (most recent call last):
  File "/home/sl/src/baton/v12/python/tests/job_manager/test_managed_integration_capacity.py", line 2418, in test_admission_is_committed_before_anything_starts
    store, stage, allocation, execution, held = self.prepared()
                                                ~~~~~~~~~~~~~^^
  File "/home/sl/src/baton/v12/python/tests/job_manager/test_managed_integration_capacity.py", line 2382, in prepared
    held = execution.prepare(
        orchestration_id=self.ORCHESTRATION,
    ...<3 lines>...
        execution_route="integration-preparation",
        policy_digest=self.POLICY, profile_name="reference")
  File "/home/sl/src/baton/v12/python/tools/integration_worker.py", line 910, in prepare
    offer_id = self.offer(intent, planned, policy_digest=policy_digest,
                          profile_name=profile_name,
                          runtime_attempt_id=runtime_attempt_id)
  File "/home/sl/src/baton/v12/python/tools/integration_worker.py", line 950, in offer
    issue_offer(self._manager, self._port, offer_id=offer_id,
    ~~~~~~~~~~~^^^^^^^^^^^^^^^^^^^^^^^^^^^^^^^^^^^^^^^^^^^^^^
                work_id=intent["execution_work_id"],
                ^^^^^^^^^^^^^^^^^^^^^^^^^^^^^^^^^^^^
    ...<4 lines>...
                profile_name=profile_name,
                ^^^^^^^^^^^^^^^^^^^^^^^^^^
                mint_bearer=self._mint)
                ^^^^^^^^^^^^^^^^^^^^^^^
  File "/home/sl/src/baton/v12/python/src/baton_v12/worker_manager/offers.py", line 411, in issue_offer
    raise ContractRefusal(
    ...<4 lines>...
        f"derive the stored verifier")
baton_v12.contracts.errors.ContractRefusal: offer 'prepare-offer-1' is already issued; its bearer existed only in the process that minted it, so this call cannot reproduce one and will not answer with a bearer that does not derive the stored verifier

======================================================================
ERROR: test_the_offer_is_the_one_the_plan_registered (tests.job_manager.test_managed_integration_capacity.ThePreparationIsCoordinatedEndToEnd.test_the_offer_is_the_one_the_plan_registered)
Admission compares the membership against the registered plan, so a
----------------------------------------------------------------------
Traceback (most recent call last):
  File "/home/sl/src/baton/v12/python/tests/job_manager/test_managed_integration_capacity.py", line 2410, in test_the_offer_is_the_one_the_plan_registered
    store, stage, allocation, execution, held = self.prepared()
                                                ~~~~~~~~~~~~~^^
  File "/home/sl/src/baton/v12/python/tests/job_manager/test_managed_integration_capacity.py", line 2382, in prepared
    held = execution.prepare(
        orchestration_id=self.ORCHESTRATION,
    ...<3 lines>...
        execution_route="integration-preparation",
        policy_digest=self.POLICY, profile_name="reference")
  File "/home/sl/src/baton/v12/python/tools/integration_worker.py", line 910, in prepare
    offer_id = self.offer(intent, planned, policy_digest=policy_digest,
                          profile_name=profile_name,
                          runtime_attempt_id=runtime_attempt_id)
  File "/home/sl/src/baton/v12/python/tools/integration_worker.py", line 950, in offer
    issue_offer(self._manager, self._port, offer_id=offer_id,
    ~~~~~~~~~~~^^^^^^^^^^^^^^^^^^^^^^^^^^^^^^^^^^^^^^^^^^^^^^
                work_id=intent["execution_work_id"],
                ^^^^^^^^^^^^^^^^^^^^^^^^^^^^^^^^^^^^
    ...<4 lines>...
                profile_name=profile_name,
                ^^^^^^^^^^^^^^^^^^^^^^^^^^
                mint_bearer=self._mint)
                ^^^^^^^^^^^^^^^^^^^^^^^
  File "/home/sl/src/baton/v12/python/src/baton_v12/worker_manager/offers.py", line 411, in issue_offer
    raise ContractRefusal(
    ...<4 lines>...
        f"derive the stored verifier")
baton_v12.contracts.errors.ContractRefusal: offer 'prepare-offer-1' is already issued; its bearer existed only in the process that minted it, so this call cannot reproduce one and will not answer with a bearer that does not derive the stored verifier

======================================================================
ERROR: test_the_parent_keeps_its_one_reserved_root (tests.job_manager.test_managed_integration_capacity.ThePreparationIsCoordinatedEndToEnd.test_the_parent_keeps_its_one_reserved_root)
The same actor holds the parent while it prepares: one root, one
----------------------------------------------------------------------
Traceback (most recent call last):
  File "/home/sl/src/baton/v12/python/tests/job_manager/test_managed_integration_capacity.py", line 2443, in test_the_parent_keeps_its_one_reserved_root
    store, stage, allocation, execution, held = self.prepared()
                                                ~~~~~~~~~~~~~^^
  File "/home/sl/src/baton/v12/python/tests/job_manager/test_managed_integration_capacity.py", line 2382, in prepared
    held = execution.prepare(
        orchestration_id=self.ORCHESTRATION,
    ...<3 lines>...
        execution_route="integration-preparation",
        policy_digest=self.POLICY, profile_name="reference")
  File "/home/sl/src/baton/v12/python/tools/integration_worker.py", line 910, in prepare
    offer_id = self.offer(intent, planned, policy_digest=policy_digest,
                          profile_name=profile_name,
                          runtime_attempt_id=runtime_attempt_id)
  File "/home/sl/src/baton/v12/python/tools/integration_worker.py", line 950, in offer
    issue_offer(self._manager, self._port, offer_id=offer_id,
    ~~~~~~~~~~~^^^^^^^^^^^^^^^^^^^^^^^^^^^^^^^^^^^^^^^^^^^^^^
                work_id=intent["execution_work_id"],
                ^^^^^^^^^^^^^^^^^^^^^^^^^^^^^^^^^^^^
    ...<4 lines>...
                profile_name=profile_name,
                ^^^^^^^^^^^^^^^^^^^^^^^^^^
                mint_bearer=self._mint)
                ^^^^^^^^^^^^^^^^^^^^^^^
  File "/home/sl/src/baton/v12/python/src/baton_v12/worker_manager/offers.py", line 411, in issue_offer
    raise ContractRefusal(
    ...<4 lines>...
        f"derive the stored verifier")
baton_v12.contracts.errors.ContractRefusal: offer 'prepare-offer-1' is already issued; its bearer existed only in the process that minted it, so this call cannot reproduce one and will not answer with a bearer that does not derive the stored verifier

======================================================================
ERROR: test_the_whole_sequence_runs_against_real_owners (tests.job_manager.test_managed_integration_capacity.ThePreparationIsCoordinatedEndToEnd.test_the_whole_sequence_runs_against_real_owners)
----------------------------------------------------------------------
Traceback (most recent call last):
  File "/home/sl/src/baton/v12/python/tests/job_manager/test_managed_integration_capacity.py", line 2392, in test_the_whole_sequence_runs_against_real_owners
    store, stage, allocation, execution, held = self.prepared()
                                                ~~~~~~~~~~~~~^^
  File "/home/sl/src/baton/v12/python/tests/job_manager/test_managed_integration_capacity.py", line 2382, in prepared
    held = execution.prepare(
        orchestration_id=self.ORCHESTRATION,
    ...<3 lines>...
        execution_route="integration-preparation",
        policy_digest=self.POLICY, profile_name="reference")
  File "/home/sl/src/baton/v12/python/tools/integration_worker.py", line 910, in prepare
    offer_id = self.offer(intent, planned, policy_digest=policy_digest,
                          profile_name=profile_name,
                          runtime_attempt_id=runtime_attempt_id)
  File "/home/sl/src/baton/v12/python/tools/integration_worker.py", line 950, in offer
    issue_offer(self._manager, self._port, offer_id=offer_id,
    ~~~~~~~~~~~^^^^^^^^^^^^^^^^^^^^^^^^^^^^^^^^^^^^^^^^^^^^^^
                work_id=intent["execution_work_id"],
                ^^^^^^^^^^^^^^^^^^^^^^^^^^^^^^^^^^^^
    ...<4 lines>...
                profile_name=profile_name,
                ^^^^^^^^^^^^^^^^^^^^^^^^^^
                mint_bearer=self._mint)
                ^^^^^^^^^^^^^^^^^^^^^^^
  File "/home/sl/src/baton/v12/python/src/baton_v12/worker_manager/offers.py", line 411, in issue_offer
    raise ContractRefusal(
    ...<4 lines>...
        f"derive the stored verifier")
baton_v12.contracts.errors.ContractRefusal: offer 'prepare-offer-1' is already issued; its bearer existed only in the process that minted it, so this call cannot reproduce one and will not answer with a bearer that does not derive the stored verifier

----------------------------------------------------------------------
Ran 134 tests in 1.244s

FAILED (errors=5)
