$ env PYTHONPATH=src:tools:. python3 -c 
import sys, unittest
sys.path.insert(0, '/tmp')
import probe_162562_check as probe
suite = unittest.TestLoader().loadTestsFromTestCase(probe.RemainingBindings)
result = unittest.TextTestRunner(verbosity=2).run(suite)
print('OBSERVATIONS STILL TRUE:', result.wasSuccessful())

OBSERVATIONS STILL TRUE: False
test_foreign_parent_apply_is_admitted (probe_162562_check.RemainingBindings.test_foreign_parent_apply_is_admitted) ... FAIL
test_uncollected_digest_is_accepted_as_successful_preparation (probe_162562_check.RemainingBindings.test_uncollected_digest_is_accepted_as_successful_preparation) ... ERROR

======================================================================
ERROR: test_uncollected_digest_is_accepted_as_successful_preparation (probe_162562_check.RemainingBindings.test_uncollected_digest_is_accepted_as_successful_preparation)
----------------------------------------------------------------------
Traceback (most recent call last):
  File "/tmp/probe_162562_check.py", line 33, in test_uncollected_digest_is_accepted_as_successful_preparation
    collected_digest=self.COLLECTED)
                     ^^^^^^^^^^^^^^
AttributeError: 'RemainingBindings' object has no attribute 'COLLECTED'

======================================================================
FAIL: test_foreign_parent_apply_is_admitted (probe_162562_check.RemainingBindings.test_foreign_parent_apply_is_admitted)
----------------------------------------------------------------------
Traceback (most recent call last):
  File "/tmp/probe_162562_check.py", line 16, in test_foreign_parent_apply_is_admitted
    self.assertNotEqual(apply["execution_work_id"], stage["work_id"])
    ~~~~~~~~~~~~~~~~~~~^^^^^^^^^^^^^^^^^^^^^^^^^^^^^^^^^^^^^^^^^^^^^^
AssertionError: '0000000a-W1' == '0000000a-W1'

----------------------------------------------------------------------
Ran 2 tests in 0.018s

FAILED (failures=1, errors=1)
