$ env PYTHONPATH=src:tools:. python3 /home/sl/src/baton/work/records/2026/09/finding-v12-managed-integration-execution/findings/finding-managed-preparation-completion/probe-real-cut-retry-170533.py
test_unexpected_pre_intent_interruption_recovers (__main__.RealInterruption.test_unexpected_pre_intent_interruption_recovers) ... ERROR

======================================================================
ERROR: test_unexpected_pre_intent_interruption_recovers (__main__.RealInterruption.test_unexpected_pre_intent_interruption_recovers)
----------------------------------------------------------------------
Traceback (most recent call last):
  File "/home/sl/src/baton/work/records/2026/09/finding-v12-managed-integration-execution/findings/finding-managed-preparation-completion/probe-real-cut-retry-170533.py", line 27, in test_unexpected_pre_intent_interruption_recovers
    self.complete()
    ~~~~~~~~~~~~~^^
  File "/home/sl/src/baton/v12/python/tests/tools/test_managed_preparation.py", line 1611, in complete
    last = sweep(held.job, held.composed, now=fixtures.NOW)
  File "/home/sl/src/baton/work/records/2026/09/finding-v12-managed-integration-execution/findings/finding-managed-preparation-completion/probe-real-cut-retry-170533.py", line 20, in retryable_tick
    return tick(*args, **kwargs)
  File "/home/sl/src/baton/v12/python/src/baton_v12/job_manager/manager.py", line 153, in sweep
    acts.append(_delegate(store, operations, owed, entry["attempt"],
                ~~~~~~~~~^^^^^^^^^^^^^^^^^^^^^^^^^^^^^^^^^^^^^^^^^^^
                          submission.job_of(store,
                          ^^^^^^^^^^^^^^^^^^^^^^^^
                                            entry["stage"]["job_id"])))
                                            ^^^^^^^^^^^^^^^^^^^^^^^^^^
  File "/home/sl/src/baton/v12/python/src/baton_v12/job_manager/manager.py", line 762, in _delegate
    _perform(operations, owed["act"], stage, job)
    ~~~~~~~~^^^^^^^^^^^^^^^^^^^^^^^^^^^^^^^^^^^^^
  File "/home/sl/src/baton/v12/python/src/baton_v12/job_manager/manager.py", line 805, in _perform
    return operations.admit(stage, job)
           ~~~~~~~~~~~~~~~~^^^^^^^^^^^^
  File "/home/sl/src/baton/v12/python/tools/stage_execution.py", line 4078, in admit
    else self.pooled.admit(stage, job))
         ~~~~~~~~~~~~~~~~~^^^^^^^^^^^^
  File "/home/sl/src/baton/v12/python/src/baton_v12/job_manager/scheduler.py", line 812, in admit
    return worker.admit(stage, job)
           ~~~~~~~~~~~~^^^^^^^^^^^^
  File "/home/sl/src/baton/v12/python/tools/integration_worker.py", line 1130, in admit
    return self._preparation.admit(self._operations, stage, job)
           ~~~~~~~~~~~~~~~~~~~~~~~^^^^^^^^^^^^^^^^^^^^^^^^^^^^^^
  File "/home/sl/src/baton/v12/python/tests/tools/test_managed_preparation.py", line 1582, in traced
    return original_admit(*args)
  File "/home/sl/src/baton/v12/python/tools/integration_worker.py", line 1226, in admit
    recover_preparation_reservation(
    ~~~~~~~~~~~~~~~~~~~~~~~~~~~~~~~^
        self._jobs, self._control, self._authority,
        ^^^^^^^^^^^^^^^^^^^^^^^^^^^^^^^^^^^^^^^^^^^
        orchestration_id=held["orchestration_id"])
        ^^^^^^^^^^^^^^^^^^^^^^^^^^^^^^^^^^^^^^^^^^
  File "/home/sl/src/baton/v12/python/src/baton_v12/job_manager/integration_capacity.py", line 377, in recover_preparation_reservation
    if authority.project_work(preparing["execution_work_id"]) is not None:
       ~~~~~~~~~~~~~~~~~~~~~~^^^^^^^^^^^^^^^^^^^^^^^^^^^^^^^^
  File "/home/sl/src/baton/v12/python/src/baton_v12/authority/api.py", line 229, in project_work
    return self._core.project_work(work_id)
           ~~~~~~~~~~~~~~~~~~~~~~~^^^^^^^^^
  File "/home/sl/src/baton/v12/python/src/baton_v12/authority/core.py", line 1032, in project_work
    return self._store.read_snapshot(lambda: self._projected(work_id))
           ~~~~~~~~~~~~~~~~~~~~~~~~~^^^^^^^^^^^^^^^^^^^^^^^^^^^^^^^^^^
  File "/home/sl/src/baton/v12/python/src/baton_v12/authority/store.py", line 533, in read_snapshot
    return body()
  File "/home/sl/src/baton/v12/python/src/baton_v12/authority/core.py", line 1032, in <lambda>
    return self._store.read_snapshot(lambda: self._projected(work_id))
                                             ~~~~~~~~~~~~~~~^^^^^^^^^
  File "/home/sl/src/baton/v12/python/src/baton_v12/authority/core.py", line 1035, in _projected
    work = self._work(work_id)
  File "/home/sl/src/baton/v12/python/src/baton_v12/authority/core.py", line 1003, in _work
    raise Refusal(f"no such Work {name_of(work_id)}")
baton_v12.authority.errors.Refusal: no such Work '0000000a-W47984398722361'

----------------------------------------------------------------------
Ran 1 test in 0.394s

FAILED (errors=1)
