$ env PYTHONPATH=src:tools:. /home/sl/src/baton/.venv/bin/python3 -m unittest tests.manager.test_reconciliation_task
F..F...F.................................
======================================================================
FAIL: test_a_TERM_resistant_descendant_is_still_excluded (tests.manager.test_reconciliation_task.ATimeoutIsNotAnExitCode.test_a_TERM_resistant_descendant_is_still_excluded)
A descendant that ignores SIGTERM broke the old sequence before
----------------------------------------------------------------------
Traceback (most recent call last):
  File "/home/sl/src/baton/v12/python/tests/manager/test_reconciliation_task.py", line 422, in test_a_TERM_resistant_descendant_is_still_excluded
    self.assertFalse(self._alive(self._marker()),
    ~~~~~~~~~~~~~~~~^^^^^^^^^^^^^^^^^^^^^^^^^^^^^
                     "a TERM-resistant descendant was never SIGKILLed")
                     ^^^^^^^^^^^^^^^^^^^^^^^^^^^^^^^^^^^^^^^^^^^^^^^^^^
AssertionError: True is not false : a TERM-resistant descendant was never SIGKILLed

======================================================================
FAIL: test_a_leader_that_exits_first_does_not_end_the_group (tests.manager.test_reconciliation_task.ATimeoutIsNotAnExitCode.test_a_leader_that_exits_first_does_not_end_the_group)
REVIEW claim166368 [P1]. The leader exits immediately, so
----------------------------------------------------------------------
Traceback (most recent call last):
  File "/home/sl/src/baton/v12/python/tests/manager/test_reconciliation_task.py", line 407, in test_a_leader_that_exits_first_does_not_end_the_group
    self.assertFalse(self._alive(self._marker()),
    ~~~~~~~~~~~~~~~~^^^^^^^^^^^^^^^^^^^^^^^^^^^^^
                     "the descendant outlived its group's ending")
                     ^^^^^^^^^^^^^^^^^^^^^^^^^^^^^^^^^^^^^^^^^^^^^
AssertionError: True is not false : the descendant outlived its group's ending

======================================================================
FAIL: test_an_ordinary_exit_with_a_surviving_child_is_still_ended (tests.manager.test_reconciliation_task.ATimeoutIsNotAnExitCode.test_an_ordinary_exit_with_a_surviving_child_is_still_ended)
The leader exits ZERO and leaves work running. A measured status is
----------------------------------------------------------------------
Traceback (most recent call last):
  File "/home/sl/src/baton/v12/python/tests/manager/test_reconciliation_task.py", line 436, in test_an_ordinary_exit_with_a_surviving_child_is_still_ended
    self.assertFalse(self._alive(descendant),
    ~~~~~~~~~~~~~~~~^^^^^^^^^^^^^^^^^^^^^^^^^
                     "an ordinary exit left its group running")
                     ^^^^^^^^^^^^^^^^^^^^^^^^^^^^^^^^^^^^^^^^^^
AssertionError: True is not false : an ordinary exit left its group running

----------------------------------------------------------------------
Ran 41 tests in 14.234s

FAILED (failures=3)
