$ env PYTHONPATH=src:tools:. /home/sl/src/baton/.venv/bin/python3 -m unittest tests.job_manager.test_managed_integration_capacity
............................................................................E.E.......EEE.............................................
======================================================================
ERROR: test_a_resumed_creation_does_not_mint_a_second_child_work (tests.job_manager.test_managed_integration_capacity.ThePreparationIsCoordinatedEndToEnd.test_a_resumed_creation_does_not_mint_a_second_child_work)
The intent carries the operation id `create_work` is called with,
----------------------------------------------------------------------
Traceback (most recent call last):
  File "/home/sl/src/baton/v12/python/tests/job_manager/test_managed_integration_capacity.py", line 2442, in test_a_resumed_creation_does_not_mint_a_second_child_work
    store, stage, allocation, execution, held = self.prepared()
                                                ~~~~~~~~~~~~~^^
  File "/home/sl/src/baton/v12/python/tests/job_manager/test_managed_integration_capacity.py", line 2391, in prepared
    held = execution.prepare(
        orchestration_id=self.ORCHESTRATION,
    ...<3 lines>...
        execution_route="integration-preparation",
        policy_digest=self.POLICY, profile_name="reference")
  File "/home/sl/src/baton/v12/python/tools/integration_worker.py", line 913, in prepare
    claimed = submit_claim(self._manager, self._port, offer_id=offer_id)
  File "/home/sl/src/baton/v12/python/src/baton_v12/worker_manager/offers.py", line 877, in submit_claim
    offer = _require_accepted(store, offer_id)
  File "/home/sl/src/baton/v12/python/src/baton_v12/worker_manager/offers.py", line 773, in _require_accepted
    raise ContractRefusal(
    ...<2 lines>...
        f"{name_value(offer['state']) if offer else 'absent'}, not accepted")
baton_v12.contracts.errors.ContractRefusal: offer 'prepare-offer-9' is 'issued', not accepted

======================================================================
ERROR: test_admission_is_committed_before_anything_starts (tests.job_manager.test_managed_integration_capacity.ThePreparationIsCoordinatedEndToEnd.test_admission_is_committed_before_anything_starts)
----------------------------------------------------------------------
Traceback (most recent call last):
  File "/home/sl/src/baton/v12/python/tests/job_manager/test_managed_integration_capacity.py", line 2427, in test_admission_is_committed_before_anything_starts
    store, stage, allocation, execution, held = self.prepared()
                                                ~~~~~~~~~~~~~^^
  File "/home/sl/src/baton/v12/python/tests/job_manager/test_managed_integration_capacity.py", line 2391, in prepared
    held = execution.prepare(
        orchestration_id=self.ORCHESTRATION,
    ...<3 lines>...
        execution_route="integration-preparation",
        policy_digest=self.POLICY, profile_name="reference")
  File "/home/sl/src/baton/v12/python/tools/integration_worker.py", line 913, in prepare
    claimed = submit_claim(self._manager, self._port, offer_id=offer_id)
  File "/home/sl/src/baton/v12/python/src/baton_v12/worker_manager/offers.py", line 877, in submit_claim
    offer = _require_accepted(store, offer_id)
  File "/home/sl/src/baton/v12/python/src/baton_v12/worker_manager/offers.py", line 773, in _require_accepted
    raise ContractRefusal(
    ...<2 lines>...
        f"{name_value(offer['state']) if offer else 'absent'}, not accepted")
baton_v12.contracts.errors.ContractRefusal: offer 'prepare-offer-9' is 'issued', not accepted

======================================================================
ERROR: test_the_offer_is_the_one_the_plan_registered (tests.job_manager.test_managed_integration_capacity.ThePreparationIsCoordinatedEndToEnd.test_the_offer_is_the_one_the_plan_registered)
Admission compares the membership against the registered plan, so a
----------------------------------------------------------------------
Traceback (most recent call last):
  File "/home/sl/src/baton/v12/python/tests/job_manager/test_managed_integration_capacity.py", line 2419, in test_the_offer_is_the_one_the_plan_registered
    store, stage, allocation, execution, held = self.prepared()
                                                ~~~~~~~~~~~~~^^
  File "/home/sl/src/baton/v12/python/tests/job_manager/test_managed_integration_capacity.py", line 2391, in prepared
    held = execution.prepare(
        orchestration_id=self.ORCHESTRATION,
    ...<3 lines>...
        execution_route="integration-preparation",
        policy_digest=self.POLICY, profile_name="reference")
  File "/home/sl/src/baton/v12/python/tools/integration_worker.py", line 913, in prepare
    claimed = submit_claim(self._manager, self._port, offer_id=offer_id)
  File "/home/sl/src/baton/v12/python/src/baton_v12/worker_manager/offers.py", line 877, in submit_claim
    offer = _require_accepted(store, offer_id)
  File "/home/sl/src/baton/v12/python/src/baton_v12/worker_manager/offers.py", line 773, in _require_accepted
    raise ContractRefusal(
    ...<2 lines>...
        f"{name_value(offer['state']) if offer else 'absent'}, not accepted")
baton_v12.contracts.errors.ContractRefusal: offer 'prepare-offer-9' is 'issued', not accepted

======================================================================
ERROR: test_the_parent_keeps_its_one_reserved_root (tests.job_manager.test_managed_integration_capacity.ThePreparationIsCoordinatedEndToEnd.test_the_parent_keeps_its_one_reserved_root)
The same actor holds the parent while it prepares: one root, one
----------------------------------------------------------------------
Traceback (most recent call last):
  File "/home/sl/src/baton/v12/python/tests/job_manager/test_managed_integration_capacity.py", line 2452, in test_the_parent_keeps_its_one_reserved_root
    store, stage, allocation, execution, held = self.prepared()
                                                ~~~~~~~~~~~~~^^
  File "/home/sl/src/baton/v12/python/tests/job_manager/test_managed_integration_capacity.py", line 2391, in prepared
    held = execution.prepare(
        orchestration_id=self.ORCHESTRATION,
    ...<3 lines>...
        execution_route="integration-preparation",
        policy_digest=self.POLICY, profile_name="reference")
  File "/home/sl/src/baton/v12/python/tools/integration_worker.py", line 913, in prepare
    claimed = submit_claim(self._manager, self._port, offer_id=offer_id)
  File "/home/sl/src/baton/v12/python/src/baton_v12/worker_manager/offers.py", line 877, in submit_claim
    offer = _require_accepted(store, offer_id)
  File "/home/sl/src/baton/v12/python/src/baton_v12/worker_manager/offers.py", line 773, in _require_accepted
    raise ContractRefusal(
    ...<2 lines>...
        f"{name_value(offer['state']) if offer else 'absent'}, not accepted")
baton_v12.contracts.errors.ContractRefusal: offer 'prepare-offer-9' is 'issued', not accepted

======================================================================
ERROR: test_the_whole_sequence_runs_against_real_owners (tests.job_manager.test_managed_integration_capacity.ThePreparationIsCoordinatedEndToEnd.test_the_whole_sequence_runs_against_real_owners)
----------------------------------------------------------------------
Traceback (most recent call last):
  File "/home/sl/src/baton/v12/python/tests/job_manager/test_managed_integration_capacity.py", line 2401, in test_the_whole_sequence_runs_against_real_owners
    store, stage, allocation, execution, held = self.prepared()
                                                ~~~~~~~~~~~~~^^
  File "/home/sl/src/baton/v12/python/tests/job_manager/test_managed_integration_capacity.py", line 2391, in prepared
    held = execution.prepare(
        orchestration_id=self.ORCHESTRATION,
    ...<3 lines>...
        execution_route="integration-preparation",
        policy_digest=self.POLICY, profile_name="reference")
  File "/home/sl/src/baton/v12/python/tools/integration_worker.py", line 913, in prepare
    claimed = submit_claim(self._manager, self._port, offer_id=offer_id)
  File "/home/sl/src/baton/v12/python/src/baton_v12/worker_manager/offers.py", line 877, in submit_claim
    offer = _require_accepted(store, offer_id)
  File "/home/sl/src/baton/v12/python/src/baton_v12/worker_manager/offers.py", line 773, in _require_accepted
    raise ContractRefusal(
    ...<2 lines>...
        f"{name_value(offer['state']) if offer else 'absent'}, not accepted")
baton_v12.contracts.errors.ContractRefusal: offer 'prepare-offer-9' is 'issued', not accepted

----------------------------------------------------------------------
Ran 134 tests in 1.251s

FAILED (errors=5)
