$ env PYTHONPATH=src:tools:. /home/sl/src/baton/.venv/bin/python3 -m unittest tests.manager.test_reconciliation_task
...F..............F
======================================================================
FAIL: test_a_symlink_is_not_content (tests.manager.test_reconciliation_task.TheMeasurementDescribesTheTreeItMeasured.test_a_symlink_is_not_content)
It names something outside what was measured, and following one
----------------------------------------------------------------------
Traceback (most recent call last):
  File "/home/sl/src/baton/v12/python/tests/manager/test_reconciliation_task.py", line 203, in test_a_symlink_is_not_content
    self.assertEqual([one["path"] for one in held["entries"]], ["a.py"])
    ~~~~~~~~~~~~~~~~^^^^^^^^^^^^^^^^^^^^^^^^^^^^^^^^^^^^^^^^^^^^^^^^^^^^
AssertionError: Lists differ: ['a.py', 'escape'] != ['a.py']

First list contains 1 additional elements.
First extra element 1:
'escape'

- ['a.py', 'escape']
+ ['a.py']

======================================================================
FAIL: test_only_the_standard_library_is_imported (tests.manager.test_reconciliation_task.TheWorkloadImportsNoManager.test_only_the_standard_library_is_imported)
Read the imports rather than the paragraph that promises them.
----------------------------------------------------------------------
Traceback (most recent call last):
  File "/home/sl/src/baton/v12/python/tests/manager/test_reconciliation_task.py", line 57, in test_only_the_standard_library_is_imported
    self.assertEqual(names, {"hashlib", "json", "os", "subprocess"})
    ~~~~~~~~~~~~~~~~^^^^^^^^^^^^^^^^^^^^^^^^^^^^^^^^^^^^^^^^^^^^^^^^
AssertionError: Items in the first set but not the second:
'baton_v12'

----------------------------------------------------------------------
Ran 19 tests in 2.071s

FAILED (failures=2)
