$ env PYTHONPATH=src:tools:. python3 -m unittest tests.integration.test_managed_storage
.....E.......................
======================================================================
ERROR: test_an_ordinary_single_representation_reads_normally (tests.integration.test_managed_storage.NeitherReaderAnswersADoubleRepresentation.test_an_ordinary_single_representation_reads_normally)
The guard refuses a DOUBLE representation and nothing else: a store
----------------------------------------------------------------------
Traceback (most recent call last):
  File "/home/sl/src/baton/v12/python/tests/integration/test_managed_storage.py", line 578, in test_an_ordinary_single_representation_reads_normally
    self.assertEqual(result_of(store, legacy_id)["state"], "preparing")
                     ~~~~~~~~~^^^^^^^^^^^^^^^^^^
  File "/home/sl/src/baton/v12/python/src/baton_v12/integration/reconciliation.py", line 1988, in result_of
    _refuse(f"result {name_value(result_id)} is "
    ~~~~~~~^^^^^^^^^^^^^^^^^^^^^^^^^^^^^^^^^^^^^^
            f"{name_value(held['state'])}, which this store's journal "
            ^^^^^^^^^^^^^^^^^^^^^^^^^^^^^^^^^^^^^^^^^^^^^^^^^^^^^^^^^^^
            f"does not hold as a committed {kind}",
            ^^^^^^^^^^^^^^^^^^^^^^^^^^^^^^^^^^^^^^^
            category="integrity", code="schema")
            ^^^^^^^^^^^^^^^^^^^^^^^^^^^^^^^^^^^^
  File "/home/sl/src/baton/v12/python/src/baton_v12/integration/reconciliation.py", line 159, in _refuse
    raise ContractRefusal(category, code, message)
baton_v12.contracts.errors.ContractRefusal: result 'result-0ef0d532c25c7a1efd336cfbc71b64510d8073848880a76ed5a1… is 'preparing', which this store's journal does not hold as a committed result.prepare

----------------------------------------------------------------------
Ran 29 tests in 0.085s

FAILED (errors=1)
