$ env PYTHONPATH=src:tools:. /home/sl/src/baton/.venv/bin/python3 -m unittest tests.job_manager.test_managed_integration_capacity
............................................................................E.E.......EE.E<attrs generated methods referencing._core.Resolver>:32: ResourceWarning: unclosed database in <sqlite3.Connection object at 0x708e39f33d30>
  _setattr = _cached_setattr_get(self)
ResourceWarning: Enable tracemalloc to get the object allocation traceback
.............................................
======================================================================
ERROR: test_a_resumed_creation_does_not_mint_a_second_child_work (tests.job_manager.test_managed_integration_capacity.ThePreparationIsCoordinatedEndToEnd.test_a_resumed_creation_does_not_mint_a_second_child_work)
The intent carries the operation id `create_work` is called with,
----------------------------------------------------------------------
Traceback (most recent call last):
  File "/home/sl/src/baton/v12/python/tests/job_manager/test_managed_integration_capacity.py", line 2516, in test_a_resumed_creation_does_not_mint_a_second_child_work
    store, stage, allocation, execution, held = self.prepared()
                                                ~~~~~~~~~~~~~^^
  File "/home/sl/src/baton/v12/python/tests/job_manager/test_managed_integration_capacity.py", line 2431, in prepared
    held = execution.prepare(
        orchestration_id=self.ORCHESTRATION,
    ...<4 lines>...
        policy_digest=self.POLICY, profile_name="reference",
        accept=self.accepting())
  File "/home/sl/src/baton/v12/python/tools/integration_worker.py", line 957, in prepare
    admitted = self.admit(intent, runtime_attempt_id=runtime_attempt_id,
                          assignment=assignment)
  File "/home/sl/src/baton/v12/python/tools/integration_worker.py", line 1004, in admit
    return admit_integration_execution(
        self._jobs, self._control,
        orchestration_id=intent["orchestration_id"],
        phase=PREPARATION_PHASE,
        execution_attempt_id=runtime_attempt_id, assignment=assignment)
  File "/home/sl/src/baton/v12/python/src/baton_v12/job_manager/integration_capacity.py", line 798, in admit_integration_execution
    held = boundaries.document(assignment, "the claimed assignment",
                               required=("work_ref", "participant",
                                         "generation"))
  File "/home/sl/src/baton/v12/python/src/baton_v12/worker_manager/boundaries.py", line 227, in document
    _members(taken, what, required, optional)
    ~~~~~~~~^^^^^^^^^^^^^^^^^^^^^^^^^^^^^^^^^
  File "/home/sl/src/baton/v12/python/src/baton_v12/worker_manager/boundaries.py", line 198, in _members
    _refuse(f"{what} needs {', '.join(missing)}")
    ~~~~~~~^^^^^^^^^^^^^^^^^^^^^^^^^^^^^^^^^^^^^^
  File "/home/sl/src/baton/v12/python/src/baton_v12/worker_manager/boundaries.py", line 83, in _refuse
    raise ContractRefusal("integrity", "schema", message)
baton_v12.contracts.errors.ContractRefusal: the claimed assignment needs work_ref

======================================================================
ERROR: test_admission_is_committed_before_anything_starts (tests.job_manager.test_managed_integration_capacity.ThePreparationIsCoordinatedEndToEnd.test_admission_is_committed_before_anything_starts)
----------------------------------------------------------------------
Traceback (most recent call last):
  File "/home/sl/src/baton/v12/python/tests/job_manager/test_managed_integration_capacity.py", line 2501, in test_admission_is_committed_before_anything_starts
    store, stage, allocation, execution, held = self.prepared()
                                                ~~~~~~~~~~~~~^^
  File "/home/sl/src/baton/v12/python/tests/job_manager/test_managed_integration_capacity.py", line 2431, in prepared
    held = execution.prepare(
        orchestration_id=self.ORCHESTRATION,
    ...<4 lines>...
        policy_digest=self.POLICY, profile_name="reference",
        accept=self.accepting())
  File "/home/sl/src/baton/v12/python/tools/integration_worker.py", line 957, in prepare
    admitted = self.admit(intent, runtime_attempt_id=runtime_attempt_id,
                          assignment=assignment)
  File "/home/sl/src/baton/v12/python/tools/integration_worker.py", line 1004, in admit
    return admit_integration_execution(
        self._jobs, self._control,
        orchestration_id=intent["orchestration_id"],
        phase=PREPARATION_PHASE,
        execution_attempt_id=runtime_attempt_id, assignment=assignment)
  File "/home/sl/src/baton/v12/python/src/baton_v12/job_manager/integration_capacity.py", line 798, in admit_integration_execution
    held = boundaries.document(assignment, "the claimed assignment",
                               required=("work_ref", "participant",
                                         "generation"))
  File "/home/sl/src/baton/v12/python/src/baton_v12/worker_manager/boundaries.py", line 227, in document
    _members(taken, what, required, optional)
    ~~~~~~~~^^^^^^^^^^^^^^^^^^^^^^^^^^^^^^^^^
  File "/home/sl/src/baton/v12/python/src/baton_v12/worker_manager/boundaries.py", line 198, in _members
    _refuse(f"{what} needs {', '.join(missing)}")
    ~~~~~~~^^^^^^^^^^^^^^^^^^^^^^^^^^^^^^^^^^^^^^
  File "/home/sl/src/baton/v12/python/src/baton_v12/worker_manager/boundaries.py", line 83, in _refuse
    raise ContractRefusal("integrity", "schema", message)
baton_v12.contracts.errors.ContractRefusal: the claimed assignment needs work_ref

======================================================================
ERROR: test_the_offer_is_the_one_the_plan_registered (tests.job_manager.test_managed_integration_capacity.ThePreparationIsCoordinatedEndToEnd.test_the_offer_is_the_one_the_plan_registered)
Admission compares the membership against the registered plan, so a
----------------------------------------------------------------------
Traceback (most recent call last):
  File "/home/sl/src/baton/v12/python/tests/job_manager/test_managed_integration_capacity.py", line 2493, in test_the_offer_is_the_one_the_plan_registered
    store, stage, allocation, execution, held = self.prepared()
                                                ~~~~~~~~~~~~~^^
  File "/home/sl/src/baton/v12/python/tests/job_manager/test_managed_integration_capacity.py", line 2431, in prepared
    held = execution.prepare(
        orchestration_id=self.ORCHESTRATION,
    ...<4 lines>...
        policy_digest=self.POLICY, profile_name="reference",
        accept=self.accepting())
  File "/home/sl/src/baton/v12/python/tools/integration_worker.py", line 957, in prepare
    admitted = self.admit(intent, runtime_attempt_id=runtime_attempt_id,
                          assignment=assignment)
  File "/home/sl/src/baton/v12/python/tools/integration_worker.py", line 1004, in admit
    return admit_integration_execution(
        self._jobs, self._control,
        orchestration_id=intent["orchestration_id"],
        phase=PREPARATION_PHASE,
        execution_attempt_id=runtime_attempt_id, assignment=assignment)
  File "/home/sl/src/baton/v12/python/src/baton_v12/job_manager/integration_capacity.py", line 798, in admit_integration_execution
    held = boundaries.document(assignment, "the claimed assignment",
                               required=("work_ref", "participant",
                                         "generation"))
  File "/home/sl/src/baton/v12/python/src/baton_v12/worker_manager/boundaries.py", line 227, in document
    _members(taken, what, required, optional)
    ~~~~~~~~^^^^^^^^^^^^^^^^^^^^^^^^^^^^^^^^^
  File "/home/sl/src/baton/v12/python/src/baton_v12/worker_manager/boundaries.py", line 198, in _members
    _refuse(f"{what} needs {', '.join(missing)}")
    ~~~~~~~^^^^^^^^^^^^^^^^^^^^^^^^^^^^^^^^^^^^^^
  File "/home/sl/src/baton/v12/python/src/baton_v12/worker_manager/boundaries.py", line 83, in _refuse
    raise ContractRefusal("integrity", "schema", message)
baton_v12.contracts.errors.ContractRefusal: the claimed assignment needs work_ref

======================================================================
ERROR: test_the_parent_keeps_its_one_reserved_root (tests.job_manager.test_managed_integration_capacity.ThePreparationIsCoordinatedEndToEnd.test_the_parent_keeps_its_one_reserved_root)
The same actor holds the parent while it prepares: one root, one
----------------------------------------------------------------------
Traceback (most recent call last):
  File "/home/sl/src/baton/v12/python/tests/job_manager/test_managed_integration_capacity.py", line 2526, in test_the_parent_keeps_its_one_reserved_root
    store, stage, allocation, execution, held = self.prepared()
                                                ~~~~~~~~~~~~~^^
  File "/home/sl/src/baton/v12/python/tests/job_manager/test_managed_integration_capacity.py", line 2431, in prepared
    held = execution.prepare(
        orchestration_id=self.ORCHESTRATION,
    ...<4 lines>...
        policy_digest=self.POLICY, profile_name="reference",
        accept=self.accepting())
  File "/home/sl/src/baton/v12/python/tools/integration_worker.py", line 957, in prepare
    admitted = self.admit(intent, runtime_attempt_id=runtime_attempt_id,
                          assignment=assignment)
  File "/home/sl/src/baton/v12/python/tools/integration_worker.py", line 1004, in admit
    return admit_integration_execution(
        self._jobs, self._control,
        orchestration_id=intent["orchestration_id"],
        phase=PREPARATION_PHASE,
        execution_attempt_id=runtime_attempt_id, assignment=assignment)
  File "/home/sl/src/baton/v12/python/src/baton_v12/job_manager/integration_capacity.py", line 798, in admit_integration_execution
    held = boundaries.document(assignment, "the claimed assignment",
                               required=("work_ref", "participant",
                                         "generation"))
  File "/home/sl/src/baton/v12/python/src/baton_v12/worker_manager/boundaries.py", line 227, in document
    _members(taken, what, required, optional)
    ~~~~~~~~^^^^^^^^^^^^^^^^^^^^^^^^^^^^^^^^^
  File "/home/sl/src/baton/v12/python/src/baton_v12/worker_manager/boundaries.py", line 198, in _members
    _refuse(f"{what} needs {', '.join(missing)}")
    ~~~~~~~^^^^^^^^^^^^^^^^^^^^^^^^^^^^^^^^^^^^^^
  File "/home/sl/src/baton/v12/python/src/baton_v12/worker_manager/boundaries.py", line 83, in _refuse
    raise ContractRefusal("integrity", "schema", message)
baton_v12.contracts.errors.ContractRefusal: the claimed assignment needs work_ref

======================================================================
ERROR: test_the_whole_sequence_runs_against_real_owners (tests.job_manager.test_managed_integration_capacity.ThePreparationIsCoordinatedEndToEnd.test_the_whole_sequence_runs_against_real_owners)
----------------------------------------------------------------------
Traceback (most recent call last):
  File "/home/sl/src/baton/v12/python/tests/job_manager/test_managed_integration_capacity.py", line 2475, in test_the_whole_sequence_runs_against_real_owners
    store, stage, allocation, execution, held = self.prepared()
                                                ~~~~~~~~~~~~~^^
  File "/home/sl/src/baton/v12/python/tests/job_manager/test_managed_integration_capacity.py", line 2431, in prepared
    held = execution.prepare(
        orchestration_id=self.ORCHESTRATION,
    ...<4 lines>...
        policy_digest=self.POLICY, profile_name="reference",
        accept=self.accepting())
  File "/home/sl/src/baton/v12/python/tools/integration_worker.py", line 957, in prepare
    admitted = self.admit(intent, runtime_attempt_id=runtime_attempt_id,
                          assignment=assignment)
  File "/home/sl/src/baton/v12/python/tools/integration_worker.py", line 1004, in admit
    return admit_integration_execution(
        self._jobs, self._control,
        orchestration_id=intent["orchestration_id"],
        phase=PREPARATION_PHASE,
        execution_attempt_id=runtime_attempt_id, assignment=assignment)
  File "/home/sl/src/baton/v12/python/src/baton_v12/job_manager/integration_capacity.py", line 798, in admit_integration_execution
    held = boundaries.document(assignment, "the claimed assignment",
                               required=("work_ref", "participant",
                                         "generation"))
  File "/home/sl/src/baton/v12/python/src/baton_v12/worker_manager/boundaries.py", line 227, in document
    _members(taken, what, required, optional)
    ~~~~~~~~^^^^^^^^^^^^^^^^^^^^^^^^^^^^^^^^^
  File "/home/sl/src/baton/v12/python/src/baton_v12/worker_manager/boundaries.py", line 198, in _members
    _refuse(f"{what} needs {', '.join(missing)}")
    ~~~~~~~^^^^^^^^^^^^^^^^^^^^^^^^^^^^^^^^^^^^^^
  File "/home/sl/src/baton/v12/python/src/baton_v12/worker_manager/boundaries.py", line 83, in _refuse
    raise ContractRefusal("integrity", "schema", message)
baton_v12.contracts.errors.ContractRefusal: the claimed assignment needs work_ref

----------------------------------------------------------------------
Ran 135 tests in 1.251s

FAILED (errors=5)
