$ env PYTHONPATH=src:tools:. /home/sl/src/baton/.venv/bin/python3 -m unittest tests.integration.test_managed_storage tests.job_manager.test_managed_integration_capacity tests.manager.test_reconciliation_task tests.tools.test_managed_preparation tests.tools.test_integration_bundle
................................................................................................................................................EEEEEEE.EE.EE..................................................................................................................................................................................................................................................................
======================================================================
ERROR: test_a_committed_intent_with_no_published_input_refuses (tests.job_manager.test_managed_integration_capacity.ThePreparationIsCoordinatedEndToEnd.test_a_committed_intent_with_no_published_input_refuses)
THE CASE THAT REPLACED TWO OF MINE, and the reason is the point.
----------------------------------------------------------------------
Traceback (most recent call last):
  File "/home/sl/src/baton/v12/python/tests/job_manager/test_managed_integration_capacity.py", line 2877, in test_a_committed_intent_with_no_published_input_refuses
    store, stage, allocation, execution, held = self.prepared()
                                                ~~~~~~~~~~~~~^^
  File "/home/sl/src/baton/v12/python/tests/job_manager/test_managed_integration_capacity.py", line 2577, in prepared
    held = execution.prepare(
        orchestration_id=self.ORCHESTRATION,
    ...<4 lines>...
        policy_digest=self.POLICY, profile_name="reference",
        accept=self.accepting(), contract=self.CONTRACT)
TypeError: PreparationExecution.prepare() missing 1 required keyword-only argument: 'identity'

======================================================================
ERROR: test_a_plan_without_a_preparation_phase_refuses (tests.job_manager.test_managed_integration_capacity.ThePreparationIsCoordinatedEndToEnd.test_a_plan_without_a_preparation_phase_refuses)
----------------------------------------------------------------------
Traceback (most recent call last):
  File "/home/sl/src/baton/v12/python/tests/job_manager/test_managed_integration_capacity.py", line 2942, in test_a_plan_without_a_preparation_phase_refuses
    execution.prepare(
    ~~~~~~~~~~~~~~~~~^
        orchestration_id=self.ORCHESTRATION,
        ^^^^^^^^^^^^^^^^^^^^^^^^^^^^^^^^^^^^
    ...<6 lines>...
        policy_digest=self.POLICY, profile_name="reference",
        ^^^^^^^^^^^^^^^^^^^^^^^^^^^^^^^^^^^^^^^^^^^^^^^^^^^^
        accept=self.accepting())
        ^^^^^^^^^^^^^^^^^^^^^^^^
TypeError: PreparationExecution.prepare() missing 1 required keyword-only argument: 'identity'

======================================================================
ERROR: test_a_resumed_creation_does_not_mint_a_second_child_work (tests.job_manager.test_managed_integration_capacity.ThePreparationIsCoordinatedEndToEnd.test_a_resumed_creation_does_not_mint_a_second_child_work)
The intent carries the operation id `create_work` is called with,
----------------------------------------------------------------------
Traceback (most recent call last):
  File "/home/sl/src/baton/v12/python/tests/job_manager/test_managed_integration_capacity.py", line 2743, in test_a_resumed_creation_does_not_mint_a_second_child_work
    store, stage, allocation, execution, held = self.prepared()
                                                ~~~~~~~~~~~~~^^
  File "/home/sl/src/baton/v12/python/tests/job_manager/test_managed_integration_capacity.py", line 2577, in prepared
    held = execution.prepare(
        orchestration_id=self.ORCHESTRATION,
    ...<4 lines>...
        policy_digest=self.POLICY, profile_name="reference",
        accept=self.accepting(), contract=self.CONTRACT)
TypeError: PreparationExecution.prepare() missing 1 required keyword-only argument: 'identity'

======================================================================
ERROR: test_admission_is_committed_before_anything_starts (tests.job_manager.test_managed_integration_capacity.ThePreparationIsCoordinatedEndToEnd.test_admission_is_committed_before_anything_starts)
----------------------------------------------------------------------
Traceback (most recent call last):
  File "/home/sl/src/baton/v12/python/tests/job_manager/test_managed_integration_capacity.py", line 2719, in test_admission_is_committed_before_anything_starts
    store, stage, allocation, execution, held = self.prepared()
                                                ~~~~~~~~~~~~~^^
  File "/home/sl/src/baton/v12/python/tests/job_manager/test_managed_integration_capacity.py", line 2577, in prepared
    held = execution.prepare(
        orchestration_id=self.ORCHESTRATION,
    ...<4 lines>...
        policy_digest=self.POLICY, profile_name="reference",
        accept=self.accepting(), contract=self.CONTRACT)
TypeError: PreparationExecution.prepare() missing 1 required keyword-only argument: 'identity'

======================================================================
ERROR: test_an_absent_intent_carries_no_constraint (tests.job_manager.test_managed_integration_capacity.ThePreparationIsCoordinatedEndToEnd.test_an_absent_intent_carries_no_constraint)
NAMED FOR WHAT IT PROVES, which review claim169416 caught me getting
----------------------------------------------------------------------
Traceback (most recent call last):
  File "/home/sl/src/baton/v12/python/tests/job_manager/test_managed_integration_capacity.py", line 2891, in test_an_absent_intent_carries_no_constraint
    store, stage, allocation, execution, held = self.prepared()
                                                ~~~~~~~~~~~~~^^
  File "/home/sl/src/baton/v12/python/tests/job_manager/test_managed_integration_capacity.py", line 2577, in prepared
    held = execution.prepare(
        orchestration_id=self.ORCHESTRATION,
    ...<4 lines>...
        policy_digest=self.POLICY, profile_name="reference",
        accept=self.accepting(), contract=self.CONTRACT)
TypeError: PreparationExecution.prepare() missing 1 required keyword-only argument: 'identity'

======================================================================
ERROR: test_the_actor_holds_one_live_claim_and_the_preparation_takes_it (tests.job_manager.test_managed_integration_capacity.ThePreparationIsCoordinatedEndToEnd.test_the_actor_holds_one_live_claim_and_the_preparation_takes_it)
WHY THIS FIXTURE PRE-CLAIMS NOTHING, asserted rather than asserted
----------------------------------------------------------------------
Traceback (most recent call last):
  File "/home/sl/src/baton/v12/python/tests/job_manager/test_managed_integration_capacity.py", line 2658, in test_the_actor_holds_one_live_claim_and_the_preparation_takes_it
    store, stage, allocation, execution, held = self.prepared()
                                                ~~~~~~~~~~~~~^^
  File "/home/sl/src/baton/v12/python/tests/job_manager/test_managed_integration_capacity.py", line 2577, in prepared
    held = execution.prepare(
        orchestration_id=self.ORCHESTRATION,
    ...<4 lines>...
        policy_digest=self.POLICY, profile_name="reference",
        accept=self.accepting(), contract=self.CONTRACT)
TypeError: PreparationExecution.prepare() missing 1 required keyword-only argument: 'identity'

======================================================================
ERROR: test_the_claim_carries_the_authoritys_own_authorization (tests.job_manager.test_managed_integration_capacity.ThePreparationIsCoordinatedEndToEnd.test_the_claim_carries_the_authoritys_own_authorization)
The assignment is not the whole of what a claim answers.
----------------------------------------------------------------------
Traceback (most recent call last):
  File "/home/sl/src/baton/v12/python/tests/job_manager/test_managed_integration_capacity.py", line 2691, in test_the_claim_carries_the_authoritys_own_authorization
    store, stage, allocation, execution, held = self.prepared()
                                                ~~~~~~~~~~~~~^^
  File "/home/sl/src/baton/v12/python/tests/job_manager/test_managed_integration_capacity.py", line 2577, in prepared
    held = execution.prepare(
        orchestration_id=self.ORCHESTRATION,
    ...<4 lines>...
        policy_digest=self.POLICY, profile_name="reference",
        accept=self.accepting(), contract=self.CONTRACT)
TypeError: PreparationExecution.prepare() missing 1 required keyword-only argument: 'identity'

======================================================================
ERROR: test_the_offer_is_the_one_the_plan_registered (tests.job_manager.test_managed_integration_capacity.ThePreparationIsCoordinatedEndToEnd.test_the_offer_is_the_one_the_plan_registered)
Admission compares the membership against the registered plan, so a
----------------------------------------------------------------------
Traceback (most recent call last):
  File "/home/sl/src/baton/v12/python/tests/job_manager/test_managed_integration_capacity.py", line 2711, in test_the_offer_is_the_one_the_plan_registered
    store, stage, allocation, execution, held = self.prepared()
                                                ~~~~~~~~~~~~~^^
  File "/home/sl/src/baton/v12/python/tests/job_manager/test_managed_integration_capacity.py", line 2577, in prepared
    held = execution.prepare(
        orchestration_id=self.ORCHESTRATION,
    ...<4 lines>...
        policy_digest=self.POLICY, profile_name="reference",
        accept=self.accepting(), contract=self.CONTRACT)
TypeError: PreparationExecution.prepare() missing 1 required keyword-only argument: 'identity'

======================================================================
ERROR: test_the_parent_keeps_its_one_reserved_root (tests.job_manager.test_managed_integration_capacity.ThePreparationIsCoordinatedEndToEnd.test_the_parent_keeps_its_one_reserved_root)
The same actor holds the parent while it prepares: one root, one
----------------------------------------------------------------------
Traceback (most recent call last):
  File "/home/sl/src/baton/v12/python/tests/job_manager/test_managed_integration_capacity.py", line 2763, in test_the_parent_keeps_its_one_reserved_root
    store, stage, allocation, execution, held = self.prepared()
                                                ~~~~~~~~~~~~~^^
  File "/home/sl/src/baton/v12/python/tests/job_manager/test_managed_integration_capacity.py", line 2577, in prepared
    held = execution.prepare(
        orchestration_id=self.ORCHESTRATION,
    ...<4 lines>...
        policy_digest=self.POLICY, profile_name="reference",
        accept=self.accepting(), contract=self.CONTRACT)
TypeError: PreparationExecution.prepare() missing 1 required keyword-only argument: 'identity'

======================================================================
ERROR: test_the_whole_sequence_runs_against_real_owners (tests.job_manager.test_managed_integration_capacity.ThePreparationIsCoordinatedEndToEnd.test_the_whole_sequence_runs_against_real_owners)
----------------------------------------------------------------------
Traceback (most recent call last):
  File "/home/sl/src/baton/v12/python/tests/job_manager/test_managed_integration_capacity.py", line 2624, in test_the_whole_sequence_runs_against_real_owners
    store, stage, allocation, execution, held = self.prepared()
                                                ~~~~~~~~~~~~~^^
  File "/home/sl/src/baton/v12/python/tests/job_manager/test_managed_integration_capacity.py", line 2577, in prepared
    held = execution.prepare(
        orchestration_id=self.ORCHESTRATION,
    ...<4 lines>...
        policy_digest=self.POLICY, profile_name="reference",
        accept=self.accepting(), contract=self.CONTRACT)
TypeError: PreparationExecution.prepare() missing 1 required keyword-only argument: 'identity'

======================================================================
ERROR: test_the_wrapper_admits_preparation_and_defers_the_parent (tests.job_manager.test_managed_integration_capacity.ThePreparationIsCoordinatedEndToEnd.test_the_wrapper_admits_preparation_and_defers_the_parent)
THE SELECTED SEAM, END TO END, and the deferral actually reached.
----------------------------------------------------------------------
Traceback (most recent call last):
  File "/home/sl/src/baton/v12/python/tests/job_manager/test_managed_integration_capacity.py", line 2828, in test_the_wrapper_admits_preparation_and_defers_the_parent
    wrapper.admit(stage, {"input_digest": request["input_digest"]})
    ~~~~~~~~~~~~~^^^^^^^^^^^^^^^^^^^^^^^^^^^^^^^^^^^^^^^^^^^^^^^^^^
  File "/home/sl/src/baton/v12/python/tools/integration_worker.py", line 1126, in admit
    return self._preparation.admit(self._operations, stage, job)
           ~~~~~~~~~~~~~~~~~~~~~~~^^^^^^^^^^^^^^^^^^^^^^^^^^^^^^
  File "/home/sl/src/baton/v12/python/tools/integration_worker.py", line 1226, in admit
    accept=held["accept"], identity=held["identity"],
                                    ~~~~^^^^^^^^^^^^
KeyError: 'identity'

----------------------------------------------------------------------
Ran 415 tests in 21.373s

FAILED (errors=11)
