$ env PYTHONPATH=src:tools:. /home/sl/src/baton/.venv/bin/python3 -m unittest tests.tools.test_job_viewer
...............F.../home/sl/src/baton/v12/python/tests/tools/test_job_viewer.py:255: ResourceWarning: unclosed file <_io.TextIOWrapper name='/dev/null' mode='w' encoding='UTF-8'>
  viewer.run(ticks=3, stream=open(os.devnull, "w"))
ResourceWarning: Enable tracemalloc to get the object allocation traceback
./home/sl/src/baton/v12/python/tests/tools/test_job_viewer.py:290: ResourceWarning: unclosed file <_io.TextIOWrapper name='/dev/null' mode='w' encoding='UTF-8'>
  viewer.run(ticks=4, stream=open(os.devnull, "w"))
ResourceWarning: Enable tracemalloc to get the object allocation traceback
.F/home/sl/src/baton/v12/python/tests/tools/test_job_viewer.py:264: ResourceWarning: unclosed file <_io.TextIOWrapper name='/dev/null' mode='w' encoding='UTF-8'>
  viewer.run(ticks=3, stream=open(os.devnull, "w"))
ResourceWarning: Enable tracemalloc to get the object allocation traceback
.
======================================================================
FAIL: test_an_unrefreshed_view_becomes_conspicuously_stale (tests.tools.test_job_viewer.TheViewNeverHidesItsOwnAge.test_an_unrefreshed_view_becomes_conspicuously_stale)
----------------------------------------------------------------------
Traceback (most recent call last):
  File "/home/sl/src/baton/v12/python/tests/tools/test_job_viewer.py", line 147, in test_an_unrefreshed_view_becomes_conspicuously_stale
    self.assertIn("60s ago", shown)
    ~~~~~~~~~~~~~^^^^^^^^^^^^^^^^^^
AssertionError: '60s ago' not found in "!! STALE -- last read 1m00s ago; observed at 2026-09-02T00:00:00.000Z\n\nJOB job-a   submission sub-1\n  implementation   queued           elapsed 0s       activity unknown  job-a/implementation\n      held: no attempt in progress\n  review           blocked          elapsed 0s       activity unknown  job-a/review\n      held: waiting on {'stage_id': 'job-a/implementation', 'state': 'queued', 'open': False}\n\nJOB job-b   submission sub-1\n  implementation   queued           elapsed 0s       activity unknown  job-b/implementation\n      held: no attempt in progress"

======================================================================
FAIL: test_the_module_constructs_no_serving_factory (tests.tools.test_job_viewer.TheViewerPerformsNoAct.test_the_module_constructs_no_serving_factory)
Read the imports rather than the paragraph promising the absence.
----------------------------------------------------------------------
Traceback (most recent call last):
  File "/home/sl/src/baton/v12/python/tests/tools/test_job_viewer.py", line 280, in test_the_module_constructs_no_serving_factory
    self.assertEqual(names, {"argparse", "json", "os", "sys", "time",
    ~~~~~~~~~~~~~~~~^^^^^^^^^^^^^^^^^^^^^^^^^^^^^^^^^^^^^^^^^^^^^^^^^
                             "baton_v12.job_manager"})
                             ^^^^^^^^^^^^^^^^^^^^^^^^^
AssertionError: Items in the first set but not the second:
'datetime'

----------------------------------------------------------------------
Ran 23 tests in 0.051s

FAILED (failures=2)
