$ env PYTHONPATH=src:tools:. python3 -m unittest tests.job_manager.test_managed_integration_capacity
EE.EEE..EE....
======================================================================
ERROR: test_a_failed_execution_ends_without_becoming_a_success (tests.job_manager.test_managed_integration_capacity.ThePhasesAreSerial.test_a_failed_execution_ends_without_becoming_a_success)
`failed` is an ENDING like `succeeded` is. The outcome says what the
----------------------------------------------------------------------
Traceback (most recent call last):
  File "/home/sl/src/baton/v12/python/tests/job_manager/test_managed_integration_capacity.py", line 203, in test_a_failed_execution_ends_without_becoming_a_success
    capacity.admit_integration_execution(
    ~~~~~~~~~~~~~~~~~~~~~~~~~~~~~~~~~~~~^
        store, orchestration_id=self.ORCHESTRATION, phase="prepare",
        ^^^^^^^^^^^^^^^^^^^^^^^^^^^^^^^^^^^^^^^^^^^^^^^^^^^^^^^^^^^^
        execution_attempt_id="prepare-attempt-1",
        ^^^^^^^^^^^^^^^^^^^^^^^^^^^^^^^^^^^^^^^^^
        assignment=self.assignment())
        ^^^^^^^^^^^^^^^^^^^^^^^^^^^^^
  File "/home/sl/src/baton/v12/python/src/baton_v12/job_manager/integration_capacity.py", line 339, in admit_integration_execution
    return store.transact(operation_id, "integration-capacity.admit",
           ~~~~~~~~~~~~~~^^^^^^^^^^^^^^^^^^^^^^^^^^^^^^^^^^^^^^^^^^^^
                          signature, perform)
                          ^^^^^^^^^^^^^^^^^^^
  File "/home/sl/src/baton/v12/python/src/baton_v12/job_manager/store.py", line 702, in transact
    result = action(connection)
  File "/home/sl/src/baton/v12/python/src/baton_v12/job_manager/integration_capacity.py", line 303, in perform
    if held["participant"] != member["participant"]:
       ^^^^
UnboundLocalError: cannot access local variable 'held' where it is not associated with a value

======================================================================
ERROR: test_an_admission_naming_another_participant_is_refused (tests.job_manager.test_managed_integration_capacity.ThePhasesAreSerial.test_an_admission_naming_another_participant_is_refused)
----------------------------------------------------------------------
Traceback (most recent call last):
  File "/home/sl/src/baton/v12/python/tests/job_manager/test_managed_integration_capacity.py", line 183, in test_an_admission_naming_another_participant_is_refused
    capacity.admit_integration_execution(
    ~~~~~~~~~~~~~~~~~~~~~~~~~~~~~~~~~~~~^
        store, orchestration_id=self.ORCHESTRATION, phase="prepare",
        ^^^^^^^^^^^^^^^^^^^^^^^^^^^^^^^^^^^^^^^^^^^^^^^^^^^^^^^^^^^^
        execution_attempt_id="prepare-attempt-1",
        ^^^^^^^^^^^^^^^^^^^^^^^^^^^^^^^^^^^^^^^^^
        assignment=dict(self.assignment(),
        ^^^^^^^^^^^^^^^^^^^^^^^^^^^^^^^^^^
                        participant="baton.somebody-else"))
                        ^^^^^^^^^^^^^^^^^^^^^^^^^^^^^^^^^^^
  File "/home/sl/src/baton/v12/python/src/baton_v12/job_manager/integration_capacity.py", line 339, in admit_integration_execution
    return store.transact(operation_id, "integration-capacity.admit",
           ~~~~~~~~~~~~~~^^^^^^^^^^^^^^^^^^^^^^^^^^^^^^^^^^^^^^^^^^^^
                          signature, perform)
                          ^^^^^^^^^^^^^^^^^^^
  File "/home/sl/src/baton/v12/python/src/baton_v12/job_manager/store.py", line 702, in transact
    result = action(connection)
  File "/home/sl/src/baton/v12/python/src/baton_v12/job_manager/integration_capacity.py", line 303, in perform
    if held["participant"] != member["participant"]:
       ^^^^
UnboundLocalError: cannot access local variable 'held' where it is not associated with a value

======================================================================
ERROR: test_one_admitted_member_at_a_time (tests.job_manager.test_managed_integration_capacity.ThePhasesAreSerial.test_one_admitted_member_at_a_time)
THE ENFORCEMENT POINT. A parent apply and its preparation can never
----------------------------------------------------------------------
Traceback (most recent call last):
  File "/home/sl/src/baton/v12/python/tests/job_manager/test_managed_integration_capacity.py", line 148, in test_one_admitted_member_at_a_time
    capacity.admit_integration_execution(
    ~~~~~~~~~~~~~~~~~~~~~~~~~~~~~~~~~~~~^
        store, orchestration_id=self.ORCHESTRATION, phase="prepare",
        ^^^^^^^^^^^^^^^^^^^^^^^^^^^^^^^^^^^^^^^^^^^^^^^^^^^^^^^^^^^^
        execution_attempt_id="prepare-attempt-1",
        ^^^^^^^^^^^^^^^^^^^^^^^^^^^^^^^^^^^^^^^^^
        assignment=self.assignment())
        ^^^^^^^^^^^^^^^^^^^^^^^^^^^^^
  File "/home/sl/src/baton/v12/python/src/baton_v12/job_manager/integration_capacity.py", line 339, in admit_integration_execution
    return store.transact(operation_id, "integration-capacity.admit",
           ~~~~~~~~~~~~~~^^^^^^^^^^^^^^^^^^^^^^^^^^^^^^^^^^^^^^^^^^^^
                          signature, perform)
                          ^^^^^^^^^^^^^^^^^^^
  File "/home/sl/src/baton/v12/python/src/baton_v12/job_manager/store.py", line 702, in transact
    result = action(connection)
  File "/home/sl/src/baton/v12/python/src/baton_v12/job_manager/integration_capacity.py", line 303, in perform
    if held["participant"] != member["participant"]:
       ^^^^
UnboundLocalError: cannot access local variable 'held' where it is not associated with a value

======================================================================
ERROR: test_the_apply_phase_is_admitted_after_preparation_ends (tests.job_manager.test_managed_integration_capacity.ThePhasesAreSerial.test_the_apply_phase_is_admitted_after_preparation_ends)
----------------------------------------------------------------------
Traceback (most recent call last):
  File "/home/sl/src/baton/v12/python/tests/job_manager/test_managed_integration_capacity.py", line 162, in test_the_apply_phase_is_admitted_after_preparation_ends
    capacity.admit_integration_execution(
    ~~~~~~~~~~~~~~~~~~~~~~~~~~~~~~~~~~~~^
        store, orchestration_id=self.ORCHESTRATION, phase="prepare",
        ^^^^^^^^^^^^^^^^^^^^^^^^^^^^^^^^^^^^^^^^^^^^^^^^^^^^^^^^^^^^
        execution_attempt_id="prepare-attempt-1",
        ^^^^^^^^^^^^^^^^^^^^^^^^^^^^^^^^^^^^^^^^^
        assignment=self.assignment())
        ^^^^^^^^^^^^^^^^^^^^^^^^^^^^^
  File "/home/sl/src/baton/v12/python/src/baton_v12/job_manager/integration_capacity.py", line 339, in admit_integration_execution
    return store.transact(operation_id, "integration-capacity.admit",
           ~~~~~~~~~~~~~~^^^^^^^^^^^^^^^^^^^^^^^^^^^^^^^^^^^^^^^^^^^^
                          signature, perform)
                          ^^^^^^^^^^^^^^^^^^^
  File "/home/sl/src/baton/v12/python/src/baton_v12/job_manager/store.py", line 702, in transact
    result = action(connection)
  File "/home/sl/src/baton/v12/python/src/baton_v12/job_manager/integration_capacity.py", line 303, in perform
    if held["participant"] != member["participant"]:
       ^^^^
UnboundLocalError: cannot access local variable 'held' where it is not associated with a value

======================================================================
ERROR: test_an_admitted_member_refuses_to_release (tests.job_manager.test_managed_integration_capacity.TheRegisteredRootHoldsItsCapacity.test_an_admitted_member_refuses_to_release)
The named branch matters: a VALIDATED COMPLETION of the parent
----------------------------------------------------------------------
Traceback (most recent call last):
  File "/home/sl/src/baton/v12/python/tests/job_manager/test_managed_integration_capacity.py", line 232, in test_an_admitted_member_refuses_to_release
    capacity.admit_integration_execution(
    ~~~~~~~~~~~~~~~~~~~~~~~~~~~~~~~~~~~~^
        store, orchestration_id=self.ORCHESTRATION, phase="prepare",
        ^^^^^^^^^^^^^^^^^^^^^^^^^^^^^^^^^^^^^^^^^^^^^^^^^^^^^^^^^^^^
        execution_attempt_id="prepare-attempt-1",
        ^^^^^^^^^^^^^^^^^^^^^^^^^^^^^^^^^^^^^^^^^
        assignment=self.assignment())
        ^^^^^^^^^^^^^^^^^^^^^^^^^^^^^
  File "/home/sl/src/baton/v12/python/src/baton_v12/job_manager/integration_capacity.py", line 339, in admit_integration_execution
    return store.transact(operation_id, "integration-capacity.admit",
           ~~~~~~~~~~~~~~^^^^^^^^^^^^^^^^^^^^^^^^^^^^^^^^^^^^^^^^^^^^
                          signature, perform)
                          ^^^^^^^^^^^^^^^^^^^
  File "/home/sl/src/baton/v12/python/src/baton_v12/job_manager/store.py", line 702, in transact
    result = action(connection)
  File "/home/sl/src/baton/v12/python/src/baton_v12/job_manager/integration_capacity.py", line 303, in perform
    if held["participant"] != member["participant"]:
       ^^^^
UnboundLocalError: cannot access local variable 'held' where it is not associated with a value

======================================================================
ERROR: test_capacity_releases_once_after_a_validated_ending (tests.job_manager.test_managed_integration_capacity.TheRegisteredRootHoldsItsCapacity.test_capacity_releases_once_after_a_validated_ending)
----------------------------------------------------------------------
Traceback (most recent call last):
  File "/home/sl/src/baton/v12/python/tests/job_manager/test_managed_integration_capacity.py", line 260, in test_capacity_releases_once_after_a_validated_ending
    capacity.admit_integration_execution(
    ~~~~~~~~~~~~~~~~~~~~~~~~~~~~~~~~~~~~^
        store, orchestration_id=self.ORCHESTRATION, phase="prepare",
        ^^^^^^^^^^^^^^^^^^^^^^^^^^^^^^^^^^^^^^^^^^^^^^^^^^^^^^^^^^^^
        execution_attempt_id="prepare-attempt-1",
        ^^^^^^^^^^^^^^^^^^^^^^^^^^^^^^^^^^^^^^^^^
        assignment=self.assignment())
        ^^^^^^^^^^^^^^^^^^^^^^^^^^^^^
  File "/home/sl/src/baton/v12/python/src/baton_v12/job_manager/integration_capacity.py", line 339, in admit_integration_execution
    return store.transact(operation_id, "integration-capacity.admit",
           ~~~~~~~~~~~~~~^^^^^^^^^^^^^^^^^^^^^^^^^^^^^^^^^^^^^^^^^^^^
                          signature, perform)
                          ^^^^^^^^^^^^^^^^^^^
  File "/home/sl/src/baton/v12/python/src/baton_v12/job_manager/store.py", line 702, in transact
    result = action(connection)
  File "/home/sl/src/baton/v12/python/src/baton_v12/job_manager/integration_capacity.py", line 303, in perform
    if held["participant"] != member["participant"]:
       ^^^^
UnboundLocalError: cannot access local variable 'held' where it is not associated with a value

======================================================================
ERROR: test_quarantine_still_works_while_a_member_is_open (tests.job_manager.test_managed_integration_capacity.TheRegisteredRootHoldsItsCapacity.test_quarantine_still_works_while_a_member_is_open)
THE GUARD IS ON THE RELEASE TRANSITION ONLY. A root that could not
----------------------------------------------------------------------
Traceback (most recent call last):
  File "/home/sl/src/baton/v12/python/tests/job_manager/test_managed_integration_capacity.py", line 250, in test_quarantine_still_works_while_a_member_is_open
    capacity.admit_integration_execution(
    ~~~~~~~~~~~~~~~~~~~~~~~~~~~~~~~~~~~~^
        store, orchestration_id=self.ORCHESTRATION, phase="prepare",
        ^^^^^^^^^^^^^^^^^^^^^^^^^^^^^^^^^^^^^^^^^^^^^^^^^^^^^^^^^^^^
        execution_attempt_id="prepare-attempt-1",
        ^^^^^^^^^^^^^^^^^^^^^^^^^^^^^^^^^^^^^^^^^
        assignment=self.assignment())
        ^^^^^^^^^^^^^^^^^^^^^^^^^^^^^
  File "/home/sl/src/baton/v12/python/src/baton_v12/job_manager/integration_capacity.py", line 339, in admit_integration_execution
    return store.transact(operation_id, "integration-capacity.admit",
           ~~~~~~~~~~~~~~^^^^^^^^^^^^^^^^^^^^^^^^^^^^^^^^^^^^^^^^^^^^
                          signature, perform)
                          ^^^^^^^^^^^^^^^^^^^
  File "/home/sl/src/baton/v12/python/src/baton_v12/job_manager/store.py", line 702, in transact
    result = action(connection)
  File "/home/sl/src/baton/v12/python/src/baton_v12/job_manager/integration_capacity.py", line 303, in perform
    if held["participant"] != member["participant"]:
       ^^^^
UnboundLocalError: cannot access local variable 'held' where it is not associated with a value

----------------------------------------------------------------------
Ran 14 tests in 0.035s

FAILED (errors=7)
